
> complices-conecta-sw@3.5.1 test:e2e
> npx playwright test


Running 580 tests using 8 workers

[1A[2K[1/580] [chromium] ÔÇ║ src\tests\e2e\ai-verification.spec.ts:13:5 ÔÇ║ AI Verification ÔÇ║ debe testear IA/verificaci├│n 3
[1A[2K[2/580] [chromium] ÔÇ║ src\tests\e2e\ai-verification.spec.ts:13:5 ÔÇ║ AI Verification ÔÇ║ debe testear IA/verificaci├│n 6
[1A[2K[3/580] [chromium] ÔÇ║ src\tests\e2e\ai-verification.spec.ts:13:5 ÔÇ║ AI Verification ÔÇ║ debe testear IA/verificaci├│n 2
[1A[2K  1) [chromium] ÔÇ║ src\tests\e2e\ai-verification.spec.ts:13:5 ÔÇ║ AI Verification ÔÇ║ debe testear IA/verificaci├│n 3 

    Error: browserType.launch: Executable doesn't exist at C:\Users\conej\AppData\Local\ms-playwright\chromium_headless_shell-1200\chrome-headless-shell-win64\chrome-headless-shell.exe
    ÔòöÔòÉÔòÉÔòÉÔòÉÔòÉÔòÉÔòÉÔòÉÔòÉÔòÉÔòÉÔòÉÔòÉÔòÉÔòÉÔòÉÔòÉÔòÉÔòÉÔòÉÔòÉÔòÉÔòÉÔòÉÔòÉÔòÉÔòÉÔòÉÔòÉÔòÉÔòÉÔòÉÔòÉÔòÉÔòÉÔòÉÔòÉÔòÉÔòÉÔòÉÔòÉÔòÉÔòÉÔòÉÔòÉÔòÉÔòÉÔòÉÔòÉÔòÉÔòÉÔòÉÔòÉÔòÉÔòÉÔòÉÔòÉÔòÉÔòÉÔòÉÔòÉÔòÉÔòÉÔòÉÔòÉÔòÉÔòÉÔòÉÔòÉÔòÉÔòÉÔòÉÔòÉÔòù
    Ôòæ Looks like Playwright Test or Playwright was just installed or updated. Ôòæ
    Ôòæ Please run the following command to download new browsers:              Ôòæ
    Ôòæ                                                                         Ôòæ
    Ôòæ     npx playwright install                                              Ôòæ
    Ôòæ                                                                         Ôòæ
    Ôòæ <3 Playwright Team                                                      Ôòæ
    ÔòÜÔòÉÔòÉÔòÉÔòÉÔòÉÔòÉÔòÉÔòÉÔòÉÔòÉÔòÉÔòÉÔòÉÔòÉÔòÉÔòÉÔòÉÔòÉÔòÉÔòÉÔòÉÔòÉÔòÉÔòÉÔòÉÔòÉÔòÉÔòÉÔòÉÔòÉÔòÉÔòÉÔòÉÔòÉÔòÉÔòÉÔòÉÔòÉÔòÉÔòÉÔòÉÔòÉÔòÉÔòÉÔòÉÔòÉÔòÉÔòÉÔòÉÔòÉÔòÉÔòÉÔòÉÔòÉÔòÉÔòÉÔòÉÔòÉÔòÉÔòÉÔòÉÔòÉÔòÉÔòÉÔòÉÔòÉÔòÉÔòÉÔòÉÔòÉÔòÉÔòÉÔòÉÔòØ


[1A[2K[4/580] [chromium] ÔÇ║ src\tests\e2e\ai-verification.spec.ts:13:5 ÔÇ║ AI Verification ÔÇ║ debe testear IA/verificaci├│n 1
[1A[2K[5/580] [chromium] ÔÇ║ src\tests\e2e\ai-verification.spec.ts:13:5 ÔÇ║ AI Verification ÔÇ║ debe testear IA/verificaci├│n 8
[1A[2K[6/580] [chromium] ÔÇ║ src\tests\e2e\ai-verification.spec.ts:13:5 ÔÇ║ AI Verification ÔÇ║ debe testear IA/verificaci├│n 4
[1A[2K[7/580] [chromium] ÔÇ║ src\tests\e2e\ai-verification.spec.ts:13:5 ÔÇ║ AI Verification ÔÇ║ debe testear IA/verificaci├│n 5
[1A[2K  2) [chromium] ÔÇ║ src\tests\e2e\ai-verification.spec.ts:13:5 ÔÇ║ AI Verification ÔÇ║ debe testear IA/verificaci├│n 6 

    Error: browserType.launch: Executable doesn't exist at C:\Users\conej\AppData\Local\ms-playwright\chromium_headless_shell-1200\chrome-headless-shell-win64\chrome-headless-shell.exe
    ÔòöÔòÉÔòÉÔòÉÔòÉÔòÉÔòÉÔòÉÔòÉÔòÉÔòÉÔòÉÔòÉÔòÉÔòÉÔòÉÔòÉÔòÉÔòÉÔòÉÔòÉÔòÉÔòÉÔòÉÔòÉÔòÉÔòÉÔòÉÔòÉÔòÉÔòÉÔòÉÔòÉÔòÉÔòÉÔòÉÔòÉÔòÉÔòÉÔòÉÔòÉÔòÉÔòÉÔòÉÔòÉÔòÉÔòÉÔòÉÔòÉÔòÉÔòÉÔòÉÔòÉÔòÉÔòÉÔòÉÔòÉÔòÉÔòÉÔòÉÔòÉÔòÉÔòÉÔòÉÔòÉÔòÉÔòÉÔòÉÔòÉÔòÉÔòÉÔòÉÔòÉÔòÉÔòù
    Ôòæ Looks like Playwright Test or Playwright was just installed or updated. Ôòæ
    Ôòæ Please run the following command to download new browsers:              Ôòæ
    Ôòæ                                                                         Ôòæ
    Ôòæ     npx playwright install                                              Ôòæ
    Ôòæ                                                                         Ôòæ
    Ôòæ <3 Playwright Team                                                      Ôòæ
    ÔòÜÔòÉÔòÉÔòÉÔòÉÔòÉÔòÉÔòÉÔòÉÔòÉÔòÉÔòÉÔòÉÔòÉÔòÉÔòÉÔòÉÔòÉÔòÉÔòÉÔòÉÔòÉÔòÉÔòÉÔòÉÔòÉÔòÉÔòÉÔòÉÔòÉÔòÉÔòÉÔòÉÔòÉÔòÉÔòÉÔòÉÔòÉÔòÉÔòÉÔòÉÔòÉÔòÉÔòÉÔòÉÔòÉÔòÉÔòÉÔòÉÔòÉÔòÉÔòÉÔòÉÔòÉÔòÉÔòÉÔòÉÔòÉÔòÉÔòÉÔòÉÔòÉÔòÉÔòÉÔòÉÔòÉÔòÉÔòÉÔòÉÔòÉÔòÉÔòÉÔòÉÔòÉÔòØ


[1A[2K  3) [chromium] ÔÇ║ src\tests\e2e\ai-verification.spec.ts:13:5 ÔÇ║ AI Verification ÔÇ║ debe testear IA/verificaci├│n 2 

    Error: browserType.launch: Executable doesn't exist at C:\Users\conej\AppData\Local\ms-playwright\chromium_headless_shell-1200\chrome-headless-shell-win64\chrome-headless-shell.exe
    ÔòöÔòÉÔòÉÔòÉÔòÉÔòÉÔòÉÔòÉÔòÉÔòÉÔòÉÔòÉÔòÉÔòÉÔòÉÔòÉÔòÉÔòÉÔòÉÔòÉÔòÉÔòÉÔòÉÔòÉÔòÉÔòÉÔòÉÔòÉÔòÉÔòÉÔòÉÔòÉÔòÉÔòÉÔòÉÔòÉÔòÉÔòÉÔòÉÔòÉÔòÉÔòÉÔòÉÔòÉÔòÉÔòÉÔòÉÔòÉÔòÉÔòÉÔòÉÔòÉÔòÉÔòÉÔòÉÔòÉÔòÉÔòÉÔòÉÔòÉÔòÉÔòÉÔòÉÔòÉÔòÉÔòÉÔòÉÔòÉÔòÉÔòÉÔòÉÔòÉÔòÉÔòÉÔòù
    Ôòæ Looks like Playwright Test or Playwright was just installed or updated. Ôòæ
    Ôòæ Please run the following command to download new browsers:              Ôòæ
    Ôòæ                                                                         Ôòæ
    Ôòæ     npx playwright install                                              Ôòæ
    Ôòæ                                                                         Ôòæ
    Ôòæ <3 Playwright Team                                                      Ôòæ
    ÔòÜÔòÉÔòÉÔòÉÔòÉÔòÉÔòÉÔòÉÔòÉÔòÉÔòÉÔòÉÔòÉÔòÉÔòÉÔòÉÔòÉÔòÉÔòÉÔòÉÔòÉÔòÉÔòÉÔòÉÔòÉÔòÉÔòÉÔòÉÔòÉÔòÉÔòÉÔòÉÔòÉÔòÉÔòÉÔòÉÔòÉÔòÉÔòÉÔòÉÔòÉÔòÉÔòÉÔòÉÔòÉÔòÉÔòÉÔòÉÔòÉÔòÉÔòÉÔòÉÔòÉÔòÉÔòÉÔòÉÔòÉÔòÉÔòÉÔòÉÔòÉÔòÉÔòÉÔòÉÔòÉÔòÉÔòÉÔòÉÔòÉÔòÉÔòÉÔòÉÔòÉÔòÉÔòØ


[1A[2K  4) [chromium] ÔÇ║ src\tests\e2e\ai-verification.spec.ts:13:5 ÔÇ║ AI Verification ÔÇ║ debe testear IA/verificaci├│n 8 

    Error: browserType.launch: Executable doesn't exist at C:\Users\conej\AppData\Local\ms-playwright\chromium_headless_shell-1200\chrome-headless-shell-win64\chrome-headless-shell.exe
    ÔòöÔòÉÔòÉÔòÉÔòÉÔòÉÔòÉÔòÉÔòÉÔòÉÔòÉÔòÉÔòÉÔòÉÔòÉÔòÉÔòÉÔòÉÔòÉÔòÉÔòÉÔòÉÔòÉÔòÉÔòÉÔòÉÔòÉÔòÉÔòÉÔòÉÔòÉÔòÉÔòÉÔòÉÔòÉÔòÉÔòÉÔòÉÔòÉÔòÉÔòÉÔòÉÔòÉÔòÉÔòÉÔòÉÔòÉÔòÉÔòÉÔòÉÔòÉÔòÉÔòÉÔòÉÔòÉÔòÉÔòÉÔòÉÔòÉÔòÉÔòÉÔòÉÔòÉÔòÉÔòÉÔòÉÔòÉÔòÉÔòÉÔòÉÔòÉÔòÉÔòÉÔòÉÔòù
    Ôòæ Looks like Playwright Test or Playwright was just installed or updated. Ôòæ
    Ôòæ Please run the following command to download new browsers:              Ôòæ
    Ôòæ                                                                         Ôòæ
    Ôòæ     npx playwright install                                              Ôòæ
    Ôòæ                                                                         Ôòæ
    Ôòæ <3 Playwright Team                                                      Ôòæ
    ÔòÜÔòÉÔòÉÔòÉÔòÉÔòÉÔòÉÔòÉÔòÉÔòÉÔòÉÔòÉÔòÉÔòÉÔòÉÔòÉÔòÉÔòÉÔòÉÔòÉÔòÉÔòÉÔòÉÔòÉÔòÉÔòÉÔòÉÔòÉÔòÉÔòÉÔòÉÔòÉÔòÉÔòÉÔòÉÔòÉÔòÉÔòÉÔòÉÔòÉÔòÉÔòÉÔòÉÔòÉÔòÉÔòÉÔòÉÔòÉÔòÉÔòÉÔòÉÔòÉÔòÉÔòÉÔòÉÔòÉÔòÉÔòÉÔòÉÔòÉÔòÉÔòÉÔòÉÔòÉÔòÉÔòÉÔòÉÔòÉÔòÉÔòÉÔòÉÔòÉÔòÉÔòÉÔòØ


[1A[2K  5) [chromium] ÔÇ║ src\tests\e2e\ai-verification.spec.ts:13:5 ÔÇ║ AI Verification ÔÇ║ debe testear IA/verificaci├│n 4 

    Error: browserType.launch: Executable doesn't exist at C:\Users\conej\AppData\Local\ms-playwright\chromium_headless_shell-1200\chrome-headless-shell-win64\chrome-headless-shell.exe
    ÔòöÔòÉÔòÉÔòÉÔòÉÔòÉÔòÉÔòÉÔòÉÔòÉÔòÉÔòÉÔòÉÔòÉÔòÉÔòÉÔòÉÔòÉÔòÉÔòÉÔòÉÔòÉÔòÉÔòÉÔòÉÔòÉÔòÉÔòÉÔòÉÔòÉÔòÉÔòÉÔòÉÔòÉÔòÉÔòÉÔòÉÔòÉÔòÉÔòÉÔòÉÔòÉÔòÉÔòÉÔòÉÔòÉÔòÉÔòÉÔòÉÔòÉÔòÉÔòÉÔòÉÔòÉÔòÉÔòÉÔòÉÔòÉÔòÉÔòÉÔòÉÔòÉÔòÉÔòÉÔòÉÔòÉÔòÉÔòÉÔòÉÔòÉÔòÉÔòÉÔòÉÔòÉÔòù
    Ôòæ Looks like Playwright Test or Playwright was just installed or updated. Ôòæ
    Ôòæ Please run the following command to download new browsers:              Ôòæ
    Ôòæ                                                                         Ôòæ
    Ôòæ     npx playwright install                                              Ôòæ
    Ôòæ                                                                         Ôòæ
    Ôòæ <3 Playwright Team                                                      Ôòæ
    ÔòÜÔòÉÔòÉÔòÉÔòÉÔòÉÔòÉÔòÉÔòÉÔòÉÔòÉÔòÉÔòÉÔòÉÔòÉÔòÉÔòÉÔòÉÔòÉÔòÉÔòÉÔòÉÔòÉÔòÉÔòÉÔòÉÔòÉÔòÉÔòÉÔòÉÔòÉÔòÉÔòÉÔòÉÔòÉÔòÉÔòÉÔòÉÔòÉÔòÉÔòÉÔòÉÔòÉÔòÉÔòÉÔòÉÔòÉÔòÉÔòÉÔòÉÔòÉÔòÉÔòÉÔòÉÔòÉÔòÉÔòÉÔòÉÔòÉÔòÉÔòÉÔòÉÔòÉÔòÉÔòÉÔòÉÔòÉÔòÉÔòÉÔòÉÔòÉÔòÉÔòÉÔòÉÔòØ


[1A[2K  6) [chromium] ÔÇ║ src\tests\e2e\ai-verification.spec.ts:13:5 ÔÇ║ AI Verification ÔÇ║ debe testear IA/verificaci├│n 5 

    Error: browserType.launch: Executable doesn't exist at C:\Users\conej\AppData\Local\ms-playwright\chromium_headless_shell-1200\chrome-headless-shell-win64\chrome-headless-shell.exe
    ÔòöÔòÉÔòÉÔòÉÔòÉÔòÉÔòÉÔòÉÔòÉÔòÉÔòÉÔòÉÔòÉÔòÉÔòÉÔòÉÔòÉÔòÉÔòÉÔòÉÔòÉÔòÉÔòÉÔòÉÔòÉÔòÉÔòÉÔòÉÔòÉÔòÉÔòÉÔòÉÔòÉÔòÉÔòÉÔòÉÔòÉÔòÉÔòÉÔòÉÔòÉÔòÉÔòÉÔòÉÔòÉÔòÉÔòÉÔòÉÔòÉÔòÉÔòÉÔòÉÔòÉÔòÉÔòÉÔòÉÔòÉÔòÉÔòÉÔòÉÔòÉÔòÉÔòÉÔòÉÔòÉÔòÉÔòÉÔòÉÔòÉÔòÉÔòÉÔòÉÔòÉÔòÉÔòù
    Ôòæ Looks like Playwright Test or Playwright was just installed or updated. Ôòæ
    Ôòæ Please run the following command to download new browsers:              Ôòæ
    Ôòæ                                                                         Ôòæ
    Ôòæ     npx playwright install                                              Ôòæ
    Ôòæ                                                                         Ôòæ
    Ôòæ <3 Playwright Team                                                      Ôòæ
    ÔòÜÔòÉÔòÉÔòÉÔòÉÔòÉÔòÉÔòÉÔòÉÔòÉÔòÉÔòÉÔòÉÔòÉÔòÉÔòÉÔòÉÔòÉÔòÉÔòÉÔòÉÔòÉÔòÉÔòÉÔòÉÔòÉÔòÉÔòÉÔòÉÔòÉÔòÉÔòÉÔòÉÔòÉÔòÉÔòÉÔòÉÔòÉÔòÉÔòÉÔòÉÔòÉÔòÉÔòÉÔòÉÔòÉÔòÉÔòÉÔòÉÔòÉÔòÉÔòÉÔòÉÔòÉÔòÉÔòÉÔòÉÔòÉÔòÉÔòÉÔòÉÔòÉÔòÉÔòÉÔòÉÔòÉÔòÉÔòÉÔòÉÔòÉÔòÉÔòÉÔòÉÔòÉÔòØ


[1A[2K  7) [chromium] ÔÇ║ src\tests\e2e\ai-verification.spec.ts:13:5 ÔÇ║ AI Verification ÔÇ║ debe testear IA/verificaci├│n 1 

    Error: browserType.launch: Executable doesn't exist at C:\Users\conej\AppData\Local\ms-playwright\chromium_headless_shell-1200\chrome-headless-shell-win64\chrome-headless-shell.exe
    ÔòöÔòÉÔòÉÔòÉÔòÉÔòÉÔòÉÔòÉÔòÉÔòÉÔòÉÔòÉÔòÉÔòÉÔòÉÔòÉÔòÉÔòÉÔòÉÔòÉÔòÉÔòÉÔòÉÔòÉÔòÉÔòÉÔòÉÔòÉÔòÉÔòÉÔòÉÔòÉÔòÉÔòÉÔòÉÔòÉÔòÉÔòÉÔòÉÔòÉÔòÉÔòÉÔòÉÔòÉÔòÉÔòÉÔòÉÔòÉÔòÉÔòÉÔòÉÔòÉÔòÉÔòÉÔòÉÔòÉÔòÉÔòÉÔòÉÔòÉÔòÉÔòÉÔòÉÔòÉÔòÉÔòÉÔòÉÔòÉÔòÉÔòÉÔòÉÔòÉÔòÉÔòÉÔòù
    Ôòæ Looks like Playwright Test or Playwright was just installed or updated. Ôòæ
    Ôòæ Please run the following command to download new browsers:              Ôòæ
    Ôòæ                                                                         Ôòæ
    Ôòæ     npx playwright install                                              Ôòæ
    Ôòæ                                                                         Ôòæ
    Ôòæ <3 Playwright Team                                                      Ôòæ
    ÔòÜÔòÉÔòÉÔòÉÔòÉÔòÉÔòÉÔòÉÔòÉÔòÉÔòÉÔòÉÔòÉÔòÉÔòÉÔòÉÔòÉÔòÉÔòÉÔòÉÔòÉÔòÉÔòÉÔòÉÔòÉÔòÉÔòÉÔòÉÔòÉÔòÉÔòÉÔòÉÔòÉÔòÉÔòÉÔòÉÔòÉÔòÉÔòÉÔòÉÔòÉÔòÉÔòÉÔòÉÔòÉÔòÉÔòÉÔòÉÔòÉÔòÉÔòÉÔòÉÔòÉÔòÉÔòÉÔòÉÔòÉÔòÉÔòÉÔòÉÔòÉÔòÉÔòÉÔòÉÔòÉÔòÉÔòÉÔòÉÔòÉÔòÉÔòÉÔòÉÔòÉÔòÉÔòØ


[1A[2K[8/580] [chromium] ÔÇ║ src\tests\e2e\ai-verification.spec.ts:13:5 ÔÇ║ AI Verification ÔÇ║ debe testear IA/verificaci├│n 7
[1A[2K  8) [chromium] ÔÇ║ src\tests\e2e\ai-verification.spec.ts:13:5 ÔÇ║ AI Verification ÔÇ║ debe testear IA/verificaci├│n 7 

    Error: browserType.launch: Executable doesn't exist at C:\Users\conej\AppData\Local\ms-playwright\chromium_headless_shell-1200\chrome-headless-shell-win64\chrome-headless-shell.exe
    ÔòöÔòÉÔòÉÔòÉÔòÉÔòÉÔòÉÔòÉÔòÉÔòÉÔòÉÔòÉÔòÉÔòÉÔòÉÔòÉÔòÉÔòÉÔòÉÔòÉÔòÉÔòÉÔòÉÔòÉÔòÉÔòÉÔòÉÔòÉÔòÉÔòÉÔòÉÔòÉÔòÉÔòÉÔòÉÔòÉÔòÉÔòÉÔòÉÔòÉÔòÉÔòÉÔòÉÔòÉÔòÉÔòÉÔòÉÔòÉÔòÉÔòÉÔòÉÔòÉÔòÉÔòÉÔòÉÔòÉÔòÉÔòÉÔòÉÔòÉÔòÉÔòÉÔòÉÔòÉÔòÉÔòÉÔòÉÔòÉÔòÉÔòÉÔòÉÔòÉÔòÉÔòÉÔòù
    Ôòæ Looks like Playwright Test or Playwright was just installed or updated. Ôòæ
    Ôòæ Please run the following command to download new browsers:              Ôòæ
    Ôòæ                                                                         Ôòæ
    Ôòæ     npx playwright install                                              Ôòæ
    Ôòæ                                                                         Ôòæ
    Ôòæ <3 Playwright Team                                                      Ôòæ
    ÔòÜÔòÉÔòÉÔòÉÔòÉÔòÉÔòÉÔòÉÔòÉÔòÉÔòÉÔòÉÔòÉÔòÉÔòÉÔòÉÔòÉÔòÉÔòÉÔòÉÔòÉÔòÉÔòÉÔòÉÔòÉÔòÉÔòÉÔòÉÔòÉÔòÉÔòÉÔòÉÔòÉÔòÉÔòÉÔòÉÔòÉÔòÉÔòÉÔòÉÔòÉÔòÉÔòÉÔòÉÔòÉÔòÉÔòÉÔòÉÔòÉÔòÉÔòÉÔòÉÔòÉÔòÉÔòÉÔòÉÔòÉÔòÉÔòÉÔòÉÔòÉÔòÉÔòÉÔòÉÔòÉÔòÉÔòÉÔòÉÔòÉÔòÉÔòÉÔòÉÔòÉÔòÉÔòØ


[1A[2K[9/580] [chromium] ÔÇ║ src\tests\e2e\ai-verification.spec.ts:13:5 ÔÇ║ AI Verification ÔÇ║ debe testear IA/verificaci├│n 9
[1A[2K  9) [chromium] ÔÇ║ src\tests\e2e\ai-verification.spec.ts:13:5 ÔÇ║ AI Verification ÔÇ║ debe testear IA/verificaci├│n 9 

    Error: browserType.launch: Executable doesn't exist at C:\Users\conej\AppData\Local\ms-playwright\chromium_headless_shell-1200\chrome-headless-shell-win64\chrome-headless-shell.exe
    ÔòöÔòÉÔòÉÔòÉÔòÉÔòÉÔòÉÔòÉÔòÉÔòÉÔòÉÔòÉÔòÉÔòÉÔòÉÔòÉÔòÉÔòÉÔòÉÔòÉÔòÉÔòÉÔòÉÔòÉÔòÉÔòÉÔòÉÔòÉÔòÉÔòÉÔòÉÔòÉÔòÉÔòÉÔòÉÔòÉÔòÉÔòÉÔòÉÔòÉÔòÉÔòÉÔòÉÔòÉÔòÉÔòÉÔòÉÔòÉÔòÉÔòÉÔòÉÔòÉÔòÉÔòÉÔòÉÔòÉÔòÉÔòÉÔòÉÔòÉÔòÉÔòÉÔòÉÔòÉÔòÉÔòÉÔòÉÔòÉÔòÉÔòÉÔòÉÔòÉÔòÉÔòÉÔòù
    Ôòæ Looks like Playwright Test or Playwright was just installed or updated. Ôòæ
    Ôòæ Please run the following command to download new browsers:              Ôòæ
    Ôòæ                                                                         Ôòæ
    Ôòæ     npx playwright install                                              Ôòæ
    Ôòæ                                                                         Ôòæ
    Ôòæ <3 Playwright Team                                                      Ôòæ
    ÔòÜÔòÉÔòÉÔòÉÔòÉÔòÉÔòÉÔòÉÔòÉÔòÉÔòÉÔòÉÔòÉÔòÉÔòÉÔòÉÔòÉÔòÉÔòÉÔòÉÔòÉÔòÉÔòÉÔòÉÔòÉÔòÉÔòÉÔòÉÔòÉÔòÉÔòÉÔòÉÔòÉÔòÉÔòÉÔòÉÔòÉÔòÉÔòÉÔòÉÔòÉÔòÉÔòÉÔòÉÔòÉÔòÉÔòÉÔòÉÔòÉÔòÉÔòÉÔòÉÔòÉÔòÉÔòÉÔòÉÔòÉÔòÉÔòÉÔòÉÔòÉÔòÉÔòÉÔòÉÔòÉÔòÉÔòÉÔòÉÔòÉÔòÉÔòÉÔòÉÔòÉÔòÉÔòØ


[1A[2K[10/580] [chromium] ÔÇ║ src\tests\e2e\ai-verification.spec.ts:13:5 ÔÇ║ AI Verification ÔÇ║ debe testear IA/verificaci├│n 10
[1A[2K[11/580] [chromium] ÔÇ║ src\tests\e2e\ai-verification.spec.ts:13:5 ÔÇ║ AI Verification ÔÇ║ debe testear IA/verificaci├│n 11
[1A[2K[12/580] [chromium] ÔÇ║ src\tests\e2e\ai-verification.spec.ts:13:5 ÔÇ║ AI Verification ÔÇ║ debe testear IA/verificaci├│n 13
[1A[2K[13/580] [chromium] ÔÇ║ src\tests\e2e\ai-verification.spec.ts:13:5 ÔÇ║ AI Verification ÔÇ║ debe testear IA/verificaci├│n 12
[1A[2K  10) [chromium] ÔÇ║ src\tests\e2e\ai-verification.spec.ts:13:5 ÔÇ║ AI Verification ÔÇ║ debe testear IA/verificaci├│n 10 

    Error: browserType.launch: Executable doesn't exist at C:\Users\conej\AppData\Local\ms-playwright\chromium_headless_shell-1200\chrome-headless-shell-win64\chrome-headless-shell.exe
    ÔòöÔòÉÔòÉÔòÉÔòÉÔòÉÔòÉÔòÉÔòÉÔòÉÔòÉÔòÉÔòÉÔòÉÔòÉÔòÉÔòÉÔòÉÔòÉÔòÉÔòÉÔòÉÔòÉÔòÉÔòÉÔòÉÔòÉÔòÉÔòÉÔòÉÔòÉÔòÉÔòÉÔòÉÔòÉÔòÉÔòÉÔòÉÔòÉÔòÉÔòÉÔòÉÔòÉÔòÉÔòÉÔòÉÔòÉÔòÉÔòÉÔòÉÔòÉÔòÉÔòÉÔòÉÔòÉÔòÉÔòÉÔòÉÔòÉÔòÉÔòÉÔòÉÔòÉÔòÉÔòÉÔòÉÔòÉÔòÉÔòÉÔòÉÔòÉÔòÉÔòÉÔòÉÔòù
    Ôòæ Looks like Playwright Test or Playwright was just installed or updated. Ôòæ
    Ôòæ Please run the following command to download new browsers:              Ôòæ
    Ôòæ                                                                         Ôòæ
    Ôòæ     npx playwright install                                              Ôòæ
    Ôòæ                                                                         Ôòæ
    Ôòæ <3 Playwright Team                                                      Ôòæ
    ÔòÜÔòÉÔòÉÔòÉÔòÉÔòÉÔòÉÔòÉÔòÉÔòÉÔòÉÔòÉÔòÉÔòÉÔòÉÔòÉÔòÉÔòÉÔòÉÔòÉÔòÉÔòÉÔòÉÔòÉÔòÉÔòÉÔòÉÔòÉÔòÉÔòÉÔòÉÔòÉÔòÉÔòÉÔòÉÔòÉÔòÉÔòÉÔòÉÔòÉÔòÉÔòÉÔòÉÔòÉÔòÉÔòÉÔòÉÔòÉÔòÉÔòÉÔòÉÔòÉÔòÉÔòÉÔòÉÔòÉÔòÉÔòÉÔòÉÔòÉÔòÉÔòÉÔòÉÔòÉÔòÉÔòÉÔòÉÔòÉÔòÉÔòÉÔòÉÔòÉÔòÉÔòÉÔòØ


[1A[2K[14/580] [chromium] ÔÇ║ src\tests\e2e\ai-verification.spec.ts:13:5 ÔÇ║ AI Verification ÔÇ║ debe testear IA/verificaci├│n 15
[1A[2K  11) [chromium] ÔÇ║ src\tests\e2e\ai-verification.spec.ts:13:5 ÔÇ║ AI Verification ÔÇ║ debe testear IA/verificaci├│n 11 

    Error: browserType.launch: Executable doesn't exist at C:\Users\conej\AppData\Local\ms-playwright\chromium_headless_shell-1200\chrome-headless-shell-win64\chrome-headless-shell.exe
    ÔòöÔòÉÔòÉÔòÉÔòÉÔòÉÔòÉÔòÉÔòÉÔòÉÔòÉÔòÉÔòÉÔòÉÔòÉÔòÉÔòÉÔòÉÔòÉÔòÉÔòÉÔòÉÔòÉÔòÉÔòÉÔòÉÔòÉÔòÉÔòÉÔòÉÔòÉÔòÉÔòÉÔòÉÔòÉÔòÉÔòÉÔòÉÔòÉÔòÉÔòÉÔòÉÔòÉÔòÉÔòÉÔòÉÔòÉÔòÉÔòÉÔòÉÔòÉÔòÉÔòÉÔòÉÔòÉÔòÉÔòÉÔòÉÔòÉÔòÉÔòÉÔòÉÔòÉÔòÉÔòÉÔòÉÔòÉÔòÉÔòÉÔòÉÔòÉÔòÉÔòÉÔòÉÔòù
    Ôòæ Looks like Playwright Test or Playwright was just installed or updated. Ôòæ
    Ôòæ Please run the following command to download new browsers:              Ôòæ
    Ôòæ                                                                         Ôòæ
    Ôòæ     npx playwright install                                              Ôòæ
    Ôòæ                                                                         Ôòæ
    Ôòæ <3 Playwright Team                                                      Ôòæ
    ÔòÜÔòÉÔòÉÔòÉÔòÉÔòÉÔòÉÔòÉÔòÉÔòÉÔòÉÔòÉÔòÉÔòÉÔòÉÔòÉÔòÉÔòÉÔòÉÔòÉÔòÉÔòÉÔòÉÔòÉÔòÉÔòÉÔòÉÔòÉÔòÉÔòÉÔòÉÔòÉÔòÉÔòÉÔòÉÔòÉÔòÉÔòÉÔòÉÔòÉÔòÉÔòÉÔòÉÔòÉÔòÉÔòÉÔòÉÔòÉÔòÉÔòÉÔòÉÔòÉÔòÉÔòÉÔòÉÔòÉÔòÉÔòÉÔòÉÔòÉÔòÉÔòÉÔòÉÔòÉÔòÉÔòÉÔòÉÔòÉÔòÉÔòÉÔòÉÔòÉÔòÉÔòÉÔòØ


[1A[2K  12) [chromium] ÔÇ║ src\tests\e2e\ai-verification.spec.ts:13:5 ÔÇ║ AI Verification ÔÇ║ debe testear IA/verificaci├│n 13 

    Error: browserType.launch: Executable doesn't exist at C:\Users\conej\AppData\Local\ms-playwright\chromium_headless_shell-1200\chrome-headless-shell-win64\chrome-headless-shell.exe
    ÔòöÔòÉÔòÉÔòÉÔòÉÔòÉÔòÉÔòÉÔòÉÔòÉÔòÉÔòÉÔòÉÔòÉÔòÉÔòÉÔòÉÔòÉÔòÉÔòÉÔòÉÔòÉÔòÉÔòÉÔòÉÔòÉÔòÉÔòÉÔòÉÔòÉÔòÉÔòÉÔòÉÔòÉÔòÉÔòÉÔòÉÔòÉÔòÉÔòÉÔòÉÔòÉÔòÉÔòÉÔòÉÔòÉÔòÉÔòÉÔòÉÔòÉÔòÉÔòÉÔòÉÔòÉÔòÉÔòÉÔòÉÔòÉÔòÉÔòÉÔòÉÔòÉÔòÉÔòÉÔòÉÔòÉÔòÉÔòÉÔòÉÔòÉÔòÉÔòÉÔòÉÔòÉÔòù
    Ôòæ Looks like Playwright Test or Playwright was just installed or updated. Ôòæ
    Ôòæ Please run the following command to download new browsers:              Ôòæ
    Ôòæ                                                                         Ôòæ
    Ôòæ     npx playwright install                                              Ôòæ
    Ôòæ                                                                         Ôòæ
    Ôòæ <3 Playwright Team                                                      Ôòæ
    ÔòÜÔòÉÔòÉÔòÉÔòÉÔòÉÔòÉÔòÉÔòÉÔòÉÔòÉÔòÉÔòÉÔòÉÔòÉÔòÉÔòÉÔòÉÔòÉÔòÉÔòÉÔòÉÔòÉÔòÉÔòÉÔòÉÔòÉÔòÉÔòÉÔòÉÔòÉÔòÉÔòÉÔòÉÔòÉÔòÉÔòÉÔòÉÔòÉÔòÉÔòÉÔòÉÔòÉÔòÉÔòÉÔòÉÔòÉÔòÉÔòÉÔòÉÔòÉÔòÉÔòÉÔòÉÔòÉÔòÉÔòÉÔòÉÔòÉÔòÉÔòÉÔòÉÔòÉÔòÉÔòÉÔòÉÔòÉÔòÉÔòÉÔòÉÔòÉÔòÉÔòÉÔòÉÔòØ


[1A[2K[15/580] [chromium] ÔÇ║ src\tests\e2e\ai-verification.spec.ts:13:5 ÔÇ║ AI Verification ÔÇ║ debe testear IA/verificaci├│n 14
[1A[2K  13) [chromium] ÔÇ║ src\tests\e2e\ai-verification.spec.ts:13:5 ÔÇ║ AI Verification ÔÇ║ debe testear IA/verificaci├│n 12 

    Error: browserType.launch: Executable doesn't exist at C:\Users\conej\AppData\Local\ms-playwright\chromium_headless_shell-1200\chrome-headless-shell-win64\chrome-headless-shell.exe
    ÔòöÔòÉÔòÉÔòÉÔòÉÔòÉÔòÉÔòÉÔòÉÔòÉÔòÉÔòÉÔòÉÔòÉÔòÉÔòÉÔòÉÔòÉÔòÉÔòÉÔòÉÔòÉÔòÉÔòÉÔòÉÔòÉÔòÉÔòÉÔòÉÔòÉÔòÉÔòÉÔòÉÔòÉÔòÉÔòÉÔòÉÔòÉÔòÉÔòÉÔòÉÔòÉÔòÉÔòÉÔòÉÔòÉÔòÉÔòÉÔòÉÔòÉÔòÉÔòÉÔòÉÔòÉÔòÉÔòÉÔòÉÔòÉÔòÉÔòÉÔòÉÔòÉÔòÉÔòÉÔòÉÔòÉÔòÉÔòÉÔòÉÔòÉÔòÉÔòÉÔòÉÔòÉÔòù
    Ôòæ Looks like Playwright Test or Playwright was just installed or updated. Ôòæ
    Ôòæ Please run the following command to download new browsers:              Ôòæ
    Ôòæ                                                                         Ôòæ
    Ôòæ     npx playwright install                                              Ôòæ
    Ôòæ                                                                         Ôòæ
    Ôòæ <3 Playwright Team                                                      Ôòæ
    ÔòÜÔòÉÔòÉÔòÉÔòÉÔòÉÔòÉÔòÉÔòÉÔòÉÔòÉÔòÉÔòÉÔòÉÔòÉÔòÉÔòÉÔòÉÔòÉÔòÉÔòÉÔòÉÔòÉÔòÉÔòÉÔòÉÔòÉÔòÉÔòÉÔòÉÔòÉÔòÉÔòÉÔòÉÔòÉÔòÉÔòÉÔòÉÔòÉÔòÉÔòÉÔòÉÔòÉÔòÉÔòÉÔòÉÔòÉÔòÉÔòÉÔòÉÔòÉÔòÉÔòÉÔòÉÔòÉÔòÉÔòÉÔòÉÔòÉÔòÉÔòÉÔòÉÔòÉÔòÉÔòÉÔòÉÔòÉÔòÉÔòÉÔòÉÔòÉÔòÉÔòÉÔòÉÔòØ


[1A[2K  14) [chromium] ÔÇ║ src\tests\e2e\ai-verification.spec.ts:13:5 ÔÇ║ AI Verification ÔÇ║ debe testear IA/verificaci├│n 15 

    Error: browserType.launch: Executable doesn't exist at C:\Users\conej\AppData\Local\ms-playwright\chromium_headless_shell-1200\chrome-headless-shell-win64\chrome-headless-shell.exe
    ÔòöÔòÉÔòÉÔòÉÔòÉÔòÉÔòÉÔòÉÔòÉÔòÉÔòÉÔòÉÔòÉÔòÉÔòÉÔòÉÔòÉÔòÉÔòÉÔòÉÔòÉÔòÉÔòÉÔòÉÔòÉÔòÉÔòÉÔòÉÔòÉÔòÉÔòÉÔòÉÔòÉÔòÉÔòÉÔòÉÔòÉÔòÉÔòÉÔòÉÔòÉÔòÉÔòÉÔòÉÔòÉÔòÉÔòÉÔòÉÔòÉÔòÉÔòÉÔòÉÔòÉÔòÉÔòÉÔòÉÔòÉÔòÉÔòÉÔòÉÔòÉÔòÉÔòÉÔòÉÔòÉÔòÉÔòÉÔòÉÔòÉÔòÉÔòÉÔòÉÔòÉÔòÉÔòù
    Ôòæ Looks like Playwright Test or Playwright was just installed or updated. Ôòæ
    Ôòæ Please run the following command to download new browsers:              Ôòæ
    Ôòæ                                                                         Ôòæ
    Ôòæ     npx playwright install                                              Ôòæ
    Ôòæ                                                                         Ôòæ
    Ôòæ <3 Playwright Team                                                      Ôòæ
    ÔòÜÔòÉÔòÉÔòÉÔòÉÔòÉÔòÉÔòÉÔòÉÔòÉÔòÉÔòÉÔòÉÔòÉÔòÉÔòÉÔòÉÔòÉÔòÉÔòÉÔòÉÔòÉÔòÉÔòÉÔòÉÔòÉÔòÉÔòÉÔòÉÔòÉÔòÉÔòÉÔòÉÔòÉÔòÉÔòÉÔòÉÔòÉÔòÉÔòÉÔòÉÔòÉÔòÉÔòÉÔòÉÔòÉÔòÉÔòÉÔòÉÔòÉÔòÉÔòÉÔòÉÔòÉÔòÉÔòÉÔòÉÔòÉÔòÉÔòÉÔòÉÔòÉÔòÉÔòÉÔòÉÔòÉÔòÉÔòÉÔòÉÔòÉÔòÉÔòÉÔòÉÔòÉÔòØ


[1A[2K  15) [chromium] ÔÇ║ src\tests\e2e\ai-verification.spec.ts:13:5 ÔÇ║ AI Verification ÔÇ║ debe testear IA/verificaci├│n 14 

    Error: browserType.launch: Executable doesn't exist at C:\Users\conej\AppData\Local\ms-playwright\chromium_headless_shell-1200\chrome-headless-shell-win64\chrome-headless-shell.exe
    ÔòöÔòÉÔòÉÔòÉÔòÉÔòÉÔòÉÔòÉÔòÉÔòÉÔòÉÔòÉÔòÉÔòÉÔòÉÔòÉÔòÉÔòÉÔòÉÔòÉÔòÉÔòÉÔòÉÔòÉÔòÉÔòÉÔòÉÔòÉÔòÉÔòÉÔòÉÔòÉÔòÉÔòÉÔòÉÔòÉÔòÉÔòÉÔòÉÔòÉÔòÉÔòÉÔòÉÔòÉÔòÉÔòÉÔòÉÔòÉÔòÉÔòÉÔòÉÔòÉÔòÉÔòÉÔòÉÔòÉÔòÉÔòÉÔòÉÔòÉÔòÉÔòÉÔòÉÔòÉÔòÉÔòÉÔòÉÔòÉÔòÉÔòÉÔòÉÔòÉÔòÉÔòÉÔòù
    Ôòæ Looks like Playwright Test or Playwright was just installed or updated. Ôòæ
    Ôòæ Please run the following command to download new browsers:              Ôòæ
    Ôòæ                                                                         Ôòæ
    Ôòæ     npx playwright install                                              Ôòæ
    Ôòæ                                                                         Ôòæ
    Ôòæ <3 Playwright Team                                                      Ôòæ
    ÔòÜÔòÉÔòÉÔòÉÔòÉÔòÉÔòÉÔòÉÔòÉÔòÉÔòÉÔòÉÔòÉÔòÉÔòÉÔòÉÔòÉÔòÉÔòÉÔòÉÔòÉÔòÉÔòÉÔòÉÔòÉÔòÉÔòÉÔòÉÔòÉÔòÉÔòÉÔòÉÔòÉÔòÉÔòÉÔòÉÔòÉÔòÉÔòÉÔòÉÔòÉÔòÉÔòÉÔòÉÔòÉÔòÉÔòÉÔòÉÔòÉÔòÉÔòÉÔòÉÔòÉÔòÉÔòÉÔòÉÔòÉÔòÉÔòÉÔòÉÔòÉÔòÉÔòÉÔòÉÔòÉÔòÉÔòÉÔòÉÔòÉÔòÉÔòÉÔòÉÔòÉÔòÉÔòØ


[1A[2K[16/580] [chromium] ÔÇ║ src\tests\e2e\ai-verification.spec.ts:13:5 ÔÇ║ AI Verification ÔÇ║ debe testear IA/verificaci├│n 16
[1A[2K  16) [chromium] ÔÇ║ src\tests\e2e\ai-verification.spec.ts:13:5 ÔÇ║ AI Verification ÔÇ║ debe testear IA/verificaci├│n 16 

    Error: browserType.launch: Executable doesn't exist at C:\Users\conej\AppData\Local\ms-playwright\chromium_headless_shell-1200\chrome-headless-shell-win64\chrome-headless-shell.exe
    ÔòöÔòÉÔòÉÔòÉÔòÉÔòÉÔòÉÔòÉÔòÉÔòÉÔòÉÔòÉÔòÉÔòÉÔòÉÔòÉÔòÉÔòÉÔòÉÔòÉÔòÉÔòÉÔòÉÔòÉÔòÉÔòÉÔòÉÔòÉÔòÉÔòÉÔòÉÔòÉÔòÉÔòÉÔòÉÔòÉÔòÉÔòÉÔòÉÔòÉÔòÉÔòÉÔòÉÔòÉÔòÉÔòÉÔòÉÔòÉÔòÉÔòÉÔòÉÔòÉÔòÉÔòÉÔòÉÔòÉÔòÉÔòÉÔòÉÔòÉÔòÉÔòÉÔòÉÔòÉÔòÉÔòÉÔòÉÔòÉÔòÉÔòÉÔòÉÔòÉÔòÉÔòÉÔòù
    Ôòæ Looks like Playwright Test or Playwright was just installed or updated. Ôòæ
    Ôòæ Please run the following command to download new browsers:              Ôòæ
    Ôòæ                                                                         Ôòæ
    Ôòæ     npx playwright install                                              Ôòæ
    Ôòæ                                                                         Ôòæ
    Ôòæ <3 Playwright Team                                                      Ôòæ
    ÔòÜÔòÉÔòÉÔòÉÔòÉÔòÉÔòÉÔòÉÔòÉÔòÉÔòÉÔòÉÔòÉÔòÉÔòÉÔòÉÔòÉÔòÉÔòÉÔòÉÔòÉÔòÉÔòÉÔòÉÔòÉÔòÉÔòÉÔòÉÔòÉÔòÉÔòÉÔòÉÔòÉÔòÉÔòÉÔòÉÔòÉÔòÉÔòÉÔòÉÔòÉÔòÉÔòÉÔòÉÔòÉÔòÉÔòÉÔòÉÔòÉÔòÉÔòÉÔòÉÔòÉÔòÉÔòÉÔòÉÔòÉÔòÉÔòÉÔòÉÔòÉÔòÉÔòÉÔòÉÔòÉÔòÉÔòÉÔòÉÔòÉÔòÉÔòÉÔòÉÔòÉÔòÉÔòØ


[1A[2K[17/580] [chromium] ÔÇ║ src\tests\e2e\ai-verification.spec.ts:13:5 ÔÇ║ AI Verification ÔÇ║ debe testear IA/verificaci├│n 17
[1A[2K  17) [chromium] ÔÇ║ src\tests\e2e\ai-verification.spec.ts:13:5 ÔÇ║ AI Verification ÔÇ║ debe testear IA/verificaci├│n 17 

    Error: browserType.launch: Executable doesn't exist at C:\Users\conej\AppData\Local\ms-playwright\chromium_headless_shell-1200\chrome-headless-shell-win64\chrome-headless-shell.exe
    ÔòöÔòÉÔòÉÔòÉÔòÉÔòÉÔòÉÔòÉÔòÉÔòÉÔòÉÔòÉÔòÉÔòÉÔòÉÔòÉÔòÉÔòÉÔòÉÔòÉÔòÉÔòÉÔòÉÔòÉÔòÉÔòÉÔòÉÔòÉÔòÉÔòÉÔòÉÔòÉÔòÉÔòÉÔòÉÔòÉÔòÉÔòÉÔòÉÔòÉÔòÉÔòÉÔòÉÔòÉÔòÉÔòÉÔòÉÔòÉÔòÉÔòÉÔòÉÔòÉÔòÉÔòÉÔòÉÔòÉÔòÉÔòÉÔòÉÔòÉÔòÉÔòÉÔòÉÔòÉÔòÉÔòÉÔòÉÔòÉÔòÉÔòÉÔòÉÔòÉÔòÉÔòÉÔòù
    Ôòæ Looks like Playwright Test or Playwright was just installed or updated. Ôòæ
    Ôòæ Please run the following command to download new browsers:              Ôòæ
    Ôòæ                                                                         Ôòæ
    Ôòæ     npx playwright install                                              Ôòæ
    Ôòæ                                                                         Ôòæ
    Ôòæ <3 Playwright Team                                                      Ôòæ
    ÔòÜÔòÉÔòÉÔòÉÔòÉÔòÉÔòÉÔòÉÔòÉÔòÉÔòÉÔòÉÔòÉÔòÉÔòÉÔòÉÔòÉÔòÉÔòÉÔòÉÔòÉÔòÉÔòÉÔòÉÔòÉÔòÉÔòÉÔòÉÔòÉÔòÉÔòÉÔòÉÔòÉÔòÉÔòÉÔòÉÔòÉÔòÉÔòÉÔòÉÔòÉÔòÉÔòÉÔòÉÔòÉÔòÉÔòÉÔòÉÔòÉÔòÉÔòÉÔòÉÔòÉÔòÉÔòÉÔòÉÔòÉÔòÉÔòÉÔòÉÔòÉÔòÉÔòÉÔòÉÔòÉÔòÉÔòÉÔòÉÔòÉÔòÉÔòÉÔòÉÔòÉÔòÉÔòØ


[1A[2K[18/580] [chromium] ÔÇ║ src\tests\e2e\ai-verification.spec.ts:13:5 ÔÇ║ AI Verification ÔÇ║ debe testear IA/verificaci├│n 18
[1A[2K[19/580] [chromium] ÔÇ║ src\tests\e2e\ai-verification.spec.ts:13:5 ÔÇ║ AI Verification ÔÇ║ debe testear IA/verificaci├│n 19
[1A[2K[20/580] [chromium] ÔÇ║ src\tests\e2e\ai-verification.spec.ts:13:5 ÔÇ║ AI Verification ÔÇ║ debe testear IA/verificaci├│n 20
[1A[2K  18) [chromium] ÔÇ║ src\tests\e2e\ai-verification.spec.ts:13:5 ÔÇ║ AI Verification ÔÇ║ debe testear IA/verificaci├│n 18 

    Error: browserType.launch: Executable doesn't exist at C:\Users\conej\AppData\Local\ms-playwright\chromium_headless_shell-1200\chrome-headless-shell-win64\chrome-headless-shell.exe
    ÔòöÔòÉÔòÉÔòÉÔòÉÔòÉÔòÉÔòÉÔòÉÔòÉÔòÉÔòÉÔòÉÔòÉÔòÉÔòÉÔòÉÔòÉÔòÉÔòÉÔòÉÔòÉÔòÉÔòÉÔòÉÔòÉÔòÉÔòÉÔòÉÔòÉÔòÉÔòÉÔòÉÔòÉÔòÉÔòÉÔòÉÔòÉÔòÉÔòÉÔòÉÔòÉÔòÉÔòÉÔòÉÔòÉÔòÉÔòÉÔòÉÔòÉÔòÉÔòÉÔòÉÔòÉÔòÉÔòÉÔòÉÔòÉÔòÉÔòÉÔòÉÔòÉÔòÉÔòÉÔòÉÔòÉÔòÉÔòÉÔòÉÔòÉÔòÉÔòÉÔòÉÔòÉÔòù
    Ôòæ Looks like Playwright Test or Playwright was just installed or updated. Ôòæ
    Ôòæ Please run the following command to download new browsers:              Ôòæ
    Ôòæ                                                                         Ôòæ
    Ôòæ     npx playwright install                                              Ôòæ
    Ôòæ                                                                         Ôòæ
    Ôòæ <3 Playwright Team                                                      Ôòæ
    ÔòÜÔòÉÔòÉÔòÉÔòÉÔòÉÔòÉÔòÉÔòÉÔòÉÔòÉÔòÉÔòÉÔòÉÔòÉÔòÉÔòÉÔòÉÔòÉÔòÉÔòÉÔòÉÔòÉÔòÉÔòÉÔòÉÔòÉÔòÉÔòÉÔòÉÔòÉÔòÉÔòÉÔòÉÔòÉÔòÉÔòÉÔòÉÔòÉÔòÉÔòÉÔòÉÔòÉÔòÉÔòÉÔòÉÔòÉÔòÉÔòÉÔòÉÔòÉÔòÉÔòÉÔòÉÔòÉÔòÉÔòÉÔòÉÔòÉÔòÉÔòÉÔòÉÔòÉÔòÉÔòÉÔòÉÔòÉÔòÉÔòÉÔòÉÔòÉÔòÉÔòÉÔòÉÔòØ


[1A[2K  19) [chromium] ÔÇ║ src\tests\e2e\ai-verification.spec.ts:13:5 ÔÇ║ AI Verification ÔÇ║ debe testear IA/verificaci├│n 19 

    Error: browserType.launch: Executable doesn't exist at C:\Users\conej\AppData\Local\ms-playwright\chromium_headless_shell-1200\chrome-headless-shell-win64\chrome-headless-shell.exe
    ÔòöÔòÉÔòÉÔòÉÔòÉÔòÉÔòÉÔòÉÔòÉÔòÉÔòÉÔòÉÔòÉÔòÉÔòÉÔòÉÔòÉÔòÉÔòÉÔòÉÔòÉÔòÉÔòÉÔòÉÔòÉÔòÉÔòÉÔòÉÔòÉÔòÉÔòÉÔòÉÔòÉÔòÉÔòÉÔòÉÔòÉÔòÉÔòÉÔòÉÔòÉÔòÉÔòÉÔòÉÔòÉÔòÉÔòÉÔòÉÔòÉÔòÉÔòÉÔòÉÔòÉÔòÉÔòÉÔòÉÔòÉÔòÉÔòÉÔòÉÔòÉÔòÉÔòÉÔòÉÔòÉÔòÉÔòÉÔòÉÔòÉÔòÉÔòÉÔòÉÔòÉÔòÉÔòù
    Ôòæ Looks like Playwright Test or Playwright was just installed or updated. Ôòæ
    Ôòæ Please run the following command to download new browsers:              Ôòæ
    Ôòæ                                                                         Ôòæ
    Ôòæ     npx playwright install                                              Ôòæ
    Ôòæ                                                                         Ôòæ
    Ôòæ <3 Playwright Team                                                      Ôòæ
    ÔòÜÔòÉÔòÉÔòÉÔòÉÔòÉÔòÉÔòÉÔòÉÔòÉÔòÉÔòÉÔòÉÔòÉÔòÉÔòÉÔòÉÔòÉÔòÉÔòÉÔòÉÔòÉÔòÉÔòÉÔòÉÔòÉÔòÉÔòÉÔòÉÔòÉÔòÉÔòÉÔòÉÔòÉÔòÉÔòÉÔòÉÔòÉÔòÉÔòÉÔòÉÔòÉÔòÉÔòÉÔòÉÔòÉÔòÉÔòÉÔòÉÔòÉÔòÉÔòÉÔòÉÔòÉÔòÉÔòÉÔòÉÔòÉÔòÉÔòÉÔòÉÔòÉÔòÉÔòÉÔòÉÔòÉÔòÉÔòÉÔòÉÔòÉÔòÉÔòÉÔòÉÔòÉÔòØ


[1A[2K  20) [chromium] ÔÇ║ src\tests\e2e\ai-verification.spec.ts:13:5 ÔÇ║ AI Verification ÔÇ║ debe testear IA/verificaci├│n 20 

    Error: browserType.launch: Executable doesn't exist at C:\Users\conej\AppData\Local\ms-playwright\chromium_headless_shell-1200\chrome-headless-shell-win64\chrome-headless-shell.exe
    ÔòöÔòÉÔòÉÔòÉÔòÉÔòÉÔòÉÔòÉÔòÉÔòÉÔòÉÔòÉÔòÉÔòÉÔòÉÔòÉÔòÉÔòÉÔòÉÔòÉÔòÉÔòÉÔòÉÔòÉÔòÉÔòÉÔòÉÔòÉÔòÉÔòÉÔòÉÔòÉÔòÉÔòÉÔòÉÔòÉÔòÉÔòÉÔòÉÔòÉÔòÉÔòÉÔòÉÔòÉÔòÉÔòÉÔòÉÔòÉÔòÉÔòÉÔòÉÔòÉÔòÉÔòÉÔòÉÔòÉÔòÉÔòÉÔòÉÔòÉÔòÉÔòÉÔòÉÔòÉÔòÉÔòÉÔòÉÔòÉÔòÉÔòÉÔòÉÔòÉÔòÉÔòÉÔòù
    Ôòæ Looks like Playwright Test or Playwright was just installed or updated. Ôòæ
    Ôòæ Please run the following command to download new browsers:              Ôòæ
    Ôòæ                                                                         Ôòæ
    Ôòæ     npx playwright install                                              Ôòæ
    Ôòæ                                                                         Ôòæ
    Ôòæ <3 Playwright Team                                                      Ôòæ
    ÔòÜÔòÉÔòÉÔòÉÔòÉÔòÉÔòÉÔòÉÔòÉÔòÉÔòÉÔòÉÔòÉÔòÉÔòÉÔòÉÔòÉÔòÉÔòÉÔòÉÔòÉÔòÉÔòÉÔòÉÔòÉÔòÉÔòÉÔòÉÔòÉÔòÉÔòÉÔòÉÔòÉÔòÉÔòÉÔòÉÔòÉÔòÉÔòÉÔòÉÔòÉÔòÉÔòÉÔòÉÔòÉÔòÉÔòÉÔòÉÔòÉÔòÉÔòÉÔòÉÔòÉÔòÉÔòÉÔòÉÔòÉÔòÉÔòÉÔòÉÔòÉÔòÉÔòÉÔòÉÔòÉÔòÉÔòÉÔòÉÔòÉÔòÉÔòÉÔòÉÔòÉÔòÉÔòØ


[1A[2K[21/580] [chromium] ÔÇ║ src\tests\e2e\ai-verification.spec.ts:13:5 ÔÇ║ AI Verification ÔÇ║ debe testear IA/verificaci├│n 21
[1A[2K[22/580] [chromium] ÔÇ║ src\tests\e2e\ai-verification.spec.ts:13:5 ÔÇ║ AI Verification ÔÇ║ debe testear IA/verificaci├│n 23
[1A[2K[23/580] [chromium] ÔÇ║ src\tests\e2e\ai-verification.spec.ts:13:5 ÔÇ║ AI Verification ÔÇ║ debe testear IA/verificaci├│n 22
[1A[2K  21) [chromium] ÔÇ║ src\tests\e2e\ai-verification.spec.ts:13:5 ÔÇ║ AI Verification ÔÇ║ debe testear IA/verificaci├│n 21 

    Error: browserType.launch: Executable doesn't exist at C:\Users\conej\AppData\Local\ms-playwright\chromium_headless_shell-1200\chrome-headless-shell-win64\chrome-headless-shell.exe
    ÔòöÔòÉÔòÉÔòÉÔòÉÔòÉÔòÉÔòÉÔòÉÔòÉÔòÉÔòÉÔòÉÔòÉÔòÉÔòÉÔòÉÔòÉÔòÉÔòÉÔòÉÔòÉÔòÉÔòÉÔòÉÔòÉÔòÉÔòÉÔòÉÔòÉÔòÉÔòÉÔòÉÔòÉÔòÉÔòÉÔòÉÔòÉÔòÉÔòÉÔòÉÔòÉÔòÉÔòÉÔòÉÔòÉÔòÉÔòÉÔòÉÔòÉÔòÉÔòÉÔòÉÔòÉÔòÉÔòÉÔòÉÔòÉÔòÉÔòÉÔòÉÔòÉÔòÉÔòÉÔòÉÔòÉÔòÉÔòÉÔòÉÔòÉÔòÉÔòÉÔòÉÔòÉÔòù
    Ôòæ Looks like Playwright Test or Playwright was just installed or updated. Ôòæ
    Ôòæ Please run the following command to download new browsers:              Ôòæ
    Ôòæ                                                                         Ôòæ
    Ôòæ     npx playwright install                                              Ôòæ
    Ôòæ                                                                         Ôòæ
    Ôòæ <3 Playwright Team                                                      Ôòæ
    ÔòÜÔòÉÔòÉÔòÉÔòÉÔòÉÔòÉÔòÉÔòÉÔòÉÔòÉÔòÉÔòÉÔòÉÔòÉÔòÉÔòÉÔòÉÔòÉÔòÉÔòÉÔòÉÔòÉÔòÉÔòÉÔòÉÔòÉÔòÉÔòÉÔòÉÔòÉÔòÉÔòÉÔòÉÔòÉÔòÉÔòÉÔòÉÔòÉÔòÉÔòÉÔòÉÔòÉÔòÉÔòÉÔòÉÔòÉÔòÉÔòÉÔòÉÔòÉÔòÉÔòÉÔòÉÔòÉÔòÉÔòÉÔòÉÔòÉÔòÉÔòÉÔòÉÔòÉÔòÉÔòÉÔòÉÔòÉÔòÉÔòÉÔòÉÔòÉÔòÉÔòÉÔòÉÔòØ


[1A[2K  22) [chromium] ÔÇ║ src\tests\e2e\ai-verification.spec.ts:13:5 ÔÇ║ AI Verification ÔÇ║ debe testear IA/verificaci├│n 23 

    Error: browserType.launch: Executable doesn't exist at C:\Users\conej\AppData\Local\ms-playwright\chromium_headless_shell-1200\chrome-headless-shell-win64\chrome-headless-shell.exe
    ÔòöÔòÉÔòÉÔòÉÔòÉÔòÉÔòÉÔòÉÔòÉÔòÉÔòÉÔòÉÔòÉÔòÉÔòÉÔòÉÔòÉÔòÉÔòÉÔòÉÔòÉÔòÉÔòÉÔòÉÔòÉÔòÉÔòÉÔòÉÔòÉÔòÉÔòÉÔòÉÔòÉÔòÉÔòÉÔòÉÔòÉÔòÉÔòÉÔòÉÔòÉÔòÉÔòÉÔòÉÔòÉÔòÉÔòÉÔòÉÔòÉÔòÉÔòÉÔòÉÔòÉÔòÉÔòÉÔòÉÔòÉÔòÉÔòÉÔòÉÔòÉÔòÉÔòÉÔòÉÔòÉÔòÉÔòÉÔòÉÔòÉÔòÉÔòÉÔòÉÔòÉÔòÉÔòù
    Ôòæ Looks like Playwright Test or Playwright was just installed or updated. Ôòæ
    Ôòæ Please run the following command to download new browsers:              Ôòæ
    Ôòæ                                                                         Ôòæ
    Ôòæ     npx playwright install                                              Ôòæ
    Ôòæ                                                                         Ôòæ
    Ôòæ <3 Playwright Team                                                      Ôòæ
    ÔòÜÔòÉÔòÉÔòÉÔòÉÔòÉÔòÉÔòÉÔòÉÔòÉÔòÉÔòÉÔòÉÔòÉÔòÉÔòÉÔòÉÔòÉÔòÉÔòÉÔòÉÔòÉÔòÉÔòÉÔòÉÔòÉÔòÉÔòÉÔòÉÔòÉÔòÉÔòÉÔòÉÔòÉÔòÉÔòÉÔòÉÔòÉÔòÉÔòÉÔòÉÔòÉÔòÉÔòÉÔòÉÔòÉÔòÉÔòÉÔòÉÔòÉÔòÉÔòÉÔòÉÔòÉÔòÉÔòÉÔòÉÔòÉÔòÉÔòÉÔòÉÔòÉÔòÉÔòÉÔòÉÔòÉÔòÉÔòÉÔòÉÔòÉÔòÉÔòÉÔòÉÔòÉÔòØ


[1A[2K  23) [chromium] ÔÇ║ src\tests\e2e\ai-verification.spec.ts:13:5 ÔÇ║ AI Verification ÔÇ║ debe testear IA/verificaci├│n 22 

    Error: browserType.launch: Executable doesn't exist at C:\Users\conej\AppData\Local\ms-playwright\chromium_headless_shell-1200\chrome-headless-shell-win64\chrome-headless-shell.exe
    ÔòöÔòÉÔòÉÔòÉÔòÉÔòÉÔòÉÔòÉÔòÉÔòÉÔòÉÔòÉÔòÉÔòÉÔòÉÔòÉÔòÉÔòÉÔòÉÔòÉÔòÉÔòÉÔòÉÔòÉÔòÉÔòÉÔòÉÔòÉÔòÉÔòÉÔòÉÔòÉÔòÉÔòÉÔòÉÔòÉÔòÉÔòÉÔòÉÔòÉÔòÉÔòÉÔòÉÔòÉÔòÉÔòÉÔòÉÔòÉÔòÉÔòÉÔòÉÔòÉÔòÉÔòÉÔòÉÔòÉÔòÉÔòÉÔòÉÔòÉÔòÉÔòÉÔòÉÔòÉÔòÉÔòÉÔòÉÔòÉÔòÉÔòÉÔòÉÔòÉÔòÉÔòÉÔòù
    Ôòæ Looks like Playwright Test or Playwright was just installed or updated. Ôòæ
    Ôòæ Please run the following command to download new browsers:              Ôòæ
    Ôòæ                                                                         Ôòæ
    Ôòæ     npx playwright install                                              Ôòæ
    Ôòæ                                                                         Ôòæ
    Ôòæ <3 Playwright Team                                                      Ôòæ
    ÔòÜÔòÉÔòÉÔòÉÔòÉÔòÉÔòÉÔòÉÔòÉÔòÉÔòÉÔòÉÔòÉÔòÉÔòÉÔòÉÔòÉÔòÉÔòÉÔòÉÔòÉÔòÉÔòÉÔòÉÔòÉÔòÉÔòÉÔòÉÔòÉÔòÉÔòÉÔòÉÔòÉÔòÉÔòÉÔòÉÔòÉÔòÉÔòÉÔòÉÔòÉÔòÉÔòÉÔòÉÔòÉÔòÉÔòÉÔòÉÔòÉÔòÉÔòÉÔòÉÔòÉÔòÉÔòÉÔòÉÔòÉÔòÉÔòÉÔòÉÔòÉÔòÉÔòÉÔòÉÔòÉÔòÉÔòÉÔòÉÔòÉÔòÉÔòÉÔòÉÔòÉÔòÉÔòØ


[1A[2K[24/580] [chromium] ÔÇ║ src\tests\e2e\ai-verification.spec.ts:13:5 ÔÇ║ AI Verification ÔÇ║ debe testear IA/verificaci├│n 24
[1A[2K  24) [chromium] ÔÇ║ src\tests\e2e\ai-verification.spec.ts:13:5 ÔÇ║ AI Verification ÔÇ║ debe testear IA/verificaci├│n 24 

    Error: browserType.launch: Executable doesn't exist at C:\Users\conej\AppData\Local\ms-playwright\chromium_headless_shell-1200\chrome-headless-shell-win64\chrome-headless-shell.exe
    ÔòöÔòÉÔòÉÔòÉÔòÉÔòÉÔòÉÔòÉÔòÉÔòÉÔòÉÔòÉÔòÉÔòÉÔòÉÔòÉÔòÉÔòÉÔòÉÔòÉÔòÉÔòÉÔòÉÔòÉÔòÉÔòÉÔòÉÔòÉÔòÉÔòÉÔòÉÔòÉÔòÉÔòÉÔòÉÔòÉÔòÉÔòÉÔòÉÔòÉÔòÉÔòÉÔòÉÔòÉÔòÉÔòÉÔòÉÔòÉÔòÉÔòÉÔòÉÔòÉÔòÉÔòÉÔòÉÔòÉÔòÉÔòÉÔòÉÔòÉÔòÉÔòÉÔòÉÔòÉÔòÉÔòÉÔòÉÔòÉÔòÉÔòÉÔòÉÔòÉÔòÉÔòÉÔòù
    Ôòæ Looks like Playwright Test or Playwright was just installed or updated. Ôòæ
    Ôòæ Please run the following command to download new browsers:              Ôòæ
    Ôòæ                                                                         Ôòæ
    Ôòæ     npx playwright install                                              Ôòæ
    Ôòæ                                                                         Ôòæ
    Ôòæ <3 Playwright Team                                                      Ôòæ
    ÔòÜÔòÉÔòÉÔòÉÔòÉÔòÉÔòÉÔòÉÔòÉÔòÉÔòÉÔòÉÔòÉÔòÉÔòÉÔòÉÔòÉÔòÉÔòÉÔòÉÔòÉÔòÉÔòÉÔòÉÔòÉÔòÉÔòÉÔòÉÔòÉÔòÉÔòÉÔòÉÔòÉÔòÉÔòÉÔòÉÔòÉÔòÉÔòÉÔòÉÔòÉÔòÉÔòÉÔòÉÔòÉÔòÉÔòÉÔòÉÔòÉÔòÉÔòÉÔòÉÔòÉÔòÉÔòÉÔòÉÔòÉÔòÉÔòÉÔòÉÔòÉÔòÉÔòÉÔòÉÔòÉÔòÉÔòÉÔòÉÔòÉÔòÉÔòÉÔòÉÔòÉÔòÉÔòØ


[1A[2K[25/580] [chromium] ÔÇ║ src\tests\e2e\ai-verification.spec.ts:13:5 ÔÇ║ AI Verification ÔÇ║ debe testear IA/verificaci├│n 25
[1A[2K  25) [chromium] ÔÇ║ src\tests\e2e\ai-verification.spec.ts:13:5 ÔÇ║ AI Verification ÔÇ║ debe testear IA/verificaci├│n 25 

    Error: browserType.launch: Executable doesn't exist at C:\Users\conej\AppData\Local\ms-playwright\chromium_headless_shell-1200\chrome-headless-shell-win64\chrome-headless-shell.exe
    ÔòöÔòÉÔòÉÔòÉÔòÉÔòÉÔòÉÔòÉÔòÉÔòÉÔòÉÔòÉÔòÉÔòÉÔòÉÔòÉÔòÉÔòÉÔòÉÔòÉÔòÉÔòÉÔòÉÔòÉÔòÉÔòÉÔòÉÔòÉÔòÉÔòÉÔòÉÔòÉÔòÉÔòÉÔòÉÔòÉÔòÉÔòÉÔòÉÔòÉÔòÉÔòÉÔòÉÔòÉÔòÉÔòÉÔòÉÔòÉÔòÉÔòÉÔòÉÔòÉÔòÉÔòÉÔòÉÔòÉÔòÉÔòÉÔòÉÔòÉÔòÉÔòÉÔòÉÔòÉÔòÉÔòÉÔòÉÔòÉÔòÉÔòÉÔòÉÔòÉÔòÉÔòÉÔòù
    Ôòæ Looks like Playwright Test or Playwright was just installed or updated. Ôòæ
    Ôòæ Please run the following command to download new browsers:              Ôòæ
    Ôòæ                                                                         Ôòæ
    Ôòæ     npx playwright install                                              Ôòæ
    Ôòæ                                                                         Ôòæ
    Ôòæ <3 Playwright Team                                                      Ôòæ
    ÔòÜÔòÉÔòÉÔòÉÔòÉÔòÉÔòÉÔòÉÔòÉÔòÉÔòÉÔòÉÔòÉÔòÉÔòÉÔòÉÔòÉÔòÉÔòÉÔòÉÔòÉÔòÉÔòÉÔòÉÔòÉÔòÉÔòÉÔòÉÔòÉÔòÉÔòÉÔòÉÔòÉÔòÉÔòÉÔòÉÔòÉÔòÉÔòÉÔòÉÔòÉÔòÉÔòÉÔòÉÔòÉÔòÉÔòÉÔòÉÔòÉÔòÉÔòÉÔòÉÔòÉÔòÉÔòÉÔòÉÔòÉÔòÉÔòÉÔòÉÔòÉÔòÉÔòÉÔòÉÔòÉÔòÉÔòÉÔòÉÔòÉÔòÉÔòÉÔòÉÔòÉÔòÉÔòØ


[1A[2K[26/580] [chromium] ÔÇ║ src\tests\e2e\ai-verification.spec.ts:13:5 ÔÇ║ AI Verification ÔÇ║ debe testear IA/verificaci├│n 26
[1A[2K[27/580] [chromium] ÔÇ║ src\tests\e2e\ai-verification.spec.ts:13:5 ÔÇ║ AI Verification ÔÇ║ debe testear IA/verificaci├│n 28
[1A[2K[28/580] [chromium] ÔÇ║ src\tests\e2e\ai-verification.spec.ts:13:5 ÔÇ║ AI Verification ÔÇ║ debe testear IA/verificaci├│n 27
[1A[2K  26) [chromium] ÔÇ║ src\tests\e2e\ai-verification.spec.ts:13:5 ÔÇ║ AI Verification ÔÇ║ debe testear IA/verificaci├│n 26 

    Error: browserType.launch: Executable doesn't exist at C:\Users\conej\AppData\Local\ms-playwright\chromium_headless_shell-1200\chrome-headless-shell-win64\chrome-headless-shell.exe
    ÔòöÔòÉÔòÉÔòÉÔòÉÔòÉÔòÉÔòÉÔòÉÔòÉÔòÉÔòÉÔòÉÔòÉÔòÉÔòÉÔòÉÔòÉÔòÉÔòÉÔòÉÔòÉÔòÉÔòÉÔòÉÔòÉÔòÉÔòÉÔòÉÔòÉÔòÉÔòÉÔòÉÔòÉÔòÉÔòÉÔòÉÔòÉÔòÉÔòÉÔòÉÔòÉÔòÉÔòÉÔòÉÔòÉÔòÉÔòÉÔòÉÔòÉÔòÉÔòÉÔòÉÔòÉÔòÉÔòÉÔòÉÔòÉÔòÉÔòÉÔòÉÔòÉÔòÉÔòÉÔòÉÔòÉÔòÉÔòÉÔòÉÔòÉÔòÉÔòÉÔòÉÔòÉÔòù
    Ôòæ Looks like Playwright Test or Playwright was just installed or updated. Ôòæ
    Ôòæ Please run the following command to download new browsers:              Ôòæ
    Ôòæ                                                                         Ôòæ
    Ôòæ     npx playwright install                                              Ôòæ
    Ôòæ                                                                         Ôòæ
    Ôòæ <3 Playwright Team                                                      Ôòæ
    ÔòÜÔòÉÔòÉÔòÉÔòÉÔòÉÔòÉÔòÉÔòÉÔòÉÔòÉÔòÉÔòÉÔòÉÔòÉÔòÉÔòÉÔòÉÔòÉÔòÉÔòÉÔòÉÔòÉÔòÉÔòÉÔòÉÔòÉÔòÉÔòÉÔòÉÔòÉÔòÉÔòÉÔòÉÔòÉÔòÉÔòÉÔòÉÔòÉÔòÉÔòÉÔòÉÔòÉÔòÉÔòÉÔòÉÔòÉÔòÉÔòÉÔòÉÔòÉÔòÉÔòÉÔòÉÔòÉÔòÉÔòÉÔòÉÔòÉÔòÉÔòÉÔòÉÔòÉÔòÉÔòÉÔòÉÔòÉÔòÉÔòÉÔòÉÔòÉÔòÉÔòÉÔòÉÔòØ


[1A[2K[29/580] [chromium] ÔÇ║ src\tests\e2e\ai-verification.spec.ts:13:5 ÔÇ║ AI Verification ÔÇ║ debe testear IA/verificaci├│n 29
[1A[2K  27) [chromium] ÔÇ║ src\tests\e2e\ai-verification.spec.ts:13:5 ÔÇ║ AI Verification ÔÇ║ debe testear IA/verificaci├│n 28 

    Error: browserType.launch: Executable doesn't exist at C:\Users\conej\AppData\Local\ms-playwright\chromium_headless_shell-1200\chrome-headless-shell-win64\chrome-headless-shell.exe
    ÔòöÔòÉÔòÉÔòÉÔòÉÔòÉÔòÉÔòÉÔòÉÔòÉÔòÉÔòÉÔòÉÔòÉÔòÉÔòÉÔòÉÔòÉÔòÉÔòÉÔòÉÔòÉÔòÉÔòÉÔòÉÔòÉÔòÉÔòÉÔòÉÔòÉÔòÉÔòÉÔòÉÔòÉÔòÉÔòÉÔòÉÔòÉÔòÉÔòÉÔòÉÔòÉÔòÉÔòÉÔòÉÔòÉÔòÉÔòÉÔòÉÔòÉÔòÉÔòÉÔòÉÔòÉÔòÉÔòÉÔòÉÔòÉÔòÉÔòÉÔòÉÔòÉÔòÉÔòÉÔòÉÔòÉÔòÉÔòÉÔòÉÔòÉÔòÉÔòÉÔòÉÔòÉÔòù
    Ôòæ Looks like Playwright Test or Playwright was just installed or updated. Ôòæ
    Ôòæ Please run the following command to download new browsers:              Ôòæ
    Ôòæ                                                                         Ôòæ
    Ôòæ     npx playwright install                                              Ôòæ
    Ôòæ                                                                         Ôòæ
    Ôòæ <3 Playwright Team                                                      Ôòæ
    ÔòÜÔòÉÔòÉÔòÉÔòÉÔòÉÔòÉÔòÉÔòÉÔòÉÔòÉÔòÉÔòÉÔòÉÔòÉÔòÉÔòÉÔòÉÔòÉÔòÉÔòÉÔòÉÔòÉÔòÉÔòÉÔòÉÔòÉÔòÉÔòÉÔòÉÔòÉÔòÉÔòÉÔòÉÔòÉÔòÉÔòÉÔòÉÔòÉÔòÉÔòÉÔòÉÔòÉÔòÉÔòÉÔòÉÔòÉÔòÉÔòÉÔòÉÔòÉÔòÉÔòÉÔòÉÔòÉÔòÉÔòÉÔòÉÔòÉÔòÉÔòÉÔòÉÔòÉÔòÉÔòÉÔòÉÔòÉÔòÉÔòÉÔòÉÔòÉÔòÉÔòÉÔòÉÔòØ


[1A[2K  28) [chromium] ÔÇ║ src\tests\e2e\ai-verification.spec.ts:13:5 ÔÇ║ AI Verification ÔÇ║ debe testear IA/verificaci├│n 27 

    Error: browserType.launch: Executable doesn't exist at C:\Users\conej\AppData\Local\ms-playwright\chromium_headless_shell-1200\chrome-headless-shell-win64\chrome-headless-shell.exe
    ÔòöÔòÉÔòÉÔòÉÔòÉÔòÉÔòÉÔòÉÔòÉÔòÉÔòÉÔòÉÔòÉÔòÉÔòÉÔòÉÔòÉÔòÉÔòÉÔòÉÔòÉÔòÉÔòÉÔòÉÔòÉÔòÉÔòÉÔòÉÔòÉÔòÉÔòÉÔòÉÔòÉÔòÉÔòÉÔòÉÔòÉÔòÉÔòÉÔòÉÔòÉÔòÉÔòÉÔòÉÔòÉÔòÉÔòÉÔòÉÔòÉÔòÉÔòÉÔòÉÔòÉÔòÉÔòÉÔòÉÔòÉÔòÉÔòÉÔòÉÔòÉÔòÉÔòÉÔòÉÔòÉÔòÉÔòÉÔòÉÔòÉÔòÉÔòÉÔòÉÔòÉÔòÉÔòù
    Ôòæ Looks like Playwright Test or Playwright was just installed or updated. Ôòæ
    Ôòæ Please run the following command to download new browsers:              Ôòæ
    Ôòæ                                                                         Ôòæ
    Ôòæ     npx playwright install                                              Ôòæ
    Ôòæ                                                                         Ôòæ
    Ôòæ <3 Playwright Team                                                      Ôòæ
    ÔòÜÔòÉÔòÉÔòÉÔòÉÔòÉÔòÉÔòÉÔòÉÔòÉÔòÉÔòÉÔòÉÔòÉÔòÉÔòÉÔòÉÔòÉÔòÉÔòÉÔòÉÔòÉÔòÉÔòÉÔòÉÔòÉÔòÉÔòÉÔòÉÔòÉÔòÉÔòÉÔòÉÔòÉÔòÉÔòÉÔòÉÔòÉÔòÉÔòÉÔòÉÔòÉÔòÉÔòÉÔòÉÔòÉÔòÉÔòÉÔòÉÔòÉÔòÉÔòÉÔòÉÔòÉÔòÉÔòÉÔòÉÔòÉÔòÉÔòÉÔòÉÔòÉÔòÉÔòÉÔòÉÔòÉÔòÉÔòÉÔòÉÔòÉÔòÉÔòÉÔòÉÔòÉÔòØ


[1A[2K[30/580] [chromium] ÔÇ║ src\tests\e2e\ai-verification.spec.ts:13:5 ÔÇ║ AI Verification ÔÇ║ debe testear IA/verificaci├│n 30
[1A[2K[31/580] [chromium] ÔÇ║ src\tests\e2e\ai-verification.spec.ts:13:5 ÔÇ║ AI Verification ÔÇ║ debe testear IA/verificaci├│n 31
[1A[2K[32/580] [chromium] ÔÇ║ src\tests\e2e\ai-verification.spec.ts:13:5 ÔÇ║ AI Verification ÔÇ║ debe testear IA/verificaci├│n 32
[1A[2K  29) [chromium] ÔÇ║ src\tests\e2e\ai-verification.spec.ts:13:5 ÔÇ║ AI Verification ÔÇ║ debe testear IA/verificaci├│n 29 

    Error: browserType.launch: Executable doesn't exist at C:\Users\conej\AppData\Local\ms-playwright\chromium_headless_shell-1200\chrome-headless-shell-win64\chrome-headless-shell.exe
    ÔòöÔòÉÔòÉÔòÉÔòÉÔòÉÔòÉÔòÉÔòÉÔòÉÔòÉÔòÉÔòÉÔòÉÔòÉÔòÉÔòÉÔòÉÔòÉÔòÉÔòÉÔòÉÔòÉÔòÉÔòÉÔòÉÔòÉÔòÉÔòÉÔòÉÔòÉÔòÉÔòÉÔòÉÔòÉÔòÉÔòÉÔòÉÔòÉÔòÉÔòÉÔòÉÔòÉÔòÉÔòÉÔòÉÔòÉÔòÉÔòÉÔòÉÔòÉÔòÉÔòÉÔòÉÔòÉÔòÉÔòÉÔòÉÔòÉÔòÉÔòÉÔòÉÔòÉÔòÉÔòÉÔòÉÔòÉÔòÉÔòÉÔòÉÔòÉÔòÉÔòÉÔòÉÔòù
    Ôòæ Looks like Playwright Test or Playwright was just installed or updated. Ôòæ
    Ôòæ Please run the following command to download new browsers:              Ôòæ
    Ôòæ                                                                         Ôòæ
    Ôòæ     npx playwright install                                              Ôòæ
    Ôòæ                                                                         Ôòæ
    Ôòæ <3 Playwright Team                                                      Ôòæ
    ÔòÜÔòÉÔòÉÔòÉÔòÉÔòÉÔòÉÔòÉÔòÉÔòÉÔòÉÔòÉÔòÉÔòÉÔòÉÔòÉÔòÉÔòÉÔòÉÔòÉÔòÉÔòÉÔòÉÔòÉÔòÉÔòÉÔòÉÔòÉÔòÉÔòÉÔòÉÔòÉÔòÉÔòÉÔòÉÔòÉÔòÉÔòÉÔòÉÔòÉÔòÉÔòÉÔòÉÔòÉÔòÉÔòÉÔòÉÔòÉÔòÉÔòÉÔòÉÔòÉÔòÉÔòÉÔòÉÔòÉÔòÉÔòÉÔòÉÔòÉÔòÉÔòÉÔòÉÔòÉÔòÉÔòÉÔòÉÔòÉÔòÉÔòÉÔòÉÔòÉÔòÉÔòÉÔòØ


[1A[2K  30) [chromium] ÔÇ║ src\tests\e2e\ai-verification.spec.ts:13:5 ÔÇ║ AI Verification ÔÇ║ debe testear IA/verificaci├│n 30 

    Error: browserType.launch: Executable doesn't exist at C:\Users\conej\AppData\Local\ms-playwright\chromium_headless_shell-1200\chrome-headless-shell-win64\chrome-headless-shell.exe
    ÔòöÔòÉÔòÉÔòÉÔòÉÔòÉÔòÉÔòÉÔòÉÔòÉÔòÉÔòÉÔòÉÔòÉÔòÉÔòÉÔòÉÔòÉÔòÉÔòÉÔòÉÔòÉÔòÉÔòÉÔòÉÔòÉÔòÉÔòÉÔòÉÔòÉÔòÉÔòÉÔòÉÔòÉÔòÉÔòÉÔòÉÔòÉÔòÉÔòÉÔòÉÔòÉÔòÉÔòÉÔòÉÔòÉÔòÉÔòÉÔòÉÔòÉÔòÉÔòÉÔòÉÔòÉÔòÉÔòÉÔòÉÔòÉÔòÉÔòÉÔòÉÔòÉÔòÉÔòÉÔòÉÔòÉÔòÉÔòÉÔòÉÔòÉÔòÉÔòÉÔòÉÔòÉÔòù
    Ôòæ Looks like Playwright Test or Playwright was just installed or updated. Ôòæ
    Ôòæ Please run the following command to download new browsers:              Ôòæ
    Ôòæ                                                                         Ôòæ
    Ôòæ     npx playwright install                                              Ôòæ
    Ôòæ                                                                         Ôòæ
    Ôòæ <3 Playwright Team                                                      Ôòæ
    ÔòÜÔòÉÔòÉÔòÉÔòÉÔòÉÔòÉÔòÉÔòÉÔòÉÔòÉÔòÉÔòÉÔòÉÔòÉÔòÉÔòÉÔòÉÔòÉÔòÉÔòÉÔòÉÔòÉÔòÉÔòÉÔòÉÔòÉÔòÉÔòÉÔòÉÔòÉÔòÉÔòÉÔòÉÔòÉÔòÉÔòÉÔòÉÔòÉÔòÉÔòÉÔòÉÔòÉÔòÉÔòÉÔòÉÔòÉÔòÉÔòÉÔòÉÔòÉÔòÉÔòÉÔòÉÔòÉÔòÉÔòÉÔòÉÔòÉÔòÉÔòÉÔòÉÔòÉÔòÉÔòÉÔòÉÔòÉÔòÉÔòÉÔòÉÔòÉÔòÉÔòÉÔòÉÔòØ


[1A[2K  31) [chromium] ÔÇ║ src\tests\e2e\ai-verification.spec.ts:13:5 ÔÇ║ AI Verification ÔÇ║ debe testear IA/verificaci├│n 31 

    Error: browserType.launch: Executable doesn't exist at C:\Users\conej\AppData\Local\ms-playwright\chromium_headless_shell-1200\chrome-headless-shell-win64\chrome-headless-shell.exe
    ÔòöÔòÉÔòÉÔòÉÔòÉÔòÉÔòÉÔòÉÔòÉÔòÉÔòÉÔòÉÔòÉÔòÉÔòÉÔòÉÔòÉÔòÉÔòÉÔòÉÔòÉÔòÉÔòÉÔòÉÔòÉÔòÉÔòÉÔòÉÔòÉÔòÉÔòÉÔòÉÔòÉÔòÉÔòÉÔòÉÔòÉÔòÉÔòÉÔòÉÔòÉÔòÉÔòÉÔòÉÔòÉÔòÉÔòÉÔòÉÔòÉÔòÉÔòÉÔòÉÔòÉÔòÉÔòÉÔòÉÔòÉÔòÉÔòÉÔòÉÔòÉÔòÉÔòÉÔòÉÔòÉÔòÉÔòÉÔòÉÔòÉÔòÉÔòÉÔòÉÔòÉÔòÉÔòù
    Ôòæ Looks like Playwright Test or Playwright was just installed or updated. Ôòæ
    Ôòæ Please run the following command to download new browsers:              Ôòæ
    Ôòæ                                                                         Ôòæ
    Ôòæ     npx playwright install                                              Ôòæ
    Ôòæ                                                                         Ôòæ
    Ôòæ <3 Playwright Team                                                      Ôòæ
    ÔòÜÔòÉÔòÉÔòÉÔòÉÔòÉÔòÉÔòÉÔòÉÔòÉÔòÉÔòÉÔòÉÔòÉÔòÉÔòÉÔòÉÔòÉÔòÉÔòÉÔòÉÔòÉÔòÉÔòÉÔòÉÔòÉÔòÉÔòÉÔòÉÔòÉÔòÉÔòÉÔòÉÔòÉÔòÉÔòÉÔòÉÔòÉÔòÉÔòÉÔòÉÔòÉÔòÉÔòÉÔòÉÔòÉÔòÉÔòÉÔòÉÔòÉÔòÉÔòÉÔòÉÔòÉÔòÉÔòÉÔòÉÔòÉÔòÉÔòÉÔòÉÔòÉÔòÉÔòÉÔòÉÔòÉÔòÉÔòÉÔòÉÔòÉÔòÉÔòÉÔòÉÔòÉÔòØ


[1A[2K  32) [chromium] ÔÇ║ src\tests\e2e\ai-verification.spec.ts:13:5 ÔÇ║ AI Verification ÔÇ║ debe testear IA/verificaci├│n 32 

    Error: browserType.launch: Executable doesn't exist at C:\Users\conej\AppData\Local\ms-playwright\chromium_headless_shell-1200\chrome-headless-shell-win64\chrome-headless-shell.exe
    ÔòöÔòÉÔòÉÔòÉÔòÉÔòÉÔòÉÔòÉÔòÉÔòÉÔòÉÔòÉÔòÉÔòÉÔòÉÔòÉÔòÉÔòÉÔòÉÔòÉÔòÉÔòÉÔòÉÔòÉÔòÉÔòÉÔòÉÔòÉÔòÉÔòÉÔòÉÔòÉÔòÉÔòÉÔòÉÔòÉÔòÉÔòÉÔòÉÔòÉÔòÉÔòÉÔòÉÔòÉÔòÉÔòÉÔòÉÔòÉÔòÉÔòÉÔòÉÔòÉÔòÉÔòÉÔòÉÔòÉÔòÉÔòÉÔòÉÔòÉÔòÉÔòÉÔòÉÔòÉÔòÉÔòÉÔòÉÔòÉÔòÉÔòÉÔòÉÔòÉÔòÉÔòÉÔòù
    Ôòæ Looks like Playwright Test or Playwright was just installed or updated. Ôòæ
    Ôòæ Please run the following command to download new browsers:              Ôòæ
    Ôòæ                                                                         Ôòæ
    Ôòæ     npx playwright install                                              Ôòæ
    Ôòæ                                                                         Ôòæ
    Ôòæ <3 Playwright Team                                                      Ôòæ
    ÔòÜÔòÉÔòÉÔòÉÔòÉÔòÉÔòÉÔòÉÔòÉÔòÉÔòÉÔòÉÔòÉÔòÉÔòÉÔòÉÔòÉÔòÉÔòÉÔòÉÔòÉÔòÉÔòÉÔòÉÔòÉÔòÉÔòÉÔòÉÔòÉÔòÉÔòÉÔòÉÔòÉÔòÉÔòÉÔòÉÔòÉÔòÉÔòÉÔòÉÔòÉÔòÉÔòÉÔòÉÔòÉÔòÉÔòÉÔòÉÔòÉÔòÉÔòÉÔòÉÔòÉÔòÉÔòÉÔòÉÔòÉÔòÉÔòÉÔòÉÔòÉÔòÉÔòÉÔòÉÔòÉÔòÉÔòÉÔòÉÔòÉÔòÉÔòÉÔòÉÔòÉÔòÉÔòØ


[1A[2K[33/580] [chromium] ÔÇ║ src\tests\e2e\ai-verification.spec.ts:13:5 ÔÇ║ AI Verification ÔÇ║ debe testear IA/verificaci├│n 33
[1A[2K  33) [chromium] ÔÇ║ src\tests\e2e\ai-verification.spec.ts:13:5 ÔÇ║ AI Verification ÔÇ║ debe testear IA/verificaci├│n 33 

    Error: browserType.launch: Executable doesn't exist at C:\Users\conej\AppData\Local\ms-playwright\chromium_headless_shell-1200\chrome-headless-shell-win64\chrome-headless-shell.exe
    ÔòöÔòÉÔòÉÔòÉÔòÉÔòÉÔòÉÔòÉÔòÉÔòÉÔòÉÔòÉÔòÉÔòÉÔòÉÔòÉÔòÉÔòÉÔòÉÔòÉÔòÉÔòÉÔòÉÔòÉÔòÉÔòÉÔòÉÔòÉÔòÉÔòÉÔòÉÔòÉÔòÉÔòÉÔòÉÔòÉÔòÉÔòÉÔòÉÔòÉÔòÉÔòÉÔòÉÔòÉÔòÉÔòÉÔòÉÔòÉÔòÉÔòÉÔòÉÔòÉÔòÉÔòÉÔòÉÔòÉÔòÉÔòÉÔòÉÔòÉÔòÉÔòÉÔòÉÔòÉÔòÉÔòÉÔòÉÔòÉÔòÉÔòÉÔòÉÔòÉÔòÉÔòÉÔòù
    Ôòæ Looks like Playwright Test or Playwright was just installed or updated. Ôòæ
    Ôòæ Please run the following command to download new browsers:              Ôòæ
    Ôòæ                                                                         Ôòæ
    Ôòæ     npx playwright install                                              Ôòæ
    Ôòæ                                                                         Ôòæ
    Ôòæ <3 Playwright Team                                                      Ôòæ
    ÔòÜÔòÉÔòÉÔòÉÔòÉÔòÉÔòÉÔòÉÔòÉÔòÉÔòÉÔòÉÔòÉÔòÉÔòÉÔòÉÔòÉÔòÉÔòÉÔòÉÔòÉÔòÉÔòÉÔòÉÔòÉÔòÉÔòÉÔòÉÔòÉÔòÉÔòÉÔòÉÔòÉÔòÉÔòÉÔòÉÔòÉÔòÉÔòÉÔòÉÔòÉÔòÉÔòÉÔòÉÔòÉÔòÉÔòÉÔòÉÔòÉÔòÉÔòÉÔòÉÔòÉÔòÉÔòÉÔòÉÔòÉÔòÉÔòÉÔòÉÔòÉÔòÉÔòÉÔòÉÔòÉÔòÉÔòÉÔòÉÔòÉÔòÉÔòÉÔòÉÔòÉÔòÉÔòØ


[1A[2K[34/580] [chromium] ÔÇ║ src\tests\e2e\ai-verification.spec.ts:13:5 ÔÇ║ AI Verification ÔÇ║ debe testear IA/verificaci├│n 34
[1A[2K  34) [chromium] ÔÇ║ src\tests\e2e\ai-verification.spec.ts:13:5 ÔÇ║ AI Verification ÔÇ║ debe testear IA/verificaci├│n 34 

    Error: browserType.launch: Executable doesn't exist at C:\Users\conej\AppData\Local\ms-playwright\chromium_headless_shell-1200\chrome-headless-shell-win64\chrome-headless-shell.exe
    ÔòöÔòÉÔòÉÔòÉÔòÉÔòÉÔòÉÔòÉÔòÉÔòÉÔòÉÔòÉÔòÉÔòÉÔòÉÔòÉÔòÉÔòÉÔòÉÔòÉÔòÉÔòÉÔòÉÔòÉÔòÉÔòÉÔòÉÔòÉÔòÉÔòÉÔòÉÔòÉÔòÉÔòÉÔòÉÔòÉÔòÉÔòÉÔòÉÔòÉÔòÉÔòÉÔòÉÔòÉÔòÉÔòÉÔòÉÔòÉÔòÉÔòÉÔòÉÔòÉÔòÉÔòÉÔòÉÔòÉÔòÉÔòÉÔòÉÔòÉÔòÉÔòÉÔòÉÔòÉÔòÉÔòÉÔòÉÔòÉÔòÉÔòÉÔòÉÔòÉÔòÉÔòÉÔòù
    Ôòæ Looks like Playwright Test or Playwright was just installed or updated. Ôòæ
    Ôòæ Please run the following command to download new browsers:              Ôòæ
    Ôòæ                                                                         Ôòæ
    Ôòæ     npx playwright install                                              Ôòæ
    Ôòæ                                                                         Ôòæ
    Ôòæ <3 Playwright Team                                                      Ôòæ
    ÔòÜÔòÉÔòÉÔòÉÔòÉÔòÉÔòÉÔòÉÔòÉÔòÉÔòÉÔòÉÔòÉÔòÉÔòÉÔòÉÔòÉÔòÉÔòÉÔòÉÔòÉÔòÉÔòÉÔòÉÔòÉÔòÉÔòÉÔòÉÔòÉÔòÉÔòÉÔòÉÔòÉÔòÉÔòÉÔòÉÔòÉÔòÉÔòÉÔòÉÔòÉÔòÉÔòÉÔòÉÔòÉÔòÉÔòÉÔòÉÔòÉÔòÉÔòÉÔòÉÔòÉÔòÉÔòÉÔòÉÔòÉÔòÉÔòÉÔòÉÔòÉÔòÉÔòÉÔòÉÔòÉÔòÉÔòÉÔòÉÔòÉÔòÉÔòÉÔòÉÔòÉÔòÉÔòØ


[1A[2K[35/580] [chromium] ÔÇ║ src\tests\e2e\ai-verification.spec.ts:13:5 ÔÇ║ AI Verification ÔÇ║ debe testear IA/verificaci├│n 35
[1A[2K[36/580] [chromium] ÔÇ║ src\tests\e2e\ai-verification.spec.ts:13:5 ÔÇ║ AI Verification ÔÇ║ debe testear IA/verificaci├│n 36
[1A[2K  35) [chromium] ÔÇ║ src\tests\e2e\ai-verification.spec.ts:13:5 ÔÇ║ AI Verification ÔÇ║ debe testear IA/verificaci├│n 35 

    Error: browserType.launch: Executable doesn't exist at C:\Users\conej\AppData\Local\ms-playwright\chromium_headless_shell-1200\chrome-headless-shell-win64\chrome-headless-shell.exe
    ÔòöÔòÉÔòÉÔòÉÔòÉÔòÉÔòÉÔòÉÔòÉÔòÉÔòÉÔòÉÔòÉÔòÉÔòÉÔòÉÔòÉÔòÉÔòÉÔòÉÔòÉÔòÉÔòÉÔòÉÔòÉÔòÉÔòÉÔòÉÔòÉÔòÉÔòÉÔòÉÔòÉÔòÉÔòÉÔòÉÔòÉÔòÉÔòÉÔòÉÔòÉÔòÉÔòÉÔòÉÔòÉÔòÉÔòÉÔòÉÔòÉÔòÉÔòÉÔòÉÔòÉÔòÉÔòÉÔòÉÔòÉÔòÉÔòÉÔòÉÔòÉÔòÉÔòÉÔòÉÔòÉÔòÉÔòÉÔòÉÔòÉÔòÉÔòÉÔòÉÔòÉÔòÉÔòù
    Ôòæ Looks like Playwright Test or Playwright was just installed or updated. Ôòæ
    Ôòæ Please run the following command to download new browsers:              Ôòæ
    Ôòæ                                                                         Ôòæ
    Ôòæ     npx playwright install                                              Ôòæ
    Ôòæ                                                                         Ôòæ
    Ôòæ <3 Playwright Team                                                      Ôòæ
    ÔòÜÔòÉÔòÉÔòÉÔòÉÔòÉÔòÉÔòÉÔòÉÔòÉÔòÉÔòÉÔòÉÔòÉÔòÉÔòÉÔòÉÔòÉÔòÉÔòÉÔòÉÔòÉÔòÉÔòÉÔòÉÔòÉÔòÉÔòÉÔòÉÔòÉÔòÉÔòÉÔòÉÔòÉÔòÉÔòÉÔòÉÔòÉÔòÉÔòÉÔòÉÔòÉÔòÉÔòÉÔòÉÔòÉÔòÉÔòÉÔòÉÔòÉÔòÉÔòÉÔòÉÔòÉÔòÉÔòÉÔòÉÔòÉÔòÉÔòÉÔòÉÔòÉÔòÉÔòÉÔòÉÔòÉÔòÉÔòÉÔòÉÔòÉÔòÉÔòÉÔòÉÔòÉÔòØ


[1A[2K  36) [chromium] ÔÇ║ src\tests\e2e\ai-verification.spec.ts:13:5 ÔÇ║ AI Verification ÔÇ║ debe testear IA/verificaci├│n 36 

    Error: browserType.launch: Executable doesn't exist at C:\Users\conej\AppData\Local\ms-playwright\chromium_headless_shell-1200\chrome-headless-shell-win64\chrome-headless-shell.exe
    ÔòöÔòÉÔòÉÔòÉÔòÉÔòÉÔòÉÔòÉÔòÉÔòÉÔòÉÔòÉÔòÉÔòÉÔòÉÔòÉÔòÉÔòÉÔòÉÔòÉÔòÉÔòÉÔòÉÔòÉÔòÉÔòÉÔòÉÔòÉÔòÉÔòÉÔòÉÔòÉÔòÉÔòÉÔòÉÔòÉÔòÉÔòÉÔòÉÔòÉÔòÉÔòÉÔòÉÔòÉÔòÉÔòÉÔòÉÔòÉÔòÉÔòÉÔòÉÔòÉÔòÉÔòÉÔòÉÔòÉÔòÉÔòÉÔòÉÔòÉÔòÉÔòÉÔòÉÔòÉÔòÉÔòÉÔòÉÔòÉÔòÉÔòÉÔòÉÔòÉÔòÉÔòÉÔòù
    Ôòæ Looks like Playwright Test or Playwright was just installed or updated. Ôòæ
    Ôòæ Please run the following command to download new browsers:              Ôòæ
    Ôòæ                                                                         Ôòæ
    Ôòæ     npx playwright install                                              Ôòæ
    Ôòæ                                                                         Ôòæ
    Ôòæ <3 Playwright Team                                                      Ôòæ
    ÔòÜÔòÉÔòÉÔòÉÔòÉÔòÉÔòÉÔòÉÔòÉÔòÉÔòÉÔòÉÔòÉÔòÉÔòÉÔòÉÔòÉÔòÉÔòÉÔòÉÔòÉÔòÉÔòÉÔòÉÔòÉÔòÉÔòÉÔòÉÔòÉÔòÉÔòÉÔòÉÔòÉÔòÉÔòÉÔòÉÔòÉÔòÉÔòÉÔòÉÔòÉÔòÉÔòÉÔòÉÔòÉÔòÉÔòÉÔòÉÔòÉÔòÉÔòÉÔòÉÔòÉÔòÉÔòÉÔòÉÔòÉÔòÉÔòÉÔòÉÔòÉÔòÉÔòÉÔòÉÔòÉÔòÉÔòÉÔòÉÔòÉÔòÉÔòÉÔòÉÔòÉÔòÉÔòØ


[1A[2K[37/580] [chromium] ÔÇ║ src\tests\e2e\ai-verification.spec.ts:13:5 ÔÇ║ AI Verification ÔÇ║ debe testear IA/verificaci├│n 40
[1A[2K[38/580] [chromium] ÔÇ║ src\tests\e2e\ai-verification.spec.ts:13:5 ÔÇ║ AI Verification ÔÇ║ debe testear IA/verificaci├│n 37
[1A[2K[39/580] [chromium] ÔÇ║ src\tests\e2e\ai-verification.spec.ts:13:5 ÔÇ║ AI Verification ÔÇ║ debe testear IA/verificaci├│n 39
[1A[2K[40/580] [chromium] ÔÇ║ src\tests\e2e\ai-verification.spec.ts:13:5 ÔÇ║ AI Verification ÔÇ║ debe testear IA/verificaci├│n 38
[1A[2K  37) [chromium] ÔÇ║ src\tests\e2e\ai-verification.spec.ts:13:5 ÔÇ║ AI Verification ÔÇ║ debe testear IA/verificaci├│n 40 

    Error: browserType.launch: Executable doesn't exist at C:\Users\conej\AppData\Local\ms-playwright\chromium_headless_shell-1200\chrome-headless-shell-win64\chrome-headless-shell.exe
    ÔòöÔòÉÔòÉÔòÉÔòÉÔòÉÔòÉÔòÉÔòÉÔòÉÔòÉÔòÉÔòÉÔòÉÔòÉÔòÉÔòÉÔòÉÔòÉÔòÉÔòÉÔòÉÔòÉÔòÉÔòÉÔòÉÔòÉÔòÉÔòÉÔòÉÔòÉÔòÉÔòÉÔòÉÔòÉÔòÉÔòÉÔòÉÔòÉÔòÉÔòÉÔòÉÔòÉÔòÉÔòÉÔòÉÔòÉÔòÉÔòÉÔòÉÔòÉÔòÉÔòÉÔòÉÔòÉÔòÉÔòÉÔòÉÔòÉÔòÉÔòÉÔòÉÔòÉÔòÉÔòÉÔòÉÔòÉÔòÉÔòÉÔòÉÔòÉÔòÉÔòÉÔòÉÔòù
    Ôòæ Looks like Playwright Test or Playwright was just installed or updated. Ôòæ
    Ôòæ Please run the following command to download new browsers:              Ôòæ
    Ôòæ                                                                         Ôòæ
    Ôòæ     npx playwright install                                              Ôòæ
    Ôòæ                                                                         Ôòæ
    Ôòæ <3 Playwright Team                                                      Ôòæ
    ÔòÜÔòÉÔòÉÔòÉÔòÉÔòÉÔòÉÔòÉÔòÉÔòÉÔòÉÔòÉÔòÉÔòÉÔòÉÔòÉÔòÉÔòÉÔòÉÔòÉÔòÉÔòÉÔòÉÔòÉÔòÉÔòÉÔòÉÔòÉÔòÉÔòÉÔòÉÔòÉÔòÉÔòÉÔòÉÔòÉÔòÉÔòÉÔòÉÔòÉÔòÉÔòÉÔòÉÔòÉÔòÉÔòÉÔòÉÔòÉÔòÉÔòÉÔòÉÔòÉÔòÉÔòÉÔòÉÔòÉÔòÉÔòÉÔòÉÔòÉÔòÉÔòÉÔòÉÔòÉÔòÉÔòÉÔòÉÔòÉÔòÉÔòÉÔòÉÔòÉÔòÉÔòÉÔòØ


[1A[2K  38) [chromium] ÔÇ║ src\tests\e2e\ai-verification.spec.ts:13:5 ÔÇ║ AI Verification ÔÇ║ debe testear IA/verificaci├│n 39 

    Error: browserType.launch: Executable doesn't exist at C:\Users\conej\AppData\Local\ms-playwright\chromium_headless_shell-1200\chrome-headless-shell-win64\chrome-headless-shell.exe
    ÔòöÔòÉÔòÉÔòÉÔòÉÔòÉÔòÉÔòÉÔòÉÔòÉÔòÉÔòÉÔòÉÔòÉÔòÉÔòÉÔòÉÔòÉÔòÉÔòÉÔòÉÔòÉÔòÉÔòÉÔòÉÔòÉÔòÉÔòÉÔòÉÔòÉÔòÉÔòÉÔòÉÔòÉÔòÉÔòÉÔòÉÔòÉÔòÉÔòÉÔòÉÔòÉÔòÉÔòÉÔòÉÔòÉÔòÉÔòÉÔòÉÔòÉÔòÉÔòÉÔòÉÔòÉÔòÉÔòÉÔòÉÔòÉÔòÉÔòÉÔòÉÔòÉÔòÉÔòÉÔòÉÔòÉÔòÉÔòÉÔòÉÔòÉÔòÉÔòÉÔòÉÔòÉÔòù
    Ôòæ Looks like Playwright Test or Playwright was just installed or updated. Ôòæ
    Ôòæ Please run the following command to download new browsers:              Ôòæ
    Ôòæ                                                                         Ôòæ
    Ôòæ     npx playwright install                                              Ôòæ
    Ôòæ                                                                         Ôòæ
    Ôòæ <3 Playwright Team                                                      Ôòæ
    ÔòÜÔòÉÔòÉÔòÉÔòÉÔòÉÔòÉÔòÉÔòÉÔòÉÔòÉÔòÉÔòÉÔòÉÔòÉÔòÉÔòÉÔòÉÔòÉÔòÉÔòÉÔòÉÔòÉÔòÉÔòÉÔòÉÔòÉÔòÉÔòÉÔòÉÔòÉÔòÉÔòÉÔòÉÔòÉÔòÉÔòÉÔòÉÔòÉÔòÉÔòÉÔòÉÔòÉÔòÉÔòÉÔòÉÔòÉÔòÉÔòÉÔòÉÔòÉÔòÉÔòÉÔòÉÔòÉÔòÉÔòÉÔòÉÔòÉÔòÉÔòÉÔòÉÔòÉÔòÉÔòÉÔòÉÔòÉÔòÉÔòÉÔòÉÔòÉÔòÉÔòÉÔòÉÔòØ


[1A[2K  39) [chromium] ÔÇ║ src\tests\e2e\ai-verification.spec.ts:13:5 ÔÇ║ AI Verification ÔÇ║ debe testear IA/verificaci├│n 37 

    Error: browserType.launch: Executable doesn't exist at C:\Users\conej\AppData\Local\ms-playwright\chromium_headless_shell-1200\chrome-headless-shell-win64\chrome-headless-shell.exe
    ÔòöÔòÉÔòÉÔòÉÔòÉÔòÉÔòÉÔòÉÔòÉÔòÉÔòÉÔòÉÔòÉÔòÉÔòÉÔòÉÔòÉÔòÉÔòÉÔòÉÔòÉÔòÉÔòÉÔòÉÔòÉÔòÉÔòÉÔòÉÔòÉÔòÉÔòÉÔòÉÔòÉÔòÉÔòÉÔòÉÔòÉÔòÉÔòÉÔòÉÔòÉÔòÉÔòÉÔòÉÔòÉÔòÉÔòÉÔòÉÔòÉÔòÉÔòÉÔòÉÔòÉÔòÉÔòÉÔòÉÔòÉÔòÉÔòÉÔòÉÔòÉÔòÉÔòÉÔòÉÔòÉÔòÉÔòÉÔòÉÔòÉÔòÉÔòÉÔòÉÔòÉÔòÉÔòù
    Ôòæ Looks like Playwright Test or Playwright was just installed or updated. Ôòæ
    Ôòæ Please run the following command to download new browsers:              Ôòæ
    Ôòæ                                                                         Ôòæ
    Ôòæ     npx playwright install                                              Ôòæ
    Ôòæ                                                                         Ôòæ
    Ôòæ <3 Playwright Team                                                      Ôòæ
    ÔòÜÔòÉÔòÉÔòÉÔòÉÔòÉÔòÉÔòÉÔòÉÔòÉÔòÉÔòÉÔòÉÔòÉÔòÉÔòÉÔòÉÔòÉÔòÉÔòÉÔòÉÔòÉÔòÉÔòÉÔòÉÔòÉÔòÉÔòÉÔòÉÔòÉÔòÉÔòÉÔòÉÔòÉÔòÉÔòÉÔòÉÔòÉÔòÉÔòÉÔòÉÔòÉÔòÉÔòÉÔòÉÔòÉÔòÉÔòÉÔòÉÔòÉÔòÉÔòÉÔòÉÔòÉÔòÉÔòÉÔòÉÔòÉÔòÉÔòÉÔòÉÔòÉÔòÉÔòÉÔòÉÔòÉÔòÉÔòÉÔòÉÔòÉÔòÉÔòÉÔòÉÔòÉÔòØ


[1A[2K  40) [chromium] ÔÇ║ src\tests\e2e\ai-verification.spec.ts:13:5 ÔÇ║ AI Verification ÔÇ║ debe testear IA/verificaci├│n 38 

    Error: browserType.launch: Executable doesn't exist at C:\Users\conej\AppData\Local\ms-playwright\chromium_headless_shell-1200\chrome-headless-shell-win64\chrome-headless-shell.exe
    ÔòöÔòÉÔòÉÔòÉÔòÉÔòÉÔòÉÔòÉÔòÉÔòÉÔòÉÔòÉÔòÉÔòÉÔòÉÔòÉÔòÉÔòÉÔòÉÔòÉÔòÉÔòÉÔòÉÔòÉÔòÉÔòÉÔòÉÔòÉÔòÉÔòÉÔòÉÔòÉÔòÉÔòÉÔòÉÔòÉÔòÉÔòÉÔòÉÔòÉÔòÉÔòÉÔòÉÔòÉÔòÉÔòÉÔòÉÔòÉÔòÉÔòÉÔòÉÔòÉÔòÉÔòÉÔòÉÔòÉÔòÉÔòÉÔòÉÔòÉÔòÉÔòÉÔòÉÔòÉÔòÉÔòÉÔòÉÔòÉÔòÉÔòÉÔòÉÔòÉÔòÉÔòÉÔòù
    Ôòæ Looks like Playwright Test or Playwright was just installed or updated. Ôòæ
    Ôòæ Please run the following command to download new browsers:              Ôòæ
    Ôòæ                                                                         Ôòæ
    Ôòæ     npx playwright install                                              Ôòæ
    Ôòæ                                                                         Ôòæ
    Ôòæ <3 Playwright Team                                                      Ôòæ
    ÔòÜÔòÉÔòÉÔòÉÔòÉÔòÉÔòÉÔòÉÔòÉÔòÉÔòÉÔòÉÔòÉÔòÉÔòÉÔòÉÔòÉÔòÉÔòÉÔòÉÔòÉÔòÉÔòÉÔòÉÔòÉÔòÉÔòÉÔòÉÔòÉÔòÉÔòÉÔòÉÔòÉÔòÉÔòÉÔòÉÔòÉÔòÉÔòÉÔòÉÔòÉÔòÉÔòÉÔòÉÔòÉÔòÉÔòÉÔòÉÔòÉÔòÉÔòÉÔòÉÔòÉÔòÉÔòÉÔòÉÔòÉÔòÉÔòÉÔòÉÔòÉÔòÉÔòÉÔòÉÔòÉÔòÉÔòÉÔòÉÔòÉÔòÉÔòÉÔòÉÔòÉÔòÉÔòØ


[1A[2K[41/580] [chromium] ÔÇ║ src\tests\e2e\ai-verification.spec.ts:13:5 ÔÇ║ AI Verification ÔÇ║ debe testear IA/verificaci├│n 41
[1A[2K  41) [chromium] ÔÇ║ src\tests\e2e\ai-verification.spec.ts:13:5 ÔÇ║ AI Verification ÔÇ║ debe testear IA/verificaci├│n 41 

    Error: browserType.launch: Executable doesn't exist at C:\Users\conej\AppData\Local\ms-playwright\chromium_headless_shell-1200\chrome-headless-shell-win64\chrome-headless-shell.exe
    ÔòöÔòÉÔòÉÔòÉÔòÉÔòÉÔòÉÔòÉÔòÉÔòÉÔòÉÔòÉÔòÉÔòÉÔòÉÔòÉÔòÉÔòÉÔòÉÔòÉÔòÉÔòÉÔòÉÔòÉÔòÉÔòÉÔòÉÔòÉÔòÉÔòÉÔòÉÔòÉÔòÉÔòÉÔòÉÔòÉÔòÉÔòÉÔòÉÔòÉÔòÉÔòÉÔòÉÔòÉÔòÉÔòÉÔòÉÔòÉÔòÉÔòÉÔòÉÔòÉÔòÉÔòÉÔòÉÔòÉÔòÉÔòÉÔòÉÔòÉÔòÉÔòÉÔòÉÔòÉÔòÉÔòÉÔòÉÔòÉÔòÉÔòÉÔòÉÔòÉÔòÉÔòÉÔòù
    Ôòæ Looks like Playwright Test or Playwright was just installed or updated. Ôòæ
    Ôòæ Please run the following command to download new browsers:              Ôòæ
    Ôòæ                                                                         Ôòæ
    Ôòæ     npx playwright install                                              Ôòæ
    Ôòæ                                                                         Ôòæ
    Ôòæ <3 Playwright Team                                                      Ôòæ
    ÔòÜÔòÉÔòÉÔòÉÔòÉÔòÉÔòÉÔòÉÔòÉÔòÉÔòÉÔòÉÔòÉÔòÉÔòÉÔòÉÔòÉÔòÉÔòÉÔòÉÔòÉÔòÉÔòÉÔòÉÔòÉÔòÉÔòÉÔòÉÔòÉÔòÉÔòÉÔòÉÔòÉÔòÉÔòÉÔòÉÔòÉÔòÉÔòÉÔòÉÔòÉÔòÉÔòÉÔòÉÔòÉÔòÉÔòÉÔòÉÔòÉÔòÉÔòÉÔòÉÔòÉÔòÉÔòÉÔòÉÔòÉÔòÉÔòÉÔòÉÔòÉÔòÉÔòÉÔòÉÔòÉÔòÉÔòÉÔòÉÔòÉÔòÉÔòÉÔòÉÔòÉÔòÉÔòØ


[1A[2K[42/580] [chromium] ÔÇ║ src\tests\e2e\ai-verification.spec.ts:13:5 ÔÇ║ AI Verification ÔÇ║ debe testear IA/verificaci├│n 42
[1A[2K  42) [chromium] ÔÇ║ src\tests\e2e\ai-verification.spec.ts:13:5 ÔÇ║ AI Verification ÔÇ║ debe testear IA/verificaci├│n 42 

    Error: browserType.launch: Executable doesn't exist at C:\Users\conej\AppData\Local\ms-playwright\chromium_headless_shell-1200\chrome-headless-shell-win64\chrome-headless-shell.exe
    ÔòöÔòÉÔòÉÔòÉÔòÉÔòÉÔòÉÔòÉÔòÉÔòÉÔòÉÔòÉÔòÉÔòÉÔòÉÔòÉÔòÉÔòÉÔòÉÔòÉÔòÉÔòÉÔòÉÔòÉÔòÉÔòÉÔòÉÔòÉÔòÉÔòÉÔòÉÔòÉÔòÉÔòÉÔòÉÔòÉÔòÉÔòÉÔòÉÔòÉÔòÉÔòÉÔòÉÔòÉÔòÉÔòÉÔòÉÔòÉÔòÉÔòÉÔòÉÔòÉÔòÉÔòÉÔòÉÔòÉÔòÉÔòÉÔòÉÔòÉÔòÉÔòÉÔòÉÔòÉÔòÉÔòÉÔòÉÔòÉÔòÉÔòÉÔòÉÔòÉÔòÉÔòÉÔòù
    Ôòæ Looks like Playwright Test or Playwright was just installed or updated. Ôòæ
    Ôòæ Please run the following command to download new browsers:              Ôòæ
    Ôòæ                                                                         Ôòæ
    Ôòæ     npx playwright install                                              Ôòæ
    Ôòæ                                                                         Ôòæ
    Ôòæ <3 Playwright Team                                                      Ôòæ
    ÔòÜÔòÉÔòÉÔòÉÔòÉÔòÉÔòÉÔòÉÔòÉÔòÉÔòÉÔòÉÔòÉÔòÉÔòÉÔòÉÔòÉÔòÉÔòÉÔòÉÔòÉÔòÉÔòÉÔòÉÔòÉÔòÉÔòÉÔòÉÔòÉÔòÉÔòÉÔòÉÔòÉÔòÉÔòÉÔòÉÔòÉÔòÉÔòÉÔòÉÔòÉÔòÉÔòÉÔòÉÔòÉÔòÉÔòÉÔòÉÔòÉÔòÉÔòÉÔòÉÔòÉÔòÉÔòÉÔòÉÔòÉÔòÉÔòÉÔòÉÔòÉÔòÉÔòÉÔòÉÔòÉÔòÉÔòÉÔòÉÔòÉÔòÉÔòÉÔòÉÔòÉÔòÉÔòØ


[1A[2K[43/580] [chromium] ÔÇ║ src\tests\e2e\auth.e2e.test.ts:17:3 ÔÇ║ Authentication E2E Tests ÔÇ║ should switch to register form
[1A[2K[44/580] [chromium] ÔÇ║ src\tests\e2e\auth.e2e.test.ts:9:3 ÔÇ║ Authentication E2E Tests ÔÇ║ should display login form by default
[1A[2K[45/580] [chromium] ÔÇ║ src\tests\e2e\auth.e2e.test.ts:37:3 ÔÇ║ Authentication E2E Tests ÔÇ║ should show error for invalid email format
[1A[2K[46/580] [chromium] ÔÇ║ src\tests\e2e\auth.e2e.test.ts:47:3 ÔÇ║ Authentication E2E Tests ÔÇ║ should attempt login with demo credentials
[1A[2K[47/580] [chromium] ÔÇ║ src\tests\e2e\auth.e2e.test.ts:28:3 ÔÇ║ Authentication E2E Tests ÔÇ║ should show validation errors for empty fields
[1A[2K[48/580] [chromium] ÔÇ║ src\tests\e2e\auth.e2e.test.ts:59:3 ÔÇ║ Authentication E2E Tests ÔÇ║ should complete registration flow
[1A[2K  43) [chromium] ÔÇ║ src\tests\e2e\auth.e2e.test.ts:17:3 ÔÇ║ Authentication E2E Tests ÔÇ║ should switch to register form 

    Error: browserType.launch: Executable doesn't exist at C:\Users\conej\AppData\Local\ms-playwright\chromium_headless_shell-1200\chrome-headless-shell-win64\chrome-headless-shell.exe
    ÔòöÔòÉÔòÉÔòÉÔòÉÔòÉÔòÉÔòÉÔòÉÔòÉÔòÉÔòÉÔòÉÔòÉÔòÉÔòÉÔòÉÔòÉÔòÉÔòÉÔòÉÔòÉÔòÉÔòÉÔòÉÔòÉÔòÉÔòÉÔòÉÔòÉÔòÉÔòÉÔòÉÔòÉÔòÉÔòÉÔòÉÔòÉÔòÉÔòÉÔòÉÔòÉÔòÉÔòÉÔòÉÔòÉÔòÉÔòÉÔòÉÔòÉÔòÉÔòÉÔòÉÔòÉÔòÉÔòÉÔòÉÔòÉÔòÉÔòÉÔòÉÔòÉÔòÉÔòÉÔòÉÔòÉÔòÉÔòÉÔòÉÔòÉÔòÉÔòÉÔòÉÔòÉÔòù
    Ôòæ Looks like Playwright Test or Playwright was just installed or updated. Ôòæ
    Ôòæ Please run the following command to download new browsers:              Ôòæ
    Ôòæ                                                                         Ôòæ
    Ôòæ     npx playwright install                                              Ôòæ
    Ôòæ                                                                         Ôòæ
    Ôòæ <3 Playwright Team                                                      Ôòæ
    ÔòÜÔòÉÔòÉÔòÉÔòÉÔòÉÔòÉÔòÉÔòÉÔòÉÔòÉÔòÉÔòÉÔòÉÔòÉÔòÉÔòÉÔòÉÔòÉÔòÉÔòÉÔòÉÔòÉÔòÉÔòÉÔòÉÔòÉÔòÉÔòÉÔòÉÔòÉÔòÉÔòÉÔòÉÔòÉÔòÉÔòÉÔòÉÔòÉÔòÉÔòÉÔòÉÔòÉÔòÉÔòÉÔòÉÔòÉÔòÉÔòÉÔòÉÔòÉÔòÉÔòÉÔòÉÔòÉÔòÉÔòÉÔòÉÔòÉÔòÉÔòÉÔòÉÔòÉÔòÉÔòÉÔòÉÔòÉÔòÉÔòÉÔòÉÔòÉÔòÉÔòÉÔòÉÔòØ


[1A[2K  44) [chromium] ÔÇ║ src\tests\e2e\auth.e2e.test.ts:9:3 ÔÇ║ Authentication E2E Tests ÔÇ║ should display login form by default 

    Error: browserType.launch: Executable doesn't exist at C:\Users\conej\AppData\Local\ms-playwright\chromium_headless_shell-1200\chrome-headless-shell-win64\chrome-headless-shell.exe
    ÔòöÔòÉÔòÉÔòÉÔòÉÔòÉÔòÉÔòÉÔòÉÔòÉÔòÉÔòÉÔòÉÔòÉÔòÉÔòÉÔòÉÔòÉÔòÉÔòÉÔòÉÔòÉÔòÉÔòÉÔòÉÔòÉÔòÉÔòÉÔòÉÔòÉÔòÉÔòÉÔòÉÔòÉÔòÉÔòÉÔòÉÔòÉÔòÉÔòÉÔòÉÔòÉÔòÉÔòÉÔòÉÔòÉÔòÉÔòÉÔòÉÔòÉÔòÉÔòÉÔòÉÔòÉÔòÉÔòÉÔòÉÔòÉÔòÉÔòÉÔòÉÔòÉÔòÉÔòÉÔòÉÔòÉÔòÉÔòÉÔòÉÔòÉÔòÉÔòÉÔòÉÔòÉÔòù
    Ôòæ Looks like Playwright Test or Playwright was just installed or updated. Ôòæ
    Ôòæ Please run the following command to download new browsers:              Ôòæ
    Ôòæ                                                                         Ôòæ
    Ôòæ     npx playwright install                                              Ôòæ
    Ôòæ                                                                         Ôòæ
    Ôòæ <3 Playwright Team                                                      Ôòæ
    ÔòÜÔòÉÔòÉÔòÉÔòÉÔòÉÔòÉÔòÉÔòÉÔòÉÔòÉÔòÉÔòÉÔòÉÔòÉÔòÉÔòÉÔòÉÔòÉÔòÉÔòÉÔòÉÔòÉÔòÉÔòÉÔòÉÔòÉÔòÉÔòÉÔòÉÔòÉÔòÉÔòÉÔòÉÔòÉÔòÉÔòÉÔòÉÔòÉÔòÉÔòÉÔòÉÔòÉÔòÉÔòÉÔòÉÔòÉÔòÉÔòÉÔòÉÔòÉÔòÉÔòÉÔòÉÔòÉÔòÉÔòÉÔòÉÔòÉÔòÉÔòÉÔòÉÔòÉÔòÉÔòÉÔòÉÔòÉÔòÉÔòÉÔòÉÔòÉÔòÉÔòÉÔòÉÔòØ


[1A[2K  45) [chromium] ÔÇ║ src\tests\e2e\auth.e2e.test.ts:37:3 ÔÇ║ Authentication E2E Tests ÔÇ║ should show error for invalid email format 

    Error: browserType.launch: Executable doesn't exist at C:\Users\conej\AppData\Local\ms-playwright\chromium_headless_shell-1200\chrome-headless-shell-win64\chrome-headless-shell.exe
    ÔòöÔòÉÔòÉÔòÉÔòÉÔòÉÔòÉÔòÉÔòÉÔòÉÔòÉÔòÉÔòÉÔòÉÔòÉÔòÉÔòÉÔòÉÔòÉÔòÉÔòÉÔòÉÔòÉÔòÉÔòÉÔòÉÔòÉÔòÉÔòÉÔòÉÔòÉÔòÉÔòÉÔòÉÔòÉÔòÉÔòÉÔòÉÔòÉÔòÉÔòÉÔòÉÔòÉÔòÉÔòÉÔòÉÔòÉÔòÉÔòÉÔòÉÔòÉÔòÉÔòÉÔòÉÔòÉÔòÉÔòÉÔòÉÔòÉÔòÉÔòÉÔòÉÔòÉÔòÉÔòÉÔòÉÔòÉÔòÉÔòÉÔòÉÔòÉÔòÉÔòÉÔòÉÔòù
    Ôòæ Looks like Playwright Test or Playwright was just installed or updated. Ôòæ
    Ôòæ Please run the following command to download new browsers:              Ôòæ
    Ôòæ                                                                         Ôòæ
    Ôòæ     npx playwright install                                              Ôòæ
    Ôòæ                                                                         Ôòæ
    Ôòæ <3 Playwright Team                                                      Ôòæ
    ÔòÜÔòÉÔòÉÔòÉÔòÉÔòÉÔòÉÔòÉÔòÉÔòÉÔòÉÔòÉÔòÉÔòÉÔòÉÔòÉÔòÉÔòÉÔòÉÔòÉÔòÉÔòÉÔòÉÔòÉÔòÉÔòÉÔòÉÔòÉÔòÉÔòÉÔòÉÔòÉÔòÉÔòÉÔòÉÔòÉÔòÉÔòÉÔòÉÔòÉÔòÉÔòÉÔòÉÔòÉÔòÉÔòÉÔòÉÔòÉÔòÉÔòÉÔòÉÔòÉÔòÉÔòÉÔòÉÔòÉÔòÉÔòÉÔòÉÔòÉÔòÉÔòÉÔòÉÔòÉÔòÉÔòÉÔòÉÔòÉÔòÉÔòÉÔòÉÔòÉÔòÉÔòÉÔòØ


[1A[2K  46) [chromium] ÔÇ║ src\tests\e2e\auth.e2e.test.ts:47:3 ÔÇ║ Authentication E2E Tests ÔÇ║ should attempt login with demo credentials 

    Error: browserType.launch: Executable doesn't exist at C:\Users\conej\AppData\Local\ms-playwright\chromium_headless_shell-1200\chrome-headless-shell-win64\chrome-headless-shell.exe
    ÔòöÔòÉÔòÉÔòÉÔòÉÔòÉÔòÉÔòÉÔòÉÔòÉÔòÉÔòÉÔòÉÔòÉÔòÉÔòÉÔòÉÔòÉÔòÉÔòÉÔòÉÔòÉÔòÉÔòÉÔòÉÔòÉÔòÉÔòÉÔòÉÔòÉÔòÉÔòÉÔòÉÔòÉÔòÉÔòÉÔòÉÔòÉÔòÉÔòÉÔòÉÔòÉÔòÉÔòÉÔòÉÔòÉÔòÉÔòÉÔòÉÔòÉÔòÉÔòÉÔòÉÔòÉÔòÉÔòÉÔòÉÔòÉÔòÉÔòÉÔòÉÔòÉÔòÉÔòÉÔòÉÔòÉÔòÉÔòÉÔòÉÔòÉÔòÉÔòÉÔòÉÔòÉÔòù
    Ôòæ Looks like Playwright Test or Playwright was just installed or updated. Ôòæ
    Ôòæ Please run the following command to download new browsers:              Ôòæ
    Ôòæ                                                                         Ôòæ
    Ôòæ     npx playwright install                                              Ôòæ
    Ôòæ                                                                         Ôòæ
    Ôòæ <3 Playwright Team                                                      Ôòæ
    ÔòÜÔòÉÔòÉÔòÉÔòÉÔòÉÔòÉÔòÉÔòÉÔòÉÔòÉÔòÉÔòÉÔòÉÔòÉÔòÉÔòÉÔòÉÔòÉÔòÉÔòÉÔòÉÔòÉÔòÉÔòÉÔòÉÔòÉÔòÉÔòÉÔòÉÔòÉÔòÉÔòÉÔòÉÔòÉÔòÉÔòÉÔòÉÔòÉÔòÉÔòÉÔòÉÔòÉÔòÉÔòÉÔòÉÔòÉÔòÉÔòÉÔòÉÔòÉÔòÉÔòÉÔòÉÔòÉÔòÉÔòÉÔòÉÔòÉÔòÉÔòÉÔòÉÔòÉÔòÉÔòÉÔòÉÔòÉÔòÉÔòÉÔòÉÔòÉÔòÉÔòÉÔòÉÔòØ


[1A[2K  47) [chromium] ÔÇ║ src\tests\e2e\auth.e2e.test.ts:59:3 ÔÇ║ Authentication E2E Tests ÔÇ║ should complete registration flow 

    Error: browserType.launch: Executable doesn't exist at C:\Users\conej\AppData\Local\ms-playwright\chromium_headless_shell-1200\chrome-headless-shell-win64\chrome-headless-shell.exe
    ÔòöÔòÉÔòÉÔòÉÔòÉÔòÉÔòÉÔòÉÔòÉÔòÉÔòÉÔòÉÔòÉÔòÉÔòÉÔòÉÔòÉÔòÉÔòÉÔòÉÔòÉÔòÉÔòÉÔòÉÔòÉÔòÉÔòÉÔòÉÔòÉÔòÉÔòÉÔòÉÔòÉÔòÉÔòÉÔòÉÔòÉÔòÉÔòÉÔòÉÔòÉÔòÉÔòÉÔòÉÔòÉÔòÉÔòÉÔòÉÔòÉÔòÉÔòÉÔòÉÔòÉÔòÉÔòÉÔòÉÔòÉÔòÉÔòÉÔòÉÔòÉÔòÉÔòÉÔòÉÔòÉÔòÉÔòÉÔòÉÔòÉÔòÉÔòÉÔòÉÔòÉÔòÉÔòù
    Ôòæ Looks like Playwright Test or Playwright was just installed or updated. Ôòæ
    Ôòæ Please run the following command to download new browsers:              Ôòæ
    Ôòæ                                                                         Ôòæ
    Ôòæ     npx playwright install                                              Ôòæ
    Ôòæ                                                                         Ôòæ
    Ôòæ <3 Playwright Team                                                      Ôòæ
    ÔòÜÔòÉÔòÉÔòÉÔòÉÔòÉÔòÉÔòÉÔòÉÔòÉÔòÉÔòÉÔòÉÔòÉÔòÉÔòÉÔòÉÔòÉÔòÉÔòÉÔòÉÔòÉÔòÉÔòÉÔòÉÔòÉÔòÉÔòÉÔòÉÔòÉÔòÉÔòÉÔòÉÔòÉÔòÉÔòÉÔòÉÔòÉÔòÉÔòÉÔòÉÔòÉÔòÉÔòÉÔòÉÔòÉÔòÉÔòÉÔòÉÔòÉÔòÉÔòÉÔòÉÔòÉÔòÉÔòÉÔòÉÔòÉÔòÉÔòÉÔòÉÔòÉÔòÉÔòÉÔòÉÔòÉÔòÉÔòÉÔòÉÔòÉÔòÉÔòÉÔòÉÔòÉÔòØ


[1A[2K  48) [chromium] ÔÇ║ src\tests\e2e\auth.e2e.test.ts:28:3 ÔÇ║ Authentication E2E Tests ÔÇ║ should show validation errors for empty fields 

    Error: browserType.launch: Executable doesn't exist at C:\Users\conej\AppData\Local\ms-playwright\chromium_headless_shell-1200\chrome-headless-shell-win64\chrome-headless-shell.exe
    ÔòöÔòÉÔòÉÔòÉÔòÉÔòÉÔòÉÔòÉÔòÉÔòÉÔòÉÔòÉÔòÉÔòÉÔòÉÔòÉÔòÉÔòÉÔòÉÔòÉÔòÉÔòÉÔòÉÔòÉÔòÉÔòÉÔòÉÔòÉÔòÉÔòÉÔòÉÔòÉÔòÉÔòÉÔòÉÔòÉÔòÉÔòÉÔòÉÔòÉÔòÉÔòÉÔòÉÔòÉÔòÉÔòÉÔòÉÔòÉÔòÉÔòÉÔòÉÔòÉÔòÉÔòÉÔòÉÔòÉÔòÉÔòÉÔòÉÔòÉÔòÉÔòÉÔòÉÔòÉÔòÉÔòÉÔòÉÔòÉÔòÉÔòÉÔòÉÔòÉÔòÉÔòÉÔòù
    Ôòæ Looks like Playwright Test or Playwright was just installed or updated. Ôòæ
    Ôòæ Please run the following command to download new browsers:              Ôòæ
    Ôòæ                                                                         Ôòæ
    Ôòæ     npx playwright install                                              Ôòæ
    Ôòæ                                                                         Ôòæ
    Ôòæ <3 Playwright Team                                                      Ôòæ
    ÔòÜÔòÉÔòÉÔòÉÔòÉÔòÉÔòÉÔòÉÔòÉÔòÉÔòÉÔòÉÔòÉÔòÉÔòÉÔòÉÔòÉÔòÉÔòÉÔòÉÔòÉÔòÉÔòÉÔòÉÔòÉÔòÉÔòÉÔòÉÔòÉÔòÉÔòÉÔòÉÔòÉÔòÉÔòÉÔòÉÔòÉÔòÉÔòÉÔòÉÔòÉÔòÉÔòÉÔòÉÔòÉÔòÉÔòÉÔòÉÔòÉÔòÉÔòÉÔòÉÔòÉÔòÉÔòÉÔòÉÔòÉÔòÉÔòÉÔòÉÔòÉÔòÉÔòÉÔòÉÔòÉÔòÉÔòÉÔòÉÔòÉÔòÉÔòÉÔòÉÔòÉÔòÉÔòØ


[1A[2K[49/580] [chromium] ÔÇ║ src\tests\e2e\auth.e2e.test.ts:77:3 ÔÇ║ Authentication E2E Tests ÔÇ║ should handle hCaptcha widget
[1A[2K  49) [chromium] ÔÇ║ src\tests\e2e\auth.e2e.test.ts:77:3 ÔÇ║ Authentication E2E Tests ÔÇ║ should handle hCaptcha widget 

    Error: browserType.launch: Executable doesn't exist at C:\Users\conej\AppData\Local\ms-playwright\chromium_headless_shell-1200\chrome-headless-shell-win64\chrome-headless-shell.exe
    ÔòöÔòÉÔòÉÔòÉÔòÉÔòÉÔòÉÔòÉÔòÉÔòÉÔòÉÔòÉÔòÉÔòÉÔòÉÔòÉÔòÉÔòÉÔòÉÔòÉÔòÉÔòÉÔòÉÔòÉÔòÉÔòÉÔòÉÔòÉÔòÉÔòÉÔòÉÔòÉÔòÉÔòÉÔòÉÔòÉÔòÉÔòÉÔòÉÔòÉÔòÉÔòÉÔòÉÔòÉÔòÉÔòÉÔòÉÔòÉÔòÉÔòÉÔòÉÔòÉÔòÉÔòÉÔòÉÔòÉÔòÉÔòÉÔòÉÔòÉÔòÉÔòÉÔòÉÔòÉÔòÉÔòÉÔòÉÔòÉÔòÉÔòÉÔòÉÔòÉÔòÉÔòÉÔòù
    Ôòæ Looks like Playwright Test or Playwright was just installed or updated. Ôòæ
    Ôòæ Please run the following command to download new browsers:              Ôòæ
    Ôòæ                                                                         Ôòæ
    Ôòæ     npx playwright install                                              Ôòæ
    Ôòæ                                                                         Ôòæ
    Ôòæ <3 Playwright Team                                                      Ôòæ
    ÔòÜÔòÉÔòÉÔòÉÔòÉÔòÉÔòÉÔòÉÔòÉÔòÉÔòÉÔòÉÔòÉÔòÉÔòÉÔòÉÔòÉÔòÉÔòÉÔòÉÔòÉÔòÉÔòÉÔòÉÔòÉÔòÉÔòÉÔòÉÔòÉÔòÉÔòÉÔòÉÔòÉÔòÉÔòÉÔòÉÔòÉÔòÉÔòÉÔòÉÔòÉÔòÉÔòÉÔòÉÔòÉÔòÉÔòÉÔòÉÔòÉÔòÉÔòÉÔòÉÔòÉÔòÉÔòÉÔòÉÔòÉÔòÉÔòÉÔòÉÔòÉÔòÉÔòÉÔòÉÔòÉÔòÉÔòÉÔòÉÔòÉÔòÉÔòÉÔòÉÔòÉÔòÉÔòØ


[1A[2K[50/580] [chromium] ÔÇ║ src\tests\e2e\auth.e2e.test.ts:86:3 ÔÇ║ Authentication E2E Tests ÔÇ║ should redirect after successful login
[1A[2K  50) [chromium] ÔÇ║ src\tests\e2e\auth.e2e.test.ts:86:3 ÔÇ║ Authentication E2E Tests ÔÇ║ should redirect after successful login 

    Error: browserType.launch: Executable doesn't exist at C:\Users\conej\AppData\Local\ms-playwright\chromium_headless_shell-1200\chrome-headless-shell-win64\chrome-headless-shell.exe
    ÔòöÔòÉÔòÉÔòÉÔòÉÔòÉÔòÉÔòÉÔòÉÔòÉÔòÉÔòÉÔòÉÔòÉÔòÉÔòÉÔòÉÔòÉÔòÉÔòÉÔòÉÔòÉÔòÉÔòÉÔòÉÔòÉÔòÉÔòÉÔòÉÔòÉÔòÉÔòÉÔòÉÔòÉÔòÉÔòÉÔòÉÔòÉÔòÉÔòÉÔòÉÔòÉÔòÉÔòÉÔòÉÔòÉÔòÉÔòÉÔòÉÔòÉÔòÉÔòÉÔòÉÔòÉÔòÉÔòÉÔòÉÔòÉÔòÉÔòÉÔòÉÔòÉÔòÉÔòÉÔòÉÔòÉÔòÉÔòÉÔòÉÔòÉÔòÉÔòÉÔòÉÔòÉÔòù
    Ôòæ Looks like Playwright Test or Playwright was just installed or updated. Ôòæ
    Ôòæ Please run the following command to download new browsers:              Ôòæ
    Ôòæ                                                                         Ôòæ
    Ôòæ     npx playwright install                                              Ôòæ
    Ôòæ                                                                         Ôòæ
    Ôòæ <3 Playwright Team                                                      Ôòæ
    ÔòÜÔòÉÔòÉÔòÉÔòÉÔòÉÔòÉÔòÉÔòÉÔòÉÔòÉÔòÉÔòÉÔòÉÔòÉÔòÉÔòÉÔòÉÔòÉÔòÉÔòÉÔòÉÔòÉÔòÉÔòÉÔòÉÔòÉÔòÉÔòÉÔòÉÔòÉÔòÉÔòÉÔòÉÔòÉÔòÉÔòÉÔòÉÔòÉÔòÉÔòÉÔòÉÔòÉÔòÉÔòÉÔòÉÔòÉÔòÉÔòÉÔòÉÔòÉÔòÉÔòÉÔòÉÔòÉÔòÉÔòÉÔòÉÔòÉÔòÉÔòÉÔòÉÔòÉÔòÉÔòÉÔòÉÔòÉÔòÉÔòÉÔòÉÔòÉÔòÉÔòÉÔòÉÔòØ


[1A[2K[51/580] [chromium] ÔÇ║ src\tests\e2e\auth.e2e.test.ts:108:3 ÔÇ║ Authentication E2E Tests ÔÇ║ should handle network errors gracefully
[1A[2K[52/580] [chromium] ÔÇ║ src\tests\e2e\chat-realtime.spec.ts:39:3 ÔÇ║ Chat - Crear y Abrir Conversaciones ÔÇ║ debe poder crear nuevo chat con usuario
[1A[2K  51) [chromium] ÔÇ║ src\tests\e2e\auth.e2e.test.ts:108:3 ÔÇ║ Authentication E2E Tests ÔÇ║ should handle network errors gracefully 

    Error: browserType.launch: Executable doesn't exist at C:\Users\conej\AppData\Local\ms-playwright\chromium_headless_shell-1200\chrome-headless-shell-win64\chrome-headless-shell.exe
    ÔòöÔòÉÔòÉÔòÉÔòÉÔòÉÔòÉÔòÉÔòÉÔòÉÔòÉÔòÉÔòÉÔòÉÔòÉÔòÉÔòÉÔòÉÔòÉÔòÉÔòÉÔòÉÔòÉÔòÉÔòÉÔòÉÔòÉÔòÉÔòÉÔòÉÔòÉÔòÉÔòÉÔòÉÔòÉÔòÉÔòÉÔòÉÔòÉÔòÉÔòÉÔòÉÔòÉÔòÉÔòÉÔòÉÔòÉÔòÉÔòÉÔòÉÔòÉÔòÉÔòÉÔòÉÔòÉÔòÉÔòÉÔòÉÔòÉÔòÉÔòÉÔòÉÔòÉÔòÉÔòÉÔòÉÔòÉÔòÉÔòÉÔòÉÔòÉÔòÉÔòÉÔòÉÔòù
    Ôòæ Looks like Playwright Test or Playwright was just installed or updated. Ôòæ
    Ôòæ Please run the following command to download new browsers:              Ôòæ
    Ôòæ                                                                         Ôòæ
    Ôòæ     npx playwright install                                              Ôòæ
    Ôòæ                                                                         Ôòæ
    Ôòæ <3 Playwright Team                                                      Ôòæ
    ÔòÜÔòÉÔòÉÔòÉÔòÉÔòÉÔòÉÔòÉÔòÉÔòÉÔòÉÔòÉÔòÉÔòÉÔòÉÔòÉÔòÉÔòÉÔòÉÔòÉÔòÉÔòÉÔòÉÔòÉÔòÉÔòÉÔòÉÔòÉÔòÉÔòÉÔòÉÔòÉÔòÉÔòÉÔòÉÔòÉÔòÉÔòÉÔòÉÔòÉÔòÉÔòÉÔòÉÔòÉÔòÉÔòÉÔòÉÔòÉÔòÉÔòÉÔòÉÔòÉÔòÉÔòÉÔòÉÔòÉÔòÉÔòÉÔòÉÔòÉÔòÉÔòÉÔòÉÔòÉÔòÉÔòÉÔòÉÔòÉÔòÉÔòÉÔòÉÔòÉÔòÉÔòÉÔòØ


[1A[2K[53/580] [chromium] ÔÇ║ src\tests\e2e\chat-realtime.spec.ts:27:3 ÔÇ║ Chat - Crear y Abrir Conversaciones ÔÇ║ debe mostrar lista de chats
[1A[2K[54/580] [chromium] ÔÇ║ src\tests\e2e\chat-realtime.spec.ts:58:3 ÔÇ║ Chat - Crear y Abrir Conversaciones ÔÇ║ debe abrir chat existente al hacer click
[1A[2K[55/580] [chromium] ÔÇ║ src\tests\e2e\chat-realtime.spec.ts:93:3 ÔÇ║ Chat - Enviar y Recibir Mensajes de Texto ÔÇ║ debe poder escribir mensaje en el input
[1A[2K  52) [chromium] ÔÇ║ src\tests\e2e\chat-realtime.spec.ts:39:3 ÔÇ║ Chat - Crear y Abrir Conversaciones ÔÇ║ debe poder crear nuevo chat con usuario 

    Error: browserType.launch: Executable doesn't exist at C:\Users\conej\AppData\Local\ms-playwright\chromium_headless_shell-1200\chrome-headless-shell-win64\chrome-headless-shell.exe
    ÔòöÔòÉÔòÉÔòÉÔòÉÔòÉÔòÉÔòÉÔòÉÔòÉÔòÉÔòÉÔòÉÔòÉÔòÉÔòÉÔòÉÔòÉÔòÉÔòÉÔòÉÔòÉÔòÉÔòÉÔòÉÔòÉÔòÉÔòÉÔòÉÔòÉÔòÉÔòÉÔòÉÔòÉÔòÉÔòÉÔòÉÔòÉÔòÉÔòÉÔòÉÔòÉÔòÉÔòÉÔòÉÔòÉÔòÉÔòÉÔòÉÔòÉÔòÉÔòÉÔòÉÔòÉÔòÉÔòÉÔòÉÔòÉÔòÉÔòÉÔòÉÔòÉÔòÉÔòÉÔòÉÔòÉÔòÉÔòÉÔòÉÔòÉÔòÉÔòÉÔòÉÔòÉÔòù
    Ôòæ Looks like Playwright Test or Playwright was just installed or updated. Ôòæ
    Ôòæ Please run the following command to download new browsers:              Ôòæ
    Ôòæ                                                                         Ôòæ
    Ôòæ     npx playwright install                                              Ôòæ
    Ôòæ                                                                         Ôòæ
    Ôòæ <3 Playwright Team                                                      Ôòæ
    ÔòÜÔòÉÔòÉÔòÉÔòÉÔòÉÔòÉÔòÉÔòÉÔòÉÔòÉÔòÉÔòÉÔòÉÔòÉÔòÉÔòÉÔòÉÔòÉÔòÉÔòÉÔòÉÔòÉÔòÉÔòÉÔòÉÔòÉÔòÉÔòÉÔòÉÔòÉÔòÉÔòÉÔòÉÔòÉÔòÉÔòÉÔòÉÔòÉÔòÉÔòÉÔòÉÔòÉÔòÉÔòÉÔòÉÔòÉÔòÉÔòÉÔòÉÔòÉÔòÉÔòÉÔòÉÔòÉÔòÉÔòÉÔòÉÔòÉÔòÉÔòÉÔòÉÔòÉÔòÉÔòÉÔòÉÔòÉÔòÉÔòÉÔòÉÔòÉÔòÉÔòÉÔòÉÔòØ


[1A[2K[56/580] [chromium] ÔÇ║ src\tests\e2e\chat-realtime.spec.ts:105:3 ÔÇ║ Chat - Enviar y Recibir Mensajes de Texto ÔÇ║ debe enviar mensaje al presionar Enter o bot├│n enviar
[1A[2K  53) [chromium] ÔÇ║ src\tests\e2e\chat-realtime.spec.ts:27:3 ÔÇ║ Chat - Crear y Abrir Conversaciones ÔÇ║ debe mostrar lista de chats 

    Error: browserType.launch: Executable doesn't exist at C:\Users\conej\AppData\Local\ms-playwright\chromium_headless_shell-1200\chrome-headless-shell-win64\chrome-headless-shell.exe
    ÔòöÔòÉÔòÉÔòÉÔòÉÔòÉÔòÉÔòÉÔòÉÔòÉÔòÉÔòÉÔòÉÔòÉÔòÉÔòÉÔòÉÔòÉÔòÉÔòÉÔòÉÔòÉÔòÉÔòÉÔòÉÔòÉÔòÉÔòÉÔòÉÔòÉÔòÉÔòÉÔòÉÔòÉÔòÉÔòÉÔòÉÔòÉÔòÉÔòÉÔòÉÔòÉÔòÉÔòÉÔòÉÔòÉÔòÉÔòÉÔòÉÔòÉÔòÉÔòÉÔòÉÔòÉÔòÉÔòÉÔòÉÔòÉÔòÉÔòÉÔòÉÔòÉÔòÉÔòÉÔòÉÔòÉÔòÉÔòÉÔòÉÔòÉÔòÉÔòÉÔòÉÔòÉÔòù
    Ôòæ Looks like Playwright Test or Playwright was just installed or updated. Ôòæ
    Ôòæ Please run the following command to download new browsers:              Ôòæ
    Ôòæ                                                                         Ôòæ
    Ôòæ     npx playwright install                                              Ôòæ
    Ôòæ                                                                         Ôòæ
    Ôòæ <3 Playwright Team                                                      Ôòæ
    ÔòÜÔòÉÔòÉÔòÉÔòÉÔòÉÔòÉÔòÉÔòÉÔòÉÔòÉÔòÉÔòÉÔòÉÔòÉÔòÉÔòÉÔòÉÔòÉÔòÉÔòÉÔòÉÔòÉÔòÉÔòÉÔòÉÔòÉÔòÉÔòÉÔòÉÔòÉÔòÉÔòÉÔòÉÔòÉÔòÉÔòÉÔòÉÔòÉÔòÉÔòÉÔòÉÔòÉÔòÉÔòÉÔòÉÔòÉÔòÉÔòÉÔòÉÔòÉÔòÉÔòÉÔòÉÔòÉÔòÉÔòÉÔòÉÔòÉÔòÉÔòÉÔòÉÔòÉÔòÉÔòÉÔòÉÔòÉÔòÉÔòÉÔòÉÔòÉÔòÉÔòÉÔòÉÔòØ


[1A[2K  54) [chromium] ÔÇ║ src\tests\e2e\chat-realtime.spec.ts:93:3 ÔÇ║ Chat - Enviar y Recibir Mensajes de Texto ÔÇ║ debe poder escribir mensaje en el input 

    Error: browserType.launch: Executable doesn't exist at C:\Users\conej\AppData\Local\ms-playwright\chromium_headless_shell-1200\chrome-headless-shell-win64\chrome-headless-shell.exe
    ÔòöÔòÉÔòÉÔòÉÔòÉÔòÉÔòÉÔòÉÔòÉÔòÉÔòÉÔòÉÔòÉÔòÉÔòÉÔòÉÔòÉÔòÉÔòÉÔòÉÔòÉÔòÉÔòÉÔòÉÔòÉÔòÉÔòÉÔòÉÔòÉÔòÉÔòÉÔòÉÔòÉÔòÉÔòÉÔòÉÔòÉÔòÉÔòÉÔòÉÔòÉÔòÉÔòÉÔòÉÔòÉÔòÉÔòÉÔòÉÔòÉÔòÉÔòÉÔòÉÔòÉÔòÉÔòÉÔòÉÔòÉÔòÉÔòÉÔòÉÔòÉÔòÉÔòÉÔòÉÔòÉÔòÉÔòÉÔòÉÔòÉÔòÉÔòÉÔòÉÔòÉÔòÉÔòù
    Ôòæ Looks like Playwright Test or Playwright was just installed or updated. Ôòæ
    Ôòæ Please run the following command to download new browsers:              Ôòæ
    Ôòæ                                                                         Ôòæ
    Ôòæ     npx playwright install                                              Ôòæ
    Ôòæ                                                                         Ôòæ
    Ôòæ <3 Playwright Team                                                      Ôòæ
    ÔòÜÔòÉÔòÉÔòÉÔòÉÔòÉÔòÉÔòÉÔòÉÔòÉÔòÉÔòÉÔòÉÔòÉÔòÉÔòÉÔòÉÔòÉÔòÉÔòÉÔòÉÔòÉÔòÉÔòÉÔòÉÔòÉÔòÉÔòÉÔòÉÔòÉÔòÉÔòÉÔòÉÔòÉÔòÉÔòÉÔòÉÔòÉÔòÉÔòÉÔòÉÔòÉÔòÉÔòÉÔòÉÔòÉÔòÉÔòÉÔòÉÔòÉÔòÉÔòÉÔòÉÔòÉÔòÉÔòÉÔòÉÔòÉÔòÉÔòÉÔòÉÔòÉÔòÉÔòÉÔòÉÔòÉÔòÉÔòÉÔòÉÔòÉÔòÉÔòÉÔòÉÔòÉÔòØ


[1A[2K  55) [chromium] ÔÇ║ src\tests\e2e\chat-realtime.spec.ts:58:3 ÔÇ║ Chat - Crear y Abrir Conversaciones ÔÇ║ debe abrir chat existente al hacer click 

    Error: browserType.launch: Executable doesn't exist at C:\Users\conej\AppData\Local\ms-playwright\chromium_headless_shell-1200\chrome-headless-shell-win64\chrome-headless-shell.exe
    ÔòöÔòÉÔòÉÔòÉÔòÉÔòÉÔòÉÔòÉÔòÉÔòÉÔòÉÔòÉÔòÉÔòÉÔòÉÔòÉÔòÉÔòÉÔòÉÔòÉÔòÉÔòÉÔòÉÔòÉÔòÉÔòÉÔòÉÔòÉÔòÉÔòÉÔòÉÔòÉÔòÉÔòÉÔòÉÔòÉÔòÉÔòÉÔòÉÔòÉÔòÉÔòÉÔòÉÔòÉÔòÉÔòÉÔòÉÔòÉÔòÉÔòÉÔòÉÔòÉÔòÉÔòÉÔòÉÔòÉÔòÉÔòÉÔòÉÔòÉÔòÉÔòÉÔòÉÔòÉÔòÉÔòÉÔòÉÔòÉÔòÉÔòÉÔòÉÔòÉÔòÉÔòÉÔòù
    Ôòæ Looks like Playwright Test or Playwright was just installed or updated. Ôòæ
    Ôòæ Please run the following command to download new browsers:              Ôòæ
    Ôòæ                                                                         Ôòæ
    Ôòæ     npx playwright install                                              Ôòæ
    Ôòæ                                                                         Ôòæ
    Ôòæ <3 Playwright Team                                                      Ôòæ
    ÔòÜÔòÉÔòÉÔòÉÔòÉÔòÉÔòÉÔòÉÔòÉÔòÉÔòÉÔòÉÔòÉÔòÉÔòÉÔòÉÔòÉÔòÉÔòÉÔòÉÔòÉÔòÉÔòÉÔòÉÔòÉÔòÉÔòÉÔòÉÔòÉÔòÉÔòÉÔòÉÔòÉÔòÉÔòÉÔòÉÔòÉÔòÉÔòÉÔòÉÔòÉÔòÉÔòÉÔòÉÔòÉÔòÉÔòÉÔòÉÔòÉÔòÉÔòÉÔòÉÔòÉÔòÉÔòÉÔòÉÔòÉÔòÉÔòÉÔòÉÔòÉÔòÉÔòÉÔòÉÔòÉÔòÉÔòÉÔòÉÔòÉÔòÉÔòÉÔòÉÔòÉÔòÉÔòØ


[1A[2K  56) [chromium] ÔÇ║ src\tests\e2e\chat-realtime.spec.ts:105:3 ÔÇ║ Chat - Enviar y Recibir Mensajes de Texto ÔÇ║ debe enviar mensaje al presionar Enter o bot├│n enviar 

    Error: browserType.launch: Executable doesn't exist at C:\Users\conej\AppData\Local\ms-playwright\chromium_headless_shell-1200\chrome-headless-shell-win64\chrome-headless-shell.exe
    ÔòöÔòÉÔòÉÔòÉÔòÉÔòÉÔòÉÔòÉÔòÉÔòÉÔòÉÔòÉÔòÉÔòÉÔòÉÔòÉÔòÉÔòÉÔòÉÔòÉÔòÉÔòÉÔòÉÔòÉÔòÉÔòÉÔòÉÔòÉÔòÉÔòÉÔòÉÔòÉÔòÉÔòÉÔòÉÔòÉÔòÉÔòÉÔòÉÔòÉÔòÉÔòÉÔòÉÔòÉÔòÉÔòÉÔòÉÔòÉÔòÉÔòÉÔòÉÔòÉÔòÉÔòÉÔòÉÔòÉÔòÉÔòÉÔòÉÔòÉÔòÉÔòÉÔòÉÔòÉÔòÉÔòÉÔòÉÔòÉÔòÉÔòÉÔòÉÔòÉÔòÉÔòÉÔòù
    Ôòæ Looks like Playwright Test or Playwright was just installed or updated. Ôòæ
    Ôòæ Please run the following command to download new browsers:              Ôòæ
    Ôòæ                                                                         Ôòæ
    Ôòæ     npx playwright install                                              Ôòæ
    Ôòæ                                                                         Ôòæ
    Ôòæ <3 Playwright Team                                                      Ôòæ
    ÔòÜÔòÉÔòÉÔòÉÔòÉÔòÉÔòÉÔòÉÔòÉÔòÉÔòÉÔòÉÔòÉÔòÉÔòÉÔòÉÔòÉÔòÉÔòÉÔòÉÔòÉÔòÉÔòÉÔòÉÔòÉÔòÉÔòÉÔòÉÔòÉÔòÉÔòÉÔòÉÔòÉÔòÉÔòÉÔòÉÔòÉÔòÉÔòÉÔòÉÔòÉÔòÉÔòÉÔòÉÔòÉÔòÉÔòÉÔòÉÔòÉÔòÉÔòÉÔòÉÔòÉÔòÉÔòÉÔòÉÔòÉÔòÉÔòÉÔòÉÔòÉÔòÉÔòÉÔòÉÔòÉÔòÉÔòÉÔòÉÔòÉÔòÉÔòÉÔòÉÔòÉÔòÉÔòØ


[1A[2K[57/580] [chromium] ÔÇ║ src\tests\e2e\chat-realtime.spec.ts:127:3 ÔÇ║ Chat - Enviar y Recibir Mensajes de Texto ÔÇ║ debe mostrar mensaje enviado en la conversaci├│n
[1A[2K  57) [chromium] ÔÇ║ src\tests\e2e\chat-realtime.spec.ts:127:3 ÔÇ║ Chat - Enviar y Recibir Mensajes de Texto ÔÇ║ debe mostrar mensaje enviado en la conversaci├│n 

    Error: browserType.launch: Executable doesn't exist at C:\Users\conej\AppData\Local\ms-playwright\chromium_headless_shell-1200\chrome-headless-shell-win64\chrome-headless-shell.exe
    ÔòöÔòÉÔòÉÔòÉÔòÉÔòÉÔòÉÔòÉÔòÉÔòÉÔòÉÔòÉÔòÉÔòÉÔòÉÔòÉÔòÉÔòÉÔòÉÔòÉÔòÉÔòÉÔòÉÔòÉÔòÉÔòÉÔòÉÔòÉÔòÉÔòÉÔòÉÔòÉÔòÉÔòÉÔòÉÔòÉÔòÉÔòÉÔòÉÔòÉÔòÉÔòÉÔòÉÔòÉÔòÉÔòÉÔòÉÔòÉÔòÉÔòÉÔòÉÔòÉÔòÉÔòÉÔòÉÔòÉÔòÉÔòÉÔòÉÔòÉÔòÉÔòÉÔòÉÔòÉÔòÉÔòÉÔòÉÔòÉÔòÉÔòÉÔòÉÔòÉÔòÉÔòÉÔòù
    Ôòæ Looks like Playwright Test or Playwright was just installed or updated. Ôòæ
    Ôòæ Please run the following command to download new browsers:              Ôòæ
    Ôòæ                                                                         Ôòæ
    Ôòæ     npx playwright install                                              Ôòæ
    Ôòæ                                                                         Ôòæ
    Ôòæ <3 Playwright Team                                                      Ôòæ
    ÔòÜÔòÉÔòÉÔòÉÔòÉÔòÉÔòÉÔòÉÔòÉÔòÉÔòÉÔòÉÔòÉÔòÉÔòÉÔòÉÔòÉÔòÉÔòÉÔòÉÔòÉÔòÉÔòÉÔòÉÔòÉÔòÉÔòÉÔòÉÔòÉÔòÉÔòÉÔòÉÔòÉÔòÉÔòÉÔòÉÔòÉÔòÉÔòÉÔòÉÔòÉÔòÉÔòÉÔòÉÔòÉÔòÉÔòÉÔòÉÔòÉÔòÉÔòÉÔòÉÔòÉÔòÉÔòÉÔòÉÔòÉÔòÉÔòÉÔòÉÔòÉÔòÉÔòÉÔòÉÔòÉÔòÉÔòÉÔòÉÔòÉÔòÉÔòÉÔòÉÔòÉÔòÉÔòØ


[1A[2K[58/580] [chromium] ÔÇ║ src\tests\e2e\chat-realtime.spec.ts:144:3 ÔÇ║ Chat - Enviar y Recibir Mensajes de Texto ÔÇ║ debe validar l├¡mite de caracteres en mensaje
[1A[2K  58) [chromium] ÔÇ║ src\tests\e2e\chat-realtime.spec.ts:144:3 ÔÇ║ Chat - Enviar y Recibir Mensajes de Texto ÔÇ║ debe validar l├¡mite de caracteres en mensaje 

    Error: browserType.launch: Executable doesn't exist at C:\Users\conej\AppData\Local\ms-playwright\chromium_headless_shell-1200\chrome-headless-shell-win64\chrome-headless-shell.exe
    ÔòöÔòÉÔòÉÔòÉÔòÉÔòÉÔòÉÔòÉÔòÉÔòÉÔòÉÔòÉÔòÉÔòÉÔòÉÔòÉÔòÉÔòÉÔòÉÔòÉÔòÉÔòÉÔòÉÔòÉÔòÉÔòÉÔòÉÔòÉÔòÉÔòÉÔòÉÔòÉÔòÉÔòÉÔòÉÔòÉÔòÉÔòÉÔòÉÔòÉÔòÉÔòÉÔòÉÔòÉÔòÉÔòÉÔòÉÔòÉÔòÉÔòÉÔòÉÔòÉÔòÉÔòÉÔòÉÔòÉÔòÉÔòÉÔòÉÔòÉÔòÉÔòÉÔòÉÔòÉÔòÉÔòÉÔòÉÔòÉÔòÉÔòÉÔòÉÔòÉÔòÉÔòÉÔòù
    Ôòæ Looks like Playwright Test or Playwright was just installed or updated. Ôòæ
    Ôòæ Please run the following command to download new browsers:              Ôòæ
    Ôòæ                                                                         Ôòæ
    Ôòæ     npx playwright install                                              Ôòæ
    Ôòæ                                                                         Ôòæ
    Ôòæ <3 Playwright Team                                                      Ôòæ
    ÔòÜÔòÉÔòÉÔòÉÔòÉÔòÉÔòÉÔòÉÔòÉÔòÉÔòÉÔòÉÔòÉÔòÉÔòÉÔòÉÔòÉÔòÉÔòÉÔòÉÔòÉÔòÉÔòÉÔòÉÔòÉÔòÉÔòÉÔòÉÔòÉÔòÉÔòÉÔòÉÔòÉÔòÉÔòÉÔòÉÔòÉÔòÉÔòÉÔòÉÔòÉÔòÉÔòÉÔòÉÔòÉÔòÉÔòÉÔòÉÔòÉÔòÉÔòÉÔòÉÔòÉÔòÉÔòÉÔòÉÔòÉÔòÉÔòÉÔòÉÔòÉÔòÉÔòÉÔòÉÔòÉÔòÉÔòÉÔòÉÔòÉÔòÉÔòÉÔòÉÔòÉÔòÉÔòØ


[1A[2K[59/580] [chromium] ÔÇ║ src\tests\e2e\chat-realtime.spec.ts:166:3 ÔÇ║ Chat - Enviar Medios (Imagen, Video, Audio) ÔÇ║ debe mostrar bot├│n para adjuntar archivos
[1A[2K[60/580] [chromium] ÔÇ║ src\tests\e2e\chat-realtime.spec.ts:173:3 ÔÇ║ Chat - Enviar Medios (Imagen, Video, Audio) ÔÇ║ debe abrir selector de archivos al click en adjuntar
[1A[2K  59) [chromium] ÔÇ║ src\tests\e2e\chat-realtime.spec.ts:166:3 ÔÇ║ Chat - Enviar Medios (Imagen, Video, Audio) ÔÇ║ debe mostrar bot├│n para adjuntar archivos 

    Error: browserType.launch: Executable doesn't exist at C:\Users\conej\AppData\Local\ms-playwright\chromium_headless_shell-1200\chrome-headless-shell-win64\chrome-headless-shell.exe
    ÔòöÔòÉÔòÉÔòÉÔòÉÔòÉÔòÉÔòÉÔòÉÔòÉÔòÉÔòÉÔòÉÔòÉÔòÉÔòÉÔòÉÔòÉÔòÉÔòÉÔòÉÔòÉÔòÉÔòÉÔòÉÔòÉÔòÉÔòÉÔòÉÔòÉÔòÉÔòÉÔòÉÔòÉÔòÉÔòÉÔòÉÔòÉÔòÉÔòÉÔòÉÔòÉÔòÉÔòÉÔòÉÔòÉÔòÉÔòÉÔòÉÔòÉÔòÉÔòÉÔòÉÔòÉÔòÉÔòÉÔòÉÔòÉÔòÉÔòÉÔòÉÔòÉÔòÉÔòÉÔòÉÔòÉÔòÉÔòÉÔòÉÔòÉÔòÉÔòÉÔòÉÔòÉÔòù
    Ôòæ Looks like Playwright Test or Playwright was just installed or updated. Ôòæ
    Ôòæ Please run the following command to download new browsers:              Ôòæ
    Ôòæ                                                                         Ôòæ
    Ôòæ     npx playwright install                                              Ôòæ
    Ôòæ                                                                         Ôòæ
    Ôòæ <3 Playwright Team                                                      Ôòæ
    ÔòÜÔòÉÔòÉÔòÉÔòÉÔòÉÔòÉÔòÉÔòÉÔòÉÔòÉÔòÉÔòÉÔòÉÔòÉÔòÉÔòÉÔòÉÔòÉÔòÉÔòÉÔòÉÔòÉÔòÉÔòÉÔòÉÔòÉÔòÉÔòÉÔòÉÔòÉÔòÉÔòÉÔòÉÔòÉÔòÉÔòÉÔòÉÔòÉÔòÉÔòÉÔòÉÔòÉÔòÉÔòÉÔòÉÔòÉÔòÉÔòÉÔòÉÔòÉÔòÉÔòÉÔòÉÔòÉÔòÉÔòÉÔòÉÔòÉÔòÉÔòÉÔòÉÔòÉÔòÉÔòÉÔòÉÔòÉÔòÉÔòÉÔòÉÔòÉÔòÉÔòÉÔòÉÔòØ


[1A[2K[61/580] [chromium] ÔÇ║ src\tests\e2e\chat-realtime.spec.ts:188:3 ÔÇ║ Chat - Enviar Medios (Imagen, Video, Audio) ÔÇ║ debe validar tama├▒o m├íximo de archivo (5MB)
[1A[2K[62/580] [chromium] ÔÇ║ src\tests\e2e\chat-realtime.spec.ts:209:3 ÔÇ║ Chat - Enviar Medios (Imagen, Video, Audio) ÔÇ║ debe mostrar preview de imagen antes de enviar
[1A[2K[63/580] [chromium] ÔÇ║ src\tests\e2e\chat-realtime.spec.ts:198:3 ÔÇ║ Chat - Enviar Medios (Imagen, Video, Audio) ÔÇ║ debe validar formatos de imagen permitidos (jpg, png, webp)
[1A[2K[64/580] [chromium] ÔÇ║ src\tests\e2e\chat-realtime.spec.ts:217:3 ÔÇ║ Chat - Enviar Medios (Imagen, Video, Audio) ÔÇ║ debe poder cancelar env├¡o de archivo
[1A[2K  60) [chromium] ÔÇ║ src\tests\e2e\chat-realtime.spec.ts:173:3 ÔÇ║ Chat - Enviar Medios (Imagen, Video, Audio) ÔÇ║ debe abrir selector de archivos al click en adjuntar 

    Error: browserType.launch: Executable doesn't exist at C:\Users\conej\AppData\Local\ms-playwright\chromium_headless_shell-1200\chrome-headless-shell-win64\chrome-headless-shell.exe
    ÔòöÔòÉÔòÉÔòÉÔòÉÔòÉÔòÉÔòÉÔòÉÔòÉÔòÉÔòÉÔòÉÔòÉÔòÉÔòÉÔòÉÔòÉÔòÉÔòÉÔòÉÔòÉÔòÉÔòÉÔòÉÔòÉÔòÉÔòÉÔòÉÔòÉÔòÉÔòÉÔòÉÔòÉÔòÉÔòÉÔòÉÔòÉÔòÉÔòÉÔòÉÔòÉÔòÉÔòÉÔòÉÔòÉÔòÉÔòÉÔòÉÔòÉÔòÉÔòÉÔòÉÔòÉÔòÉÔòÉÔòÉÔòÉÔòÉÔòÉÔòÉÔòÉÔòÉÔòÉÔòÉÔòÉÔòÉÔòÉÔòÉÔòÉÔòÉÔòÉÔòÉÔòÉÔòù
    Ôòæ Looks like Playwright Test or Playwright was just installed or updated. Ôòæ
    Ôòæ Please run the following command to download new browsers:              Ôòæ
    Ôòæ                                                                         Ôòæ
    Ôòæ     npx playwright install                                              Ôòæ
    Ôòæ                                                                         Ôòæ
    Ôòæ <3 Playwright Team                                                      Ôòæ
    ÔòÜÔòÉÔòÉÔòÉÔòÉÔòÉÔòÉÔòÉÔòÉÔòÉÔòÉÔòÉÔòÉÔòÉÔòÉÔòÉÔòÉÔòÉÔòÉÔòÉÔòÉÔòÉÔòÉÔòÉÔòÉÔòÉÔòÉÔòÉÔòÉÔòÉÔòÉÔòÉÔòÉÔòÉÔòÉÔòÉÔòÉÔòÉÔòÉÔòÉÔòÉÔòÉÔòÉÔòÉÔòÉÔòÉÔòÉÔòÉÔòÉÔòÉÔòÉÔòÉÔòÉÔòÉÔòÉÔòÉÔòÉÔòÉÔòÉÔòÉÔòÉÔòÉÔòÉÔòÉÔòÉÔòÉÔòÉÔòÉÔòÉÔòÉÔòÉÔòÉÔòÉÔòÉÔòØ


[1A[2K  61) [chromium] ÔÇ║ src\tests\e2e\chat-realtime.spec.ts:188:3 ÔÇ║ Chat - Enviar Medios (Imagen, Video, Audio) ÔÇ║ debe validar tama├▒o m├íximo de archivo (5MB) 

    Error: browserType.launch: Executable doesn't exist at C:\Users\conej\AppData\Local\ms-playwright\chromium_headless_shell-1200\chrome-headless-shell-win64\chrome-headless-shell.exe
    ÔòöÔòÉÔòÉÔòÉÔòÉÔòÉÔòÉÔòÉÔòÉÔòÉÔòÉÔòÉÔòÉÔòÉÔòÉÔòÉÔòÉÔòÉÔòÉÔòÉÔòÉÔòÉÔòÉÔòÉÔòÉÔòÉÔòÉÔòÉÔòÉÔòÉÔòÉÔòÉÔòÉÔòÉÔòÉÔòÉÔòÉÔòÉÔòÉÔòÉÔòÉÔòÉÔòÉÔòÉÔòÉÔòÉÔòÉÔòÉÔòÉÔòÉÔòÉÔòÉÔòÉÔòÉÔòÉÔòÉÔòÉÔòÉÔòÉÔòÉÔòÉÔòÉÔòÉÔòÉÔòÉÔòÉÔòÉÔòÉÔòÉÔòÉÔòÉÔòÉÔòÉÔòÉÔòù
    Ôòæ Looks like Playwright Test or Playwright was just installed or updated. Ôòæ
    Ôòæ Please run the following command to download new browsers:              Ôòæ
    Ôòæ                                                                         Ôòæ
    Ôòæ     npx playwright install                                              Ôòæ
    Ôòæ                                                                         Ôòæ
    Ôòæ <3 Playwright Team                                                      Ôòæ
    ÔòÜÔòÉÔòÉÔòÉÔòÉÔòÉÔòÉÔòÉÔòÉÔòÉÔòÉÔòÉÔòÉÔòÉÔòÉÔòÉÔòÉÔòÉÔòÉÔòÉÔòÉÔòÉÔòÉÔòÉÔòÉÔòÉÔòÉÔòÉÔòÉÔòÉÔòÉÔòÉÔòÉÔòÉÔòÉÔòÉÔòÉÔòÉÔòÉÔòÉÔòÉÔòÉÔòÉÔòÉÔòÉÔòÉÔòÉÔòÉÔòÉÔòÉÔòÉÔòÉÔòÉÔòÉÔòÉÔòÉÔòÉÔòÉÔòÉÔòÉÔòÉÔòÉÔòÉÔòÉÔòÉÔòÉÔòÉÔòÉÔòÉÔòÉÔòÉÔòÉÔòÉÔòÉÔòØ


[1A[2K  62) [chromium] ÔÇ║ src\tests\e2e\chat-realtime.spec.ts:209:3 ÔÇ║ Chat - Enviar Medios (Imagen, Video, Audio) ÔÇ║ debe mostrar preview de imagen antes de enviar 

    Error: browserType.launch: Executable doesn't exist at C:\Users\conej\AppData\Local\ms-playwright\chromium_headless_shell-1200\chrome-headless-shell-win64\chrome-headless-shell.exe
    ÔòöÔòÉÔòÉÔòÉÔòÉÔòÉÔòÉÔòÉÔòÉÔòÉÔòÉÔòÉÔòÉÔòÉÔòÉÔòÉÔòÉÔòÉÔòÉÔòÉÔòÉÔòÉÔòÉÔòÉÔòÉÔòÉÔòÉÔòÉÔòÉÔòÉÔòÉÔòÉÔòÉÔòÉÔòÉÔòÉÔòÉÔòÉÔòÉÔòÉÔòÉÔòÉÔòÉÔòÉÔòÉÔòÉÔòÉÔòÉÔòÉÔòÉÔòÉÔòÉÔòÉÔòÉÔòÉÔòÉÔòÉÔòÉÔòÉÔòÉÔòÉÔòÉÔòÉÔòÉÔòÉÔòÉÔòÉÔòÉÔòÉÔòÉÔòÉÔòÉÔòÉÔòÉÔòù
    Ôòæ Looks like Playwright Test or Playwright was just installed or updated. Ôòæ
    Ôòæ Please run the following command to download new browsers:              Ôòæ
    Ôòæ                                                                         Ôòæ
    Ôòæ     npx playwright install                                              Ôòæ
    Ôòæ                                                                         Ôòæ
    Ôòæ <3 Playwright Team                                                      Ôòæ
    ÔòÜÔòÉÔòÉÔòÉÔòÉÔòÉÔòÉÔòÉÔòÉÔòÉÔòÉÔòÉÔòÉÔòÉÔòÉÔòÉÔòÉÔòÉÔòÉÔòÉÔòÉÔòÉÔòÉÔòÉÔòÉÔòÉÔòÉÔòÉÔòÉÔòÉÔòÉÔòÉÔòÉÔòÉÔòÉÔòÉÔòÉÔòÉÔòÉÔòÉÔòÉÔòÉÔòÉÔòÉÔòÉÔòÉÔòÉÔòÉÔòÉÔòÉÔòÉÔòÉÔòÉÔòÉÔòÉÔòÉÔòÉÔòÉÔòÉÔòÉÔòÉÔòÉÔòÉÔòÉÔòÉÔòÉÔòÉÔòÉÔòÉÔòÉÔòÉÔòÉÔòÉÔòÉÔòØ


[1A[2K  63) [chromium] ÔÇ║ src\tests\e2e\chat-realtime.spec.ts:198:3 ÔÇ║ Chat - Enviar Medios (Imagen, Video, Audio) ÔÇ║ debe validar formatos de imagen permitidos (jpg, png, webp) 

    Error: browserType.launch: Executable doesn't exist at C:\Users\conej\AppData\Local\ms-playwright\chromium_headless_shell-1200\chrome-headless-shell-win64\chrome-headless-shell.exe
    ÔòöÔòÉÔòÉÔòÉÔòÉÔòÉÔòÉÔòÉÔòÉÔòÉÔòÉÔòÉÔòÉÔòÉÔòÉÔòÉÔòÉÔòÉÔòÉÔòÉÔòÉÔòÉÔòÉÔòÉÔòÉÔòÉÔòÉÔòÉÔòÉÔòÉÔòÉÔòÉÔòÉÔòÉÔòÉÔòÉÔòÉÔòÉÔòÉÔòÉÔòÉÔòÉÔòÉÔòÉÔòÉÔòÉÔòÉÔòÉÔòÉÔòÉÔòÉÔòÉÔòÉÔòÉÔòÉÔòÉÔòÉÔòÉÔòÉÔòÉÔòÉÔòÉÔòÉÔòÉÔòÉÔòÉÔòÉÔòÉÔòÉÔòÉÔòÉÔòÉÔòÉÔòÉÔòù
    Ôòæ Looks like Playwright Test or Playwright was just installed or updated. Ôòæ
    Ôòæ Please run the following command to download new browsers:              Ôòæ
    Ôòæ                                                                         Ôòæ
    Ôòæ     npx playwright install                                              Ôòæ
    Ôòæ                                                                         Ôòæ
    Ôòæ <3 Playwright Team                                                      Ôòæ
    ÔòÜÔòÉÔòÉÔòÉÔòÉÔòÉÔòÉÔòÉÔòÉÔòÉÔòÉÔòÉÔòÉÔòÉÔòÉÔòÉÔòÉÔòÉÔòÉÔòÉÔòÉÔòÉÔòÉÔòÉÔòÉÔòÉÔòÉÔòÉÔòÉÔòÉÔòÉÔòÉÔòÉÔòÉÔòÉÔòÉÔòÉÔòÉÔòÉÔòÉÔòÉÔòÉÔòÉÔòÉÔòÉÔòÉÔòÉÔòÉÔòÉÔòÉÔòÉÔòÉÔòÉÔòÉÔòÉÔòÉÔòÉÔòÉÔòÉÔòÉÔòÉÔòÉÔòÉÔòÉÔòÉÔòÉÔòÉÔòÉÔòÉÔòÉÔòÉÔòÉÔòÉÔòÉÔòØ


[1A[2K  64) [chromium] ÔÇ║ src\tests\e2e\chat-realtime.spec.ts:217:3 ÔÇ║ Chat - Enviar Medios (Imagen, Video, Audio) ÔÇ║ debe poder cancelar env├¡o de archivo 

    Error: browserType.launch: Executable doesn't exist at C:\Users\conej\AppData\Local\ms-playwright\chromium_headless_shell-1200\chrome-headless-shell-win64\chrome-headless-shell.exe
    ÔòöÔòÉÔòÉÔòÉÔòÉÔòÉÔòÉÔòÉÔòÉÔòÉÔòÉÔòÉÔòÉÔòÉÔòÉÔòÉÔòÉÔòÉÔòÉÔòÉÔòÉÔòÉÔòÉÔòÉÔòÉÔòÉÔòÉÔòÉÔòÉÔòÉÔòÉÔòÉÔòÉÔòÉÔòÉÔòÉÔòÉÔòÉÔòÉÔòÉÔòÉÔòÉÔòÉÔòÉÔòÉÔòÉÔòÉÔòÉÔòÉÔòÉÔòÉÔòÉÔòÉÔòÉÔòÉÔòÉÔòÉÔòÉÔòÉÔòÉÔòÉÔòÉÔòÉÔòÉÔòÉÔòÉÔòÉÔòÉÔòÉÔòÉÔòÉÔòÉÔòÉÔòÉÔòù
    Ôòæ Looks like Playwright Test or Playwright was just installed or updated. Ôòæ
    Ôòæ Please run the following command to download new browsers:              Ôòæ
    Ôòæ                                                                         Ôòæ
    Ôòæ     npx playwright install                                              Ôòæ
    Ôòæ                                                                         Ôòæ
    Ôòæ <3 Playwright Team                                                      Ôòæ
    ÔòÜÔòÉÔòÉÔòÉÔòÉÔòÉÔòÉÔòÉÔòÉÔòÉÔòÉÔòÉÔòÉÔòÉÔòÉÔòÉÔòÉÔòÉÔòÉÔòÉÔòÉÔòÉÔòÉÔòÉÔòÉÔòÉÔòÉÔòÉÔòÉÔòÉÔòÉÔòÉÔòÉÔòÉÔòÉÔòÉÔòÉÔòÉÔòÉÔòÉÔòÉÔòÉÔòÉÔòÉÔòÉÔòÉÔòÉÔòÉÔòÉÔòÉÔòÉÔòÉÔòÉÔòÉÔòÉÔòÉÔòÉÔòÉÔòÉÔòÉÔòÉÔòÉÔòÉÔòÉÔòÉÔòÉÔòÉÔòÉÔòÉÔòÉÔòÉÔòÉÔòÉÔòÉÔòØ


[1A[2K[65/580] [chromium] ÔÇ║ src\tests\e2e\chat-realtime.spec.ts:231:3 ÔÇ║ Chat - Estados de Mensajes ÔÇ║ debe mostrar indicador de mensaje entregado (Ô£ô)
[1A[2K  65) [chromium] ÔÇ║ src\tests\e2e\chat-realtime.spec.ts:231:3 ÔÇ║ Chat - Estados de Mensajes ÔÇ║ debe mostrar indicador de mensaje entregado (Ô£ô) 

    Error: browserType.launch: Executable doesn't exist at C:\Users\conej\AppData\Local\ms-playwright\chromium_headless_shell-1200\chrome-headless-shell-win64\chrome-headless-shell.exe
    ÔòöÔòÉÔòÉÔòÉÔòÉÔòÉÔòÉÔòÉÔòÉÔòÉÔòÉÔòÉÔòÉÔòÉÔòÉÔòÉÔòÉÔòÉÔòÉÔòÉÔòÉÔòÉÔòÉÔòÉÔòÉÔòÉÔòÉÔòÉÔòÉÔòÉÔòÉÔòÉÔòÉÔòÉÔòÉÔòÉÔòÉÔòÉÔòÉÔòÉÔòÉÔòÉÔòÉÔòÉÔòÉÔòÉÔòÉÔòÉÔòÉÔòÉÔòÉÔòÉÔòÉÔòÉÔòÉÔòÉÔòÉÔòÉÔòÉÔòÉÔòÉÔòÉÔòÉÔòÉÔòÉÔòÉÔòÉÔòÉÔòÉÔòÉÔòÉÔòÉÔòÉÔòÉÔòù
    Ôòæ Looks like Playwright Test or Playwright was just installed or updated. Ôòæ
    Ôòæ Please run the following command to download new browsers:              Ôòæ
    Ôòæ                                                                         Ôòæ
    Ôòæ     npx playwright install                                              Ôòæ
    Ôòæ                                                                         Ôòæ
    Ôòæ <3 Playwright Team                                                      Ôòæ
    ÔòÜÔòÉÔòÉÔòÉÔòÉÔòÉÔòÉÔòÉÔòÉÔòÉÔòÉÔòÉÔòÉÔòÉÔòÉÔòÉÔòÉÔòÉÔòÉÔòÉÔòÉÔòÉÔòÉÔòÉÔòÉÔòÉÔòÉÔòÉÔòÉÔòÉÔòÉÔòÉÔòÉÔòÉÔòÉÔòÉÔòÉÔòÉÔòÉÔòÉÔòÉÔòÉÔòÉÔòÉÔòÉÔòÉÔòÉÔòÉÔòÉÔòÉÔòÉÔòÉÔòÉÔòÉÔòÉÔòÉÔòÉÔòÉÔòÉÔòÉÔòÉÔòÉÔòÉÔòÉÔòÉÔòÉÔòÉÔòÉÔòÉÔòÉÔòÉÔòÉÔòÉÔòÉÔòØ


[1A[2K[66/580] [chromium] ÔÇ║ src\tests\e2e\chat-realtime.spec.ts:239:3 ÔÇ║ Chat - Estados de Mensajes ÔÇ║ debe mostrar indicador de mensaje le├¡do (Ô£ôÔ£ô)
[1A[2K  66) [chromium] ÔÇ║ src\tests\e2e\chat-realtime.spec.ts:239:3 ÔÇ║ Chat - Estados de Mensajes ÔÇ║ debe mostrar indicador de mensaje le├¡do (Ô£ôÔ£ô) 

    Error: browserType.launch: Executable doesn't exist at C:\Users\conej\AppData\Local\ms-playwright\chromium_headless_shell-1200\chrome-headless-shell-win64\chrome-headless-shell.exe
    ÔòöÔòÉÔòÉÔòÉÔòÉÔòÉÔòÉÔòÉÔòÉÔòÉÔòÉÔòÉÔòÉÔòÉÔòÉÔòÉÔòÉÔòÉÔòÉÔòÉÔòÉÔòÉÔòÉÔòÉÔòÉÔòÉÔòÉÔòÉÔòÉÔòÉÔòÉÔòÉÔòÉÔòÉÔòÉÔòÉÔòÉÔòÉÔòÉÔòÉÔòÉÔòÉÔòÉÔòÉÔòÉÔòÉÔòÉÔòÉÔòÉÔòÉÔòÉÔòÉÔòÉÔòÉÔòÉÔòÉÔòÉÔòÉÔòÉÔòÉÔòÉÔòÉÔòÉÔòÉÔòÉÔòÉÔòÉÔòÉÔòÉÔòÉÔòÉÔòÉÔòÉÔòÉÔòù
    Ôòæ Looks like Playwright Test or Playwright was just installed or updated. Ôòæ
    Ôòæ Please run the following command to download new browsers:              Ôòæ
    Ôòæ                                                                         Ôòæ
    Ôòæ     npx playwright install                                              Ôòæ
    Ôòæ                                                                         Ôòæ
    Ôòæ <3 Playwright Team                                                      Ôòæ
    ÔòÜÔòÉÔòÉÔòÉÔòÉÔòÉÔòÉÔòÉÔòÉÔòÉÔòÉÔòÉÔòÉÔòÉÔòÉÔòÉÔòÉÔòÉÔòÉÔòÉÔòÉÔòÉÔòÉÔòÉÔòÉÔòÉÔòÉÔòÉÔòÉÔòÉÔòÉÔòÉÔòÉÔòÉÔòÉÔòÉÔòÉÔòÉÔòÉÔòÉÔòÉÔòÉÔòÉÔòÉÔòÉÔòÉÔòÉÔòÉÔòÉÔòÉÔòÉÔòÉÔòÉÔòÉÔòÉÔòÉÔòÉÔòÉÔòÉÔòÉÔòÉÔòÉÔòÉÔòÉÔòÉÔòÉÔòÉÔòÉÔòÉÔòÉÔòÉÔòÉÔòÉÔòÉÔòØ


[1A[2K[67/580] [chromium] ÔÇ║ src\tests\e2e\chat-realtime.spec.ts:247:3 ÔÇ║ Chat - Estados de Mensajes ÔÇ║ debe mostrar timestamp en cada mensaje
[1A[2K  67) [chromium] ÔÇ║ src\tests\e2e\chat-realtime.spec.ts:247:3 ÔÇ║ Chat - Estados de Mensajes ÔÇ║ debe mostrar timestamp en cada mensaje 

    Error: browserType.launch: Executable doesn't exist at C:\Users\conej\AppData\Local\ms-playwright\chromium_headless_shell-1200\chrome-headless-shell-win64\chrome-headless-shell.exe
    ÔòöÔòÉÔòÉÔòÉÔòÉÔòÉÔòÉÔòÉÔòÉÔòÉÔòÉÔòÉÔòÉÔòÉÔòÉÔòÉÔòÉÔòÉÔòÉÔòÉÔòÉÔòÉÔòÉÔòÉÔòÉÔòÉÔòÉÔòÉÔòÉÔòÉÔòÉÔòÉÔòÉÔòÉÔòÉÔòÉÔòÉÔòÉÔòÉÔòÉÔòÉÔòÉÔòÉÔòÉÔòÉÔòÉÔòÉÔòÉÔòÉÔòÉÔòÉÔòÉÔòÉÔòÉÔòÉÔòÉÔòÉÔòÉÔòÉÔòÉÔòÉÔòÉÔòÉÔòÉÔòÉÔòÉÔòÉÔòÉÔòÉÔòÉÔòÉÔòÉÔòÉÔòÉÔòù
    Ôòæ Looks like Playwright Test or Playwright was just installed or updated. Ôòæ
    Ôòæ Please run the following command to download new browsers:              Ôòæ
    Ôòæ                                                                         Ôòæ
    Ôòæ     npx playwright install                                              Ôòæ
    Ôòæ                                                                         Ôòæ
    Ôòæ <3 Playwright Team                                                      Ôòæ
    ÔòÜÔòÉÔòÉÔòÉÔòÉÔòÉÔòÉÔòÉÔòÉÔòÉÔòÉÔòÉÔòÉÔòÉÔòÉÔòÉÔòÉÔòÉÔòÉÔòÉÔòÉÔòÉÔòÉÔòÉÔòÉÔòÉÔòÉÔòÉÔòÉÔòÉÔòÉÔòÉÔòÉÔòÉÔòÉÔòÉÔòÉÔòÉÔòÉÔòÉÔòÉÔòÉÔòÉÔòÉÔòÉÔòÉÔòÉÔòÉÔòÉÔòÉÔòÉÔòÉÔòÉÔòÉÔòÉÔòÉÔòÉÔòÉÔòÉÔòÉÔòÉÔòÉÔòÉÔòÉÔòÉÔòÉÔòÉÔòÉÔòÉÔòÉÔòÉÔòÉÔòÉÔòÉÔòØ


[1A[2K[68/580] [chromium] ÔÇ║ src\tests\e2e\chat-realtime.spec.ts:298:3 ÔÇ║ Chat - Editar y Eliminar Mensajes ÔÇ║ debe mostrar men├║ contextual en mensaje propio (long press o click derecho)
[1A[2K  68) [chromium] ÔÇ║ src\tests\e2e\chat-realtime.spec.ts:298:3 ÔÇ║ Chat - Editar y Eliminar Mensajes ÔÇ║ debe mostrar men├║ contextual en mensaje propio (long press o click derecho) 

    Error: browserType.launch: Executable doesn't exist at C:\Users\conej\AppData\Local\ms-playwright\chromium_headless_shell-1200\chrome-headless-shell-win64\chrome-headless-shell.exe
    ÔòöÔòÉÔòÉÔòÉÔòÉÔòÉÔòÉÔòÉÔòÉÔòÉÔòÉÔòÉÔòÉÔòÉÔòÉÔòÉÔòÉÔòÉÔòÉÔòÉÔòÉÔòÉÔòÉÔòÉÔòÉÔòÉÔòÉÔòÉÔòÉÔòÉÔòÉÔòÉÔòÉÔòÉÔòÉÔòÉÔòÉÔòÉÔòÉÔòÉÔòÉÔòÉÔòÉÔòÉÔòÉÔòÉÔòÉÔòÉÔòÉÔòÉÔòÉÔòÉÔòÉÔòÉÔòÉÔòÉÔòÉÔòÉÔòÉÔòÉÔòÉÔòÉÔòÉÔòÉÔòÉÔòÉÔòÉÔòÉÔòÉÔòÉÔòÉÔòÉÔòÉÔòÉÔòù
    Ôòæ Looks like Playwright Test or Playwright was just installed or updated. Ôòæ
    Ôòæ Please run the following command to download new browsers:              Ôòæ
    Ôòæ                                                                         Ôòæ
    Ôòæ     npx playwright install                                              Ôòæ
    Ôòæ                                                                         Ôòæ
    Ôòæ <3 Playwright Team                                                      Ôòæ
    ÔòÜÔòÉÔòÉÔòÉÔòÉÔòÉÔòÉÔòÉÔòÉÔòÉÔòÉÔòÉÔòÉÔòÉÔòÉÔòÉÔòÉÔòÉÔòÉÔòÉÔòÉÔòÉÔòÉÔòÉÔòÉÔòÉÔòÉÔòÉÔòÉÔòÉÔòÉÔòÉÔòÉÔòÉÔòÉÔòÉÔòÉÔòÉÔòÉÔòÉÔòÉÔòÉÔòÉÔòÉÔòÉÔòÉÔòÉÔòÉÔòÉÔòÉÔòÉÔòÉÔòÉÔòÉÔòÉÔòÉÔòÉÔòÉÔòÉÔòÉÔòÉÔòÉÔòÉÔòÉÔòÉÔòÉÔòÉÔòÉÔòÉÔòÉÔòÉÔòÉÔòÉÔòÉÔòØ


[1A[2K[69/580] [chromium] ÔÇ║ src\tests\e2e\chat-realtime.spec.ts:283:3 ÔÇ║ Chat - Indicador "Escribiendo..." ÔÇ║ debe ocultar indicador cuando el usuario deja de escribir
[1A[2K[70/580] [chromium] ÔÇ║ src\tests\e2e\chat-realtime.spec.ts:260:3 ÔÇ║ Chat - Estados de Mensajes ÔÇ║ debe agrupar mensajes por fecha
[1A[2K[71/580] [chromium] ÔÇ║ src\tests\e2e\chat-realtime.spec.ts:314:3 ÔÇ║ Chat - Editar y Eliminar Mensajes ÔÇ║ debe tener opci├│n "Editar" en men├║ contextual
[1A[2K[72/580] [chromium] ÔÇ║ src\tests\e2e\chat-realtime.spec.ts:275:3 ÔÇ║ Chat - Indicador "Escribiendo..." ÔÇ║ debe mostrar indicador cuando el otro usuario est├í escribiendo
[1A[2K  69) [chromium] ÔÇ║ src\tests\e2e\chat-realtime.spec.ts:283:3 ÔÇ║ Chat - Indicador "Escribiendo..." ÔÇ║ debe ocultar indicador cuando el usuario deja de escribir 

    Error: browserType.launch: Executable doesn't exist at C:\Users\conej\AppData\Local\ms-playwright\chromium_headless_shell-1200\chrome-headless-shell-win64\chrome-headless-shell.exe
    ÔòöÔòÉÔòÉÔòÉÔòÉÔòÉÔòÉÔòÉÔòÉÔòÉÔòÉÔòÉÔòÉÔòÉÔòÉÔòÉÔòÉÔòÉÔòÉÔòÉÔòÉÔòÉÔòÉÔòÉÔòÉÔòÉÔòÉÔòÉÔòÉÔòÉÔòÉÔòÉÔòÉÔòÉÔòÉÔòÉÔòÉÔòÉÔòÉÔòÉÔòÉÔòÉÔòÉÔòÉÔòÉÔòÉÔòÉÔòÉÔòÉÔòÉÔòÉÔòÉÔòÉÔòÉÔòÉÔòÉÔòÉÔòÉÔòÉÔòÉÔòÉÔòÉÔòÉÔòÉÔòÉÔòÉÔòÉÔòÉÔòÉÔòÉÔòÉÔòÉÔòÉÔòÉÔòù
    Ôòæ Looks like Playwright Test or Playwright was just installed or updated. Ôòæ
    Ôòæ Please run the following command to download new browsers:              Ôòæ
    Ôòæ                                                                         Ôòæ
    Ôòæ     npx playwright install                                              Ôòæ
    Ôòæ                                                                         Ôòæ
    Ôòæ <3 Playwright Team                                                      Ôòæ
    ÔòÜÔòÉÔòÉÔòÉÔòÉÔòÉÔòÉÔòÉÔòÉÔòÉÔòÉÔòÉÔòÉÔòÉÔòÉÔòÉÔòÉÔòÉÔòÉÔòÉÔòÉÔòÉÔòÉÔòÉÔòÉÔòÉÔòÉÔòÉÔòÉÔòÉÔòÉÔòÉÔòÉÔòÉÔòÉÔòÉÔòÉÔòÉÔòÉÔòÉÔòÉÔòÉÔòÉÔòÉÔòÉÔòÉÔòÉÔòÉÔòÉÔòÉÔòÉÔòÉÔòÉÔòÉÔòÉÔòÉÔòÉÔòÉÔòÉÔòÉÔòÉÔòÉÔòÉÔòÉÔòÉÔòÉÔòÉÔòÉÔòÉÔòÉÔòÉÔòÉÔòÉÔòÉÔòØ


[1A[2K  70) [chromium] ÔÇ║ src\tests\e2e\chat-realtime.spec.ts:260:3 ÔÇ║ Chat - Estados de Mensajes ÔÇ║ debe agrupar mensajes por fecha 

    Error: browserType.launch: Executable doesn't exist at C:\Users\conej\AppData\Local\ms-playwright\chromium_headless_shell-1200\chrome-headless-shell-win64\chrome-headless-shell.exe
    ÔòöÔòÉÔòÉÔòÉÔòÉÔòÉÔòÉÔòÉÔòÉÔòÉÔòÉÔòÉÔòÉÔòÉÔòÉÔòÉÔòÉÔòÉÔòÉÔòÉÔòÉÔòÉÔòÉÔòÉÔòÉÔòÉÔòÉÔòÉÔòÉÔòÉÔòÉÔòÉÔòÉÔòÉÔòÉÔòÉÔòÉÔòÉÔòÉÔòÉÔòÉÔòÉÔòÉÔòÉÔòÉÔòÉÔòÉÔòÉÔòÉÔòÉÔòÉÔòÉÔòÉÔòÉÔòÉÔòÉÔòÉÔòÉÔòÉÔòÉÔòÉÔòÉÔòÉÔòÉÔòÉÔòÉÔòÉÔòÉÔòÉÔòÉÔòÉÔòÉÔòÉÔòÉÔòù
    Ôòæ Looks like Playwright Test or Playwright was just installed or updated. Ôòæ
    Ôòæ Please run the following command to download new browsers:              Ôòæ
    Ôòæ                                                                         Ôòæ
    Ôòæ     npx playwright install                                              Ôòæ
    Ôòæ                                                                         Ôòæ
    Ôòæ <3 Playwright Team                                                      Ôòæ
    ÔòÜÔòÉÔòÉÔòÉÔòÉÔòÉÔòÉÔòÉÔòÉÔòÉÔòÉÔòÉÔòÉÔòÉÔòÉÔòÉÔòÉÔòÉÔòÉÔòÉÔòÉÔòÉÔòÉÔòÉÔòÉÔòÉÔòÉÔòÉÔòÉÔòÉÔòÉÔòÉÔòÉÔòÉÔòÉÔòÉÔòÉÔòÉÔòÉÔòÉÔòÉÔòÉÔòÉÔòÉÔòÉÔòÉÔòÉÔòÉÔòÉÔòÉÔòÉÔòÉÔòÉÔòÉÔòÉÔòÉÔòÉÔòÉÔòÉÔòÉÔòÉÔòÉÔòÉÔòÉÔòÉÔòÉÔòÉÔòÉÔòÉÔòÉÔòÉÔòÉÔòÉÔòÉÔòØ


[1A[2K  71) [chromium] ÔÇ║ src\tests\e2e\chat-realtime.spec.ts:275:3 ÔÇ║ Chat - Indicador "Escribiendo..." ÔÇ║ debe mostrar indicador cuando el otro usuario est├í escribiendo 

    Error: browserType.launch: Executable doesn't exist at C:\Users\conej\AppData\Local\ms-playwright\chromium_headless_shell-1200\chrome-headless-shell-win64\chrome-headless-shell.exe
    ÔòöÔòÉÔòÉÔòÉÔòÉÔòÉÔòÉÔòÉÔòÉÔòÉÔòÉÔòÉÔòÉÔòÉÔòÉÔòÉÔòÉÔòÉÔòÉÔòÉÔòÉÔòÉÔòÉÔòÉÔòÉÔòÉÔòÉÔòÉÔòÉÔòÉÔòÉÔòÉÔòÉÔòÉÔòÉÔòÉÔòÉÔòÉÔòÉÔòÉÔòÉÔòÉÔòÉÔòÉÔòÉÔòÉÔòÉÔòÉÔòÉÔòÉÔòÉÔòÉÔòÉÔòÉÔòÉÔòÉÔòÉÔòÉÔòÉÔòÉÔòÉÔòÉÔòÉÔòÉÔòÉÔòÉÔòÉÔòÉÔòÉÔòÉÔòÉÔòÉÔòÉÔòÉÔòù
    Ôòæ Looks like Playwright Test or Playwright was just installed or updated. Ôòæ
    Ôòæ Please run the following command to download new browsers:              Ôòæ
    Ôòæ                                                                         Ôòæ
    Ôòæ     npx playwright install                                              Ôòæ
    Ôòæ                                                                         Ôòæ
    Ôòæ <3 Playwright Team                                                      Ôòæ
    ÔòÜÔòÉÔòÉÔòÉÔòÉÔòÉÔòÉÔòÉÔòÉÔòÉÔòÉÔòÉÔòÉÔòÉÔòÉÔòÉÔòÉÔòÉÔòÉÔòÉÔòÉÔòÉÔòÉÔòÉÔòÉÔòÉÔòÉÔòÉÔòÉÔòÉÔòÉÔòÉÔòÉÔòÉÔòÉÔòÉÔòÉÔòÉÔòÉÔòÉÔòÉÔòÉÔòÉÔòÉÔòÉÔòÉÔòÉÔòÉÔòÉÔòÉÔòÉÔòÉÔòÉÔòÉÔòÉÔòÉÔòÉÔòÉÔòÉÔòÉÔòÉÔòÉÔòÉÔòÉÔòÉÔòÉÔòÉÔòÉÔòÉÔòÉÔòÉÔòÉÔòÉÔòÉÔòØ


[1A[2K  72) [chromium] ÔÇ║ src\tests\e2e\chat-realtime.spec.ts:314:3 ÔÇ║ Chat - Editar y Eliminar Mensajes ÔÇ║ debe tener opci├│n "Editar" en men├║ contextual 

    Error: browserType.launch: Executable doesn't exist at C:\Users\conej\AppData\Local\ms-playwright\chromium_headless_shell-1200\chrome-headless-shell-win64\chrome-headless-shell.exe
    ÔòöÔòÉÔòÉÔòÉÔòÉÔòÉÔòÉÔòÉÔòÉÔòÉÔòÉÔòÉÔòÉÔòÉÔòÉÔòÉÔòÉÔòÉÔòÉÔòÉÔòÉÔòÉÔòÉÔòÉÔòÉÔòÉÔòÉÔòÉÔòÉÔòÉÔòÉÔòÉÔòÉÔòÉÔòÉÔòÉÔòÉÔòÉÔòÉÔòÉÔòÉÔòÉÔòÉÔòÉÔòÉÔòÉÔòÉÔòÉÔòÉÔòÉÔòÉÔòÉÔòÉÔòÉÔòÉÔòÉÔòÉÔòÉÔòÉÔòÉÔòÉÔòÉÔòÉÔòÉÔòÉÔòÉÔòÉÔòÉÔòÉÔòÉÔòÉÔòÉÔòÉÔòÉÔòù
    Ôòæ Looks like Playwright Test or Playwright was just installed or updated. Ôòæ
    Ôòæ Please run the following command to download new browsers:              Ôòæ
    Ôòæ                                                                         Ôòæ
    Ôòæ     npx playwright install                                              Ôòæ
    Ôòæ                                                                         Ôòæ
    Ôòæ <3 Playwright Team                                                      Ôòæ
    ÔòÜÔòÉÔòÉÔòÉÔòÉÔòÉÔòÉÔòÉÔòÉÔòÉÔòÉÔòÉÔòÉÔòÉÔòÉÔòÉÔòÉÔòÉÔòÉÔòÉÔòÉÔòÉÔòÉÔòÉÔòÉÔòÉÔòÉÔòÉÔòÉÔòÉÔòÉÔòÉÔòÉÔòÉÔòÉÔòÉÔòÉÔòÉÔòÉÔòÉÔòÉÔòÉÔòÉÔòÉÔòÉÔòÉÔòÉÔòÉÔòÉÔòÉÔòÉÔòÉÔòÉÔòÉÔòÉÔòÉÔòÉÔòÉÔòÉÔòÉÔòÉÔòÉÔòÉÔòÉÔòÉÔòÉÔòÉÔòÉÔòÉÔòÉÔòÉÔòÉÔòÉÔòÉÔòØ


[1A[2K[73/580] [chromium] ÔÇ║ src\tests\e2e\chat-realtime.spec.ts:321:3 ÔÇ║ Chat - Editar y Eliminar Mensajes ÔÇ║ debe tener opci├│n "Eliminar" en men├║ contextual
[1A[2K  73) [chromium] ÔÇ║ src\tests\e2e\chat-realtime.spec.ts:321:3 ÔÇ║ Chat - Editar y Eliminar Mensajes ÔÇ║ debe tener opci├│n "Eliminar" en men├║ contextual 

    Error: browserType.launch: Executable doesn't exist at C:\Users\conej\AppData\Local\ms-playwright\chromium_headless_shell-1200\chrome-headless-shell-win64\chrome-headless-shell.exe
    ÔòöÔòÉÔòÉÔòÉÔòÉÔòÉÔòÉÔòÉÔòÉÔòÉÔòÉÔòÉÔòÉÔòÉÔòÉÔòÉÔòÉÔòÉÔòÉÔòÉÔòÉÔòÉÔòÉÔòÉÔòÉÔòÉÔòÉÔòÉÔòÉÔòÉÔòÉÔòÉÔòÉÔòÉÔòÉÔòÉÔòÉÔòÉÔòÉÔòÉÔòÉÔòÉÔòÉÔòÉÔòÉÔòÉÔòÉÔòÉÔòÉÔòÉÔòÉÔòÉÔòÉÔòÉÔòÉÔòÉÔòÉÔòÉÔòÉÔòÉÔòÉÔòÉÔòÉÔòÉÔòÉÔòÉÔòÉÔòÉÔòÉÔòÉÔòÉÔòÉÔòÉÔòÉÔòù
    Ôòæ Looks like Playwright Test or Playwright was just installed or updated. Ôòæ
    Ôòæ Please run the following command to download new browsers:              Ôòæ
    Ôòæ                                                                         Ôòæ
    Ôòæ     npx playwright install                                              Ôòæ
    Ôòæ                                                                         Ôòæ
    Ôòæ <3 Playwright Team                                                      Ôòæ
    ÔòÜÔòÉÔòÉÔòÉÔòÉÔòÉÔòÉÔòÉÔòÉÔòÉÔòÉÔòÉÔòÉÔòÉÔòÉÔòÉÔòÉÔòÉÔòÉÔòÉÔòÉÔòÉÔòÉÔòÉÔòÉÔòÉÔòÉÔòÉÔòÉÔòÉÔòÉÔòÉÔòÉÔòÉÔòÉÔòÉÔòÉÔòÉÔòÉÔòÉÔòÉÔòÉÔòÉÔòÉÔòÉÔòÉÔòÉÔòÉÔòÉÔòÉÔòÉÔòÉÔòÉÔòÉÔòÉÔòÉÔòÉÔòÉÔòÉÔòÉÔòÉÔòÉÔòÉÔòÉÔòÉÔòÉÔòÉÔòÉÔòÉÔòÉÔòÉÔòÉÔòÉÔòÉÔòØ


[1A[2K[74/580] [chromium] ÔÇ║ src\tests\e2e\chat-realtime.spec.ts:328:3 ÔÇ║ Chat - Editar y Eliminar Mensajes ÔÇ║ debe poder editar mensaje propio
[1A[2K  74) [chromium] ÔÇ║ src\tests\e2e\chat-realtime.spec.ts:328:3 ÔÇ║ Chat - Editar y Eliminar Mensajes ÔÇ║ debe poder editar mensaje propio 

    Error: browserType.launch: Executable doesn't exist at C:\Users\conej\AppData\Local\ms-playwright\chromium_headless_shell-1200\chrome-headless-shell-win64\chrome-headless-shell.exe
    ÔòöÔòÉÔòÉÔòÉÔòÉÔòÉÔòÉÔòÉÔòÉÔòÉÔòÉÔòÉÔòÉÔòÉÔòÉÔòÉÔòÉÔòÉÔòÉÔòÉÔòÉÔòÉÔòÉÔòÉÔòÉÔòÉÔòÉÔòÉÔòÉÔòÉÔòÉÔòÉÔòÉÔòÉÔòÉÔòÉÔòÉÔòÉÔòÉÔòÉÔòÉÔòÉÔòÉÔòÉÔòÉÔòÉÔòÉÔòÉÔòÉÔòÉÔòÉÔòÉÔòÉÔòÉÔòÉÔòÉÔòÉÔòÉÔòÉÔòÉÔòÉÔòÉÔòÉÔòÉÔòÉÔòÉÔòÉÔòÉÔòÉÔòÉÔòÉÔòÉÔòÉÔòÉÔòù
    Ôòæ Looks like Playwright Test or Playwright was just installed or updated. Ôòæ
    Ôòæ Please run the following command to download new browsers:              Ôòæ
    Ôòæ                                                                         Ôòæ
    Ôòæ     npx playwright install                                              Ôòæ
    Ôòæ                                                                         Ôòæ
    Ôòæ <3 Playwright Team                                                      Ôòæ
    ÔòÜÔòÉÔòÉÔòÉÔòÉÔòÉÔòÉÔòÉÔòÉÔòÉÔòÉÔòÉÔòÉÔòÉÔòÉÔòÉÔòÉÔòÉÔòÉÔòÉÔòÉÔòÉÔòÉÔòÉÔòÉÔòÉÔòÉÔòÉÔòÉÔòÉÔòÉÔòÉÔòÉÔòÉÔòÉÔòÉÔòÉÔòÉÔòÉÔòÉÔòÉÔòÉÔòÉÔòÉÔòÉÔòÉÔòÉÔòÉÔòÉÔòÉÔòÉÔòÉÔòÉÔòÉÔòÉÔòÉÔòÉÔòÉÔòÉÔòÉÔòÉÔòÉÔòÉÔòÉÔòÉÔòÉÔòÉÔòÉÔòÉÔòÉÔòÉÔòÉÔòÉÔòÉÔòØ


[1A[2K[75/580] [chromium] ÔÇ║ src\tests\e2e\chat-realtime.spec.ts:350:3 ÔÇ║ Chat - Chatbot IA Autom├ítico ÔÇ║ debe existir chat con IA C├│mplice
[1A[2K  75) [chromium] ÔÇ║ src\tests\e2e\chat-realtime.spec.ts:350:3 ÔÇ║ Chat - Chatbot IA Autom├ítico ÔÇ║ debe existir chat con IA C├│mplice 

    Error: browserType.launch: Executable doesn't exist at C:\Users\conej\AppData\Local\ms-playwright\chromium_headless_shell-1200\chrome-headless-shell-win64\chrome-headless-shell.exe
    ÔòöÔòÉÔòÉÔòÉÔòÉÔòÉÔòÉÔòÉÔòÉÔòÉÔòÉÔòÉÔòÉÔòÉÔòÉÔòÉÔòÉÔòÉÔòÉÔòÉÔòÉÔòÉÔòÉÔòÉÔòÉÔòÉÔòÉÔòÉÔòÉÔòÉÔòÉÔòÉÔòÉÔòÉÔòÉÔòÉÔòÉÔòÉÔòÉÔòÉÔòÉÔòÉÔòÉÔòÉÔòÉÔòÉÔòÉÔòÉÔòÉÔòÉÔòÉÔòÉÔòÉÔòÉÔòÉÔòÉÔòÉÔòÉÔòÉÔòÉÔòÉÔòÉÔòÉÔòÉÔòÉÔòÉÔòÉÔòÉÔòÉÔòÉÔòÉÔòÉÔòÉÔòÉÔòù
    Ôòæ Looks like Playwright Test or Playwright was just installed or updated. Ôòæ
    Ôòæ Please run the following command to download new browsers:              Ôòæ
    Ôòæ                                                                         Ôòæ
    Ôòæ     npx playwright install                                              Ôòæ
    Ôòæ                                                                         Ôòæ
    Ôòæ <3 Playwright Team                                                      Ôòæ
    ÔòÜÔòÉÔòÉÔòÉÔòÉÔòÉÔòÉÔòÉÔòÉÔòÉÔòÉÔòÉÔòÉÔòÉÔòÉÔòÉÔòÉÔòÉÔòÉÔòÉÔòÉÔòÉÔòÉÔòÉÔòÉÔòÉÔòÉÔòÉÔòÉÔòÉÔòÉÔòÉÔòÉÔòÉÔòÉÔòÉÔòÉÔòÉÔòÉÔòÉÔòÉÔòÉÔòÉÔòÉÔòÉÔòÉÔòÉÔòÉÔòÉÔòÉÔòÉÔòÉÔòÉÔòÉÔòÉÔòÉÔòÉÔòÉÔòÉÔòÉÔòÉÔòÉÔòÉÔòÉÔòÉÔòÉÔòÉÔòÉÔòÉÔòÉÔòÉÔòÉÔòÉÔòÉÔòØ


[1A[2K[76/580] [chromium] ÔÇ║ src\tests\e2e\chat-realtime.spec.ts:358:3 ÔÇ║ Chat - Chatbot IA Autom├ítico ÔÇ║ debe responder autom├íticamente a mensajes del usuario
[1A[2K  76) [chromium] ÔÇ║ src\tests\e2e\chat-realtime.spec.ts:358:3 ÔÇ║ Chat - Chatbot IA Autom├ítico ÔÇ║ debe responder autom├íticamente a mensajes del usuario 

    Error: browserType.launch: Executable doesn't exist at C:\Users\conej\AppData\Local\ms-playwright\chromium_headless_shell-1200\chrome-headless-shell-win64\chrome-headless-shell.exe
    ÔòöÔòÉÔòÉÔòÉÔòÉÔòÉÔòÉÔòÉÔòÉÔòÉÔòÉÔòÉÔòÉÔòÉÔòÉÔòÉÔòÉÔòÉÔòÉÔòÉÔòÉÔòÉÔòÉÔòÉÔòÉÔòÉÔòÉÔòÉÔòÉÔòÉÔòÉÔòÉÔòÉÔòÉÔòÉÔòÉÔòÉÔòÉÔòÉÔòÉÔòÉÔòÉÔòÉÔòÉÔòÉÔòÉÔòÉÔòÉÔòÉÔòÉÔòÉÔòÉÔòÉÔòÉÔòÉÔòÉÔòÉÔòÉÔòÉÔòÉÔòÉÔòÉÔòÉÔòÉÔòÉÔòÉÔòÉÔòÉÔòÉÔòÉÔòÉÔòÉÔòÉÔòÉÔòù
    Ôòæ Looks like Playwright Test or Playwright was just installed or updated. Ôòæ
    Ôòæ Please run the following command to download new browsers:              Ôòæ
    Ôòæ                                                                         Ôòæ
    Ôòæ     npx playwright install                                              Ôòæ
    Ôòæ                                                                         Ôòæ
    Ôòæ <3 Playwright Team                                                      Ôòæ
    ÔòÜÔòÉÔòÉÔòÉÔòÉÔòÉÔòÉÔòÉÔòÉÔòÉÔòÉÔòÉÔòÉÔòÉÔòÉÔòÉÔòÉÔòÉÔòÉÔòÉÔòÉÔòÉÔòÉÔòÉÔòÉÔòÉÔòÉÔòÉÔòÉÔòÉÔòÉÔòÉÔòÉÔòÉÔòÉÔòÉÔòÉÔòÉÔòÉÔòÉÔòÉÔòÉÔòÉÔòÉÔòÉÔòÉÔòÉÔòÉÔòÉÔòÉÔòÉÔòÉÔòÉÔòÉÔòÉÔòÉÔòÉÔòÉÔòÉÔòÉÔòÉÔòÉÔòÉÔòÉÔòÉÔòÉÔòÉÔòÉÔòÉÔòÉÔòÉÔòÉÔòÉÔòÉÔòØ


[1A[2K[77/580] [chromium] ÔÇ║ src\tests\e2e\chat-realtime.spec.ts:368:3 ÔÇ║ Chat - Chatbot IA Autom├ítico ÔÇ║ debe sugerir matches basados en perfil
[1A[2K[78/580] [chromium] ÔÇ║ src\tests\e2e\chat-realtime.spec.ts:383:3 ÔÇ║ Chat - Moderaci├│n Autom├ítica ÔÇ║ debe bloquear mensajes con contenido inapropiado
[1A[2K  77) [chromium] ÔÇ║ src\tests\e2e\chat-realtime.spec.ts:368:3 ÔÇ║ Chat - Chatbot IA Autom├ítico ÔÇ║ debe sugerir matches basados en perfil 

    Error: browserType.launch: Executable doesn't exist at C:\Users\conej\AppData\Local\ms-playwright\chromium_headless_shell-1200\chrome-headless-shell-win64\chrome-headless-shell.exe
    ÔòöÔòÉÔòÉÔòÉÔòÉÔòÉÔòÉÔòÉÔòÉÔòÉÔòÉÔòÉÔòÉÔòÉÔòÉÔòÉÔòÉÔòÉÔòÉÔòÉÔòÉÔòÉÔòÉÔòÉÔòÉÔòÉÔòÉÔòÉÔòÉÔòÉÔòÉÔòÉÔòÉÔòÉÔòÉÔòÉÔòÉÔòÉÔòÉÔòÉÔòÉÔòÉÔòÉÔòÉÔòÉÔòÉÔòÉÔòÉÔòÉÔòÉÔòÉÔòÉÔòÉÔòÉÔòÉÔòÉÔòÉÔòÉÔòÉÔòÉÔòÉÔòÉÔòÉÔòÉÔòÉÔòÉÔòÉÔòÉÔòÉÔòÉÔòÉÔòÉÔòÉÔòÉÔòù
    Ôòæ Looks like Playwright Test or Playwright was just installed or updated. Ôòæ
    Ôòæ Please run the following command to download new browsers:              Ôòæ
    Ôòæ                                                                         Ôòæ
    Ôòæ     npx playwright install                                              Ôòæ
    Ôòæ                                                                         Ôòæ
    Ôòæ <3 Playwright Team                                                      Ôòæ
    ÔòÜÔòÉÔòÉÔòÉÔòÉÔòÉÔòÉÔòÉÔòÉÔòÉÔòÉÔòÉÔòÉÔòÉÔòÉÔòÉÔòÉÔòÉÔòÉÔòÉÔòÉÔòÉÔòÉÔòÉÔòÉÔòÉÔòÉÔòÉÔòÉÔòÉÔòÉÔòÉÔòÉÔòÉÔòÉÔòÉÔòÉÔòÉÔòÉÔòÉÔòÉÔòÉÔòÉÔòÉÔòÉÔòÉÔòÉÔòÉÔòÉÔòÉÔòÉÔòÉÔòÉÔòÉÔòÉÔòÉÔòÉÔòÉÔòÉÔòÉÔòÉÔòÉÔòÉÔòÉÔòÉÔòÉÔòÉÔòÉÔòÉÔòÉÔòÉÔòÉÔòÉÔòÉÔòØ


[1A[2K[79/580] [chromium] ÔÇ║ src\tests\e2e\chat-realtime.spec.ts:403:3 ÔÇ║ Chat - Moderaci├│n Autom├ítica ÔÇ║ debe cumplir con Ley Olimpia (contenido sin consentimiento)
[1A[2K[80/580] [chromium] ÔÇ║ src\tests\e2e\chat-realtime.spec.ts:395:3 ÔÇ║ Chat - Moderaci├│n Autom├ítica ÔÇ║ debe mostrar advertencia al detectar contenido sospechoso
[1A[2K  78) [chromium] ÔÇ║ src\tests\e2e\chat-realtime.spec.ts:383:3 ÔÇ║ Chat - Moderaci├│n Autom├ítica ÔÇ║ debe bloquear mensajes con contenido inapropiado 

    Error: browserType.launch: Executable doesn't exist at C:\Users\conej\AppData\Local\ms-playwright\chromium_headless_shell-1200\chrome-headless-shell-win64\chrome-headless-shell.exe
    ÔòöÔòÉÔòÉÔòÉÔòÉÔòÉÔòÉÔòÉÔòÉÔòÉÔòÉÔòÉÔòÉÔòÉÔòÉÔòÉÔòÉÔòÉÔòÉÔòÉÔòÉÔòÉÔòÉÔòÉÔòÉÔòÉÔòÉÔòÉÔòÉÔòÉÔòÉÔòÉÔòÉÔòÉÔòÉÔòÉÔòÉÔòÉÔòÉÔòÉÔòÉÔòÉÔòÉÔòÉÔòÉÔòÉÔòÉÔòÉÔòÉÔòÉÔòÉÔòÉÔòÉÔòÉÔòÉÔòÉÔòÉÔòÉÔòÉÔòÉÔòÉÔòÉÔòÉÔòÉÔòÉÔòÉÔòÉÔòÉÔòÉÔòÉÔòÉÔòÉÔòÉÔòÉÔòù
    Ôòæ Looks like Playwright Test or Playwright was just installed or updated. Ôòæ
    Ôòæ Please run the following command to download new browsers:              Ôòæ
    Ôòæ                                                                         Ôòæ
    Ôòæ     npx playwright install                                              Ôòæ
    Ôòæ                                                                         Ôòæ
    Ôòæ <3 Playwright Team                                                      Ôòæ
    ÔòÜÔòÉÔòÉÔòÉÔòÉÔòÉÔòÉÔòÉÔòÉÔòÉÔòÉÔòÉÔòÉÔòÉÔòÉÔòÉÔòÉÔòÉÔòÉÔòÉÔòÉÔòÉÔòÉÔòÉÔòÉÔòÉÔòÉÔòÉÔòÉÔòÉÔòÉÔòÉÔòÉÔòÉÔòÉÔòÉÔòÉÔòÉÔòÉÔòÉÔòÉÔòÉÔòÉÔòÉÔòÉÔòÉÔòÉÔòÉÔòÉÔòÉÔòÉÔòÉÔòÉÔòÉÔòÉÔòÉÔòÉÔòÉÔòÉÔòÉÔòÉÔòÉÔòÉÔòÉÔòÉÔòÉÔòÉÔòÉÔòÉÔòÉÔòÉÔòÉÔòÉÔòÉÔòØ


[1A[2K  79) [chromium] ÔÇ║ src\tests\e2e\chat-realtime.spec.ts:403:3 ÔÇ║ Chat - Moderaci├│n Autom├ítica ÔÇ║ debe cumplir con Ley Olimpia (contenido sin consentimiento) 

    Error: browserType.launch: Executable doesn't exist at C:\Users\conej\AppData\Local\ms-playwright\chromium_headless_shell-1200\chrome-headless-shell-win64\chrome-headless-shell.exe
    ÔòöÔòÉÔòÉÔòÉÔòÉÔòÉÔòÉÔòÉÔòÉÔòÉÔòÉÔòÉÔòÉÔòÉÔòÉÔòÉÔòÉÔòÉÔòÉÔòÉÔòÉÔòÉÔòÉÔòÉÔòÉÔòÉÔòÉÔòÉÔòÉÔòÉÔòÉÔòÉÔòÉÔòÉÔòÉÔòÉÔòÉÔòÉÔòÉÔòÉÔòÉÔòÉÔòÉÔòÉÔòÉÔòÉÔòÉÔòÉÔòÉÔòÉÔòÉÔòÉÔòÉÔòÉÔòÉÔòÉÔòÉÔòÉÔòÉÔòÉÔòÉÔòÉÔòÉÔòÉÔòÉÔòÉÔòÉÔòÉÔòÉÔòÉÔòÉÔòÉÔòÉÔòÉÔòù
    Ôòæ Looks like Playwright Test or Playwright was just installed or updated. Ôòæ
    Ôòæ Please run the following command to download new browsers:              Ôòæ
    Ôòæ                                                                         Ôòæ
    Ôòæ     npx playwright install                                              Ôòæ
    Ôòæ                                                                         Ôòæ
    Ôòæ <3 Playwright Team                                                      Ôòæ
    ÔòÜÔòÉÔòÉÔòÉÔòÉÔòÉÔòÉÔòÉÔòÉÔòÉÔòÉÔòÉÔòÉÔòÉÔòÉÔòÉÔòÉÔòÉÔòÉÔòÉÔòÉÔòÉÔòÉÔòÉÔòÉÔòÉÔòÉÔòÉÔòÉÔòÉÔòÉÔòÉÔòÉÔòÉÔòÉÔòÉÔòÉÔòÉÔòÉÔòÉÔòÉÔòÉÔòÉÔòÉÔòÉÔòÉÔòÉÔòÉÔòÉÔòÉÔòÉÔòÉÔòÉÔòÉÔòÉÔòÉÔòÉÔòÉÔòÉÔòÉÔòÉÔòÉÔòÉÔòÉÔòÉÔòÉÔòÉÔòÉÔòÉÔòÉÔòÉÔòÉÔòÉÔòÉÔòØ


[1A[2K  80) [chromium] ÔÇ║ src\tests\e2e\chat-realtime.spec.ts:395:3 ÔÇ║ Chat - Moderaci├│n Autom├ítica ÔÇ║ debe mostrar advertencia al detectar contenido sospechoso 

    Error: browserType.launch: Executable doesn't exist at C:\Users\conej\AppData\Local\ms-playwright\chromium_headless_shell-1200\chrome-headless-shell-win64\chrome-headless-shell.exe
    ÔòöÔòÉÔòÉÔòÉÔòÉÔòÉÔòÉÔòÉÔòÉÔòÉÔòÉÔòÉÔòÉÔòÉÔòÉÔòÉÔòÉÔòÉÔòÉÔòÉÔòÉÔòÉÔòÉÔòÉÔòÉÔòÉÔòÉÔòÉÔòÉÔòÉÔòÉÔòÉÔòÉÔòÉÔòÉÔòÉÔòÉÔòÉÔòÉÔòÉÔòÉÔòÉÔòÉÔòÉÔòÉÔòÉÔòÉÔòÉÔòÉÔòÉÔòÉÔòÉÔòÉÔòÉÔòÉÔòÉÔòÉÔòÉÔòÉÔòÉÔòÉÔòÉÔòÉÔòÉÔòÉÔòÉÔòÉÔòÉÔòÉÔòÉÔòÉÔòÉÔòÉÔòÉÔòù
    Ôòæ Looks like Playwright Test or Playwright was just installed or updated. Ôòæ
    Ôòæ Please run the following command to download new browsers:              Ôòæ
    Ôòæ                                                                         Ôòæ
    Ôòæ     npx playwright install                                              Ôòæ
    Ôòæ                                                                         Ôòæ
    Ôòæ <3 Playwright Team                                                      Ôòæ
    ÔòÜÔòÉÔòÉÔòÉÔòÉÔòÉÔòÉÔòÉÔòÉÔòÉÔòÉÔòÉÔòÉÔòÉÔòÉÔòÉÔòÉÔòÉÔòÉÔòÉÔòÉÔòÉÔòÉÔòÉÔòÉÔòÉÔòÉÔòÉÔòÉÔòÉÔòÉÔòÉÔòÉÔòÉÔòÉÔòÉÔòÉÔòÉÔòÉÔòÉÔòÉÔòÉÔòÉÔòÉÔòÉÔòÉÔòÉÔòÉÔòÉÔòÉÔòÉÔòÉÔòÉÔòÉÔòÉÔòÉÔòÉÔòÉÔòÉÔòÉÔòÉÔòÉÔòÉÔòÉÔòÉÔòÉÔòÉÔòÉÔòÉÔòÉÔòÉÔòÉÔòÉÔòÉÔòØ


[1A[2K[81/580] [chromium] ÔÇ║ src\tests\e2e\chat-realtime.spec.ts:418:3 ÔÇ║ Chat - Bloquear y Reportar ÔÇ║ debe tener opci├│n para bloquear usuario desde chat
[1A[2K  81) [chromium] ÔÇ║ src\tests\e2e\chat-realtime.spec.ts:418:3 ÔÇ║ Chat - Bloquear y Reportar ÔÇ║ debe tener opci├│n para bloquear usuario desde chat 

    Error: browserType.launch: Executable doesn't exist at C:\Users\conej\AppData\Local\ms-playwright\chromium_headless_shell-1200\chrome-headless-shell-win64\chrome-headless-shell.exe
    ÔòöÔòÉÔòÉÔòÉÔòÉÔòÉÔòÉÔòÉÔòÉÔòÉÔòÉÔòÉÔòÉÔòÉÔòÉÔòÉÔòÉÔòÉÔòÉÔòÉÔòÉÔòÉÔòÉÔòÉÔòÉÔòÉÔòÉÔòÉÔòÉÔòÉÔòÉÔòÉÔòÉÔòÉÔòÉÔòÉÔòÉÔòÉÔòÉÔòÉÔòÉÔòÉÔòÉÔòÉÔòÉÔòÉÔòÉÔòÉÔòÉÔòÉÔòÉÔòÉÔòÉÔòÉÔòÉÔòÉÔòÉÔòÉÔòÉÔòÉÔòÉÔòÉÔòÉÔòÉÔòÉÔòÉÔòÉÔòÉÔòÉÔòÉÔòÉÔòÉÔòÉÔòÉÔòù
    Ôòæ Looks like Playwright Test or Playwright was just installed or updated. Ôòæ
    Ôòæ Please run the following command to download new browsers:              Ôòæ
    Ôòæ                                                                         Ôòæ
    Ôòæ     npx playwright install                                              Ôòæ
    Ôòæ                                                                         Ôòæ
    Ôòæ <3 Playwright Team                                                      Ôòæ
    ÔòÜÔòÉÔòÉÔòÉÔòÉÔòÉÔòÉÔòÉÔòÉÔòÉÔòÉÔòÉÔòÉÔòÉÔòÉÔòÉÔòÉÔòÉÔòÉÔòÉÔòÉÔòÉÔòÉÔòÉÔòÉÔòÉÔòÉÔòÉÔòÉÔòÉÔòÉÔòÉÔòÉÔòÉÔòÉÔòÉÔòÉÔòÉÔòÉÔòÉÔòÉÔòÉÔòÉÔòÉÔòÉÔòÉÔòÉÔòÉÔòÉÔòÉÔòÉÔòÉÔòÉÔòÉÔòÉÔòÉÔòÉÔòÉÔòÉÔòÉÔòÉÔòÉÔòÉÔòÉÔòÉÔòÉÔòÉÔòÉÔòÉÔòÉÔòÉÔòÉÔòÉÔòÉÔòØ


[1A[2K[82/580] [chromium] ÔÇ║ src\tests\e2e\chat-realtime.spec.ts:425:3 ÔÇ║ Chat - Bloquear y Reportar ÔÇ║ debe tener opci├│n para reportar usuario
[1A[2K  82) [chromium] ÔÇ║ src\tests\e2e\chat-realtime.spec.ts:425:3 ÔÇ║ Chat - Bloquear y Reportar ÔÇ║ debe tener opci├│n para reportar usuario 

    Error: browserType.launch: Executable doesn't exist at C:\Users\conej\AppData\Local\ms-playwright\chromium_headless_shell-1200\chrome-headless-shell-win64\chrome-headless-shell.exe
    ÔòöÔòÉÔòÉÔòÉÔòÉÔòÉÔòÉÔòÉÔòÉÔòÉÔòÉÔòÉÔòÉÔòÉÔòÉÔòÉÔòÉÔòÉÔòÉÔòÉÔòÉÔòÉÔòÉÔòÉÔòÉÔòÉÔòÉÔòÉÔòÉÔòÉÔòÉÔòÉÔòÉÔòÉÔòÉÔòÉÔòÉÔòÉÔòÉÔòÉÔòÉÔòÉÔòÉÔòÉÔòÉÔòÉÔòÉÔòÉÔòÉÔòÉÔòÉÔòÉÔòÉÔòÉÔòÉÔòÉÔòÉÔòÉÔòÉÔòÉÔòÉÔòÉÔòÉÔòÉÔòÉÔòÉÔòÉÔòÉÔòÉÔòÉÔòÉÔòÉÔòÉÔòÉÔòù
    Ôòæ Looks like Playwright Test or Playwright was just installed or updated. Ôòæ
    Ôòæ Please run the following command to download new browsers:              Ôòæ
    Ôòæ                                                                         Ôòæ
    Ôòæ     npx playwright install                                              Ôòæ
    Ôòæ                                                                         Ôòæ
    Ôòæ <3 Playwright Team                                                      Ôòæ
    ÔòÜÔòÉÔòÉÔòÉÔòÉÔòÉÔòÉÔòÉÔòÉÔòÉÔòÉÔòÉÔòÉÔòÉÔòÉÔòÉÔòÉÔòÉÔòÉÔòÉÔòÉÔòÉÔòÉÔòÉÔòÉÔòÉÔòÉÔòÉÔòÉÔòÉÔòÉÔòÉÔòÉÔòÉÔòÉÔòÉÔòÉÔòÉÔòÉÔòÉÔòÉÔòÉÔòÉÔòÉÔòÉÔòÉÔòÉÔòÉÔòÉÔòÉÔòÉÔòÉÔòÉÔòÉÔòÉÔòÉÔòÉÔòÉÔòÉÔòÉÔòÉÔòÉÔòÉÔòÉÔòÉÔòÉÔòÉÔòÉÔòÉÔòÉÔòÉÔòÉÔòÉÔòÉÔòØ


[1A[2K[83/580] [chromium] ÔÇ║ src\tests\e2e\chat-realtime.spec.ts:432:3 ÔÇ║ Chat - Bloquear y Reportar ÔÇ║ debe confirmar antes de bloquear
[1A[2K  83) [chromium] ÔÇ║ src\tests\e2e\chat-realtime.spec.ts:432:3 ÔÇ║ Chat - Bloquear y Reportar ÔÇ║ debe confirmar antes de bloquear 

    Error: browserType.launch: Executable doesn't exist at C:\Users\conej\AppData\Local\ms-playwright\chromium_headless_shell-1200\chrome-headless-shell-win64\chrome-headless-shell.exe
    ÔòöÔòÉÔòÉÔòÉÔòÉÔòÉÔòÉÔòÉÔòÉÔòÉÔòÉÔòÉÔòÉÔòÉÔòÉÔòÉÔòÉÔòÉÔòÉÔòÉÔòÉÔòÉÔòÉÔòÉÔòÉÔòÉÔòÉÔòÉÔòÉÔòÉÔòÉÔòÉÔòÉÔòÉÔòÉÔòÉÔòÉÔòÉÔòÉÔòÉÔòÉÔòÉÔòÉÔòÉÔòÉÔòÉÔòÉÔòÉÔòÉÔòÉÔòÉÔòÉÔòÉÔòÉÔòÉÔòÉÔòÉÔòÉÔòÉÔòÉÔòÉÔòÉÔòÉÔòÉÔòÉÔòÉÔòÉÔòÉÔòÉÔòÉÔòÉÔòÉÔòÉÔòÉÔòù
    Ôòæ Looks like Playwright Test or Playwright was just installed or updated. Ôòæ
    Ôòæ Please run the following command to download new browsers:              Ôòæ
    Ôòæ                                                                         Ôòæ
    Ôòæ     npx playwright install                                              Ôòæ
    Ôòæ                                                                         Ôòæ
    Ôòæ <3 Playwright Team                                                      Ôòæ
    ÔòÜÔòÉÔòÉÔòÉÔòÉÔòÉÔòÉÔòÉÔòÉÔòÉÔòÉÔòÉÔòÉÔòÉÔòÉÔòÉÔòÉÔòÉÔòÉÔòÉÔòÉÔòÉÔòÉÔòÉÔòÉÔòÉÔòÉÔòÉÔòÉÔòÉÔòÉÔòÉÔòÉÔòÉÔòÉÔòÉÔòÉÔòÉÔòÉÔòÉÔòÉÔòÉÔòÉÔòÉÔòÉÔòÉÔòÉÔòÉÔòÉÔòÉÔòÉÔòÉÔòÉÔòÉÔòÉÔòÉÔòÉÔòÉÔòÉÔòÉÔòÉÔòÉÔòÉÔòÉÔòÉÔòÉÔòÉÔòÉÔòÉÔòÉÔòÉÔòÉÔòÉÔòÉÔòØ


[1A[2K[84/580] [chromium] ÔÇ║ src\tests\e2e\chat-realtime.spec.ts:454:3 ÔÇ║ Chat - Notificaciones ÔÇ║ debe mostrar badge con cantidad de mensajes no le├¡dos
[1A[2K  84) [chromium] ÔÇ║ src\tests\e2e\chat-realtime.spec.ts:454:3 ÔÇ║ Chat - Notificaciones ÔÇ║ debe mostrar badge con cantidad de mensajes no le├¡dos 

    Error: browserType.launch: Executable doesn't exist at C:\Users\conej\AppData\Local\ms-playwright\chromium_headless_shell-1200\chrome-headless-shell-win64\chrome-headless-shell.exe
    ÔòöÔòÉÔòÉÔòÉÔòÉÔòÉÔòÉÔòÉÔòÉÔòÉÔòÉÔòÉÔòÉÔòÉÔòÉÔòÉÔòÉÔòÉÔòÉÔòÉÔòÉÔòÉÔòÉÔòÉÔòÉÔòÉÔòÉÔòÉÔòÉÔòÉÔòÉÔòÉÔòÉÔòÉÔòÉÔòÉÔòÉÔòÉÔòÉÔòÉÔòÉÔòÉÔòÉÔòÉÔòÉÔòÉÔòÉÔòÉÔòÉÔòÉÔòÉÔòÉÔòÉÔòÉÔòÉÔòÉÔòÉÔòÉÔòÉÔòÉÔòÉÔòÉÔòÉÔòÉÔòÉÔòÉÔòÉÔòÉÔòÉÔòÉÔòÉÔòÉÔòÉÔòÉÔòù
    Ôòæ Looks like Playwright Test or Playwright was just installed or updated. Ôòæ
    Ôòæ Please run the following command to download new browsers:              Ôòæ
    Ôòæ                                                                         Ôòæ
    Ôòæ     npx playwright install                                              Ôòæ
    Ôòæ                                                                         Ôòæ
    Ôòæ <3 Playwright Team                                                      Ôòæ
    ÔòÜÔòÉÔòÉÔòÉÔòÉÔòÉÔòÉÔòÉÔòÉÔòÉÔòÉÔòÉÔòÉÔòÉÔòÉÔòÉÔòÉÔòÉÔòÉÔòÉÔòÉÔòÉÔòÉÔòÉÔòÉÔòÉÔòÉÔòÉÔòÉÔòÉÔòÉÔòÉÔòÉÔòÉÔòÉÔòÉÔòÉÔòÉÔòÉÔòÉÔòÉÔòÉÔòÉÔòÉÔòÉÔòÉÔòÉÔòÉÔòÉÔòÉÔòÉÔòÉÔòÉÔòÉÔòÉÔòÉÔòÉÔòÉÔòÉÔòÉÔòÉÔòÉÔòÉÔòÉÔòÉÔòÉÔòÉÔòÉÔòÉÔòÉÔòÉÔòÉÔòÉÔòÉÔòØ


[1A[2K[85/580] [chromium] ÔÇ║ src\tests\e2e\chat-realtime.spec.ts:461:3 ÔÇ║ Chat - Notificaciones ÔÇ║ debe actualizar contador en tiempo real
[1A[2K[86/580] [chromium] ÔÇ║ src\tests\e2e\chat-realtime.spec.ts:468:3 ÔÇ║ Chat - Notificaciones ÔÇ║ debe limpiar badge al abrir chat
[1A[2K  85) [chromium] ÔÇ║ src\tests\e2e\chat-realtime.spec.ts:461:3 ÔÇ║ Chat - Notificaciones ÔÇ║ debe actualizar contador en tiempo real 

    Error: browserType.launch: Executable doesn't exist at C:\Users\conej\AppData\Local\ms-playwright\chromium_headless_shell-1200\chrome-headless-shell-win64\chrome-headless-shell.exe
    ÔòöÔòÉÔòÉÔòÉÔòÉÔòÉÔòÉÔòÉÔòÉÔòÉÔòÉÔòÉÔòÉÔòÉÔòÉÔòÉÔòÉÔòÉÔòÉÔòÉÔòÉÔòÉÔòÉÔòÉÔòÉÔòÉÔòÉÔòÉÔòÉÔòÉÔòÉÔòÉÔòÉÔòÉÔòÉÔòÉÔòÉÔòÉÔòÉÔòÉÔòÉÔòÉÔòÉÔòÉÔòÉÔòÉÔòÉÔòÉÔòÉÔòÉÔòÉÔòÉÔòÉÔòÉÔòÉÔòÉÔòÉÔòÉÔòÉÔòÉÔòÉÔòÉÔòÉÔòÉÔòÉÔòÉÔòÉÔòÉÔòÉÔòÉÔòÉÔòÉÔòÉÔòÉÔòù
    Ôòæ Looks like Playwright Test or Playwright was just installed or updated. Ôòæ
    Ôòæ Please run the following command to download new browsers:              Ôòæ
    Ôòæ                                                                         Ôòæ
    Ôòæ     npx playwright install                                              Ôòæ
    Ôòæ                                                                         Ôòæ
    Ôòæ <3 Playwright Team                                                      Ôòæ
    ÔòÜÔòÉÔòÉÔòÉÔòÉÔòÉÔòÉÔòÉÔòÉÔòÉÔòÉÔòÉÔòÉÔòÉÔòÉÔòÉÔòÉÔòÉÔòÉÔòÉÔòÉÔòÉÔòÉÔòÉÔòÉÔòÉÔòÉÔòÉÔòÉÔòÉÔòÉÔòÉÔòÉÔòÉÔòÉÔòÉÔòÉÔòÉÔòÉÔòÉÔòÉÔòÉÔòÉÔòÉÔòÉÔòÉÔòÉÔòÉÔòÉÔòÉÔòÉÔòÉÔòÉÔòÉÔòÉÔòÉÔòÉÔòÉÔòÉÔòÉÔòÉÔòÉÔòÉÔòÉÔòÉÔòÉÔòÉÔòÉÔòÉÔòÉÔòÉÔòÉÔòÉÔòÉÔòØ


[1A[2K[87/580] [chromium] ÔÇ║ src\tests\e2e\chat-realtime.spec.ts:490:3 ÔÇ║ Chat - Chat Grupal ÔÇ║ debe poder crear chat grupal
[1A[2K[88/580] [chromium] ÔÇ║ src\tests\e2e\chat-realtime.spec.ts:497:3 ÔÇ║ Chat - Chat Grupal ÔÇ║ debe mostrar lista de participantes en chat grupal
[1A[2K  86) [chromium] ÔÇ║ src\tests\e2e\chat-realtime.spec.ts:468:3 ÔÇ║ Chat - Notificaciones ÔÇ║ debe limpiar badge al abrir chat 

    Error: browserType.launch: Executable doesn't exist at C:\Users\conej\AppData\Local\ms-playwright\chromium_headless_shell-1200\chrome-headless-shell-win64\chrome-headless-shell.exe
    ÔòöÔòÉÔòÉÔòÉÔòÉÔòÉÔòÉÔòÉÔòÉÔòÉÔòÉÔòÉÔòÉÔòÉÔòÉÔòÉÔòÉÔòÉÔòÉÔòÉÔòÉÔòÉÔòÉÔòÉÔòÉÔòÉÔòÉÔòÉÔòÉÔòÉÔòÉÔòÉÔòÉÔòÉÔòÉÔòÉÔòÉÔòÉÔòÉÔòÉÔòÉÔòÉÔòÉÔòÉÔòÉÔòÉÔòÉÔòÉÔòÉÔòÉÔòÉÔòÉÔòÉÔòÉÔòÉÔòÉÔòÉÔòÉÔòÉÔòÉÔòÉÔòÉÔòÉÔòÉÔòÉÔòÉÔòÉÔòÉÔòÉÔòÉÔòÉÔòÉÔòÉÔòÉÔòù
    Ôòæ Looks like Playwright Test or Playwright was just installed or updated. Ôòæ
    Ôòæ Please run the following command to download new browsers:              Ôòæ
    Ôòæ                                                                         Ôòæ
    Ôòæ     npx playwright install                                              Ôòæ
    Ôòæ                                                                         Ôòæ
    Ôòæ <3 Playwright Team                                                      Ôòæ
    ÔòÜÔòÉÔòÉÔòÉÔòÉÔòÉÔòÉÔòÉÔòÉÔòÉÔòÉÔòÉÔòÉÔòÉÔòÉÔòÉÔòÉÔòÉÔòÉÔòÉÔòÉÔòÉÔòÉÔòÉÔòÉÔòÉÔòÉÔòÉÔòÉÔòÉÔòÉÔòÉÔòÉÔòÉÔòÉÔòÉÔòÉÔòÉÔòÉÔòÉÔòÉÔòÉÔòÉÔòÉÔòÉÔòÉÔòÉÔòÉÔòÉÔòÉÔòÉÔòÉÔòÉÔòÉÔòÉÔòÉÔòÉÔòÉÔòÉÔòÉÔòÉÔòÉÔòÉÔòÉÔòÉÔòÉÔòÉÔòÉÔòÉÔòÉÔòÉÔòÉÔòÉÔòÉÔòØ


[1A[2K  87) [chromium] ÔÇ║ src\tests\e2e\chat-realtime.spec.ts:490:3 ÔÇ║ Chat - Chat Grupal ÔÇ║ debe poder crear chat grupal 

    Error: browserType.launch: Executable doesn't exist at C:\Users\conej\AppData\Local\ms-playwright\chromium_headless_shell-1200\chrome-headless-shell-win64\chrome-headless-shell.exe
    ÔòöÔòÉÔòÉÔòÉÔòÉÔòÉÔòÉÔòÉÔòÉÔòÉÔòÉÔòÉÔòÉÔòÉÔòÉÔòÉÔòÉÔòÉÔòÉÔòÉÔòÉÔòÉÔòÉÔòÉÔòÉÔòÉÔòÉÔòÉÔòÉÔòÉÔòÉÔòÉÔòÉÔòÉÔòÉÔòÉÔòÉÔòÉÔòÉÔòÉÔòÉÔòÉÔòÉÔòÉÔòÉÔòÉÔòÉÔòÉÔòÉÔòÉÔòÉÔòÉÔòÉÔòÉÔòÉÔòÉÔòÉÔòÉÔòÉÔòÉÔòÉÔòÉÔòÉÔòÉÔòÉÔòÉÔòÉÔòÉÔòÉÔòÉÔòÉÔòÉÔòÉÔòÉÔòù
    Ôòæ Looks like Playwright Test or Playwright was just installed or updated. Ôòæ
    Ôòæ Please run the following command to download new browsers:              Ôòæ
    Ôòæ                                                                         Ôòæ
    Ôòæ     npx playwright install                                              Ôòæ
    Ôòæ                                                                         Ôòæ
    Ôòæ <3 Playwright Team                                                      Ôòæ
    ÔòÜÔòÉÔòÉÔòÉÔòÉÔòÉÔòÉÔòÉÔòÉÔòÉÔòÉÔòÉÔòÉÔòÉÔòÉÔòÉÔòÉÔòÉÔòÉÔòÉÔòÉÔòÉÔòÉÔòÉÔòÉÔòÉÔòÉÔòÉÔòÉÔòÉÔòÉÔòÉÔòÉÔòÉÔòÉÔòÉÔòÉÔòÉÔòÉÔòÉÔòÉÔòÉÔòÉÔòÉÔòÉÔòÉÔòÉÔòÉÔòÉÔòÉÔòÉÔòÉÔòÉÔòÉÔòÉÔòÉÔòÉÔòÉÔòÉÔòÉÔòÉÔòÉÔòÉÔòÉÔòÉÔòÉÔòÉÔòÉÔòÉÔòÉÔòÉÔòÉÔòÉÔòÉÔòØ


[1A[2K  88) [chromium] ÔÇ║ src\tests\e2e\chat-realtime.spec.ts:497:3 ÔÇ║ Chat - Chat Grupal ÔÇ║ debe mostrar lista de participantes en chat grupal 

    Error: browserType.launch: Executable doesn't exist at C:\Users\conej\AppData\Local\ms-playwright\chromium_headless_shell-1200\chrome-headless-shell-win64\chrome-headless-shell.exe
    ÔòöÔòÉÔòÉÔòÉÔòÉÔòÉÔòÉÔòÉÔòÉÔòÉÔòÉÔòÉÔòÉÔòÉÔòÉÔòÉÔòÉÔòÉÔòÉÔòÉÔòÉÔòÉÔòÉÔòÉÔòÉÔòÉÔòÉÔòÉÔòÉÔòÉÔòÉÔòÉÔòÉÔòÉÔòÉÔòÉÔòÉÔòÉÔòÉÔòÉÔòÉÔòÉÔòÉÔòÉÔòÉÔòÉÔòÉÔòÉÔòÉÔòÉÔòÉÔòÉÔòÉÔòÉÔòÉÔòÉÔòÉÔòÉÔòÉÔòÉÔòÉÔòÉÔòÉÔòÉÔòÉÔòÉÔòÉÔòÉÔòÉÔòÉÔòÉÔòÉÔòÉÔòÉÔòù
    Ôòæ Looks like Playwright Test or Playwright was just installed or updated. Ôòæ
    Ôòæ Please run the following command to download new browsers:              Ôòæ
    Ôòæ                                                                         Ôòæ
    Ôòæ     npx playwright install                                              Ôòæ
    Ôòæ                                                                         Ôòæ
    Ôòæ <3 Playwright Team                                                      Ôòæ
    ÔòÜÔòÉÔòÉÔòÉÔòÉÔòÉÔòÉÔòÉÔòÉÔòÉÔòÉÔòÉÔòÉÔòÉÔòÉÔòÉÔòÉÔòÉÔòÉÔòÉÔòÉÔòÉÔòÉÔòÉÔòÉÔòÉÔòÉÔòÉÔòÉÔòÉÔòÉÔòÉÔòÉÔòÉÔòÉÔòÉÔòÉÔòÉÔòÉÔòÉÔòÉÔòÉÔòÉÔòÉÔòÉÔòÉÔòÉÔòÉÔòÉÔòÉÔòÉÔòÉÔòÉÔòÉÔòÉÔòÉÔòÉÔòÉÔòÉÔòÉÔòÉÔòÉÔòÉÔòÉÔòÉÔòÉÔòÉÔòÉÔòÉÔòÉÔòÉÔòÉÔòÉÔòÉÔòØ


[1A[2K[89/580] [chromium] ÔÇ║ src\tests\e2e\clubs.spec.ts:13:5 ÔÇ║ Clubs ÔÇ║ debe testear funcionalidad clubs 1
[1A[2K  89) [chromium] ÔÇ║ src\tests\e2e\clubs.spec.ts:13:5 ÔÇ║ Clubs ÔÇ║ debe testear funcionalidad clubs 1 ÔöÇÔöÇÔöÇ

    Error: browserType.launch: Executable doesn't exist at C:\Users\conej\AppData\Local\ms-playwright\chromium_headless_shell-1200\chrome-headless-shell-win64\chrome-headless-shell.exe
    ÔòöÔòÉÔòÉÔòÉÔòÉÔòÉÔòÉÔòÉÔòÉÔòÉÔòÉÔòÉÔòÉÔòÉÔòÉÔòÉÔòÉÔòÉÔòÉÔòÉÔòÉÔòÉÔòÉÔòÉÔòÉÔòÉÔòÉÔòÉÔòÉÔòÉÔòÉÔòÉÔòÉÔòÉÔòÉÔòÉÔòÉÔòÉÔòÉÔòÉÔòÉÔòÉÔòÉÔòÉÔòÉÔòÉÔòÉÔòÉÔòÉÔòÉÔòÉÔòÉÔòÉÔòÉÔòÉÔòÉÔòÉÔòÉÔòÉÔòÉÔòÉÔòÉÔòÉÔòÉÔòÉÔòÉÔòÉÔòÉÔòÉÔòÉÔòÉÔòÉÔòÉÔòÉÔòù
    Ôòæ Looks like Playwright Test or Playwright was just installed or updated. Ôòæ
    Ôòæ Please run the following command to download new browsers:              Ôòæ
    Ôòæ                                                                         Ôòæ
    Ôòæ     npx playwright install                                              Ôòæ
    Ôòæ                                                                         Ôòæ
    Ôòæ <3 Playwright Team                                                      Ôòæ
    ÔòÜÔòÉÔòÉÔòÉÔòÉÔòÉÔòÉÔòÉÔòÉÔòÉÔòÉÔòÉÔòÉÔòÉÔòÉÔòÉÔòÉÔòÉÔòÉÔòÉÔòÉÔòÉÔòÉÔòÉÔòÉÔòÉÔòÉÔòÉÔòÉÔòÉÔòÉÔòÉÔòÉÔòÉÔòÉÔòÉÔòÉÔòÉÔòÉÔòÉÔòÉÔòÉÔòÉÔòÉÔòÉÔòÉÔòÉÔòÉÔòÉÔòÉÔòÉÔòÉÔòÉÔòÉÔòÉÔòÉÔòÉÔòÉÔòÉÔòÉÔòÉÔòÉÔòÉÔòÉÔòÉÔòÉÔòÉÔòÉÔòÉÔòÉÔòÉÔòÉÔòÉÔòÉÔòØ


[1A[2K[90/580] [chromium] ÔÇ║ src\tests\e2e\clubs.spec.ts:13:5 ÔÇ║ Clubs ÔÇ║ debe testear funcionalidad clubs 2
[1A[2K  90) [chromium] ÔÇ║ src\tests\e2e\clubs.spec.ts:13:5 ÔÇ║ Clubs ÔÇ║ debe testear funcionalidad clubs 2 ÔöÇÔöÇÔöÇ

    Error: browserType.launch: Executable doesn't exist at C:\Users\conej\AppData\Local\ms-playwright\chromium_headless_shell-1200\chrome-headless-shell-win64\chrome-headless-shell.exe
    ÔòöÔòÉÔòÉÔòÉÔòÉÔòÉÔòÉÔòÉÔòÉÔòÉÔòÉÔòÉÔòÉÔòÉÔòÉÔòÉÔòÉÔòÉÔòÉÔòÉÔòÉÔòÉÔòÉÔòÉÔòÉÔòÉÔòÉÔòÉÔòÉÔòÉÔòÉÔòÉÔòÉÔòÉÔòÉÔòÉÔòÉÔòÉÔòÉÔòÉÔòÉÔòÉÔòÉÔòÉÔòÉÔòÉÔòÉÔòÉÔòÉÔòÉÔòÉÔòÉÔòÉÔòÉÔòÉÔòÉÔòÉÔòÉÔòÉÔòÉÔòÉÔòÉÔòÉÔòÉÔòÉÔòÉÔòÉÔòÉÔòÉÔòÉÔòÉÔòÉÔòÉÔòÉÔòù
    Ôòæ Looks like Playwright Test or Playwright was just installed or updated. Ôòæ
    Ôòæ Please run the following command to download new browsers:              Ôòæ
    Ôòæ                                                                         Ôòæ
    Ôòæ     npx playwright install                                              Ôòæ
    Ôòæ                                                                         Ôòæ
    Ôòæ <3 Playwright Team                                                      Ôòæ
    ÔòÜÔòÉÔòÉÔòÉÔòÉÔòÉÔòÉÔòÉÔòÉÔòÉÔòÉÔòÉÔòÉÔòÉÔòÉÔòÉÔòÉÔòÉÔòÉÔòÉÔòÉÔòÉÔòÉÔòÉÔòÉÔòÉÔòÉÔòÉÔòÉÔòÉÔòÉÔòÉÔòÉÔòÉÔòÉÔòÉÔòÉÔòÉÔòÉÔòÉÔòÉÔòÉÔòÉÔòÉÔòÉÔòÉÔòÉÔòÉÔòÉÔòÉÔòÉÔòÉÔòÉÔòÉÔòÉÔòÉÔòÉÔòÉÔòÉÔòÉÔòÉÔòÉÔòÉÔòÉÔòÉÔòÉÔòÉÔòÉÔòÉÔòÉÔòÉÔòÉÔòÉÔòÉÔòØ


[1A[2K[91/580] [chromium] ÔÇ║ src\tests\e2e\clubs.spec.ts:13:5 ÔÇ║ Clubs ÔÇ║ debe testear funcionalidad clubs 3
[1A[2K  91) [chromium] ÔÇ║ src\tests\e2e\clubs.spec.ts:13:5 ÔÇ║ Clubs ÔÇ║ debe testear funcionalidad clubs 3 ÔöÇÔöÇÔöÇ

    Error: browserType.launch: Executable doesn't exist at C:\Users\conej\AppData\Local\ms-playwright\chromium_headless_shell-1200\chrome-headless-shell-win64\chrome-headless-shell.exe
    ÔòöÔòÉÔòÉÔòÉÔòÉÔòÉÔòÉÔòÉÔòÉÔòÉÔòÉÔòÉÔòÉÔòÉÔòÉÔòÉÔòÉÔòÉÔòÉÔòÉÔòÉÔòÉÔòÉÔòÉÔòÉÔòÉÔòÉÔòÉÔòÉÔòÉÔòÉÔòÉÔòÉÔòÉÔòÉÔòÉÔòÉÔòÉÔòÉÔòÉÔòÉÔòÉÔòÉÔòÉÔòÉÔòÉÔòÉÔòÉÔòÉÔòÉÔòÉÔòÉÔòÉÔòÉÔòÉÔòÉÔòÉÔòÉÔòÉÔòÉÔòÉÔòÉÔòÉÔòÉÔòÉÔòÉÔòÉÔòÉÔòÉÔòÉÔòÉÔòÉÔòÉÔòÉÔòù
    Ôòæ Looks like Playwright Test or Playwright was just installed or updated. Ôòæ
    Ôòæ Please run the following command to download new browsers:              Ôòæ
    Ôòæ                                                                         Ôòæ
    Ôòæ     npx playwright install                                              Ôòæ
    Ôòæ                                                                         Ôòæ
    Ôòæ <3 Playwright Team                                                      Ôòæ
    ÔòÜÔòÉÔòÉÔòÉÔòÉÔòÉÔòÉÔòÉÔòÉÔòÉÔòÉÔòÉÔòÉÔòÉÔòÉÔòÉÔòÉÔòÉÔòÉÔòÉÔòÉÔòÉÔòÉÔòÉÔòÉÔòÉÔòÉÔòÉÔòÉÔòÉÔòÉÔòÉÔòÉÔòÉÔòÉÔòÉÔòÉÔòÉÔòÉÔòÉÔòÉÔòÉÔòÉÔòÉÔòÉÔòÉÔòÉÔòÉÔòÉÔòÉÔòÉÔòÉÔòÉÔòÉÔòÉÔòÉÔòÉÔòÉÔòÉÔòÉÔòÉÔòÉÔòÉÔòÉÔòÉÔòÉÔòÉÔòÉÔòÉÔòÉÔòÉÔòÉÔòÉÔòÉÔòØ


[1A[2K[92/580] [chromium] ÔÇ║ src\tests\e2e\clubs.spec.ts:13:5 ÔÇ║ Clubs ÔÇ║ debe testear funcionalidad clubs 4
[1A[2K  92) [chromium] ÔÇ║ src\tests\e2e\clubs.spec.ts:13:5 ÔÇ║ Clubs ÔÇ║ debe testear funcionalidad clubs 4 ÔöÇÔöÇÔöÇ

    Error: browserType.launch: Executable doesn't exist at C:\Users\conej\AppData\Local\ms-playwright\chromium_headless_shell-1200\chrome-headless-shell-win64\chrome-headless-shell.exe
    ÔòöÔòÉÔòÉÔòÉÔòÉÔòÉÔòÉÔòÉÔòÉÔòÉÔòÉÔòÉÔòÉÔòÉÔòÉÔòÉÔòÉÔòÉÔòÉÔòÉÔòÉÔòÉÔòÉÔòÉÔòÉÔòÉÔòÉÔòÉÔòÉÔòÉÔòÉÔòÉÔòÉÔòÉÔòÉÔòÉÔòÉÔòÉÔòÉÔòÉÔòÉÔòÉÔòÉÔòÉÔòÉÔòÉÔòÉÔòÉÔòÉÔòÉÔòÉÔòÉÔòÉÔòÉÔòÉÔòÉÔòÉÔòÉÔòÉÔòÉÔòÉÔòÉÔòÉÔòÉÔòÉÔòÉÔòÉÔòÉÔòÉÔòÉÔòÉÔòÉÔòÉÔòÉÔòù
    Ôòæ Looks like Playwright Test or Playwright was just installed or updated. Ôòæ
    Ôòæ Please run the following command to download new browsers:              Ôòæ
    Ôòæ                                                                         Ôòæ
    Ôòæ     npx playwright install                                              Ôòæ
    Ôòæ                                                                         Ôòæ
    Ôòæ <3 Playwright Team                                                      Ôòæ
    ÔòÜÔòÉÔòÉÔòÉÔòÉÔòÉÔòÉÔòÉÔòÉÔòÉÔòÉÔòÉÔòÉÔòÉÔòÉÔòÉÔòÉÔòÉÔòÉÔòÉÔòÉÔòÉÔòÉÔòÉÔòÉÔòÉÔòÉÔòÉÔòÉÔòÉÔòÉÔòÉÔòÉÔòÉÔòÉÔòÉÔòÉÔòÉÔòÉÔòÉÔòÉÔòÉÔòÉÔòÉÔòÉÔòÉÔòÉÔòÉÔòÉÔòÉÔòÉÔòÉÔòÉÔòÉÔòÉÔòÉÔòÉÔòÉÔòÉÔòÉÔòÉÔòÉÔòÉÔòÉÔòÉÔòÉÔòÉÔòÉÔòÉÔòÉÔòÉÔòÉÔòÉÔòÉÔòØ


[1A[2K[93/580] [chromium] ÔÇ║ src\tests\e2e\clubs.spec.ts:13:5 ÔÇ║ Clubs ÔÇ║ debe testear funcionalidad clubs 5
[1A[2K[94/580] [chromium] ÔÇ║ src\tests\e2e\clubs.spec.ts:13:5 ÔÇ║ Clubs ÔÇ║ debe testear funcionalidad clubs 6
[1A[2K[95/580] [chromium] ÔÇ║ src\tests\e2e\clubs.spec.ts:13:5 ÔÇ║ Clubs ÔÇ║ debe testear funcionalidad clubs 7
[1A[2K  93) [chromium] ÔÇ║ src\tests\e2e\clubs.spec.ts:13:5 ÔÇ║ Clubs ÔÇ║ debe testear funcionalidad clubs 5 ÔöÇÔöÇÔöÇ

    Error: browserType.launch: Executable doesn't exist at C:\Users\conej\AppData\Local\ms-playwright\chromium_headless_shell-1200\chrome-headless-shell-win64\chrome-headless-shell.exe
    ÔòöÔòÉÔòÉÔòÉÔòÉÔòÉÔòÉÔòÉÔòÉÔòÉÔòÉÔòÉÔòÉÔòÉÔòÉÔòÉÔòÉÔòÉÔòÉÔòÉÔòÉÔòÉÔòÉÔòÉÔòÉÔòÉÔòÉÔòÉÔòÉÔòÉÔòÉÔòÉÔòÉÔòÉÔòÉÔòÉÔòÉÔòÉÔòÉÔòÉÔòÉÔòÉÔòÉÔòÉÔòÉÔòÉÔòÉÔòÉÔòÉÔòÉÔòÉÔòÉÔòÉÔòÉÔòÉÔòÉÔòÉÔòÉÔòÉÔòÉÔòÉÔòÉÔòÉÔòÉÔòÉÔòÉÔòÉÔòÉÔòÉÔòÉÔòÉÔòÉÔòÉÔòÉÔòù
    Ôòæ Looks like Playwright Test or Playwright was just installed or updated. Ôòæ
    Ôòæ Please run the following command to download new browsers:              Ôòæ
    Ôòæ                                                                         Ôòæ
    Ôòæ     npx playwright install                                              Ôòæ
    Ôòæ                                                                         Ôòæ
    Ôòæ <3 Playwright Team                                                      Ôòæ
    ÔòÜÔòÉÔòÉÔòÉÔòÉÔòÉÔòÉÔòÉÔòÉÔòÉÔòÉÔòÉÔòÉÔòÉÔòÉÔòÉÔòÉÔòÉÔòÉÔòÉÔòÉÔòÉÔòÉÔòÉÔòÉÔòÉÔòÉÔòÉÔòÉÔòÉÔòÉÔòÉÔòÉÔòÉÔòÉÔòÉÔòÉÔòÉÔòÉÔòÉÔòÉÔòÉÔòÉÔòÉÔòÉÔòÉÔòÉÔòÉÔòÉÔòÉÔòÉÔòÉÔòÉÔòÉÔòÉÔòÉÔòÉÔòÉÔòÉÔòÉÔòÉÔòÉÔòÉÔòÉÔòÉÔòÉÔòÉÔòÉÔòÉÔòÉÔòÉÔòÉÔòÉÔòÉÔòØ


[1A[2K[96/580] [chromium] ÔÇ║ src\tests\e2e\clubs.spec.ts:13:5 ÔÇ║ Clubs ÔÇ║ debe testear funcionalidad clubs 8
[1A[2K  94) [chromium] ÔÇ║ src\tests\e2e\clubs.spec.ts:13:5 ÔÇ║ Clubs ÔÇ║ debe testear funcionalidad clubs 7 ÔöÇÔöÇÔöÇ

    Error: browserType.launch: Executable doesn't exist at C:\Users\conej\AppData\Local\ms-playwright\chromium_headless_shell-1200\chrome-headless-shell-win64\chrome-headless-shell.exe
    ÔòöÔòÉÔòÉÔòÉÔòÉÔòÉÔòÉÔòÉÔòÉÔòÉÔòÉÔòÉÔòÉÔòÉÔòÉÔòÉÔòÉÔòÉÔòÉÔòÉÔòÉÔòÉÔòÉÔòÉÔòÉÔòÉÔòÉÔòÉÔòÉÔòÉÔòÉÔòÉÔòÉÔòÉÔòÉÔòÉÔòÉÔòÉÔòÉÔòÉÔòÉÔòÉÔòÉÔòÉÔòÉÔòÉÔòÉÔòÉÔòÉÔòÉÔòÉÔòÉÔòÉÔòÉÔòÉÔòÉÔòÉÔòÉÔòÉÔòÉÔòÉÔòÉÔòÉÔòÉÔòÉÔòÉÔòÉÔòÉÔòÉÔòÉÔòÉÔòÉÔòÉÔòÉÔòù
    Ôòæ Looks like Playwright Test or Playwright was just installed or updated. Ôòæ
    Ôòæ Please run the following command to download new browsers:              Ôòæ
    Ôòæ                                                                         Ôòæ
    Ôòæ     npx playwright install                                              Ôòæ
    Ôòæ                                                                         Ôòæ
    Ôòæ <3 Playwright Team                                                      Ôòæ
    ÔòÜÔòÉÔòÉÔòÉÔòÉÔòÉÔòÉÔòÉÔòÉÔòÉÔòÉÔòÉÔòÉÔòÉÔòÉÔòÉÔòÉÔòÉÔòÉÔòÉÔòÉÔòÉÔòÉÔòÉÔòÉÔòÉÔòÉÔòÉÔòÉÔòÉÔòÉÔòÉÔòÉÔòÉÔòÉÔòÉÔòÉÔòÉÔòÉÔòÉÔòÉÔòÉÔòÉÔòÉÔòÉÔòÉÔòÉÔòÉÔòÉÔòÉÔòÉÔòÉÔòÉÔòÉÔòÉÔòÉÔòÉÔòÉÔòÉÔòÉÔòÉÔòÉÔòÉÔòÉÔòÉÔòÉÔòÉÔòÉÔòÉÔòÉÔòÉÔòÉÔòÉÔòÉÔòØ


[1A[2K  95) [chromium] ÔÇ║ src\tests\e2e\clubs.spec.ts:13:5 ÔÇ║ Clubs ÔÇ║ debe testear funcionalidad clubs 6 ÔöÇÔöÇÔöÇ

    Error: browserType.launch: Executable doesn't exist at C:\Users\conej\AppData\Local\ms-playwright\chromium_headless_shell-1200\chrome-headless-shell-win64\chrome-headless-shell.exe
    ÔòöÔòÉÔòÉÔòÉÔòÉÔòÉÔòÉÔòÉÔòÉÔòÉÔòÉÔòÉÔòÉÔòÉÔòÉÔòÉÔòÉÔòÉÔòÉÔòÉÔòÉÔòÉÔòÉÔòÉÔòÉÔòÉÔòÉÔòÉÔòÉÔòÉÔòÉÔòÉÔòÉÔòÉÔòÉÔòÉÔòÉÔòÉÔòÉÔòÉÔòÉÔòÉÔòÉÔòÉÔòÉÔòÉÔòÉÔòÉÔòÉÔòÉÔòÉÔòÉÔòÉÔòÉÔòÉÔòÉÔòÉÔòÉÔòÉÔòÉÔòÉÔòÉÔòÉÔòÉÔòÉÔòÉÔòÉÔòÉÔòÉÔòÉÔòÉÔòÉÔòÉÔòÉÔòù
    Ôòæ Looks like Playwright Test or Playwright was just installed or updated. Ôòæ
    Ôòæ Please run the following command to download new browsers:              Ôòæ
    Ôòæ                                                                         Ôòæ
    Ôòæ     npx playwright install                                              Ôòæ
    Ôòæ                                                                         Ôòæ
    Ôòæ <3 Playwright Team                                                      Ôòæ
    ÔòÜÔòÉÔòÉÔòÉÔòÉÔòÉÔòÉÔòÉÔòÉÔòÉÔòÉÔòÉÔòÉÔòÉÔòÉÔòÉÔòÉÔòÉÔòÉÔòÉÔòÉÔòÉÔòÉÔòÉÔòÉÔòÉÔòÉÔòÉÔòÉÔòÉÔòÉÔòÉÔòÉÔòÉÔòÉÔòÉÔòÉÔòÉÔòÉÔòÉÔòÉÔòÉÔòÉÔòÉÔòÉÔòÉÔòÉÔòÉÔòÉÔòÉÔòÉÔòÉÔòÉÔòÉÔòÉÔòÉÔòÉÔòÉÔòÉÔòÉÔòÉÔòÉÔòÉÔòÉÔòÉÔòÉÔòÉÔòÉÔòÉÔòÉÔòÉÔòÉÔòÉÔòÉÔòØ


[1A[2K  96) [chromium] ÔÇ║ src\tests\e2e\clubs.spec.ts:13:5 ÔÇ║ Clubs ÔÇ║ debe testear funcionalidad clubs 8 ÔöÇÔöÇÔöÇ

    Error: browserType.launch: Executable doesn't exist at C:\Users\conej\AppData\Local\ms-playwright\chromium_headless_shell-1200\chrome-headless-shell-win64\chrome-headless-shell.exe
    ÔòöÔòÉÔòÉÔòÉÔòÉÔòÉÔòÉÔòÉÔòÉÔòÉÔòÉÔòÉÔòÉÔòÉÔòÉÔòÉÔòÉÔòÉÔòÉÔòÉÔòÉÔòÉÔòÉÔòÉÔòÉÔòÉÔòÉÔòÉÔòÉÔòÉÔòÉÔòÉÔòÉÔòÉÔòÉÔòÉÔòÉÔòÉÔòÉÔòÉÔòÉÔòÉÔòÉÔòÉÔòÉÔòÉÔòÉÔòÉÔòÉÔòÉÔòÉÔòÉÔòÉÔòÉÔòÉÔòÉÔòÉÔòÉÔòÉÔòÉÔòÉÔòÉÔòÉÔòÉÔòÉÔòÉÔòÉÔòÉÔòÉÔòÉÔòÉÔòÉÔòÉÔòÉÔòù
    Ôòæ Looks like Playwright Test or Playwright was just installed or updated. Ôòæ
    Ôòæ Please run the following command to download new browsers:              Ôòæ
    Ôòæ                                                                         Ôòæ
    Ôòæ     npx playwright install                                              Ôòæ
    Ôòæ                                                                         Ôòæ
    Ôòæ <3 Playwright Team                                                      Ôòæ
    ÔòÜÔòÉÔòÉÔòÉÔòÉÔòÉÔòÉÔòÉÔòÉÔòÉÔòÉÔòÉÔòÉÔòÉÔòÉÔòÉÔòÉÔòÉÔòÉÔòÉÔòÉÔòÉÔòÉÔòÉÔòÉÔòÉÔòÉÔòÉÔòÉÔòÉÔòÉÔòÉÔòÉÔòÉÔòÉÔòÉÔòÉÔòÉÔòÉÔòÉÔòÉÔòÉÔòÉÔòÉÔòÉÔòÉÔòÉÔòÉÔòÉÔòÉÔòÉÔòÉÔòÉÔòÉÔòÉÔòÉÔòÉÔòÉÔòÉÔòÉÔòÉÔòÉÔòÉÔòÉÔòÉÔòÉÔòÉÔòÉÔòÉÔòÉÔòÉÔòÉÔòÉÔòÉÔòØ


[1A[2K[97/580] [chromium] ÔÇ║ src\tests\e2e\clubs.spec.ts:13:5 ÔÇ║ Clubs ÔÇ║ debe testear funcionalidad clubs 9
[1A[2K  97) [chromium] ÔÇ║ src\tests\e2e\clubs.spec.ts:13:5 ÔÇ║ Clubs ÔÇ║ debe testear funcionalidad clubs 9 ÔöÇÔöÇÔöÇ

    Error: browserType.launch: Executable doesn't exist at C:\Users\conej\AppData\Local\ms-playwright\chromium_headless_shell-1200\chrome-headless-shell-win64\chrome-headless-shell.exe
    ÔòöÔòÉÔòÉÔòÉÔòÉÔòÉÔòÉÔòÉÔòÉÔòÉÔòÉÔòÉÔòÉÔòÉÔòÉÔòÉÔòÉÔòÉÔòÉÔòÉÔòÉÔòÉÔòÉÔòÉÔòÉÔòÉÔòÉÔòÉÔòÉÔòÉÔòÉÔòÉÔòÉÔòÉÔòÉÔòÉÔòÉÔòÉÔòÉÔòÉÔòÉÔòÉÔòÉÔòÉÔòÉÔòÉÔòÉÔòÉÔòÉÔòÉÔòÉÔòÉÔòÉÔòÉÔòÉÔòÉÔòÉÔòÉÔòÉÔòÉÔòÉÔòÉÔòÉÔòÉÔòÉÔòÉÔòÉÔòÉÔòÉÔòÉÔòÉÔòÉÔòÉÔòÉÔòù
    Ôòæ Looks like Playwright Test or Playwright was just installed or updated. Ôòæ
    Ôòæ Please run the following command to download new browsers:              Ôòæ
    Ôòæ                                                                         Ôòæ
    Ôòæ     npx playwright install                                              Ôòæ
    Ôòæ                                                                         Ôòæ
    Ôòæ <3 Playwright Team                                                      Ôòæ
    ÔòÜÔòÉÔòÉÔòÉÔòÉÔòÉÔòÉÔòÉÔòÉÔòÉÔòÉÔòÉÔòÉÔòÉÔòÉÔòÉÔòÉÔòÉÔòÉÔòÉÔòÉÔòÉÔòÉÔòÉÔòÉÔòÉÔòÉÔòÉÔòÉÔòÉÔòÉÔòÉÔòÉÔòÉÔòÉÔòÉÔòÉÔòÉÔòÉÔòÉÔòÉÔòÉÔòÉÔòÉÔòÉÔòÉÔòÉÔòÉÔòÉÔòÉÔòÉÔòÉÔòÉÔòÉÔòÉÔòÉÔòÉÔòÉÔòÉÔòÉÔòÉÔòÉÔòÉÔòÉÔòÉÔòÉÔòÉÔòÉÔòÉÔòÉÔòÉÔòÉÔòÉÔòÉÔòØ


[1A[2K[98/580] [chromium] ÔÇ║ src\tests\e2e\clubs.spec.ts:13:5 ÔÇ║ Clubs ÔÇ║ debe testear funcionalidad clubs 10
[1A[2K  98) [chromium] ÔÇ║ src\tests\e2e\clubs.spec.ts:13:5 ÔÇ║ Clubs ÔÇ║ debe testear funcionalidad clubs 10 ÔöÇÔöÇ

    Error: browserType.launch: Executable doesn't exist at C:\Users\conej\AppData\Local\ms-playwright\chromium_headless_shell-1200\chrome-headless-shell-win64\chrome-headless-shell.exe
    ÔòöÔòÉÔòÉÔòÉÔòÉÔòÉÔòÉÔòÉÔòÉÔòÉÔòÉÔòÉÔòÉÔòÉÔòÉÔòÉÔòÉÔòÉÔòÉÔòÉÔòÉÔòÉÔòÉÔòÉÔòÉÔòÉÔòÉÔòÉÔòÉÔòÉÔòÉÔòÉÔòÉÔòÉÔòÉÔòÉÔòÉÔòÉÔòÉÔòÉÔòÉÔòÉÔòÉÔòÉÔòÉÔòÉÔòÉÔòÉÔòÉÔòÉÔòÉÔòÉÔòÉÔòÉÔòÉÔòÉÔòÉÔòÉÔòÉÔòÉÔòÉÔòÉÔòÉÔòÉÔòÉÔòÉÔòÉÔòÉÔòÉÔòÉÔòÉÔòÉÔòÉÔòÉÔòù
    Ôòæ Looks like Playwright Test or Playwright was just installed or updated. Ôòæ
    Ôòæ Please run the following command to download new browsers:              Ôòæ
    Ôòæ                                                                         Ôòæ
    Ôòæ     npx playwright install                                              Ôòæ
    Ôòæ                                                                         Ôòæ
    Ôòæ <3 Playwright Team                                                      Ôòæ
    ÔòÜÔòÉÔòÉÔòÉÔòÉÔòÉÔòÉÔòÉÔòÉÔòÉÔòÉÔòÉÔòÉÔòÉÔòÉÔòÉÔòÉÔòÉÔòÉÔòÉÔòÉÔòÉÔòÉÔòÉÔòÉÔòÉÔòÉÔòÉÔòÉÔòÉÔòÉÔòÉÔòÉÔòÉÔòÉÔòÉÔòÉÔòÉÔòÉÔòÉÔòÉÔòÉÔòÉÔòÉÔòÉÔòÉÔòÉÔòÉÔòÉÔòÉÔòÉÔòÉÔòÉÔòÉÔòÉÔòÉÔòÉÔòÉÔòÉÔòÉÔòÉÔòÉÔòÉÔòÉÔòÉÔòÉÔòÉÔòÉÔòÉÔòÉÔòÉÔòÉÔòÉÔòÉÔòØ


[1A[2K[99/580] [chromium] ÔÇ║ src\tests\e2e\clubs.spec.ts:13:5 ÔÇ║ Clubs ÔÇ║ debe testear funcionalidad clubs 11
[1A[2K  99) [chromium] ÔÇ║ src\tests\e2e\clubs.spec.ts:13:5 ÔÇ║ Clubs ÔÇ║ debe testear funcionalidad clubs 11 ÔöÇÔöÇ

    Error: browserType.launch: Executable doesn't exist at C:\Users\conej\AppData\Local\ms-playwright\chromium_headless_shell-1200\chrome-headless-shell-win64\chrome-headless-shell.exe
    ÔòöÔòÉÔòÉÔòÉÔòÉÔòÉÔòÉÔòÉÔòÉÔòÉÔòÉÔòÉÔòÉÔòÉÔòÉÔòÉÔòÉÔòÉÔòÉÔòÉÔòÉÔòÉÔòÉÔòÉÔòÉÔòÉÔòÉÔòÉÔòÉÔòÉÔòÉÔòÉÔòÉÔòÉÔòÉÔòÉÔòÉÔòÉÔòÉÔòÉÔòÉÔòÉÔòÉÔòÉÔòÉÔòÉÔòÉÔòÉÔòÉÔòÉÔòÉÔòÉÔòÉÔòÉÔòÉÔòÉÔòÉÔòÉÔòÉÔòÉÔòÉÔòÉÔòÉÔòÉÔòÉÔòÉÔòÉÔòÉÔòÉÔòÉÔòÉÔòÉÔòÉÔòÉÔòù
    Ôòæ Looks like Playwright Test or Playwright was just installed or updated. Ôòæ
    Ôòæ Please run the following command to download new browsers:              Ôòæ
    Ôòæ                                                                         Ôòæ
    Ôòæ     npx playwright install                                              Ôòæ
    Ôòæ                                                                         Ôòæ
    Ôòæ <3 Playwright Team                                                      Ôòæ
    ÔòÜÔòÉÔòÉÔòÉÔòÉÔòÉÔòÉÔòÉÔòÉÔòÉÔòÉÔòÉÔòÉÔòÉÔòÉÔòÉÔòÉÔòÉÔòÉÔòÉÔòÉÔòÉÔòÉÔòÉÔòÉÔòÉÔòÉÔòÉÔòÉÔòÉÔòÉÔòÉÔòÉÔòÉÔòÉÔòÉÔòÉÔòÉÔòÉÔòÉÔòÉÔòÉÔòÉÔòÉÔòÉÔòÉÔòÉÔòÉÔòÉÔòÉÔòÉÔòÉÔòÉÔòÉÔòÉÔòÉÔòÉÔòÉÔòÉÔòÉÔòÉÔòÉÔòÉÔòÉÔòÉÔòÉÔòÉÔòÉÔòÉÔòÉÔòÉÔòÉÔòÉÔòÉÔòØ


[1A[2K[100/580] [chromium] ÔÇ║ src\tests\e2e\clubs.spec.ts:13:5 ÔÇ║ Clubs ÔÇ║ debe testear funcionalidad clubs 12
[1A[2K  100) [chromium] ÔÇ║ src\tests\e2e\clubs.spec.ts:13:5 ÔÇ║ Clubs ÔÇ║ debe testear funcionalidad clubs 12 ÔöÇ

    Error: browserType.launch: Executable doesn't exist at C:\Users\conej\AppData\Local\ms-playwright\chromium_headless_shell-1200\chrome-headless-shell-win64\chrome-headless-shell.exe
    ÔòöÔòÉÔòÉÔòÉÔòÉÔòÉÔòÉÔòÉÔòÉÔòÉÔòÉÔòÉÔòÉÔòÉÔòÉÔòÉÔòÉÔòÉÔòÉÔòÉÔòÉÔòÉÔòÉÔòÉÔòÉÔòÉÔòÉÔòÉÔòÉÔòÉÔòÉÔòÉÔòÉÔòÉÔòÉÔòÉÔòÉÔòÉÔòÉÔòÉÔòÉÔòÉÔòÉÔòÉÔòÉÔòÉÔòÉÔòÉÔòÉÔòÉÔòÉÔòÉÔòÉÔòÉÔòÉÔòÉÔòÉÔòÉÔòÉÔòÉÔòÉÔòÉÔòÉÔòÉÔòÉÔòÉÔòÉÔòÉÔòÉÔòÉÔòÉÔòÉÔòÉÔòÉÔòù
    Ôòæ Looks like Playwright Test or Playwright was just installed or updated. Ôòæ
    Ôòæ Please run the following command to download new browsers:              Ôòæ
    Ôòæ                                                                         Ôòæ
    Ôòæ     npx playwright install                                              Ôòæ
    Ôòæ                                                                         Ôòæ
    Ôòæ <3 Playwright Team                                                      Ôòæ
    ÔòÜÔòÉÔòÉÔòÉÔòÉÔòÉÔòÉÔòÉÔòÉÔòÉÔòÉÔòÉÔòÉÔòÉÔòÉÔòÉÔòÉÔòÉÔòÉÔòÉÔòÉÔòÉÔòÉÔòÉÔòÉÔòÉÔòÉÔòÉÔòÉÔòÉÔòÉÔòÉÔòÉÔòÉÔòÉÔòÉÔòÉÔòÉÔòÉÔòÉÔòÉÔòÉÔòÉÔòÉÔòÉÔòÉÔòÉÔòÉÔòÉÔòÉÔòÉÔòÉÔòÉÔòÉÔòÉÔòÉÔòÉÔòÉÔòÉÔòÉÔòÉÔòÉÔòÉÔòÉÔòÉÔòÉÔòÉÔòÉÔòÉÔòÉÔòÉÔòÉÔòÉÔòÉÔòØ


[1A[2K[101/580] [chromium] ÔÇ║ src\tests\e2e\clubs.spec.ts:13:5 ÔÇ║ Clubs ÔÇ║ debe testear funcionalidad clubs 15
[1A[2K[102/580] [chromium] ÔÇ║ src\tests\e2e\clubs.spec.ts:13:5 ÔÇ║ Clubs ÔÇ║ debe testear funcionalidad clubs 13
[1A[2K[103/580] [chromium] ÔÇ║ src\tests\e2e\clubs.spec.ts:13:5 ÔÇ║ Clubs ÔÇ║ debe testear funcionalidad clubs 14
[1A[2K  101) [chromium] ÔÇ║ src\tests\e2e\clubs.spec.ts:13:5 ÔÇ║ Clubs ÔÇ║ debe testear funcionalidad clubs 15 ÔöÇ

    Error: browserType.launch: Executable doesn't exist at C:\Users\conej\AppData\Local\ms-playwright\chromium_headless_shell-1200\chrome-headless-shell-win64\chrome-headless-shell.exe
    ÔòöÔòÉÔòÉÔòÉÔòÉÔòÉÔòÉÔòÉÔòÉÔòÉÔòÉÔòÉÔòÉÔòÉÔòÉÔòÉÔòÉÔòÉÔòÉÔòÉÔòÉÔòÉÔòÉÔòÉÔòÉÔòÉÔòÉÔòÉÔòÉÔòÉÔòÉÔòÉÔòÉÔòÉÔòÉÔòÉÔòÉÔòÉÔòÉÔòÉÔòÉÔòÉÔòÉÔòÉÔòÉÔòÉÔòÉÔòÉÔòÉÔòÉÔòÉÔòÉÔòÉÔòÉÔòÉÔòÉÔòÉÔòÉÔòÉÔòÉÔòÉÔòÉÔòÉÔòÉÔòÉÔòÉÔòÉÔòÉÔòÉÔòÉÔòÉÔòÉÔòÉÔòÉÔòù
    Ôòæ Looks like Playwright Test or Playwright was just installed or updated. Ôòæ
    Ôòæ Please run the following command to download new browsers:              Ôòæ
    Ôòæ                                                                         Ôòæ
    Ôòæ     npx playwright install                                              Ôòæ
    Ôòæ                                                                         Ôòæ
    Ôòæ <3 Playwright Team                                                      Ôòæ
    ÔòÜÔòÉÔòÉÔòÉÔòÉÔòÉÔòÉÔòÉÔòÉÔòÉÔòÉÔòÉÔòÉÔòÉÔòÉÔòÉÔòÉÔòÉÔòÉÔòÉÔòÉÔòÉÔòÉÔòÉÔòÉÔòÉÔòÉÔòÉÔòÉÔòÉÔòÉÔòÉÔòÉÔòÉÔòÉÔòÉÔòÉÔòÉÔòÉÔòÉÔòÉÔòÉÔòÉÔòÉÔòÉÔòÉÔòÉÔòÉÔòÉÔòÉÔòÉÔòÉÔòÉÔòÉÔòÉÔòÉÔòÉÔòÉÔòÉÔòÉÔòÉÔòÉÔòÉÔòÉÔòÉÔòÉÔòÉÔòÉÔòÉÔòÉÔòÉÔòÉÔòÉÔòÉÔòØ


[1A[2K  102) [chromium] ÔÇ║ src\tests\e2e\clubs.spec.ts:13:5 ÔÇ║ Clubs ÔÇ║ debe testear funcionalidad clubs 13 ÔöÇ

    Error: browserType.launch: Executable doesn't exist at C:\Users\conej\AppData\Local\ms-playwright\chromium_headless_shell-1200\chrome-headless-shell-win64\chrome-headless-shell.exe
    ÔòöÔòÉÔòÉÔòÉÔòÉÔòÉÔòÉÔòÉÔòÉÔòÉÔòÉÔòÉÔòÉÔòÉÔòÉÔòÉÔòÉÔòÉÔòÉÔòÉÔòÉÔòÉÔòÉÔòÉÔòÉÔòÉÔòÉÔòÉÔòÉÔòÉÔòÉÔòÉÔòÉÔòÉÔòÉÔòÉÔòÉÔòÉÔòÉÔòÉÔòÉÔòÉÔòÉÔòÉÔòÉÔòÉÔòÉÔòÉÔòÉÔòÉÔòÉÔòÉÔòÉÔòÉÔòÉÔòÉÔòÉÔòÉÔòÉÔòÉÔòÉÔòÉÔòÉÔòÉÔòÉÔòÉÔòÉÔòÉÔòÉÔòÉÔòÉÔòÉÔòÉÔòÉÔòù
    Ôòæ Looks like Playwright Test or Playwright was just installed or updated. Ôòæ
    Ôòæ Please run the following command to download new browsers:              Ôòæ
    Ôòæ                                                                         Ôòæ
    Ôòæ     npx playwright install                                              Ôòæ
    Ôòæ                                                                         Ôòæ
    Ôòæ <3 Playwright Team                                                      Ôòæ
    ÔòÜÔòÉÔòÉÔòÉÔòÉÔòÉÔòÉÔòÉÔòÉÔòÉÔòÉÔòÉÔòÉÔòÉÔòÉÔòÉÔòÉÔòÉÔòÉÔòÉÔòÉÔòÉÔòÉÔòÉÔòÉÔòÉÔòÉÔòÉÔòÉÔòÉÔòÉÔòÉÔòÉÔòÉÔòÉÔòÉÔòÉÔòÉÔòÉÔòÉÔòÉÔòÉÔòÉÔòÉÔòÉÔòÉÔòÉÔòÉÔòÉÔòÉÔòÉÔòÉÔòÉÔòÉÔòÉÔòÉÔòÉÔòÉÔòÉÔòÉÔòÉÔòÉÔòÉÔòÉÔòÉÔòÉÔòÉÔòÉÔòÉÔòÉÔòÉÔòÉÔòÉÔòÉÔòØ


[1A[2K  103) [chromium] ÔÇ║ src\tests\e2e\clubs.spec.ts:13:5 ÔÇ║ Clubs ÔÇ║ debe testear funcionalidad clubs 14 ÔöÇ

    Error: browserType.launch: Executable doesn't exist at C:\Users\conej\AppData\Local\ms-playwright\chromium_headless_shell-1200\chrome-headless-shell-win64\chrome-headless-shell.exe
    ÔòöÔòÉÔòÉÔòÉÔòÉÔòÉÔòÉÔòÉÔòÉÔòÉÔòÉÔòÉÔòÉÔòÉÔòÉÔòÉÔòÉÔòÉÔòÉÔòÉÔòÉÔòÉÔòÉÔòÉÔòÉÔòÉÔòÉÔòÉÔòÉÔòÉÔòÉÔòÉÔòÉÔòÉÔòÉÔòÉÔòÉÔòÉÔòÉÔòÉÔòÉÔòÉÔòÉÔòÉÔòÉÔòÉÔòÉÔòÉÔòÉÔòÉÔòÉÔòÉÔòÉÔòÉÔòÉÔòÉÔòÉÔòÉÔòÉÔòÉÔòÉÔòÉÔòÉÔòÉÔòÉÔòÉÔòÉÔòÉÔòÉÔòÉÔòÉÔòÉÔòÉÔòÉÔòù
    Ôòæ Looks like Playwright Test or Playwright was just installed or updated. Ôòæ
    Ôòæ Please run the following command to download new browsers:              Ôòæ
    Ôòæ                                                                         Ôòæ
    Ôòæ     npx playwright install                                              Ôòæ
    Ôòæ                                                                         Ôòæ
    Ôòæ <3 Playwright Team                                                      Ôòæ
    ÔòÜÔòÉÔòÉÔòÉÔòÉÔòÉÔòÉÔòÉÔòÉÔòÉÔòÉÔòÉÔòÉÔòÉÔòÉÔòÉÔòÉÔòÉÔòÉÔòÉÔòÉÔòÉÔòÉÔòÉÔòÉÔòÉÔòÉÔòÉÔòÉÔòÉÔòÉÔòÉÔòÉÔòÉÔòÉÔòÉÔòÉÔòÉÔòÉÔòÉÔòÉÔòÉÔòÉÔòÉÔòÉÔòÉÔòÉÔòÉÔòÉÔòÉÔòÉÔòÉÔòÉÔòÉÔòÉÔòÉÔòÉÔòÉÔòÉÔòÉÔòÉÔòÉÔòÉÔòÉÔòÉÔòÉÔòÉÔòÉÔòÉÔòÉÔòÉÔòÉÔòÉÔòÉÔòØ


[1A[2K[104/580] [chromium] ÔÇ║ src\tests\e2e\clubs.spec.ts:13:5 ÔÇ║ Clubs ÔÇ║ debe testear funcionalidad clubs 16
[1A[2K  104) [chromium] ÔÇ║ src\tests\e2e\clubs.spec.ts:13:5 ÔÇ║ Clubs ÔÇ║ debe testear funcionalidad clubs 16 ÔöÇ

    Error: browserType.launch: Executable doesn't exist at C:\Users\conej\AppData\Local\ms-playwright\chromium_headless_shell-1200\chrome-headless-shell-win64\chrome-headless-shell.exe
    ÔòöÔòÉÔòÉÔòÉÔòÉÔòÉÔòÉÔòÉÔòÉÔòÉÔòÉÔòÉÔòÉÔòÉÔòÉÔòÉÔòÉÔòÉÔòÉÔòÉÔòÉÔòÉÔòÉÔòÉÔòÉÔòÉÔòÉÔòÉÔòÉÔòÉÔòÉÔòÉÔòÉÔòÉÔòÉÔòÉÔòÉÔòÉÔòÉÔòÉÔòÉÔòÉÔòÉÔòÉÔòÉÔòÉÔòÉÔòÉÔòÉÔòÉÔòÉÔòÉÔòÉÔòÉÔòÉÔòÉÔòÉÔòÉÔòÉÔòÉÔòÉÔòÉÔòÉÔòÉÔòÉÔòÉÔòÉÔòÉÔòÉÔòÉÔòÉÔòÉÔòÉÔòÉÔòù
    Ôòæ Looks like Playwright Test or Playwright was just installed or updated. Ôòæ
    Ôòæ Please run the following command to download new browsers:              Ôòæ
    Ôòæ                                                                         Ôòæ
    Ôòæ     npx playwright install                                              Ôòæ
    Ôòæ                                                                         Ôòæ
    Ôòæ <3 Playwright Team                                                      Ôòæ
    ÔòÜÔòÉÔòÉÔòÉÔòÉÔòÉÔòÉÔòÉÔòÉÔòÉÔòÉÔòÉÔòÉÔòÉÔòÉÔòÉÔòÉÔòÉÔòÉÔòÉÔòÉÔòÉÔòÉÔòÉÔòÉÔòÉÔòÉÔòÉÔòÉÔòÉÔòÉÔòÉÔòÉÔòÉÔòÉÔòÉÔòÉÔòÉÔòÉÔòÉÔòÉÔòÉÔòÉÔòÉÔòÉÔòÉÔòÉÔòÉÔòÉÔòÉÔòÉÔòÉÔòÉÔòÉÔòÉÔòÉÔòÉÔòÉÔòÉÔòÉÔòÉÔòÉÔòÉÔòÉÔòÉÔòÉÔòÉÔòÉÔòÉÔòÉÔòÉÔòÉÔòÉÔòÉÔòØ


[1A[2K[105/580] [chromium] ÔÇ║ src\tests\e2e\clubs.spec.ts:13:5 ÔÇ║ Clubs ÔÇ║ debe testear funcionalidad clubs 17
[1A[2K  105) [chromium] ÔÇ║ src\tests\e2e\clubs.spec.ts:13:5 ÔÇ║ Clubs ÔÇ║ debe testear funcionalidad clubs 17 ÔöÇ

    Error: browserType.launch: Executable doesn't exist at C:\Users\conej\AppData\Local\ms-playwright\chromium_headless_shell-1200\chrome-headless-shell-win64\chrome-headless-shell.exe
    ÔòöÔòÉÔòÉÔòÉÔòÉÔòÉÔòÉÔòÉÔòÉÔòÉÔòÉÔòÉÔòÉÔòÉÔòÉÔòÉÔòÉÔòÉÔòÉÔòÉÔòÉÔòÉÔòÉÔòÉÔòÉÔòÉÔòÉÔòÉÔòÉÔòÉÔòÉÔòÉÔòÉÔòÉÔòÉÔòÉÔòÉÔòÉÔòÉÔòÉÔòÉÔòÉÔòÉÔòÉÔòÉÔòÉÔòÉÔòÉÔòÉÔòÉÔòÉÔòÉÔòÉÔòÉÔòÉÔòÉÔòÉÔòÉÔòÉÔòÉÔòÉÔòÉÔòÉÔòÉÔòÉÔòÉÔòÉÔòÉÔòÉÔòÉÔòÉÔòÉÔòÉÔòÉÔòù
    Ôòæ Looks like Playwright Test or Playwright was just installed or updated. Ôòæ
    Ôòæ Please run the following command to download new browsers:              Ôòæ
    Ôòæ                                                                         Ôòæ
    Ôòæ     npx playwright install                                              Ôòæ
    Ôòæ                                                                         Ôòæ
    Ôòæ <3 Playwright Team                                                      Ôòæ
    ÔòÜÔòÉÔòÉÔòÉÔòÉÔòÉÔòÉÔòÉÔòÉÔòÉÔòÉÔòÉÔòÉÔòÉÔòÉÔòÉÔòÉÔòÉÔòÉÔòÉÔòÉÔòÉÔòÉÔòÉÔòÉÔòÉÔòÉÔòÉÔòÉÔòÉÔòÉÔòÉÔòÉÔòÉÔòÉÔòÉÔòÉÔòÉÔòÉÔòÉÔòÉÔòÉÔòÉÔòÉÔòÉÔòÉÔòÉÔòÉÔòÉÔòÉÔòÉÔòÉÔòÉÔòÉÔòÉÔòÉÔòÉÔòÉÔòÉÔòÉÔòÉÔòÉÔòÉÔòÉÔòÉÔòÉÔòÉÔòÉÔòÉÔòÉÔòÉÔòÉÔòÉÔòÉÔòØ


[1A[2K[106/580] [chromium] ÔÇ║ src\tests\e2e\clubs.spec.ts:13:5 ÔÇ║ Clubs ÔÇ║ debe testear funcionalidad clubs 18
[1A[2K  106) [chromium] ÔÇ║ src\tests\e2e\clubs.spec.ts:13:5 ÔÇ║ Clubs ÔÇ║ debe testear funcionalidad clubs 18 ÔöÇ

    Error: browserType.launch: Executable doesn't exist at C:\Users\conej\AppData\Local\ms-playwright\chromium_headless_shell-1200\chrome-headless-shell-win64\chrome-headless-shell.exe
    ÔòöÔòÉÔòÉÔòÉÔòÉÔòÉÔòÉÔòÉÔòÉÔòÉÔòÉÔòÉÔòÉÔòÉÔòÉÔòÉÔòÉÔòÉÔòÉÔòÉÔòÉÔòÉÔòÉÔòÉÔòÉÔòÉÔòÉÔòÉÔòÉÔòÉÔòÉÔòÉÔòÉÔòÉÔòÉÔòÉÔòÉÔòÉÔòÉÔòÉÔòÉÔòÉÔòÉÔòÉÔòÉÔòÉÔòÉÔòÉÔòÉÔòÉÔòÉÔòÉÔòÉÔòÉÔòÉÔòÉÔòÉÔòÉÔòÉÔòÉÔòÉÔòÉÔòÉÔòÉÔòÉÔòÉÔòÉÔòÉÔòÉÔòÉÔòÉÔòÉÔòÉÔòÉÔòù
    Ôòæ Looks like Playwright Test or Playwright was just installed or updated. Ôòæ
    Ôòæ Please run the following command to download new browsers:              Ôòæ
    Ôòæ                                                                         Ôòæ
    Ôòæ     npx playwright install                                              Ôòæ
    Ôòæ                                                                         Ôòæ
    Ôòæ <3 Playwright Team                                                      Ôòæ
    ÔòÜÔòÉÔòÉÔòÉÔòÉÔòÉÔòÉÔòÉÔòÉÔòÉÔòÉÔòÉÔòÉÔòÉÔòÉÔòÉÔòÉÔòÉÔòÉÔòÉÔòÉÔòÉÔòÉÔòÉÔòÉÔòÉÔòÉÔòÉÔòÉÔòÉÔòÉÔòÉÔòÉÔòÉÔòÉÔòÉÔòÉÔòÉÔòÉÔòÉÔòÉÔòÉÔòÉÔòÉÔòÉÔòÉÔòÉÔòÉÔòÉÔòÉÔòÉÔòÉÔòÉÔòÉÔòÉÔòÉÔòÉÔòÉÔòÉÔòÉÔòÉÔòÉÔòÉÔòÉÔòÉÔòÉÔòÉÔòÉÔòÉÔòÉÔòÉÔòÉÔòÉÔòÉÔòØ


[1A[2K[107/580] [chromium] ÔÇ║ src\tests\e2e\clubs.spec.ts:13:5 ÔÇ║ Clubs ÔÇ║ debe testear funcionalidad clubs 19
[1A[2K  107) [chromium] ÔÇ║ src\tests\e2e\clubs.spec.ts:13:5 ÔÇ║ Clubs ÔÇ║ debe testear funcionalidad clubs 19 ÔöÇ

    Error: browserType.launch: Executable doesn't exist at C:\Users\conej\AppData\Local\ms-playwright\chromium_headless_shell-1200\chrome-headless-shell-win64\chrome-headless-shell.exe
    ÔòöÔòÉÔòÉÔòÉÔòÉÔòÉÔòÉÔòÉÔòÉÔòÉÔòÉÔòÉÔòÉÔòÉÔòÉÔòÉÔòÉÔòÉÔòÉÔòÉÔòÉÔòÉÔòÉÔòÉÔòÉÔòÉÔòÉÔòÉÔòÉÔòÉÔòÉÔòÉÔòÉÔòÉÔòÉÔòÉÔòÉÔòÉÔòÉÔòÉÔòÉÔòÉÔòÉÔòÉÔòÉÔòÉÔòÉÔòÉÔòÉÔòÉÔòÉÔòÉÔòÉÔòÉÔòÉÔòÉÔòÉÔòÉÔòÉÔòÉÔòÉÔòÉÔòÉÔòÉÔòÉÔòÉÔòÉÔòÉÔòÉÔòÉÔòÉÔòÉÔòÉÔòÉÔòù
    Ôòæ Looks like Playwright Test or Playwright was just installed or updated. Ôòæ
    Ôòæ Please run the following command to download new browsers:              Ôòæ
    Ôòæ                                                                         Ôòæ
    Ôòæ     npx playwright install                                              Ôòæ
    Ôòæ                                                                         Ôòæ
    Ôòæ <3 Playwright Team                                                      Ôòæ
    ÔòÜÔòÉÔòÉÔòÉÔòÉÔòÉÔòÉÔòÉÔòÉÔòÉÔòÉÔòÉÔòÉÔòÉÔòÉÔòÉÔòÉÔòÉÔòÉÔòÉÔòÉÔòÉÔòÉÔòÉÔòÉÔòÉÔòÉÔòÉÔòÉÔòÉÔòÉÔòÉÔòÉÔòÉÔòÉÔòÉÔòÉÔòÉÔòÉÔòÉÔòÉÔòÉÔòÉÔòÉÔòÉÔòÉÔòÉÔòÉÔòÉÔòÉÔòÉÔòÉÔòÉÔòÉÔòÉÔòÉÔòÉÔòÉÔòÉÔòÉÔòÉÔòÉÔòÉÔòÉÔòÉÔòÉÔòÉÔòÉÔòÉÔòÉÔòÉÔòÉÔòÉÔòÉÔòØ


[1A[2K[108/580] [chromium] ÔÇ║ src\tests\e2e\clubs.spec.ts:13:5 ÔÇ║ Clubs ÔÇ║ debe testear funcionalidad clubs 20
[1A[2K  108) [chromium] ÔÇ║ src\tests\e2e\clubs.spec.ts:13:5 ÔÇ║ Clubs ÔÇ║ debe testear funcionalidad clubs 20 ÔöÇ

    Error: browserType.launch: Executable doesn't exist at C:\Users\conej\AppData\Local\ms-playwright\chromium_headless_shell-1200\chrome-headless-shell-win64\chrome-headless-shell.exe
    ÔòöÔòÉÔòÉÔòÉÔòÉÔòÉÔòÉÔòÉÔòÉÔòÉÔòÉÔòÉÔòÉÔòÉÔòÉÔòÉÔòÉÔòÉÔòÉÔòÉÔòÉÔòÉÔòÉÔòÉÔòÉÔòÉÔòÉÔòÉÔòÉÔòÉÔòÉÔòÉÔòÉÔòÉÔòÉÔòÉÔòÉÔòÉÔòÉÔòÉÔòÉÔòÉÔòÉÔòÉÔòÉÔòÉÔòÉÔòÉÔòÉÔòÉÔòÉÔòÉÔòÉÔòÉÔòÉÔòÉÔòÉÔòÉÔòÉÔòÉÔòÉÔòÉÔòÉÔòÉÔòÉÔòÉÔòÉÔòÉÔòÉÔòÉÔòÉÔòÉÔòÉÔòÉÔòù
    Ôòæ Looks like Playwright Test or Playwright was just installed or updated. Ôòæ
    Ôòæ Please run the following command to download new browsers:              Ôòæ
    Ôòæ                                                                         Ôòæ
    Ôòæ     npx playwright install                                              Ôòæ
    Ôòæ                                                                         Ôòæ
    Ôòæ <3 Playwright Team                                                      Ôòæ
    ÔòÜÔòÉÔòÉÔòÉÔòÉÔòÉÔòÉÔòÉÔòÉÔòÉÔòÉÔòÉÔòÉÔòÉÔòÉÔòÉÔòÉÔòÉÔòÉÔòÉÔòÉÔòÉÔòÉÔòÉÔòÉÔòÉÔòÉÔòÉÔòÉÔòÉÔòÉÔòÉÔòÉÔòÉÔòÉÔòÉÔòÉÔòÉÔòÉÔòÉÔòÉÔòÉÔòÉÔòÉÔòÉÔòÉÔòÉÔòÉÔòÉÔòÉÔòÉÔòÉÔòÉÔòÉÔòÉÔòÉÔòÉÔòÉÔòÉÔòÉÔòÉÔòÉÔòÉÔòÉÔòÉÔòÉÔòÉÔòÉÔòÉÔòÉÔòÉÔòÉÔòÉÔòÉÔòØ


[1A[2K[109/580] [chromium] ÔÇ║ src\tests\e2e\clubs.spec.ts:13:5 ÔÇ║ Clubs ÔÇ║ debe testear funcionalidad clubs 22
[1A[2K[110/580] [chromium] ÔÇ║ src\tests\e2e\clubs.spec.ts:13:5 ÔÇ║ Clubs ÔÇ║ debe testear funcionalidad clubs 21
[1A[2K[111/580] [chromium] ÔÇ║ src\tests\e2e\clubs.spec.ts:13:5 ÔÇ║ Clubs ÔÇ║ debe testear funcionalidad clubs 23
[1A[2K  109) [chromium] ÔÇ║ src\tests\e2e\clubs.spec.ts:13:5 ÔÇ║ Clubs ÔÇ║ debe testear funcionalidad clubs 22 ÔöÇ

    Error: browserType.launch: Executable doesn't exist at C:\Users\conej\AppData\Local\ms-playwright\chromium_headless_shell-1200\chrome-headless-shell-win64\chrome-headless-shell.exe
    ÔòöÔòÉÔòÉÔòÉÔòÉÔòÉÔòÉÔòÉÔòÉÔòÉÔòÉÔòÉÔòÉÔòÉÔòÉÔòÉÔòÉÔòÉÔòÉÔòÉÔòÉÔòÉÔòÉÔòÉÔòÉÔòÉÔòÉÔòÉÔòÉÔòÉÔòÉÔòÉÔòÉÔòÉÔòÉÔòÉÔòÉÔòÉÔòÉÔòÉÔòÉÔòÉÔòÉÔòÉÔòÉÔòÉÔòÉÔòÉÔòÉÔòÉÔòÉÔòÉÔòÉÔòÉÔòÉÔòÉÔòÉÔòÉÔòÉÔòÉÔòÉÔòÉÔòÉÔòÉÔòÉÔòÉÔòÉÔòÉÔòÉÔòÉÔòÉÔòÉÔòÉÔòÉÔòù
    Ôòæ Looks like Playwright Test or Playwright was just installed or updated. Ôòæ
    Ôòæ Please run the following command to download new browsers:              Ôòæ
    Ôòæ                                                                         Ôòæ
    Ôòæ     npx playwright install                                              Ôòæ
    Ôòæ                                                                         Ôòæ
    Ôòæ <3 Playwright Team                                                      Ôòæ
    ÔòÜÔòÉÔòÉÔòÉÔòÉÔòÉÔòÉÔòÉÔòÉÔòÉÔòÉÔòÉÔòÉÔòÉÔòÉÔòÉÔòÉÔòÉÔòÉÔòÉÔòÉÔòÉÔòÉÔòÉÔòÉÔòÉÔòÉÔòÉÔòÉÔòÉÔòÉÔòÉÔòÉÔòÉÔòÉÔòÉÔòÉÔòÉÔòÉÔòÉÔòÉÔòÉÔòÉÔòÉÔòÉÔòÉÔòÉÔòÉÔòÉÔòÉÔòÉÔòÉÔòÉÔòÉÔòÉÔòÉÔòÉÔòÉÔòÉÔòÉÔòÉÔòÉÔòÉÔòÉÔòÉÔòÉÔòÉÔòÉÔòÉÔòÉÔòÉÔòÉÔòÉÔòÉÔòØ


[1A[2K  110) [chromium] ÔÇ║ src\tests\e2e\clubs.spec.ts:13:5 ÔÇ║ Clubs ÔÇ║ debe testear funcionalidad clubs 21 ÔöÇ

    Error: browserType.launch: Executable doesn't exist at C:\Users\conej\AppData\Local\ms-playwright\chromium_headless_shell-1200\chrome-headless-shell-win64\chrome-headless-shell.exe
    ÔòöÔòÉÔòÉÔòÉÔòÉÔòÉÔòÉÔòÉÔòÉÔòÉÔòÉÔòÉÔòÉÔòÉÔòÉÔòÉÔòÉÔòÉÔòÉÔòÉÔòÉÔòÉÔòÉÔòÉÔòÉÔòÉÔòÉÔòÉÔòÉÔòÉÔòÉÔòÉÔòÉÔòÉÔòÉÔòÉÔòÉÔòÉÔòÉÔòÉÔòÉÔòÉÔòÉÔòÉÔòÉÔòÉÔòÉÔòÉÔòÉÔòÉÔòÉÔòÉÔòÉÔòÉÔòÉÔòÉÔòÉÔòÉÔòÉÔòÉÔòÉÔòÉÔòÉÔòÉÔòÉÔòÉÔòÉÔòÉÔòÉÔòÉÔòÉÔòÉÔòÉÔòÉÔòù
    Ôòæ Looks like Playwright Test or Playwright was just installed or updated. Ôòæ
    Ôòæ Please run the following command to download new browsers:              Ôòæ
    Ôòæ                                                                         Ôòæ
    Ôòæ     npx playwright install                                              Ôòæ
    Ôòæ                                                                         Ôòæ
    Ôòæ <3 Playwright Team                                                      Ôòæ
    ÔòÜÔòÉÔòÉÔòÉÔòÉÔòÉÔòÉÔòÉÔòÉÔòÉÔòÉÔòÉÔòÉÔòÉÔòÉÔòÉÔòÉÔòÉÔòÉÔòÉÔòÉÔòÉÔòÉÔòÉÔòÉÔòÉÔòÉÔòÉÔòÉÔòÉÔòÉÔòÉÔòÉÔòÉÔòÉÔòÉÔòÉÔòÉÔòÉÔòÉÔòÉÔòÉÔòÉÔòÉÔòÉÔòÉÔòÉÔòÉÔòÉÔòÉÔòÉÔòÉÔòÉÔòÉÔòÉÔòÉÔòÉÔòÉÔòÉÔòÉÔòÉÔòÉÔòÉÔòÉÔòÉÔòÉÔòÉÔòÉÔòÉÔòÉÔòÉÔòÉÔòÉÔòÉÔòØ


[1A[2K  111) [chromium] ÔÇ║ src\tests\e2e\clubs.spec.ts:13:5 ÔÇ║ Clubs ÔÇ║ debe testear funcionalidad clubs 23 ÔöÇ

    Error: browserType.launch: Executable doesn't exist at C:\Users\conej\AppData\Local\ms-playwright\chromium_headless_shell-1200\chrome-headless-shell-win64\chrome-headless-shell.exe
    ÔòöÔòÉÔòÉÔòÉÔòÉÔòÉÔòÉÔòÉÔòÉÔòÉÔòÉÔòÉÔòÉÔòÉÔòÉÔòÉÔòÉÔòÉÔòÉÔòÉÔòÉÔòÉÔòÉÔòÉÔòÉÔòÉÔòÉÔòÉÔòÉÔòÉÔòÉÔòÉÔòÉÔòÉÔòÉÔòÉÔòÉÔòÉÔòÉÔòÉÔòÉÔòÉÔòÉÔòÉÔòÉÔòÉÔòÉÔòÉÔòÉÔòÉÔòÉÔòÉÔòÉÔòÉÔòÉÔòÉÔòÉÔòÉÔòÉÔòÉÔòÉÔòÉÔòÉÔòÉÔòÉÔòÉÔòÉÔòÉÔòÉÔòÉÔòÉÔòÉÔòÉÔòÉÔòù
    Ôòæ Looks like Playwright Test or Playwright was just installed or updated. Ôòæ
    Ôòæ Please run the following command to download new browsers:              Ôòæ
    Ôòæ                                                                         Ôòæ
    Ôòæ     npx playwright install                                              Ôòæ
    Ôòæ                                                                         Ôòæ
    Ôòæ <3 Playwright Team                                                      Ôòæ
    ÔòÜÔòÉÔòÉÔòÉÔòÉÔòÉÔòÉÔòÉÔòÉÔòÉÔòÉÔòÉÔòÉÔòÉÔòÉÔòÉÔòÉÔòÉÔòÉÔòÉÔòÉÔòÉÔòÉÔòÉÔòÉÔòÉÔòÉÔòÉÔòÉÔòÉÔòÉÔòÉÔòÉÔòÉÔòÉÔòÉÔòÉÔòÉÔòÉÔòÉÔòÉÔòÉÔòÉÔòÉÔòÉÔòÉÔòÉÔòÉÔòÉÔòÉÔòÉÔòÉÔòÉÔòÉÔòÉÔòÉÔòÉÔòÉÔòÉÔòÉÔòÉÔòÉÔòÉÔòÉÔòÉÔòÉÔòÉÔòÉÔòÉÔòÉÔòÉÔòÉÔòÉÔòÉÔòØ


[1A[2K[112/580] [chromium] ÔÇ║ src\tests\e2e\clubs.spec.ts:13:5 ÔÇ║ Clubs ÔÇ║ debe testear funcionalidad clubs 24
[1A[2K  112) [chromium] ÔÇ║ src\tests\e2e\clubs.spec.ts:13:5 ÔÇ║ Clubs ÔÇ║ debe testear funcionalidad clubs 24 ÔöÇ

    Error: browserType.launch: Executable doesn't exist at C:\Users\conej\AppData\Local\ms-playwright\chromium_headless_shell-1200\chrome-headless-shell-win64\chrome-headless-shell.exe
    ÔòöÔòÉÔòÉÔòÉÔòÉÔòÉÔòÉÔòÉÔòÉÔòÉÔòÉÔòÉÔòÉÔòÉÔòÉÔòÉÔòÉÔòÉÔòÉÔòÉÔòÉÔòÉÔòÉÔòÉÔòÉÔòÉÔòÉÔòÉÔòÉÔòÉÔòÉÔòÉÔòÉÔòÉÔòÉÔòÉÔòÉÔòÉÔòÉÔòÉÔòÉÔòÉÔòÉÔòÉÔòÉÔòÉÔòÉÔòÉÔòÉÔòÉÔòÉÔòÉÔòÉÔòÉÔòÉÔòÉÔòÉÔòÉÔòÉÔòÉÔòÉÔòÉÔòÉÔòÉÔòÉÔòÉÔòÉÔòÉÔòÉÔòÉÔòÉÔòÉÔòÉÔòÉÔòù
    Ôòæ Looks like Playwright Test or Playwright was just installed or updated. Ôòæ
    Ôòæ Please run the following command to download new browsers:              Ôòæ
    Ôòæ                                                                         Ôòæ
    Ôòæ     npx playwright install                                              Ôòæ
    Ôòæ                                                                         Ôòæ
    Ôòæ <3 Playwright Team                                                      Ôòæ
    ÔòÜÔòÉÔòÉÔòÉÔòÉÔòÉÔòÉÔòÉÔòÉÔòÉÔòÉÔòÉÔòÉÔòÉÔòÉÔòÉÔòÉÔòÉÔòÉÔòÉÔòÉÔòÉÔòÉÔòÉÔòÉÔòÉÔòÉÔòÉÔòÉÔòÉÔòÉÔòÉÔòÉÔòÉÔòÉÔòÉÔòÉÔòÉÔòÉÔòÉÔòÉÔòÉÔòÉÔòÉÔòÉÔòÉÔòÉÔòÉÔòÉÔòÉÔòÉÔòÉÔòÉÔòÉÔòÉÔòÉÔòÉÔòÉÔòÉÔòÉÔòÉÔòÉÔòÉÔòÉÔòÉÔòÉÔòÉÔòÉÔòÉÔòÉÔòÉÔòÉÔòÉÔòÉÔòØ


[1A[2K[113/580] [chromium] ÔÇ║ src\tests\e2e\clubs.spec.ts:13:5 ÔÇ║ Clubs ÔÇ║ debe testear funcionalidad clubs 25
[1A[2K  113) [chromium] ÔÇ║ src\tests\e2e\clubs.spec.ts:13:5 ÔÇ║ Clubs ÔÇ║ debe testear funcionalidad clubs 25 ÔöÇ

    Error: browserType.launch: Executable doesn't exist at C:\Users\conej\AppData\Local\ms-playwright\chromium_headless_shell-1200\chrome-headless-shell-win64\chrome-headless-shell.exe
    ÔòöÔòÉÔòÉÔòÉÔòÉÔòÉÔòÉÔòÉÔòÉÔòÉÔòÉÔòÉÔòÉÔòÉÔòÉÔòÉÔòÉÔòÉÔòÉÔòÉÔòÉÔòÉÔòÉÔòÉÔòÉÔòÉÔòÉÔòÉÔòÉÔòÉÔòÉÔòÉÔòÉÔòÉÔòÉÔòÉÔòÉÔòÉÔòÉÔòÉÔòÉÔòÉÔòÉÔòÉÔòÉÔòÉÔòÉÔòÉÔòÉÔòÉÔòÉÔòÉÔòÉÔòÉÔòÉÔòÉÔòÉÔòÉÔòÉÔòÉÔòÉÔòÉÔòÉÔòÉÔòÉÔòÉÔòÉÔòÉÔòÉÔòÉÔòÉÔòÉÔòÉÔòÉÔòù
    Ôòæ Looks like Playwright Test or Playwright was just installed or updated. Ôòæ
    Ôòæ Please run the following command to download new browsers:              Ôòæ
    Ôòæ                                                                         Ôòæ
    Ôòæ     npx playwright install                                              Ôòæ
    Ôòæ                                                                         Ôòæ
    Ôòæ <3 Playwright Team                                                      Ôòæ
    ÔòÜÔòÉÔòÉÔòÉÔòÉÔòÉÔòÉÔòÉÔòÉÔòÉÔòÉÔòÉÔòÉÔòÉÔòÉÔòÉÔòÉÔòÉÔòÉÔòÉÔòÉÔòÉÔòÉÔòÉÔòÉÔòÉÔòÉÔòÉÔòÉÔòÉÔòÉÔòÉÔòÉÔòÉÔòÉÔòÉÔòÉÔòÉÔòÉÔòÉÔòÉÔòÉÔòÉÔòÉÔòÉÔòÉÔòÉÔòÉÔòÉÔòÉÔòÉÔòÉÔòÉÔòÉÔòÉÔòÉÔòÉÔòÉÔòÉÔòÉÔòÉÔòÉÔòÉÔòÉÔòÉÔòÉÔòÉÔòÉÔòÉÔòÉÔòÉÔòÉÔòÉÔòÉÔòØ


[1A[2K[114/580] [chromium] ÔÇ║ src\tests\e2e\clubs.spec.ts:13:5 ÔÇ║ Clubs ÔÇ║ debe testear funcionalidad clubs 26
[1A[2K  114) [chromium] ÔÇ║ src\tests\e2e\clubs.spec.ts:13:5 ÔÇ║ Clubs ÔÇ║ debe testear funcionalidad clubs 26 ÔöÇ

    Error: browserType.launch: Executable doesn't exist at C:\Users\conej\AppData\Local\ms-playwright\chromium_headless_shell-1200\chrome-headless-shell-win64\chrome-headless-shell.exe
    ÔòöÔòÉÔòÉÔòÉÔòÉÔòÉÔòÉÔòÉÔòÉÔòÉÔòÉÔòÉÔòÉÔòÉÔòÉÔòÉÔòÉÔòÉÔòÉÔòÉÔòÉÔòÉÔòÉÔòÉÔòÉÔòÉÔòÉÔòÉÔòÉÔòÉÔòÉÔòÉÔòÉÔòÉÔòÉÔòÉÔòÉÔòÉÔòÉÔòÉÔòÉÔòÉÔòÉÔòÉÔòÉÔòÉÔòÉÔòÉÔòÉÔòÉÔòÉÔòÉÔòÉÔòÉÔòÉÔòÉÔòÉÔòÉÔòÉÔòÉÔòÉÔòÉÔòÉÔòÉÔòÉÔòÉÔòÉÔòÉÔòÉÔòÉÔòÉÔòÉÔòÉÔòÉÔòù
    Ôòæ Looks like Playwright Test or Playwright was just installed or updated. Ôòæ
    Ôòæ Please run the following command to download new browsers:              Ôòæ
    Ôòæ                                                                         Ôòæ
    Ôòæ     npx playwright install                                              Ôòæ
    Ôòæ                                                                         Ôòæ
    Ôòæ <3 Playwright Team                                                      Ôòæ
    ÔòÜÔòÉÔòÉÔòÉÔòÉÔòÉÔòÉÔòÉÔòÉÔòÉÔòÉÔòÉÔòÉÔòÉÔòÉÔòÉÔòÉÔòÉÔòÉÔòÉÔòÉÔòÉÔòÉÔòÉÔòÉÔòÉÔòÉÔòÉÔòÉÔòÉÔòÉÔòÉÔòÉÔòÉÔòÉÔòÉÔòÉÔòÉÔòÉÔòÉÔòÉÔòÉÔòÉÔòÉÔòÉÔòÉÔòÉÔòÉÔòÉÔòÉÔòÉÔòÉÔòÉÔòÉÔòÉÔòÉÔòÉÔòÉÔòÉÔòÉÔòÉÔòÉÔòÉÔòÉÔòÉÔòÉÔòÉÔòÉÔòÉÔòÉÔòÉÔòÉÔòÉÔòÉÔòØ


[1A[2K[115/580] [chromium] ÔÇ║ src\tests\e2e\clubs.spec.ts:13:5 ÔÇ║ Clubs ÔÇ║ debe testear funcionalidad clubs 27
[1A[2K[116/580] [chromium] ÔÇ║ src\tests\e2e\clubs.spec.ts:13:5 ÔÇ║ Clubs ÔÇ║ debe testear funcionalidad clubs 28
[1A[2K  115) [chromium] ÔÇ║ src\tests\e2e\clubs.spec.ts:13:5 ÔÇ║ Clubs ÔÇ║ debe testear funcionalidad clubs 27 ÔöÇ

    Error: browserType.launch: Executable doesn't exist at C:\Users\conej\AppData\Local\ms-playwright\chromium_headless_shell-1200\chrome-headless-shell-win64\chrome-headless-shell.exe
    ÔòöÔòÉÔòÉÔòÉÔòÉÔòÉÔòÉÔòÉÔòÉÔòÉÔòÉÔòÉÔòÉÔòÉÔòÉÔòÉÔòÉÔòÉÔòÉÔòÉÔòÉÔòÉÔòÉÔòÉÔòÉÔòÉÔòÉÔòÉÔòÉÔòÉÔòÉÔòÉÔòÉÔòÉÔòÉÔòÉÔòÉÔòÉÔòÉÔòÉÔòÉÔòÉÔòÉÔòÉÔòÉÔòÉÔòÉÔòÉÔòÉÔòÉÔòÉÔòÉÔòÉÔòÉÔòÉÔòÉÔòÉÔòÉÔòÉÔòÉÔòÉÔòÉÔòÉÔòÉÔòÉÔòÉÔòÉÔòÉÔòÉÔòÉÔòÉÔòÉÔòÉÔòÉÔòù
    Ôòæ Looks like Playwright Test or Playwright was just installed or updated. Ôòæ
    Ôòæ Please run the following command to download new browsers:              Ôòæ
    Ôòæ                                                                         Ôòæ
    Ôòæ     npx playwright install                                              Ôòæ
    Ôòæ                                                                         Ôòæ
    Ôòæ <3 Playwright Team                                                      Ôòæ
    ÔòÜÔòÉÔòÉÔòÉÔòÉÔòÉÔòÉÔòÉÔòÉÔòÉÔòÉÔòÉÔòÉÔòÉÔòÉÔòÉÔòÉÔòÉÔòÉÔòÉÔòÉÔòÉÔòÉÔòÉÔòÉÔòÉÔòÉÔòÉÔòÉÔòÉÔòÉÔòÉÔòÉÔòÉÔòÉÔòÉÔòÉÔòÉÔòÉÔòÉÔòÉÔòÉÔòÉÔòÉÔòÉÔòÉÔòÉÔòÉÔòÉÔòÉÔòÉÔòÉÔòÉÔòÉÔòÉÔòÉÔòÉÔòÉÔòÉÔòÉÔòÉÔòÉÔòÉÔòÉÔòÉÔòÉÔòÉÔòÉÔòÉÔòÉÔòÉÔòÉÔòÉÔòÉÔòØ


[1A[2K  116) [chromium] ÔÇ║ src\tests\e2e\clubs.spec.ts:13:5 ÔÇ║ Clubs ÔÇ║ debe testear funcionalidad clubs 28 ÔöÇ

    Error: browserType.launch: Executable doesn't exist at C:\Users\conej\AppData\Local\ms-playwright\chromium_headless_shell-1200\chrome-headless-shell-win64\chrome-headless-shell.exe
    ÔòöÔòÉÔòÉÔòÉÔòÉÔòÉÔòÉÔòÉÔòÉÔòÉÔòÉÔòÉÔòÉÔòÉÔòÉÔòÉÔòÉÔòÉÔòÉÔòÉÔòÉÔòÉÔòÉÔòÉÔòÉÔòÉÔòÉÔòÉÔòÉÔòÉÔòÉÔòÉÔòÉÔòÉÔòÉÔòÉÔòÉÔòÉÔòÉÔòÉÔòÉÔòÉÔòÉÔòÉÔòÉÔòÉÔòÉÔòÉÔòÉÔòÉÔòÉÔòÉÔòÉÔòÉÔòÉÔòÉÔòÉÔòÉÔòÉÔòÉÔòÉÔòÉÔòÉÔòÉÔòÉÔòÉÔòÉÔòÉÔòÉÔòÉÔòÉÔòÉÔòÉÔòÉÔòù
    Ôòæ Looks like Playwright Test or Playwright was just installed or updated. Ôòæ
    Ôòæ Please run the following command to download new browsers:              Ôòæ
    Ôòæ                                                                         Ôòæ
    Ôòæ     npx playwright install                                              Ôòæ
    Ôòæ                                                                         Ôòæ
    Ôòæ <3 Playwright Team                                                      Ôòæ
    ÔòÜÔòÉÔòÉÔòÉÔòÉÔòÉÔòÉÔòÉÔòÉÔòÉÔòÉÔòÉÔòÉÔòÉÔòÉÔòÉÔòÉÔòÉÔòÉÔòÉÔòÉÔòÉÔòÉÔòÉÔòÉÔòÉÔòÉÔòÉÔòÉÔòÉÔòÉÔòÉÔòÉÔòÉÔòÉÔòÉÔòÉÔòÉÔòÉÔòÉÔòÉÔòÉÔòÉÔòÉÔòÉÔòÉÔòÉÔòÉÔòÉÔòÉÔòÉÔòÉÔòÉÔòÉÔòÉÔòÉÔòÉÔòÉÔòÉÔòÉÔòÉÔòÉÔòÉÔòÉÔòÉÔòÉÔòÉÔòÉÔòÉÔòÉÔòÉÔòÉÔòÉÔòÉÔòØ


[1A[2K[117/580] [chromium] ÔÇ║ src\tests\e2e\clubs.spec.ts:13:5 ÔÇ║ Clubs ÔÇ║ debe testear funcionalidad clubs 30
[1A[2K[118/580] [chromium] ÔÇ║ src\tests\e2e\clubs.spec.ts:13:5 ÔÇ║ Clubs ÔÇ║ debe testear funcionalidad clubs 29
[1A[2K  117) [chromium] ÔÇ║ src\tests\e2e\clubs.spec.ts:13:5 ÔÇ║ Clubs ÔÇ║ debe testear funcionalidad clubs 30 ÔöÇ

    Error: browserType.launch: Executable doesn't exist at C:\Users\conej\AppData\Local\ms-playwright\chromium_headless_shell-1200\chrome-headless-shell-win64\chrome-headless-shell.exe
    ÔòöÔòÉÔòÉÔòÉÔòÉÔòÉÔòÉÔòÉÔòÉÔòÉÔòÉÔòÉÔòÉÔòÉÔòÉÔòÉÔòÉÔòÉÔòÉÔòÉÔòÉÔòÉÔòÉÔòÉÔòÉÔòÉÔòÉÔòÉÔòÉÔòÉÔòÉÔòÉÔòÉÔòÉÔòÉÔòÉÔòÉÔòÉÔòÉÔòÉÔòÉÔòÉÔòÉÔòÉÔòÉÔòÉÔòÉÔòÉÔòÉÔòÉÔòÉÔòÉÔòÉÔòÉÔòÉÔòÉÔòÉÔòÉÔòÉÔòÉÔòÉÔòÉÔòÉÔòÉÔòÉÔòÉÔòÉÔòÉÔòÉÔòÉÔòÉÔòÉÔòÉÔòÉÔòù
    Ôòæ Looks like Playwright Test or Playwright was just installed or updated. Ôòæ
    Ôòæ Please run the following command to download new browsers:              Ôòæ
    Ôòæ                                                                         Ôòæ
    Ôòæ     npx playwright install                                              Ôòæ
    Ôòæ                                                                         Ôòæ
    Ôòæ <3 Playwright Team                                                      Ôòæ
    ÔòÜÔòÉÔòÉÔòÉÔòÉÔòÉÔòÉÔòÉÔòÉÔòÉÔòÉÔòÉÔòÉÔòÉÔòÉÔòÉÔòÉÔòÉÔòÉÔòÉÔòÉÔòÉÔòÉÔòÉÔòÉÔòÉÔòÉÔòÉÔòÉÔòÉÔòÉÔòÉÔòÉÔòÉÔòÉÔòÉÔòÉÔòÉÔòÉÔòÉÔòÉÔòÉÔòÉÔòÉÔòÉÔòÉÔòÉÔòÉÔòÉÔòÉÔòÉÔòÉÔòÉÔòÉÔòÉÔòÉÔòÉÔòÉÔòÉÔòÉÔòÉÔòÉÔòÉÔòÉÔòÉÔòÉÔòÉÔòÉÔòÉÔòÉÔòÉÔòÉÔòÉÔòÉÔòØ


[1A[2K[119/580] [chromium] ÔÇ║ src\tests\e2e\clubs.spec.ts:13:5 ÔÇ║ Clubs ÔÇ║ debe testear funcionalidad clubs 31
[1A[2K  118) [chromium] ÔÇ║ src\tests\e2e\clubs.spec.ts:13:5 ÔÇ║ Clubs ÔÇ║ debe testear funcionalidad clubs 29 ÔöÇ

    Error: browserType.launch: Executable doesn't exist at C:\Users\conej\AppData\Local\ms-playwright\chromium_headless_shell-1200\chrome-headless-shell-win64\chrome-headless-shell.exe
    ÔòöÔòÉÔòÉÔòÉÔòÉÔòÉÔòÉÔòÉÔòÉÔòÉÔòÉÔòÉÔòÉÔòÉÔòÉÔòÉÔòÉÔòÉÔòÉÔòÉÔòÉÔòÉÔòÉÔòÉÔòÉÔòÉÔòÉÔòÉÔòÉÔòÉÔòÉÔòÉÔòÉÔòÉÔòÉÔòÉÔòÉÔòÉÔòÉÔòÉÔòÉÔòÉÔòÉÔòÉÔòÉÔòÉÔòÉÔòÉÔòÉÔòÉÔòÉÔòÉÔòÉÔòÉÔòÉÔòÉÔòÉÔòÉÔòÉÔòÉÔòÉÔòÉÔòÉÔòÉÔòÉÔòÉÔòÉÔòÉÔòÉÔòÉÔòÉÔòÉÔòÉÔòÉÔòù
    Ôòæ Looks like Playwright Test or Playwright was just installed or updated. Ôòæ
    Ôòæ Please run the following command to download new browsers:              Ôòæ
    Ôòæ                                                                         Ôòæ
    Ôòæ     npx playwright install                                              Ôòæ
    Ôòæ                                                                         Ôòæ
    Ôòæ <3 Playwright Team                                                      Ôòæ
    ÔòÜÔòÉÔòÉÔòÉÔòÉÔòÉÔòÉÔòÉÔòÉÔòÉÔòÉÔòÉÔòÉÔòÉÔòÉÔòÉÔòÉÔòÉÔòÉÔòÉÔòÉÔòÉÔòÉÔòÉÔòÉÔòÉÔòÉÔòÉÔòÉÔòÉÔòÉÔòÉÔòÉÔòÉÔòÉÔòÉÔòÉÔòÉÔòÉÔòÉÔòÉÔòÉÔòÉÔòÉÔòÉÔòÉÔòÉÔòÉÔòÉÔòÉÔòÉÔòÉÔòÉÔòÉÔòÉÔòÉÔòÉÔòÉÔòÉÔòÉÔòÉÔòÉÔòÉÔòÉÔòÉÔòÉÔòÉÔòÉÔòÉÔòÉÔòÉÔòÉÔòÉÔòÉÔòØ


[1A[2K  119) [chromium] ÔÇ║ src\tests\e2e\clubs.spec.ts:13:5 ÔÇ║ Clubs ÔÇ║ debe testear funcionalidad clubs 31 ÔöÇ

    Error: browserType.launch: Executable doesn't exist at C:\Users\conej\AppData\Local\ms-playwright\chromium_headless_shell-1200\chrome-headless-shell-win64\chrome-headless-shell.exe
    ÔòöÔòÉÔòÉÔòÉÔòÉÔòÉÔòÉÔòÉÔòÉÔòÉÔòÉÔòÉÔòÉÔòÉÔòÉÔòÉÔòÉÔòÉÔòÉÔòÉÔòÉÔòÉÔòÉÔòÉÔòÉÔòÉÔòÉÔòÉÔòÉÔòÉÔòÉÔòÉÔòÉÔòÉÔòÉÔòÉÔòÉÔòÉÔòÉÔòÉÔòÉÔòÉÔòÉÔòÉÔòÉÔòÉÔòÉÔòÉÔòÉÔòÉÔòÉÔòÉÔòÉÔòÉÔòÉÔòÉÔòÉÔòÉÔòÉÔòÉÔòÉÔòÉÔòÉÔòÉÔòÉÔòÉÔòÉÔòÉÔòÉÔòÉÔòÉÔòÉÔòÉÔòÉÔòù
    Ôòæ Looks like Playwright Test or Playwright was just installed or updated. Ôòæ
    Ôòæ Please run the following command to download new browsers:              Ôòæ
    Ôòæ                                                                         Ôòæ
    Ôòæ     npx playwright install                                              Ôòæ
    Ôòæ                                                                         Ôòæ
    Ôòæ <3 Playwright Team                                                      Ôòæ
    ÔòÜÔòÉÔòÉÔòÉÔòÉÔòÉÔòÉÔòÉÔòÉÔòÉÔòÉÔòÉÔòÉÔòÉÔòÉÔòÉÔòÉÔòÉÔòÉÔòÉÔòÉÔòÉÔòÉÔòÉÔòÉÔòÉÔòÉÔòÉÔòÉÔòÉÔòÉÔòÉÔòÉÔòÉÔòÉÔòÉÔòÉÔòÉÔòÉÔòÉÔòÉÔòÉÔòÉÔòÉÔòÉÔòÉÔòÉÔòÉÔòÉÔòÉÔòÉÔòÉÔòÉÔòÉÔòÉÔòÉÔòÉÔòÉÔòÉÔòÉÔòÉÔòÉÔòÉÔòÉÔòÉÔòÉÔòÉÔòÉÔòÉÔòÉÔòÉÔòÉÔòÉÔòÉÔòØ


[1A[2K[120/580] [chromium] ÔÇ║ src\tests\e2e\clubs.spec.ts:13:5 ÔÇ║ Clubs ÔÇ║ debe testear funcionalidad clubs 32
[1A[2K  120) [chromium] ÔÇ║ src\tests\e2e\clubs.spec.ts:13:5 ÔÇ║ Clubs ÔÇ║ debe testear funcionalidad clubs 32 ÔöÇ

    Error: browserType.launch: Executable doesn't exist at C:\Users\conej\AppData\Local\ms-playwright\chromium_headless_shell-1200\chrome-headless-shell-win64\chrome-headless-shell.exe
    ÔòöÔòÉÔòÉÔòÉÔòÉÔòÉÔòÉÔòÉÔòÉÔòÉÔòÉÔòÉÔòÉÔòÉÔòÉÔòÉÔòÉÔòÉÔòÉÔòÉÔòÉÔòÉÔòÉÔòÉÔòÉÔòÉÔòÉÔòÉÔòÉÔòÉÔòÉÔòÉÔòÉÔòÉÔòÉÔòÉÔòÉÔòÉÔòÉÔòÉÔòÉÔòÉÔòÉÔòÉÔòÉÔòÉÔòÉÔòÉÔòÉÔòÉÔòÉÔòÉÔòÉÔòÉÔòÉÔòÉÔòÉÔòÉÔòÉÔòÉÔòÉÔòÉÔòÉÔòÉÔòÉÔòÉÔòÉÔòÉÔòÉÔòÉÔòÉÔòÉÔòÉÔòÉÔòù
    Ôòæ Looks like Playwright Test or Playwright was just installed or updated. Ôòæ
    Ôòæ Please run the following command to download new browsers:              Ôòæ
    Ôòæ                                                                         Ôòæ
    Ôòæ     npx playwright install                                              Ôòæ
    Ôòæ                                                                         Ôòæ
    Ôòæ <3 Playwright Team                                                      Ôòæ
    ÔòÜÔòÉÔòÉÔòÉÔòÉÔòÉÔòÉÔòÉÔòÉÔòÉÔòÉÔòÉÔòÉÔòÉÔòÉÔòÉÔòÉÔòÉÔòÉÔòÉÔòÉÔòÉÔòÉÔòÉÔòÉÔòÉÔòÉÔòÉÔòÉÔòÉÔòÉÔòÉÔòÉÔòÉÔòÉÔòÉÔòÉÔòÉÔòÉÔòÉÔòÉÔòÉÔòÉÔòÉÔòÉÔòÉÔòÉÔòÉÔòÉÔòÉÔòÉÔòÉÔòÉÔòÉÔòÉÔòÉÔòÉÔòÉÔòÉÔòÉÔòÉÔòÉÔòÉÔòÉÔòÉÔòÉÔòÉÔòÉÔòÉÔòÉÔòÉÔòÉÔòÉÔòÉÔòØ


[1A[2K[121/580] [chromium] ÔÇ║ src\tests\e2e\clubs.spec.ts:13:5 ÔÇ║ Clubs ÔÇ║ debe testear funcionalidad clubs 33
[1A[2K  121) [chromium] ÔÇ║ src\tests\e2e\clubs.spec.ts:13:5 ÔÇ║ Clubs ÔÇ║ debe testear funcionalidad clubs 33 ÔöÇ

    Error: browserType.launch: Executable doesn't exist at C:\Users\conej\AppData\Local\ms-playwright\chromium_headless_shell-1200\chrome-headless-shell-win64\chrome-headless-shell.exe
    ÔòöÔòÉÔòÉÔòÉÔòÉÔòÉÔòÉÔòÉÔòÉÔòÉÔòÉÔòÉÔòÉÔòÉÔòÉÔòÉÔòÉÔòÉÔòÉÔòÉÔòÉÔòÉÔòÉÔòÉÔòÉÔòÉÔòÉÔòÉÔòÉÔòÉÔòÉÔòÉÔòÉÔòÉÔòÉÔòÉÔòÉÔòÉÔòÉÔòÉÔòÉÔòÉÔòÉÔòÉÔòÉÔòÉÔòÉÔòÉÔòÉÔòÉÔòÉÔòÉÔòÉÔòÉÔòÉÔòÉÔòÉÔòÉÔòÉÔòÉÔòÉÔòÉÔòÉÔòÉÔòÉÔòÉÔòÉÔòÉÔòÉÔòÉÔòÉÔòÉÔòÉÔòÉÔòù
    Ôòæ Looks like Playwright Test or Playwright was just installed or updated. Ôòæ
    Ôòæ Please run the following command to download new browsers:              Ôòæ
    Ôòæ                                                                         Ôòæ
    Ôòæ     npx playwright install                                              Ôòæ
    Ôòæ                                                                         Ôòæ
    Ôòæ <3 Playwright Team                                                      Ôòæ
    ÔòÜÔòÉÔòÉÔòÉÔòÉÔòÉÔòÉÔòÉÔòÉÔòÉÔòÉÔòÉÔòÉÔòÉÔòÉÔòÉÔòÉÔòÉÔòÉÔòÉÔòÉÔòÉÔòÉÔòÉÔòÉÔòÉÔòÉÔòÉÔòÉÔòÉÔòÉÔòÉÔòÉÔòÉÔòÉÔòÉÔòÉÔòÉÔòÉÔòÉÔòÉÔòÉÔòÉÔòÉÔòÉÔòÉÔòÉÔòÉÔòÉÔòÉÔòÉÔòÉÔòÉÔòÉÔòÉÔòÉÔòÉÔòÉÔòÉÔòÉÔòÉÔòÉÔòÉÔòÉÔòÉÔòÉÔòÉÔòÉÔòÉÔòÉÔòÉÔòÉÔòÉÔòÉÔòØ


[1A[2K[122/580] [chromium] ÔÇ║ src\tests\e2e\clubs.spec.ts:13:5 ÔÇ║ Clubs ÔÇ║ debe testear funcionalidad clubs 34
[1A[2K  122) [chromium] ÔÇ║ src\tests\e2e\clubs.spec.ts:13:5 ÔÇ║ Clubs ÔÇ║ debe testear funcionalidad clubs 34 ÔöÇ

    Error: browserType.launch: Executable doesn't exist at C:\Users\conej\AppData\Local\ms-playwright\chromium_headless_shell-1200\chrome-headless-shell-win64\chrome-headless-shell.exe
    ÔòöÔòÉÔòÉÔòÉÔòÉÔòÉÔòÉÔòÉÔòÉÔòÉÔòÉÔòÉÔòÉÔòÉÔòÉÔòÉÔòÉÔòÉÔòÉÔòÉÔòÉÔòÉÔòÉÔòÉÔòÉÔòÉÔòÉÔòÉÔòÉÔòÉÔòÉÔòÉÔòÉÔòÉÔòÉÔòÉÔòÉÔòÉÔòÉÔòÉÔòÉÔòÉÔòÉÔòÉÔòÉÔòÉÔòÉÔòÉÔòÉÔòÉÔòÉÔòÉÔòÉÔòÉÔòÉÔòÉÔòÉÔòÉÔòÉÔòÉÔòÉÔòÉÔòÉÔòÉÔòÉÔòÉÔòÉÔòÉÔòÉÔòÉÔòÉÔòÉÔòÉÔòÉÔòù
    Ôòæ Looks like Playwright Test or Playwright was just installed or updated. Ôòæ
    Ôòæ Please run the following command to download new browsers:              Ôòæ
    Ôòæ                                                                         Ôòæ
    Ôòæ     npx playwright install                                              Ôòæ
    Ôòæ                                                                         Ôòæ
    Ôòæ <3 Playwright Team                                                      Ôòæ
    ÔòÜÔòÉÔòÉÔòÉÔòÉÔòÉÔòÉÔòÉÔòÉÔòÉÔòÉÔòÉÔòÉÔòÉÔòÉÔòÉÔòÉÔòÉÔòÉÔòÉÔòÉÔòÉÔòÉÔòÉÔòÉÔòÉÔòÉÔòÉÔòÉÔòÉÔòÉÔòÉÔòÉÔòÉÔòÉÔòÉÔòÉÔòÉÔòÉÔòÉÔòÉÔòÉÔòÉÔòÉÔòÉÔòÉÔòÉÔòÉÔòÉÔòÉÔòÉÔòÉÔòÉÔòÉÔòÉÔòÉÔòÉÔòÉÔòÉÔòÉÔòÉÔòÉÔòÉÔòÉÔòÉÔòÉÔòÉÔòÉÔòÉÔòÉÔòÉÔòÉÔòÉÔòÉÔòØ


[1A[2K[123/580] [chromium] ÔÇ║ src\tests\e2e\clubs.spec.ts:13:5 ÔÇ║ Clubs ÔÇ║ debe testear funcionalidad clubs 35
[1A[2K[124/580] [chromium] ÔÇ║ src\tests\e2e\comments.spec.ts:13:5 ÔÇ║ Comments ÔÇ║ debe testear comentario 1
[1A[2K  123) [chromium] ÔÇ║ src\tests\e2e\clubs.spec.ts:13:5 ÔÇ║ Clubs ÔÇ║ debe testear funcionalidad clubs 35 ÔöÇ

    Error: browserType.launch: Executable doesn't exist at C:\Users\conej\AppData\Local\ms-playwright\chromium_headless_shell-1200\chrome-headless-shell-win64\chrome-headless-shell.exe
    ÔòöÔòÉÔòÉÔòÉÔòÉÔòÉÔòÉÔòÉÔòÉÔòÉÔòÉÔòÉÔòÉÔòÉÔòÉÔòÉÔòÉÔòÉÔòÉÔòÉÔòÉÔòÉÔòÉÔòÉÔòÉÔòÉÔòÉÔòÉÔòÉÔòÉÔòÉÔòÉÔòÉÔòÉÔòÉÔòÉÔòÉÔòÉÔòÉÔòÉÔòÉÔòÉÔòÉÔòÉÔòÉÔòÉÔòÉÔòÉÔòÉÔòÉÔòÉÔòÉÔòÉÔòÉÔòÉÔòÉÔòÉÔòÉÔòÉÔòÉÔòÉÔòÉÔòÉÔòÉÔòÉÔòÉÔòÉÔòÉÔòÉÔòÉÔòÉÔòÉÔòÉÔòÉÔòù
    Ôòæ Looks like Playwright Test or Playwright was just installed or updated. Ôòæ
    Ôòæ Please run the following command to download new browsers:              Ôòæ
    Ôòæ                                                                         Ôòæ
    Ôòæ     npx playwright install                                              Ôòæ
    Ôòæ                                                                         Ôòæ
    Ôòæ <3 Playwright Team                                                      Ôòæ
    ÔòÜÔòÉÔòÉÔòÉÔòÉÔòÉÔòÉÔòÉÔòÉÔòÉÔòÉÔòÉÔòÉÔòÉÔòÉÔòÉÔòÉÔòÉÔòÉÔòÉÔòÉÔòÉÔòÉÔòÉÔòÉÔòÉÔòÉÔòÉÔòÉÔòÉÔòÉÔòÉÔòÉÔòÉÔòÉÔòÉÔòÉÔòÉÔòÉÔòÉÔòÉÔòÉÔòÉÔòÉÔòÉÔòÉÔòÉÔòÉÔòÉÔòÉÔòÉÔòÉÔòÉÔòÉÔòÉÔòÉÔòÉÔòÉÔòÉÔòÉÔòÉÔòÉÔòÉÔòÉÔòÉÔòÉÔòÉÔòÉÔòÉÔòÉÔòÉÔòÉÔòÉÔòÉÔòØ


[1A[2K  124) [chromium] ÔÇ║ src\tests\e2e\comments.spec.ts:13:5 ÔÇ║ Comments ÔÇ║ debe testear comentario 1 ÔöÇÔöÇÔöÇÔöÇÔöÇ

    Error: browserType.launch: Executable doesn't exist at C:\Users\conej\AppData\Local\ms-playwright\chromium_headless_shell-1200\chrome-headless-shell-win64\chrome-headless-shell.exe
    ÔòöÔòÉÔòÉÔòÉÔòÉÔòÉÔòÉÔòÉÔòÉÔòÉÔòÉÔòÉÔòÉÔòÉÔòÉÔòÉÔòÉÔòÉÔòÉÔòÉÔòÉÔòÉÔòÉÔòÉÔòÉÔòÉÔòÉÔòÉÔòÉÔòÉÔòÉÔòÉÔòÉÔòÉÔòÉÔòÉÔòÉÔòÉÔòÉÔòÉÔòÉÔòÉÔòÉÔòÉÔòÉÔòÉÔòÉÔòÉÔòÉÔòÉÔòÉÔòÉÔòÉÔòÉÔòÉÔòÉÔòÉÔòÉÔòÉÔòÉÔòÉÔòÉÔòÉÔòÉÔòÉÔòÉÔòÉÔòÉÔòÉÔòÉÔòÉÔòÉÔòÉÔòÉÔòù
    Ôòæ Looks like Playwright Test or Playwright was just installed or updated. Ôòæ
    Ôòæ Please run the following command to download new browsers:              Ôòæ
    Ôòæ                                                                         Ôòæ
    Ôòæ     npx playwright install                                              Ôòæ
    Ôòæ                                                                         Ôòæ
    Ôòæ <3 Playwright Team                                                      Ôòæ
    ÔòÜÔòÉÔòÉÔòÉÔòÉÔòÉÔòÉÔòÉÔòÉÔòÉÔòÉÔòÉÔòÉÔòÉÔòÉÔòÉÔòÉÔòÉÔòÉÔòÉÔòÉÔòÉÔòÉÔòÉÔòÉÔòÉÔòÉÔòÉÔòÉÔòÉÔòÉÔòÉÔòÉÔòÉÔòÉÔòÉÔòÉÔòÉÔòÉÔòÉÔòÉÔòÉÔòÉÔòÉÔòÉÔòÉÔòÉÔòÉÔòÉÔòÉÔòÉÔòÉÔòÉÔòÉÔòÉÔòÉÔòÉÔòÉÔòÉÔòÉÔòÉÔòÉÔòÉÔòÉÔòÉÔòÉÔòÉÔòÉÔòÉÔòÉÔòÉÔòÉÔòÉÔòÉÔòØ


[1A[2K[125/580] [chromium] ÔÇ║ src\tests\e2e\comments.spec.ts:13:5 ÔÇ║ Comments ÔÇ║ debe testear comentario 2
[1A[2K[126/580] [chromium] ÔÇ║ src\tests\e2e\comments.spec.ts:13:5 ÔÇ║ Comments ÔÇ║ debe testear comentario 3
[1A[2K  125) [chromium] ÔÇ║ src\tests\e2e\comments.spec.ts:13:5 ÔÇ║ Comments ÔÇ║ debe testear comentario 2 ÔöÇÔöÇÔöÇÔöÇÔöÇ

    Error: browserType.launch: Executable doesn't exist at C:\Users\conej\AppData\Local\ms-playwright\chromium_headless_shell-1200\chrome-headless-shell-win64\chrome-headless-shell.exe
    ÔòöÔòÉÔòÉÔòÉÔòÉÔòÉÔòÉÔòÉÔòÉÔòÉÔòÉÔòÉÔòÉÔòÉÔòÉÔòÉÔòÉÔòÉÔòÉÔòÉÔòÉÔòÉÔòÉÔòÉÔòÉÔòÉÔòÉÔòÉÔòÉÔòÉÔòÉÔòÉÔòÉÔòÉÔòÉÔòÉÔòÉÔòÉÔòÉÔòÉÔòÉÔòÉÔòÉÔòÉÔòÉÔòÉÔòÉÔòÉÔòÉÔòÉÔòÉÔòÉÔòÉÔòÉÔòÉÔòÉÔòÉÔòÉÔòÉÔòÉÔòÉÔòÉÔòÉÔòÉÔòÉÔòÉÔòÉÔòÉÔòÉÔòÉÔòÉÔòÉÔòÉÔòÉÔòù
    Ôòæ Looks like Playwright Test or Playwright was just installed or updated. Ôòæ
    Ôòæ Please run the following command to download new browsers:              Ôòæ
    Ôòæ                                                                         Ôòæ
    Ôòæ     npx playwright install                                              Ôòæ
    Ôòæ                                                                         Ôòæ
    Ôòæ <3 Playwright Team                                                      Ôòæ
    ÔòÜÔòÉÔòÉÔòÉÔòÉÔòÉÔòÉÔòÉÔòÉÔòÉÔòÉÔòÉÔòÉÔòÉÔòÉÔòÉÔòÉÔòÉÔòÉÔòÉÔòÉÔòÉÔòÉÔòÉÔòÉÔòÉÔòÉÔòÉÔòÉÔòÉÔòÉÔòÉÔòÉÔòÉÔòÉÔòÉÔòÉÔòÉÔòÉÔòÉÔòÉÔòÉÔòÉÔòÉÔòÉÔòÉÔòÉÔòÉÔòÉÔòÉÔòÉÔòÉÔòÉÔòÉÔòÉÔòÉÔòÉÔòÉÔòÉÔòÉÔòÉÔòÉÔòÉÔòÉÔòÉÔòÉÔòÉÔòÉÔòÉÔòÉÔòÉÔòÉÔòÉÔòÉÔòØ


[1A[2K  126) [chromium] ÔÇ║ src\tests\e2e\comments.spec.ts:13:5 ÔÇ║ Comments ÔÇ║ debe testear comentario 3 ÔöÇÔöÇÔöÇÔöÇÔöÇ

    Error: browserType.launch: Executable doesn't exist at C:\Users\conej\AppData\Local\ms-playwright\chromium_headless_shell-1200\chrome-headless-shell-win64\chrome-headless-shell.exe
    ÔòöÔòÉÔòÉÔòÉÔòÉÔòÉÔòÉÔòÉÔòÉÔòÉÔòÉÔòÉÔòÉÔòÉÔòÉÔòÉÔòÉÔòÉÔòÉÔòÉÔòÉÔòÉÔòÉÔòÉÔòÉÔòÉÔòÉÔòÉÔòÉÔòÉÔòÉÔòÉÔòÉÔòÉÔòÉÔòÉÔòÉÔòÉÔòÉÔòÉÔòÉÔòÉÔòÉÔòÉÔòÉÔòÉÔòÉÔòÉÔòÉÔòÉÔòÉÔòÉÔòÉÔòÉÔòÉÔòÉÔòÉÔòÉÔòÉÔòÉÔòÉÔòÉÔòÉÔòÉÔòÉÔòÉÔòÉÔòÉÔòÉÔòÉÔòÉÔòÉÔòÉÔòÉÔòù
    Ôòæ Looks like Playwright Test or Playwright was just installed or updated. Ôòæ
    Ôòæ Please run the following command to download new browsers:              Ôòæ
    Ôòæ                                                                         Ôòæ
    Ôòæ     npx playwright install                                              Ôòæ
    Ôòæ                                                                         Ôòæ
    Ôòæ <3 Playwright Team                                                      Ôòæ
    ÔòÜÔòÉÔòÉÔòÉÔòÉÔòÉÔòÉÔòÉÔòÉÔòÉÔòÉÔòÉÔòÉÔòÉÔòÉÔòÉÔòÉÔòÉÔòÉÔòÉÔòÉÔòÉÔòÉÔòÉÔòÉÔòÉÔòÉÔòÉÔòÉÔòÉÔòÉÔòÉÔòÉÔòÉÔòÉÔòÉÔòÉÔòÉÔòÉÔòÉÔòÉÔòÉÔòÉÔòÉÔòÉÔòÉÔòÉÔòÉÔòÉÔòÉÔòÉÔòÉÔòÉÔòÉÔòÉÔòÉÔòÉÔòÉÔòÉÔòÉÔòÉÔòÉÔòÉÔòÉÔòÉÔòÉÔòÉÔòÉÔòÉÔòÉÔòÉÔòÉÔòÉÔòÉÔòØ


[1A[2K[127/580] [chromium] ÔÇ║ src\tests\e2e\comments.spec.ts:13:5 ÔÇ║ Comments ÔÇ║ debe testear comentario 4
[1A[2K[128/580] [chromium] ÔÇ║ src\tests\e2e\comments.spec.ts:13:5 ÔÇ║ Comments ÔÇ║ debe testear comentario 5
[1A[2K  127) [chromium] ÔÇ║ src\tests\e2e\comments.spec.ts:13:5 ÔÇ║ Comments ÔÇ║ debe testear comentario 4 ÔöÇÔöÇÔöÇÔöÇÔöÇ

    Error: browserType.launch: Executable doesn't exist at C:\Users\conej\AppData\Local\ms-playwright\chromium_headless_shell-1200\chrome-headless-shell-win64\chrome-headless-shell.exe
    ÔòöÔòÉÔòÉÔòÉÔòÉÔòÉÔòÉÔòÉÔòÉÔòÉÔòÉÔòÉÔòÉÔòÉÔòÉÔòÉÔòÉÔòÉÔòÉÔòÉÔòÉÔòÉÔòÉÔòÉÔòÉÔòÉÔòÉÔòÉÔòÉÔòÉÔòÉÔòÉÔòÉÔòÉÔòÉÔòÉÔòÉÔòÉÔòÉÔòÉÔòÉÔòÉÔòÉÔòÉÔòÉÔòÉÔòÉÔòÉÔòÉÔòÉÔòÉÔòÉÔòÉÔòÉÔòÉÔòÉÔòÉÔòÉÔòÉÔòÉÔòÉÔòÉÔòÉÔòÉÔòÉÔòÉÔòÉÔòÉÔòÉÔòÉÔòÉÔòÉÔòÉÔòÉÔòù
    Ôòæ Looks like Playwright Test or Playwright was just installed or updated. Ôòæ
    Ôòæ Please run the following command to download new browsers:              Ôòæ
    Ôòæ                                                                         Ôòæ
    Ôòæ     npx playwright install                                              Ôòæ
    Ôòæ                                                                         Ôòæ
    Ôòæ <3 Playwright Team                                                      Ôòæ
    ÔòÜÔòÉÔòÉÔòÉÔòÉÔòÉÔòÉÔòÉÔòÉÔòÉÔòÉÔòÉÔòÉÔòÉÔòÉÔòÉÔòÉÔòÉÔòÉÔòÉÔòÉÔòÉÔòÉÔòÉÔòÉÔòÉÔòÉÔòÉÔòÉÔòÉÔòÉÔòÉÔòÉÔòÉÔòÉÔòÉÔòÉÔòÉÔòÉÔòÉÔòÉÔòÉÔòÉÔòÉÔòÉÔòÉÔòÉÔòÉÔòÉÔòÉÔòÉÔòÉÔòÉÔòÉÔòÉÔòÉÔòÉÔòÉÔòÉÔòÉÔòÉÔòÉÔòÉÔòÉÔòÉÔòÉÔòÉÔòÉÔòÉÔòÉÔòÉÔòÉÔòÉÔòÉÔòØ


[1A[2K  128) [chromium] ÔÇ║ src\tests\e2e\comments.spec.ts:13:5 ÔÇ║ Comments ÔÇ║ debe testear comentario 5 ÔöÇÔöÇÔöÇÔöÇÔöÇ

    Error: browserType.launch: Executable doesn't exist at C:\Users\conej\AppData\Local\ms-playwright\chromium_headless_shell-1200\chrome-headless-shell-win64\chrome-headless-shell.exe
    ÔòöÔòÉÔòÉÔòÉÔòÉÔòÉÔòÉÔòÉÔòÉÔòÉÔòÉÔòÉÔòÉÔòÉÔòÉÔòÉÔòÉÔòÉÔòÉÔòÉÔòÉÔòÉÔòÉÔòÉÔòÉÔòÉÔòÉÔòÉÔòÉÔòÉÔòÉÔòÉÔòÉÔòÉÔòÉÔòÉÔòÉÔòÉÔòÉÔòÉÔòÉÔòÉÔòÉÔòÉÔòÉÔòÉÔòÉÔòÉÔòÉÔòÉÔòÉÔòÉÔòÉÔòÉÔòÉÔòÉÔòÉÔòÉÔòÉÔòÉÔòÉÔòÉÔòÉÔòÉÔòÉÔòÉÔòÉÔòÉÔòÉÔòÉÔòÉÔòÉÔòÉÔòÉÔòù
    Ôòæ Looks like Playwright Test or Playwright was just installed or updated. Ôòæ
    Ôòæ Please run the following command to download new browsers:              Ôòæ
    Ôòæ                                                                         Ôòæ
    Ôòæ     npx playwright install                                              Ôòæ
    Ôòæ                                                                         Ôòæ
    Ôòæ <3 Playwright Team                                                      Ôòæ
    ÔòÜÔòÉÔòÉÔòÉÔòÉÔòÉÔòÉÔòÉÔòÉÔòÉÔòÉÔòÉÔòÉÔòÉÔòÉÔòÉÔòÉÔòÉÔòÉÔòÉÔòÉÔòÉÔòÉÔòÉÔòÉÔòÉÔòÉÔòÉÔòÉÔòÉÔòÉÔòÉÔòÉÔòÉÔòÉÔòÉÔòÉÔòÉÔòÉÔòÉÔòÉÔòÉÔòÉÔòÉÔòÉÔòÉÔòÉÔòÉÔòÉÔòÉÔòÉÔòÉÔòÉÔòÉÔòÉÔòÉÔòÉÔòÉÔòÉÔòÉÔòÉÔòÉÔòÉÔòÉÔòÉÔòÉÔòÉÔòÉÔòÉÔòÉÔòÉÔòÉÔòÉÔòÉÔòØ


[1A[2K[129/580] [chromium] ÔÇ║ src\tests\e2e\comments.spec.ts:13:5 ÔÇ║ Comments ÔÇ║ debe testear comentario 6
[1A[2K  129) [chromium] ÔÇ║ src\tests\e2e\comments.spec.ts:13:5 ÔÇ║ Comments ÔÇ║ debe testear comentario 6 ÔöÇÔöÇÔöÇÔöÇÔöÇ

    Error: browserType.launch: Executable doesn't exist at C:\Users\conej\AppData\Local\ms-playwright\chromium_headless_shell-1200\chrome-headless-shell-win64\chrome-headless-shell.exe
    ÔòöÔòÉÔòÉÔòÉÔòÉÔòÉÔòÉÔòÉÔòÉÔòÉÔòÉÔòÉÔòÉÔòÉÔòÉÔòÉÔòÉÔòÉÔòÉÔòÉÔòÉÔòÉÔòÉÔòÉÔòÉÔòÉÔòÉÔòÉÔòÉÔòÉÔòÉÔòÉÔòÉÔòÉÔòÉÔòÉÔòÉÔòÉÔòÉÔòÉÔòÉÔòÉÔòÉÔòÉÔòÉÔòÉÔòÉÔòÉÔòÉÔòÉÔòÉÔòÉÔòÉÔòÉÔòÉÔòÉÔòÉÔòÉÔòÉÔòÉÔòÉÔòÉÔòÉÔòÉÔòÉÔòÉÔòÉÔòÉÔòÉÔòÉÔòÉÔòÉÔòÉÔòÉÔòù
    Ôòæ Looks like Playwright Test or Playwright was just installed or updated. Ôòæ
    Ôòæ Please run the following command to download new browsers:              Ôòæ
    Ôòæ                                                                         Ôòæ
    Ôòæ     npx playwright install                                              Ôòæ
    Ôòæ                                                                         Ôòæ
    Ôòæ <3 Playwright Team                                                      Ôòæ
    ÔòÜÔòÉÔòÉÔòÉÔòÉÔòÉÔòÉÔòÉÔòÉÔòÉÔòÉÔòÉÔòÉÔòÉÔòÉÔòÉÔòÉÔòÉÔòÉÔòÉÔòÉÔòÉÔòÉÔòÉÔòÉÔòÉÔòÉÔòÉÔòÉÔòÉÔòÉÔòÉÔòÉÔòÉÔòÉÔòÉÔòÉÔòÉÔòÉÔòÉÔòÉÔòÉÔòÉÔòÉÔòÉÔòÉÔòÉÔòÉÔòÉÔòÉÔòÉÔòÉÔòÉÔòÉÔòÉÔòÉÔòÉÔòÉÔòÉÔòÉÔòÉÔòÉÔòÉÔòÉÔòÉÔòÉÔòÉÔòÉÔòÉÔòÉÔòÉÔòÉÔòÉÔòÉÔòØ


[1A[2K[130/580] [chromium] ÔÇ║ src\tests\e2e\comments.spec.ts:13:5 ÔÇ║ Comments ÔÇ║ debe testear comentario 7
[1A[2K  130) [chromium] ÔÇ║ src\tests\e2e\comments.spec.ts:13:5 ÔÇ║ Comments ÔÇ║ debe testear comentario 7 ÔöÇÔöÇÔöÇÔöÇÔöÇ

    Error: browserType.launch: Executable doesn't exist at C:\Users\conej\AppData\Local\ms-playwright\chromium_headless_shell-1200\chrome-headless-shell-win64\chrome-headless-shell.exe
    ÔòöÔòÉÔòÉÔòÉÔòÉÔòÉÔòÉÔòÉÔòÉÔòÉÔòÉÔòÉÔòÉÔòÉÔòÉÔòÉÔòÉÔòÉÔòÉÔòÉÔòÉÔòÉÔòÉÔòÉÔòÉÔòÉÔòÉÔòÉÔòÉÔòÉÔòÉÔòÉÔòÉÔòÉÔòÉÔòÉÔòÉÔòÉÔòÉÔòÉÔòÉÔòÉÔòÉÔòÉÔòÉÔòÉÔòÉÔòÉÔòÉÔòÉÔòÉÔòÉÔòÉÔòÉÔòÉÔòÉÔòÉÔòÉÔòÉÔòÉÔòÉÔòÉÔòÉÔòÉÔòÉÔòÉÔòÉÔòÉÔòÉÔòÉÔòÉÔòÉÔòÉÔòÉÔòù
    Ôòæ Looks like Playwright Test or Playwright was just installed or updated. Ôòæ
    Ôòæ Please run the following command to download new browsers:              Ôòæ
    Ôòæ                                                                         Ôòæ
    Ôòæ     npx playwright install                                              Ôòæ
    Ôòæ                                                                         Ôòæ
    Ôòæ <3 Playwright Team                                                      Ôòæ
    ÔòÜÔòÉÔòÉÔòÉÔòÉÔòÉÔòÉÔòÉÔòÉÔòÉÔòÉÔòÉÔòÉÔòÉÔòÉÔòÉÔòÉÔòÉÔòÉÔòÉÔòÉÔòÉÔòÉÔòÉÔòÉÔòÉÔòÉÔòÉÔòÉÔòÉÔòÉÔòÉÔòÉÔòÉÔòÉÔòÉÔòÉÔòÉÔòÉÔòÉÔòÉÔòÉÔòÉÔòÉÔòÉÔòÉÔòÉÔòÉÔòÉÔòÉÔòÉÔòÉÔòÉÔòÉÔòÉÔòÉÔòÉÔòÉÔòÉÔòÉÔòÉÔòÉÔòÉÔòÉÔòÉÔòÉÔòÉÔòÉÔòÉÔòÉÔòÉÔòÉÔòÉÔòÉÔòØ


[1A[2K[131/580] [chromium] ÔÇ║ src\tests\e2e\comments.spec.ts:13:5 ÔÇ║ Comments ÔÇ║ debe testear comentario 8
[1A[2K[132/580] [chromium] ÔÇ║ src\tests\e2e\comments.spec.ts:13:5 ÔÇ║ Comments ÔÇ║ debe testear comentario 9
[1A[2K  131) [chromium] ÔÇ║ src\tests\e2e\comments.spec.ts:13:5 ÔÇ║ Comments ÔÇ║ debe testear comentario 8 ÔöÇÔöÇÔöÇÔöÇÔöÇ

    Error: browserType.launch: Executable doesn't exist at C:\Users\conej\AppData\Local\ms-playwright\chromium_headless_shell-1200\chrome-headless-shell-win64\chrome-headless-shell.exe
    ÔòöÔòÉÔòÉÔòÉÔòÉÔòÉÔòÉÔòÉÔòÉÔòÉÔòÉÔòÉÔòÉÔòÉÔòÉÔòÉÔòÉÔòÉÔòÉÔòÉÔòÉÔòÉÔòÉÔòÉÔòÉÔòÉÔòÉÔòÉÔòÉÔòÉÔòÉÔòÉÔòÉÔòÉÔòÉÔòÉÔòÉÔòÉÔòÉÔòÉÔòÉÔòÉÔòÉÔòÉÔòÉÔòÉÔòÉÔòÉÔòÉÔòÉÔòÉÔòÉÔòÉÔòÉÔòÉÔòÉÔòÉÔòÉÔòÉÔòÉÔòÉÔòÉÔòÉÔòÉÔòÉÔòÉÔòÉÔòÉÔòÉÔòÉÔòÉÔòÉÔòÉÔòÉÔòù
    Ôòæ Looks like Playwright Test or Playwright was just installed or updated. Ôòæ
    Ôòæ Please run the following command to download new browsers:              Ôòæ
    Ôòæ                                                                         Ôòæ
    Ôòæ     npx playwright install                                              Ôòæ
    Ôòæ                                                                         Ôòæ
    Ôòæ <3 Playwright Team                                                      Ôòæ
    ÔòÜÔòÉÔòÉÔòÉÔòÉÔòÉÔòÉÔòÉÔòÉÔòÉÔòÉÔòÉÔòÉÔòÉÔòÉÔòÉÔòÉÔòÉÔòÉÔòÉÔòÉÔòÉÔòÉÔòÉÔòÉÔòÉÔòÉÔòÉÔòÉÔòÉÔòÉÔòÉÔòÉÔòÉÔòÉÔòÉÔòÉÔòÉÔòÉÔòÉÔòÉÔòÉÔòÉÔòÉÔòÉÔòÉÔòÉÔòÉÔòÉÔòÉÔòÉÔòÉÔòÉÔòÉÔòÉÔòÉÔòÉÔòÉÔòÉÔòÉÔòÉÔòÉÔòÉÔòÉÔòÉÔòÉÔòÉÔòÉÔòÉÔòÉÔòÉÔòÉÔòÉÔòÉÔòØ


[1A[2K  132) [chromium] ÔÇ║ src\tests\e2e\comments.spec.ts:13:5 ÔÇ║ Comments ÔÇ║ debe testear comentario 9 ÔöÇÔöÇÔöÇÔöÇÔöÇ

    Error: browserType.launch: Executable doesn't exist at C:\Users\conej\AppData\Local\ms-playwright\chromium_headless_shell-1200\chrome-headless-shell-win64\chrome-headless-shell.exe
    ÔòöÔòÉÔòÉÔòÉÔòÉÔòÉÔòÉÔòÉÔòÉÔòÉÔòÉÔòÉÔòÉÔòÉÔòÉÔòÉÔòÉÔòÉÔòÉÔòÉÔòÉÔòÉÔòÉÔòÉÔòÉÔòÉÔòÉÔòÉÔòÉÔòÉÔòÉÔòÉÔòÉÔòÉÔòÉÔòÉÔòÉÔòÉÔòÉÔòÉÔòÉÔòÉÔòÉÔòÉÔòÉÔòÉÔòÉÔòÉÔòÉÔòÉÔòÉÔòÉÔòÉÔòÉÔòÉÔòÉÔòÉÔòÉÔòÉÔòÉÔòÉÔòÉÔòÉÔòÉÔòÉÔòÉÔòÉÔòÉÔòÉÔòÉÔòÉÔòÉÔòÉÔòÉÔòù
    Ôòæ Looks like Playwright Test or Playwright was just installed or updated. Ôòæ
    Ôòæ Please run the following command to download new browsers:              Ôòæ
    Ôòæ                                                                         Ôòæ
    Ôòæ     npx playwright install                                              Ôòæ
    Ôòæ                                                                         Ôòæ
    Ôòæ <3 Playwright Team                                                      Ôòæ
    ÔòÜÔòÉÔòÉÔòÉÔòÉÔòÉÔòÉÔòÉÔòÉÔòÉÔòÉÔòÉÔòÉÔòÉÔòÉÔòÉÔòÉÔòÉÔòÉÔòÉÔòÉÔòÉÔòÉÔòÉÔòÉÔòÉÔòÉÔòÉÔòÉÔòÉÔòÉÔòÉÔòÉÔòÉÔòÉÔòÉÔòÉÔòÉÔòÉÔòÉÔòÉÔòÉÔòÉÔòÉÔòÉÔòÉÔòÉÔòÉÔòÉÔòÉÔòÉÔòÉÔòÉÔòÉÔòÉÔòÉÔòÉÔòÉÔòÉÔòÉÔòÉÔòÉÔòÉÔòÉÔòÉÔòÉÔòÉÔòÉÔòÉÔòÉÔòÉÔòÉÔòÉÔòÉÔòØ


[1A[2K[133/580] [chromium] ÔÇ║ src\tests\e2e\comments.spec.ts:13:5 ÔÇ║ Comments ÔÇ║ debe testear comentario 10
[1A[2K  133) [chromium] ÔÇ║ src\tests\e2e\comments.spec.ts:13:5 ÔÇ║ Comments ÔÇ║ debe testear comentario 10 ÔöÇÔöÇÔöÇÔöÇ

    Error: browserType.launch: Executable doesn't exist at C:\Users\conej\AppData\Local\ms-playwright\chromium_headless_shell-1200\chrome-headless-shell-win64\chrome-headless-shell.exe
    ÔòöÔòÉÔòÉÔòÉÔòÉÔòÉÔòÉÔòÉÔòÉÔòÉÔòÉÔòÉÔòÉÔòÉÔòÉÔòÉÔòÉÔòÉÔòÉÔòÉÔòÉÔòÉÔòÉÔòÉÔòÉÔòÉÔòÉÔòÉÔòÉÔòÉÔòÉÔòÉÔòÉÔòÉÔòÉÔòÉÔòÉÔòÉÔòÉÔòÉÔòÉÔòÉÔòÉÔòÉÔòÉÔòÉÔòÉÔòÉÔòÉÔòÉÔòÉÔòÉÔòÉÔòÉÔòÉÔòÉÔòÉÔòÉÔòÉÔòÉÔòÉÔòÉÔòÉÔòÉÔòÉÔòÉÔòÉÔòÉÔòÉÔòÉÔòÉÔòÉÔòÉÔòÉÔòù
    Ôòæ Looks like Playwright Test or Playwright was just installed or updated. Ôòæ
    Ôòæ Please run the following command to download new browsers:              Ôòæ
    Ôòæ                                                                         Ôòæ
    Ôòæ     npx playwright install                                              Ôòæ
    Ôòæ                                                                         Ôòæ
    Ôòæ <3 Playwright Team                                                      Ôòæ
    ÔòÜÔòÉÔòÉÔòÉÔòÉÔòÉÔòÉÔòÉÔòÉÔòÉÔòÉÔòÉÔòÉÔòÉÔòÉÔòÉÔòÉÔòÉÔòÉÔòÉÔòÉÔòÉÔòÉÔòÉÔòÉÔòÉÔòÉÔòÉÔòÉÔòÉÔòÉÔòÉÔòÉÔòÉÔòÉÔòÉÔòÉÔòÉÔòÉÔòÉÔòÉÔòÉÔòÉÔòÉÔòÉÔòÉÔòÉÔòÉÔòÉÔòÉÔòÉÔòÉÔòÉÔòÉÔòÉÔòÉÔòÉÔòÉÔòÉÔòÉÔòÉÔòÉÔòÉÔòÉÔòÉÔòÉÔòÉÔòÉÔòÉÔòÉÔòÉÔòÉÔòÉÔòÉÔòØ


[1A[2K[134/580] [chromium] ÔÇ║ src\tests\e2e\comments.spec.ts:13:5 ÔÇ║ Comments ÔÇ║ debe testear comentario 12
[1A[2K[135/580] [chromium] ÔÇ║ src\tests\e2e\comments.spec.ts:13:5 ÔÇ║ Comments ÔÇ║ debe testear comentario 11
[1A[2K  134) [chromium] ÔÇ║ src\tests\e2e\comments.spec.ts:13:5 ÔÇ║ Comments ÔÇ║ debe testear comentario 12 ÔöÇÔöÇÔöÇÔöÇ

    Error: browserType.launch: Executable doesn't exist at C:\Users\conej\AppData\Local\ms-playwright\chromium_headless_shell-1200\chrome-headless-shell-win64\chrome-headless-shell.exe
    ÔòöÔòÉÔòÉÔòÉÔòÉÔòÉÔòÉÔòÉÔòÉÔòÉÔòÉÔòÉÔòÉÔòÉÔòÉÔòÉÔòÉÔòÉÔòÉÔòÉÔòÉÔòÉÔòÉÔòÉÔòÉÔòÉÔòÉÔòÉÔòÉÔòÉÔòÉÔòÉÔòÉÔòÉÔòÉÔòÉÔòÉÔòÉÔòÉÔòÉÔòÉÔòÉÔòÉÔòÉÔòÉÔòÉÔòÉÔòÉÔòÉÔòÉÔòÉÔòÉÔòÉÔòÉÔòÉÔòÉÔòÉÔòÉÔòÉÔòÉÔòÉÔòÉÔòÉÔòÉÔòÉÔòÉÔòÉÔòÉÔòÉÔòÉÔòÉÔòÉÔòÉÔòÉÔòù
    Ôòæ Looks like Playwright Test or Playwright was just installed or updated. Ôòæ
    Ôòæ Please run the following command to download new browsers:              Ôòæ
    Ôòæ                                                                         Ôòæ
    Ôòæ     npx playwright install                                              Ôòæ
    Ôòæ                                                                         Ôòæ
    Ôòæ <3 Playwright Team                                                      Ôòæ
    ÔòÜÔòÉÔòÉÔòÉÔòÉÔòÉÔòÉÔòÉÔòÉÔòÉÔòÉÔòÉÔòÉÔòÉÔòÉÔòÉÔòÉÔòÉÔòÉÔòÉÔòÉÔòÉÔòÉÔòÉÔòÉÔòÉÔòÉÔòÉÔòÉÔòÉÔòÉÔòÉÔòÉÔòÉÔòÉÔòÉÔòÉÔòÉÔòÉÔòÉÔòÉÔòÉÔòÉÔòÉÔòÉÔòÉÔòÉÔòÉÔòÉÔòÉÔòÉÔòÉÔòÉÔòÉÔòÉÔòÉÔòÉÔòÉÔòÉÔòÉÔòÉÔòÉÔòÉÔòÉÔòÉÔòÉÔòÉÔòÉÔòÉÔòÉÔòÉÔòÉÔòÉÔòÉÔòØ


[1A[2K  135) [chromium] ÔÇ║ src\tests\e2e\comments.spec.ts:13:5 ÔÇ║ Comments ÔÇ║ debe testear comentario 11 ÔöÇÔöÇÔöÇÔöÇ

    Error: browserType.launch: Executable doesn't exist at C:\Users\conej\AppData\Local\ms-playwright\chromium_headless_shell-1200\chrome-headless-shell-win64\chrome-headless-shell.exe
    ÔòöÔòÉÔòÉÔòÉÔòÉÔòÉÔòÉÔòÉÔòÉÔòÉÔòÉÔòÉÔòÉÔòÉÔòÉÔòÉÔòÉÔòÉÔòÉÔòÉÔòÉÔòÉÔòÉÔòÉÔòÉÔòÉÔòÉÔòÉÔòÉÔòÉÔòÉÔòÉÔòÉÔòÉÔòÉÔòÉÔòÉÔòÉÔòÉÔòÉÔòÉÔòÉÔòÉÔòÉÔòÉÔòÉÔòÉÔòÉÔòÉÔòÉÔòÉÔòÉÔòÉÔòÉÔòÉÔòÉÔòÉÔòÉÔòÉÔòÉÔòÉÔòÉÔòÉÔòÉÔòÉÔòÉÔòÉÔòÉÔòÉÔòÉÔòÉÔòÉÔòÉÔòÉÔòù
    Ôòæ Looks like Playwright Test or Playwright was just installed or updated. Ôòæ
    Ôòæ Please run the following command to download new browsers:              Ôòæ
    Ôòæ                                                                         Ôòæ
    Ôòæ     npx playwright install                                              Ôòæ
    Ôòæ                                                                         Ôòæ
    Ôòæ <3 Playwright Team                                                      Ôòæ
    ÔòÜÔòÉÔòÉÔòÉÔòÉÔòÉÔòÉÔòÉÔòÉÔòÉÔòÉÔòÉÔòÉÔòÉÔòÉÔòÉÔòÉÔòÉÔòÉÔòÉÔòÉÔòÉÔòÉÔòÉÔòÉÔòÉÔòÉÔòÉÔòÉÔòÉÔòÉÔòÉÔòÉÔòÉÔòÉÔòÉÔòÉÔòÉÔòÉÔòÉÔòÉÔòÉÔòÉÔòÉÔòÉÔòÉÔòÉÔòÉÔòÉÔòÉÔòÉÔòÉÔòÉÔòÉÔòÉÔòÉÔòÉÔòÉÔòÉÔòÉÔòÉÔòÉÔòÉÔòÉÔòÉÔòÉÔòÉÔòÉÔòÉÔòÉÔòÉÔòÉÔòÉÔòÉÔòØ


[1A[2K[136/580] [chromium] ÔÇ║ src\tests\e2e\comments.spec.ts:13:5 ÔÇ║ Comments ÔÇ║ debe testear comentario 13
[1A[2K  136) [chromium] ÔÇ║ src\tests\e2e\comments.spec.ts:13:5 ÔÇ║ Comments ÔÇ║ debe testear comentario 13 ÔöÇÔöÇÔöÇÔöÇ

    Error: browserType.launch: Executable doesn't exist at C:\Users\conej\AppData\Local\ms-playwright\chromium_headless_shell-1200\chrome-headless-shell-win64\chrome-headless-shell.exe
    ÔòöÔòÉÔòÉÔòÉÔòÉÔòÉÔòÉÔòÉÔòÉÔòÉÔòÉÔòÉÔòÉÔòÉÔòÉÔòÉÔòÉÔòÉÔòÉÔòÉÔòÉÔòÉÔòÉÔòÉÔòÉÔòÉÔòÉÔòÉÔòÉÔòÉÔòÉÔòÉÔòÉÔòÉÔòÉÔòÉÔòÉÔòÉÔòÉÔòÉÔòÉÔòÉÔòÉÔòÉÔòÉÔòÉÔòÉÔòÉÔòÉÔòÉÔòÉÔòÉÔòÉÔòÉÔòÉÔòÉÔòÉÔòÉÔòÉÔòÉÔòÉÔòÉÔòÉÔòÉÔòÉÔòÉÔòÉÔòÉÔòÉÔòÉÔòÉÔòÉÔòÉÔòÉÔòù
    Ôòæ Looks like Playwright Test or Playwright was just installed or updated. Ôòæ
    Ôòæ Please run the following command to download new browsers:              Ôòæ
    Ôòæ                                                                         Ôòæ
    Ôòæ     npx playwright install                                              Ôòæ
    Ôòæ                                                                         Ôòæ
    Ôòæ <3 Playwright Team                                                      Ôòæ
    ÔòÜÔòÉÔòÉÔòÉÔòÉÔòÉÔòÉÔòÉÔòÉÔòÉÔòÉÔòÉÔòÉÔòÉÔòÉÔòÉÔòÉÔòÉÔòÉÔòÉÔòÉÔòÉÔòÉÔòÉÔòÉÔòÉÔòÉÔòÉÔòÉÔòÉÔòÉÔòÉÔòÉÔòÉÔòÉÔòÉÔòÉÔòÉÔòÉÔòÉÔòÉÔòÉÔòÉÔòÉÔòÉÔòÉÔòÉÔòÉÔòÉÔòÉÔòÉÔòÉÔòÉÔòÉÔòÉÔòÉÔòÉÔòÉÔòÉÔòÉÔòÉÔòÉÔòÉÔòÉÔòÉÔòÉÔòÉÔòÉÔòÉÔòÉÔòÉÔòÉÔòÉÔòÉÔòØ


[1A[2K[137/580] [chromium] ÔÇ║ src\tests\e2e\comments.spec.ts:13:5 ÔÇ║ Comments ÔÇ║ debe testear comentario 14
[1A[2K  137) [chromium] ÔÇ║ src\tests\e2e\comments.spec.ts:13:5 ÔÇ║ Comments ÔÇ║ debe testear comentario 14 ÔöÇÔöÇÔöÇÔöÇ

    Error: browserType.launch: Executable doesn't exist at C:\Users\conej\AppData\Local\ms-playwright\chromium_headless_shell-1200\chrome-headless-shell-win64\chrome-headless-shell.exe
    ÔòöÔòÉÔòÉÔòÉÔòÉÔòÉÔòÉÔòÉÔòÉÔòÉÔòÉÔòÉÔòÉÔòÉÔòÉÔòÉÔòÉÔòÉÔòÉÔòÉÔòÉÔòÉÔòÉÔòÉÔòÉÔòÉÔòÉÔòÉÔòÉÔòÉÔòÉÔòÉÔòÉÔòÉÔòÉÔòÉÔòÉÔòÉÔòÉÔòÉÔòÉÔòÉÔòÉÔòÉÔòÉÔòÉÔòÉÔòÉÔòÉÔòÉÔòÉÔòÉÔòÉÔòÉÔòÉÔòÉÔòÉÔòÉÔòÉÔòÉÔòÉÔòÉÔòÉÔòÉÔòÉÔòÉÔòÉÔòÉÔòÉÔòÉÔòÉÔòÉÔòÉÔòÉÔòù
    Ôòæ Looks like Playwright Test or Playwright was just installed or updated. Ôòæ
    Ôòæ Please run the following command to download new browsers:              Ôòæ
    Ôòæ                                                                         Ôòæ
    Ôòæ     npx playwright install                                              Ôòæ
    Ôòæ                                                                         Ôòæ
    Ôòæ <3 Playwright Team                                                      Ôòæ
    ÔòÜÔòÉÔòÉÔòÉÔòÉÔòÉÔòÉÔòÉÔòÉÔòÉÔòÉÔòÉÔòÉÔòÉÔòÉÔòÉÔòÉÔòÉÔòÉÔòÉÔòÉÔòÉÔòÉÔòÉÔòÉÔòÉÔòÉÔòÉÔòÉÔòÉÔòÉÔòÉÔòÉÔòÉÔòÉÔòÉÔòÉÔòÉÔòÉÔòÉÔòÉÔòÉÔòÉÔòÉÔòÉÔòÉÔòÉÔòÉÔòÉÔòÉÔòÉÔòÉÔòÉÔòÉÔòÉÔòÉÔòÉÔòÉÔòÉÔòÉÔòÉÔòÉÔòÉÔòÉÔòÉÔòÉÔòÉÔòÉÔòÉÔòÉÔòÉÔòÉÔòÉÔòÉÔòØ


[1A[2K[138/580] [chromium] ÔÇ║ src\tests\e2e\comments.spec.ts:13:5 ÔÇ║ Comments ÔÇ║ debe testear comentario 15
[1A[2K  138) [chromium] ÔÇ║ src\tests\e2e\comments.spec.ts:13:5 ÔÇ║ Comments ÔÇ║ debe testear comentario 15 ÔöÇÔöÇÔöÇÔöÇ

    Error: browserType.launch: Executable doesn't exist at C:\Users\conej\AppData\Local\ms-playwright\chromium_headless_shell-1200\chrome-headless-shell-win64\chrome-headless-shell.exe
    ÔòöÔòÉÔòÉÔòÉÔòÉÔòÉÔòÉÔòÉÔòÉÔòÉÔòÉÔòÉÔòÉÔòÉÔòÉÔòÉÔòÉÔòÉÔòÉÔòÉÔòÉÔòÉÔòÉÔòÉÔòÉÔòÉÔòÉÔòÉÔòÉÔòÉÔòÉÔòÉÔòÉÔòÉÔòÉÔòÉÔòÉÔòÉÔòÉÔòÉÔòÉÔòÉÔòÉÔòÉÔòÉÔòÉÔòÉÔòÉÔòÉÔòÉÔòÉÔòÉÔòÉÔòÉÔòÉÔòÉÔòÉÔòÉÔòÉÔòÉÔòÉÔòÉÔòÉÔòÉÔòÉÔòÉÔòÉÔòÉÔòÉÔòÉÔòÉÔòÉÔòÉÔòÉÔòù
    Ôòæ Looks like Playwright Test or Playwright was just installed or updated. Ôòæ
    Ôòæ Please run the following command to download new browsers:              Ôòæ
    Ôòæ                                                                         Ôòæ
    Ôòæ     npx playwright install                                              Ôòæ
    Ôòæ                                                                         Ôòæ
    Ôòæ <3 Playwright Team                                                      Ôòæ
    ÔòÜÔòÉÔòÉÔòÉÔòÉÔòÉÔòÉÔòÉÔòÉÔòÉÔòÉÔòÉÔòÉÔòÉÔòÉÔòÉÔòÉÔòÉÔòÉÔòÉÔòÉÔòÉÔòÉÔòÉÔòÉÔòÉÔòÉÔòÉÔòÉÔòÉÔòÉÔòÉÔòÉÔòÉÔòÉÔòÉÔòÉÔòÉÔòÉÔòÉÔòÉÔòÉÔòÉÔòÉÔòÉÔòÉÔòÉÔòÉÔòÉÔòÉÔòÉÔòÉÔòÉÔòÉÔòÉÔòÉÔòÉÔòÉÔòÉÔòÉÔòÉÔòÉÔòÉÔòÉÔòÉÔòÉÔòÉÔòÉÔòÉÔòÉÔòÉÔòÉÔòÉÔòÉÔòØ


[1A[2K[139/580] [chromium] ÔÇ║ src\tests\e2e\components-theme.spec.ts:13:5 ÔÇ║ Components Theme ÔÇ║ debe testear componente 1
[1A[2K[140/580] [chromium] ÔÇ║ src\tests\e2e\components-theme.spec.ts:13:5 ÔÇ║ Components Theme ÔÇ║ debe testear componente 2
[1A[2K  139) [chromium] ÔÇ║ src\tests\e2e\components-theme.spec.ts:13:5 ÔÇ║ Components Theme ÔÇ║ debe testear componente 1 

    Error: browserType.launch: Executable doesn't exist at C:\Users\conej\AppData\Local\ms-playwright\chromium_headless_shell-1200\chrome-headless-shell-win64\chrome-headless-shell.exe
    ÔòöÔòÉÔòÉÔòÉÔòÉÔòÉÔòÉÔòÉÔòÉÔòÉÔòÉÔòÉÔòÉÔòÉÔòÉÔòÉÔòÉÔòÉÔòÉÔòÉÔòÉÔòÉÔòÉÔòÉÔòÉÔòÉÔòÉÔòÉÔòÉÔòÉÔòÉÔòÉÔòÉÔòÉÔòÉÔòÉÔòÉÔòÉÔòÉÔòÉÔòÉÔòÉÔòÉÔòÉÔòÉÔòÉÔòÉÔòÉÔòÉÔòÉÔòÉÔòÉÔòÉÔòÉÔòÉÔòÉÔòÉÔòÉÔòÉÔòÉÔòÉÔòÉÔòÉÔòÉÔòÉÔòÉÔòÉÔòÉÔòÉÔòÉÔòÉÔòÉÔòÉÔòÉÔòù
    Ôòæ Looks like Playwright Test or Playwright was just installed or updated. Ôòæ
    Ôòæ Please run the following command to download new browsers:              Ôòæ
    Ôòæ                                                                         Ôòæ
    Ôòæ     npx playwright install                                              Ôòæ
    Ôòæ                                                                         Ôòæ
    Ôòæ <3 Playwright Team                                                      Ôòæ
    ÔòÜÔòÉÔòÉÔòÉÔòÉÔòÉÔòÉÔòÉÔòÉÔòÉÔòÉÔòÉÔòÉÔòÉÔòÉÔòÉÔòÉÔòÉÔòÉÔòÉÔòÉÔòÉÔòÉÔòÉÔòÉÔòÉÔòÉÔòÉÔòÉÔòÉÔòÉÔòÉÔòÉÔòÉÔòÉÔòÉÔòÉÔòÉÔòÉÔòÉÔòÉÔòÉÔòÉÔòÉÔòÉÔòÉÔòÉÔòÉÔòÉÔòÉÔòÉÔòÉÔòÉÔòÉÔòÉÔòÉÔòÉÔòÉÔòÉÔòÉÔòÉÔòÉÔòÉÔòÉÔòÉÔòÉÔòÉÔòÉÔòÉÔòÉÔòÉÔòÉÔòÉÔòÉÔòØ


[1A[2K  140) [chromium] ÔÇ║ src\tests\e2e\components-theme.spec.ts:13:5 ÔÇ║ Components Theme ÔÇ║ debe testear componente 2 

    Error: browserType.launch: Executable doesn't exist at C:\Users\conej\AppData\Local\ms-playwright\chromium_headless_shell-1200\chrome-headless-shell-win64\chrome-headless-shell.exe
    ÔòöÔòÉÔòÉÔòÉÔòÉÔòÉÔòÉÔòÉÔòÉÔòÉÔòÉÔòÉÔòÉÔòÉÔòÉÔòÉÔòÉÔòÉÔòÉÔòÉÔòÉÔòÉÔòÉÔòÉÔòÉÔòÉÔòÉÔòÉÔòÉÔòÉÔòÉÔòÉÔòÉÔòÉÔòÉÔòÉÔòÉÔòÉÔòÉÔòÉÔòÉÔòÉÔòÉÔòÉÔòÉÔòÉÔòÉÔòÉÔòÉÔòÉÔòÉÔòÉÔòÉÔòÉÔòÉÔòÉÔòÉÔòÉÔòÉÔòÉÔòÉÔòÉÔòÉÔòÉÔòÉÔòÉÔòÉÔòÉÔòÉÔòÉÔòÉÔòÉÔòÉÔòÉÔòù
    Ôòæ Looks like Playwright Test or Playwright was just installed or updated. Ôòæ
    Ôòæ Please run the following command to download new browsers:              Ôòæ
    Ôòæ                                                                         Ôòæ
    Ôòæ     npx playwright install                                              Ôòæ
    Ôòæ                                                                         Ôòæ
    Ôòæ <3 Playwright Team                                                      Ôòæ
    ÔòÜÔòÉÔòÉÔòÉÔòÉÔòÉÔòÉÔòÉÔòÉÔòÉÔòÉÔòÉÔòÉÔòÉÔòÉÔòÉÔòÉÔòÉÔòÉÔòÉÔòÉÔòÉÔòÉÔòÉÔòÉÔòÉÔòÉÔòÉÔòÉÔòÉÔòÉÔòÉÔòÉÔòÉÔòÉÔòÉÔòÉÔòÉÔòÉÔòÉÔòÉÔòÉÔòÉÔòÉÔòÉÔòÉÔòÉÔòÉÔòÉÔòÉÔòÉÔòÉÔòÉÔòÉÔòÉÔòÉÔòÉÔòÉÔòÉÔòÉÔòÉÔòÉÔòÉÔòÉÔòÉÔòÉÔòÉÔòÉÔòÉÔòÉÔòÉÔòÉÔòÉÔòÉÔòØ


[1A[2K[141/580] [chromium] ÔÇ║ src\tests\e2e\components-theme.spec.ts:13:5 ÔÇ║ Components Theme ÔÇ║ debe testear componente 3
[1A[2K  141) [chromium] ÔÇ║ src\tests\e2e\components-theme.spec.ts:13:5 ÔÇ║ Components Theme ÔÇ║ debe testear componente 3 

    Error: browserType.launch: Executable doesn't exist at C:\Users\conej\AppData\Local\ms-playwright\chromium_headless_shell-1200\chrome-headless-shell-win64\chrome-headless-shell.exe
    ÔòöÔòÉÔòÉÔòÉÔòÉÔòÉÔòÉÔòÉÔòÉÔòÉÔòÉÔòÉÔòÉÔòÉÔòÉÔòÉÔòÉÔòÉÔòÉÔòÉÔòÉÔòÉÔòÉÔòÉÔòÉÔòÉÔòÉÔòÉÔòÉÔòÉÔòÉÔòÉÔòÉÔòÉÔòÉÔòÉÔòÉÔòÉÔòÉÔòÉÔòÉÔòÉÔòÉÔòÉÔòÉÔòÉÔòÉÔòÉÔòÉÔòÉÔòÉÔòÉÔòÉÔòÉÔòÉÔòÉÔòÉÔòÉÔòÉÔòÉÔòÉÔòÉÔòÉÔòÉÔòÉÔòÉÔòÉÔòÉÔòÉÔòÉÔòÉÔòÉÔòÉÔòÉÔòù
    Ôòæ Looks like Playwright Test or Playwright was just installed or updated. Ôòæ
    Ôòæ Please run the following command to download new browsers:              Ôòæ
    Ôòæ                                                                         Ôòæ
    Ôòæ     npx playwright install                                              Ôòæ
    Ôòæ                                                                         Ôòæ
    Ôòæ <3 Playwright Team                                                      Ôòæ
    ÔòÜÔòÉÔòÉÔòÉÔòÉÔòÉÔòÉÔòÉÔòÉÔòÉÔòÉÔòÉÔòÉÔòÉÔòÉÔòÉÔòÉÔòÉÔòÉÔòÉÔòÉÔòÉÔòÉÔòÉÔòÉÔòÉÔòÉÔòÉÔòÉÔòÉÔòÉÔòÉÔòÉÔòÉÔòÉÔòÉÔòÉÔòÉÔòÉÔòÉÔòÉÔòÉÔòÉÔòÉÔòÉÔòÉÔòÉÔòÉÔòÉÔòÉÔòÉÔòÉÔòÉÔòÉÔòÉÔòÉÔòÉÔòÉÔòÉÔòÉÔòÉÔòÉÔòÉÔòÉÔòÉÔòÉÔòÉÔòÉÔòÉÔòÉÔòÉÔòÉÔòÉÔòÉÔòØ


[1A[2K[142/580] [chromium] ÔÇ║ src\tests\e2e\components-theme.spec.ts:13:5 ÔÇ║ Components Theme ÔÇ║ debe testear componente 4
[1A[2K  142) [chromium] ÔÇ║ src\tests\e2e\components-theme.spec.ts:13:5 ÔÇ║ Components Theme ÔÇ║ debe testear componente 4 

    Error: browserType.launch: Executable doesn't exist at C:\Users\conej\AppData\Local\ms-playwright\chromium_headless_shell-1200\chrome-headless-shell-win64\chrome-headless-shell.exe
    ÔòöÔòÉÔòÉÔòÉÔòÉÔòÉÔòÉÔòÉÔòÉÔòÉÔòÉÔòÉÔòÉÔòÉÔòÉÔòÉÔòÉÔòÉÔòÉÔòÉÔòÉÔòÉÔòÉÔòÉÔòÉÔòÉÔòÉÔòÉÔòÉÔòÉÔòÉÔòÉÔòÉÔòÉÔòÉÔòÉÔòÉÔòÉÔòÉÔòÉÔòÉÔòÉÔòÉÔòÉÔòÉÔòÉÔòÉÔòÉÔòÉÔòÉÔòÉÔòÉÔòÉÔòÉÔòÉÔòÉÔòÉÔòÉÔòÉÔòÉÔòÉÔòÉÔòÉÔòÉÔòÉÔòÉÔòÉÔòÉÔòÉÔòÉÔòÉÔòÉÔòÉÔòÉÔòù
    Ôòæ Looks like Playwright Test or Playwright was just installed or updated. Ôòæ
    Ôòæ Please run the following command to download new browsers:              Ôòæ
    Ôòæ                                                                         Ôòæ
    Ôòæ     npx playwright install                                              Ôòæ
    Ôòæ                                                                         Ôòæ
    Ôòæ <3 Playwright Team                                                      Ôòæ
    ÔòÜÔòÉÔòÉÔòÉÔòÉÔòÉÔòÉÔòÉÔòÉÔòÉÔòÉÔòÉÔòÉÔòÉÔòÉÔòÉÔòÉÔòÉÔòÉÔòÉÔòÉÔòÉÔòÉÔòÉÔòÉÔòÉÔòÉÔòÉÔòÉÔòÉÔòÉÔòÉÔòÉÔòÉÔòÉÔòÉÔòÉÔòÉÔòÉÔòÉÔòÉÔòÉÔòÉÔòÉÔòÉÔòÉÔòÉÔòÉÔòÉÔòÉÔòÉÔòÉÔòÉÔòÉÔòÉÔòÉÔòÉÔòÉÔòÉÔòÉÔòÉÔòÉÔòÉÔòÉÔòÉÔòÉÔòÉÔòÉÔòÉÔòÉÔòÉÔòÉÔòÉÔòÉÔòØ


[1A[2K[143/580] [chromium] ÔÇ║ src\tests\e2e\components-theme.spec.ts:13:5 ÔÇ║ Components Theme ÔÇ║ debe testear componente 5
[1A[2K[144/580] [chromium] ÔÇ║ src\tests\e2e\components-theme.spec.ts:13:5 ÔÇ║ Components Theme ÔÇ║ debe testear componente 6
[1A[2K  143) [chromium] ÔÇ║ src\tests\e2e\components-theme.spec.ts:13:5 ÔÇ║ Components Theme ÔÇ║ debe testear componente 5 

    Error: browserType.launch: Executable doesn't exist at C:\Users\conej\AppData\Local\ms-playwright\chromium_headless_shell-1200\chrome-headless-shell-win64\chrome-headless-shell.exe
    ÔòöÔòÉÔòÉÔòÉÔòÉÔòÉÔòÉÔòÉÔòÉÔòÉÔòÉÔòÉÔòÉÔòÉÔòÉÔòÉÔòÉÔòÉÔòÉÔòÉÔòÉÔòÉÔòÉÔòÉÔòÉÔòÉÔòÉÔòÉÔòÉÔòÉÔòÉÔòÉÔòÉÔòÉÔòÉÔòÉÔòÉÔòÉÔòÉÔòÉÔòÉÔòÉÔòÉÔòÉÔòÉÔòÉÔòÉÔòÉÔòÉÔòÉÔòÉÔòÉÔòÉÔòÉÔòÉÔòÉÔòÉÔòÉÔòÉÔòÉÔòÉÔòÉÔòÉÔòÉÔòÉÔòÉÔòÉÔòÉÔòÉÔòÉÔòÉÔòÉÔòÉÔòÉÔòù
    Ôòæ Looks like Playwright Test or Playwright was just installed or updated. Ôòæ
    Ôòæ Please run the following command to download new browsers:              Ôòæ
    Ôòæ                                                                         Ôòæ
    Ôòæ     npx playwright install                                              Ôòæ
    Ôòæ                                                                         Ôòæ
    Ôòæ <3 Playwright Team                                                      Ôòæ
    ÔòÜÔòÉÔòÉÔòÉÔòÉÔòÉÔòÉÔòÉÔòÉÔòÉÔòÉÔòÉÔòÉÔòÉÔòÉÔòÉÔòÉÔòÉÔòÉÔòÉÔòÉÔòÉÔòÉÔòÉÔòÉÔòÉÔòÉÔòÉÔòÉÔòÉÔòÉÔòÉÔòÉÔòÉÔòÉÔòÉÔòÉÔòÉÔòÉÔòÉÔòÉÔòÉÔòÉÔòÉÔòÉÔòÉÔòÉÔòÉÔòÉÔòÉÔòÉÔòÉÔòÉÔòÉÔòÉÔòÉÔòÉÔòÉÔòÉÔòÉÔòÉÔòÉÔòÉÔòÉÔòÉÔòÉÔòÉÔòÉÔòÉÔòÉÔòÉÔòÉÔòÉÔòÉÔòØ


[1A[2K  144) [chromium] ÔÇ║ src\tests\e2e\components-theme.spec.ts:13:5 ÔÇ║ Components Theme ÔÇ║ debe testear componente 6 

    Error: browserType.launch: Executable doesn't exist at C:\Users\conej\AppData\Local\ms-playwright\chromium_headless_shell-1200\chrome-headless-shell-win64\chrome-headless-shell.exe
    ÔòöÔòÉÔòÉÔòÉÔòÉÔòÉÔòÉÔòÉÔòÉÔòÉÔòÉÔòÉÔòÉÔòÉÔòÉÔòÉÔòÉÔòÉÔòÉÔòÉÔòÉÔòÉÔòÉÔòÉÔòÉÔòÉÔòÉÔòÉÔòÉÔòÉÔòÉÔòÉÔòÉÔòÉÔòÉÔòÉÔòÉÔòÉÔòÉÔòÉÔòÉÔòÉÔòÉÔòÉÔòÉÔòÉÔòÉÔòÉÔòÉÔòÉÔòÉÔòÉÔòÉÔòÉÔòÉÔòÉÔòÉÔòÉÔòÉÔòÉÔòÉÔòÉÔòÉÔòÉÔòÉÔòÉÔòÉÔòÉÔòÉÔòÉÔòÉÔòÉÔòÉÔòÉÔòù
    Ôòæ Looks like Playwright Test or Playwright was just installed or updated. Ôòæ
    Ôòæ Please run the following command to download new browsers:              Ôòæ
    Ôòæ                                                                         Ôòæ
    Ôòæ     npx playwright install                                              Ôòæ
    Ôòæ                                                                         Ôòæ
    Ôòæ <3 Playwright Team                                                      Ôòæ
    ÔòÜÔòÉÔòÉÔòÉÔòÉÔòÉÔòÉÔòÉÔòÉÔòÉÔòÉÔòÉÔòÉÔòÉÔòÉÔòÉÔòÉÔòÉÔòÉÔòÉÔòÉÔòÉÔòÉÔòÉÔòÉÔòÉÔòÉÔòÉÔòÉÔòÉÔòÉÔòÉÔòÉÔòÉÔòÉÔòÉÔòÉÔòÉÔòÉÔòÉÔòÉÔòÉÔòÉÔòÉÔòÉÔòÉÔòÉÔòÉÔòÉÔòÉÔòÉÔòÉÔòÉÔòÉÔòÉÔòÉÔòÉÔòÉÔòÉÔòÉÔòÉÔòÉÔòÉÔòÉÔòÉÔòÉÔòÉÔòÉÔòÉÔòÉÔòÉÔòÉÔòÉÔòÉÔòØ


[1A[2K[145/580] [chromium] ÔÇ║ src\tests\e2e\components-theme.spec.ts:13:5 ÔÇ║ Components Theme ÔÇ║ debe testear componente 7
[1A[2K  145) [chromium] ÔÇ║ src\tests\e2e\components-theme.spec.ts:13:5 ÔÇ║ Components Theme ÔÇ║ debe testear componente 7 

    Error: browserType.launch: Executable doesn't exist at C:\Users\conej\AppData\Local\ms-playwright\chromium_headless_shell-1200\chrome-headless-shell-win64\chrome-headless-shell.exe
    ÔòöÔòÉÔòÉÔòÉÔòÉÔòÉÔòÉÔòÉÔòÉÔòÉÔòÉÔòÉÔòÉÔòÉÔòÉÔòÉÔòÉÔòÉÔòÉÔòÉÔòÉÔòÉÔòÉÔòÉÔòÉÔòÉÔòÉÔòÉÔòÉÔòÉÔòÉÔòÉÔòÉÔòÉÔòÉÔòÉÔòÉÔòÉÔòÉÔòÉÔòÉÔòÉÔòÉÔòÉÔòÉÔòÉÔòÉÔòÉÔòÉÔòÉÔòÉÔòÉÔòÉÔòÉÔòÉÔòÉÔòÉÔòÉÔòÉÔòÉÔòÉÔòÉÔòÉÔòÉÔòÉÔòÉÔòÉÔòÉÔòÉÔòÉÔòÉÔòÉÔòÉÔòÉÔòù
    Ôòæ Looks like Playwright Test or Playwright was just installed or updated. Ôòæ
    Ôòæ Please run the following command to download new browsers:              Ôòæ
    Ôòæ                                                                         Ôòæ
    Ôòæ     npx playwright install                                              Ôòæ
    Ôòæ                                                                         Ôòæ
    Ôòæ <3 Playwright Team                                                      Ôòæ
    ÔòÜÔòÉÔòÉÔòÉÔòÉÔòÉÔòÉÔòÉÔòÉÔòÉÔòÉÔòÉÔòÉÔòÉÔòÉÔòÉÔòÉÔòÉÔòÉÔòÉÔòÉÔòÉÔòÉÔòÉÔòÉÔòÉÔòÉÔòÉÔòÉÔòÉÔòÉÔòÉÔòÉÔòÉÔòÉÔòÉÔòÉÔòÉÔòÉÔòÉÔòÉÔòÉÔòÉÔòÉÔòÉÔòÉÔòÉÔòÉÔòÉÔòÉÔòÉÔòÉÔòÉÔòÉÔòÉÔòÉÔòÉÔòÉÔòÉÔòÉÔòÉÔòÉÔòÉÔòÉÔòÉÔòÉÔòÉÔòÉÔòÉÔòÉÔòÉÔòÉÔòÉÔòÉÔòØ


[1A[2K[146/580] [chromium] ÔÇ║ src\tests\e2e\components-theme.spec.ts:13:5 ÔÇ║ Components Theme ÔÇ║ debe testear componente 8
[1A[2K  146) [chromium] ÔÇ║ src\tests\e2e\components-theme.spec.ts:13:5 ÔÇ║ Components Theme ÔÇ║ debe testear componente 8 

    Error: browserType.launch: Executable doesn't exist at C:\Users\conej\AppData\Local\ms-playwright\chromium_headless_shell-1200\chrome-headless-shell-win64\chrome-headless-shell.exe
    ÔòöÔòÉÔòÉÔòÉÔòÉÔòÉÔòÉÔòÉÔòÉÔòÉÔòÉÔòÉÔòÉÔòÉÔòÉÔòÉÔòÉÔòÉÔòÉÔòÉÔòÉÔòÉÔòÉÔòÉÔòÉÔòÉÔòÉÔòÉÔòÉÔòÉÔòÉÔòÉÔòÉÔòÉÔòÉÔòÉÔòÉÔòÉÔòÉÔòÉÔòÉÔòÉÔòÉÔòÉÔòÉÔòÉÔòÉÔòÉÔòÉÔòÉÔòÉÔòÉÔòÉÔòÉÔòÉÔòÉÔòÉÔòÉÔòÉÔòÉÔòÉÔòÉÔòÉÔòÉÔòÉÔòÉÔòÉÔòÉÔòÉÔòÉÔòÉÔòÉÔòÉÔòÉÔòù
    Ôòæ Looks like Playwright Test or Playwright was just installed or updated. Ôòæ
    Ôòæ Please run the following command to download new browsers:              Ôòæ
    Ôòæ                                                                         Ôòæ
    Ôòæ     npx playwright install                                              Ôòæ
    Ôòæ                                                                         Ôòæ
    Ôòæ <3 Playwright Team                                                      Ôòæ
    ÔòÜÔòÉÔòÉÔòÉÔòÉÔòÉÔòÉÔòÉÔòÉÔòÉÔòÉÔòÉÔòÉÔòÉÔòÉÔòÉÔòÉÔòÉÔòÉÔòÉÔòÉÔòÉÔòÉÔòÉÔòÉÔòÉÔòÉÔòÉÔòÉÔòÉÔòÉÔòÉÔòÉÔòÉÔòÉÔòÉÔòÉÔòÉÔòÉÔòÉÔòÉÔòÉÔòÉÔòÉÔòÉÔòÉÔòÉÔòÉÔòÉÔòÉÔòÉÔòÉÔòÉÔòÉÔòÉÔòÉÔòÉÔòÉÔòÉÔòÉÔòÉÔòÉÔòÉÔòÉÔòÉÔòÉÔòÉÔòÉÔòÉÔòÉÔòÉÔòÉÔòÉÔòÉÔòØ


[1A[2K[147/580] [chromium] ÔÇ║ src\tests\e2e\components-theme.spec.ts:13:5 ÔÇ║ Components Theme ÔÇ║ debe testear componente 9
[1A[2K[148/580] [chromium] ÔÇ║ src\tests\e2e\components-theme.spec.ts:13:5 ÔÇ║ Components Theme ÔÇ║ debe testear componente 10
[1A[2K  147) [chromium] ÔÇ║ src\tests\e2e\components-theme.spec.ts:13:5 ÔÇ║ Components Theme ÔÇ║ debe testear componente 9 

    Error: browserType.launch: Executable doesn't exist at C:\Users\conej\AppData\Local\ms-playwright\chromium_headless_shell-1200\chrome-headless-shell-win64\chrome-headless-shell.exe
    ÔòöÔòÉÔòÉÔòÉÔòÉÔòÉÔòÉÔòÉÔòÉÔòÉÔòÉÔòÉÔòÉÔòÉÔòÉÔòÉÔòÉÔòÉÔòÉÔòÉÔòÉÔòÉÔòÉÔòÉÔòÉÔòÉÔòÉÔòÉÔòÉÔòÉÔòÉÔòÉÔòÉÔòÉÔòÉÔòÉÔòÉÔòÉÔòÉÔòÉÔòÉÔòÉÔòÉÔòÉÔòÉÔòÉÔòÉÔòÉÔòÉÔòÉÔòÉÔòÉÔòÉÔòÉÔòÉÔòÉÔòÉÔòÉÔòÉÔòÉÔòÉÔòÉÔòÉÔòÉÔòÉÔòÉÔòÉÔòÉÔòÉÔòÉÔòÉÔòÉÔòÉÔòÉÔòù
    Ôòæ Looks like Playwright Test or Playwright was just installed or updated. Ôòæ
    Ôòæ Please run the following command to download new browsers:              Ôòæ
    Ôòæ                                                                         Ôòæ
    Ôòæ     npx playwright install                                              Ôòæ
    Ôòæ                                                                         Ôòæ
    Ôòæ <3 Playwright Team                                                      Ôòæ
    ÔòÜÔòÉÔòÉÔòÉÔòÉÔòÉÔòÉÔòÉÔòÉÔòÉÔòÉÔòÉÔòÉÔòÉÔòÉÔòÉÔòÉÔòÉÔòÉÔòÉÔòÉÔòÉÔòÉÔòÉÔòÉÔòÉÔòÉÔòÉÔòÉÔòÉÔòÉÔòÉÔòÉÔòÉÔòÉÔòÉÔòÉÔòÉÔòÉÔòÉÔòÉÔòÉÔòÉÔòÉÔòÉÔòÉÔòÉÔòÉÔòÉÔòÉÔòÉÔòÉÔòÉÔòÉÔòÉÔòÉÔòÉÔòÉÔòÉÔòÉÔòÉÔòÉÔòÉÔòÉÔòÉÔòÉÔòÉÔòÉÔòÉÔòÉÔòÉÔòÉÔòÉÔòÉÔòØ


[1A[2K  148) [chromium] ÔÇ║ src\tests\e2e\components-theme.spec.ts:13:5 ÔÇ║ Components Theme ÔÇ║ debe testear componente 10 

    Error: browserType.launch: Executable doesn't exist at C:\Users\conej\AppData\Local\ms-playwright\chromium_headless_shell-1200\chrome-headless-shell-win64\chrome-headless-shell.exe
    ÔòöÔòÉÔòÉÔòÉÔòÉÔòÉÔòÉÔòÉÔòÉÔòÉÔòÉÔòÉÔòÉÔòÉÔòÉÔòÉÔòÉÔòÉÔòÉÔòÉÔòÉÔòÉÔòÉÔòÉÔòÉÔòÉÔòÉÔòÉÔòÉÔòÉÔòÉÔòÉÔòÉÔòÉÔòÉÔòÉÔòÉÔòÉÔòÉÔòÉÔòÉÔòÉÔòÉÔòÉÔòÉÔòÉÔòÉÔòÉÔòÉÔòÉÔòÉÔòÉÔòÉÔòÉÔòÉÔòÉÔòÉÔòÉÔòÉÔòÉÔòÉÔòÉÔòÉÔòÉÔòÉÔòÉÔòÉÔòÉÔòÉÔòÉÔòÉÔòÉÔòÉÔòÉÔòù
    Ôòæ Looks like Playwright Test or Playwright was just installed or updated. Ôòæ
    Ôòæ Please run the following command to download new browsers:              Ôòæ
    Ôòæ                                                                         Ôòæ
    Ôòæ     npx playwright install                                              Ôòæ
    Ôòæ                                                                         Ôòæ
    Ôòæ <3 Playwright Team                                                      Ôòæ
    ÔòÜÔòÉÔòÉÔòÉÔòÉÔòÉÔòÉÔòÉÔòÉÔòÉÔòÉÔòÉÔòÉÔòÉÔòÉÔòÉÔòÉÔòÉÔòÉÔòÉÔòÉÔòÉÔòÉÔòÉÔòÉÔòÉÔòÉÔòÉÔòÉÔòÉÔòÉÔòÉÔòÉÔòÉÔòÉÔòÉÔòÉÔòÉÔòÉÔòÉÔòÉÔòÉÔòÉÔòÉÔòÉÔòÉÔòÉÔòÉÔòÉÔòÉÔòÉÔòÉÔòÉÔòÉÔòÉÔòÉÔòÉÔòÉÔòÉÔòÉÔòÉÔòÉÔòÉÔòÉÔòÉÔòÉÔòÉÔòÉÔòÉÔòÉÔòÉÔòÉÔòÉÔòÉÔòØ


[1A[2K[149/580] [chromium] ÔÇ║ src\tests\e2e\components-theme.spec.ts:13:5 ÔÇ║ Components Theme ÔÇ║ debe testear componente 11
[1A[2K  149) [chromium] ÔÇ║ src\tests\e2e\components-theme.spec.ts:13:5 ÔÇ║ Components Theme ÔÇ║ debe testear componente 11 

    Error: browserType.launch: Executable doesn't exist at C:\Users\conej\AppData\Local\ms-playwright\chromium_headless_shell-1200\chrome-headless-shell-win64\chrome-headless-shell.exe
    ÔòöÔòÉÔòÉÔòÉÔòÉÔòÉÔòÉÔòÉÔòÉÔòÉÔòÉÔòÉÔòÉÔòÉÔòÉÔòÉÔòÉÔòÉÔòÉÔòÉÔòÉÔòÉÔòÉÔòÉÔòÉÔòÉÔòÉÔòÉÔòÉÔòÉÔòÉÔòÉÔòÉÔòÉÔòÉÔòÉÔòÉÔòÉÔòÉÔòÉÔòÉÔòÉÔòÉÔòÉÔòÉÔòÉÔòÉÔòÉÔòÉÔòÉÔòÉÔòÉÔòÉÔòÉÔòÉÔòÉÔòÉÔòÉÔòÉÔòÉÔòÉÔòÉÔòÉÔòÉÔòÉÔòÉÔòÉÔòÉÔòÉÔòÉÔòÉÔòÉÔòÉÔòÉÔòù
    Ôòæ Looks like Playwright Test or Playwright was just installed or updated. Ôòæ
    Ôòæ Please run the following command to download new browsers:              Ôòæ
    Ôòæ                                                                         Ôòæ
    Ôòæ     npx playwright install                                              Ôòæ
    Ôòæ                                                                         Ôòæ
    Ôòæ <3 Playwright Team                                                      Ôòæ
    ÔòÜÔòÉÔòÉÔòÉÔòÉÔòÉÔòÉÔòÉÔòÉÔòÉÔòÉÔòÉÔòÉÔòÉÔòÉÔòÉÔòÉÔòÉÔòÉÔòÉÔòÉÔòÉÔòÉÔòÉÔòÉÔòÉÔòÉÔòÉÔòÉÔòÉÔòÉÔòÉÔòÉÔòÉÔòÉÔòÉÔòÉÔòÉÔòÉÔòÉÔòÉÔòÉÔòÉÔòÉÔòÉÔòÉÔòÉÔòÉÔòÉÔòÉÔòÉÔòÉÔòÉÔòÉÔòÉÔòÉÔòÉÔòÉÔòÉÔòÉÔòÉÔòÉÔòÉÔòÉÔòÉÔòÉÔòÉÔòÉÔòÉÔòÉÔòÉÔòÉÔòÉÔòÉÔòØ


[1A[2K[150/580] [chromium] ÔÇ║ src\tests\e2e\components-theme.spec.ts:13:5 ÔÇ║ Components Theme ÔÇ║ debe testear componente 12
[1A[2K  150) [chromium] ÔÇ║ src\tests\e2e\components-theme.spec.ts:13:5 ÔÇ║ Components Theme ÔÇ║ debe testear componente 12 

    Error: browserType.launch: Executable doesn't exist at C:\Users\conej\AppData\Local\ms-playwright\chromium_headless_shell-1200\chrome-headless-shell-win64\chrome-headless-shell.exe
    ÔòöÔòÉÔòÉÔòÉÔòÉÔòÉÔòÉÔòÉÔòÉÔòÉÔòÉÔòÉÔòÉÔòÉÔòÉÔòÉÔòÉÔòÉÔòÉÔòÉÔòÉÔòÉÔòÉÔòÉÔòÉÔòÉÔòÉÔòÉÔòÉÔòÉÔòÉÔòÉÔòÉÔòÉÔòÉÔòÉÔòÉÔòÉÔòÉÔòÉÔòÉÔòÉÔòÉÔòÉÔòÉÔòÉÔòÉÔòÉÔòÉÔòÉÔòÉÔòÉÔòÉÔòÉÔòÉÔòÉÔòÉÔòÉÔòÉÔòÉÔòÉÔòÉÔòÉÔòÉÔòÉÔòÉÔòÉÔòÉÔòÉÔòÉÔòÉÔòÉÔòÉÔòÉÔòù
    Ôòæ Looks like Playwright Test or Playwright was just installed or updated. Ôòæ
    Ôòæ Please run the following command to download new browsers:              Ôòæ
    Ôòæ                                                                         Ôòæ
    Ôòæ     npx playwright install                                              Ôòæ
    Ôòæ                                                                         Ôòæ
    Ôòæ <3 Playwright Team                                                      Ôòæ
    ÔòÜÔòÉÔòÉÔòÉÔòÉÔòÉÔòÉÔòÉÔòÉÔòÉÔòÉÔòÉÔòÉÔòÉÔòÉÔòÉÔòÉÔòÉÔòÉÔòÉÔòÉÔòÉÔòÉÔòÉÔòÉÔòÉÔòÉÔòÉÔòÉÔòÉÔòÉÔòÉÔòÉÔòÉÔòÉÔòÉÔòÉÔòÉÔòÉÔòÉÔòÉÔòÉÔòÉÔòÉÔòÉÔòÉÔòÉÔòÉÔòÉÔòÉÔòÉÔòÉÔòÉÔòÉÔòÉÔòÉÔòÉÔòÉÔòÉÔòÉÔòÉÔòÉÔòÉÔòÉÔòÉÔòÉÔòÉÔòÉÔòÉÔòÉÔòÉÔòÉÔòÉÔòÉÔòØ


[1A[2K[151/580] [chromium] ÔÇ║ src\tests\e2e\components-theme.spec.ts:13:5 ÔÇ║ Components Theme ÔÇ║ debe testear componente 13
[1A[2K  151) [chromium] ÔÇ║ src\tests\e2e\components-theme.spec.ts:13:5 ÔÇ║ Components Theme ÔÇ║ debe testear componente 13 

    Error: browserType.launch: Executable doesn't exist at C:\Users\conej\AppData\Local\ms-playwright\chromium_headless_shell-1200\chrome-headless-shell-win64\chrome-headless-shell.exe
    ÔòöÔòÉÔòÉÔòÉÔòÉÔòÉÔòÉÔòÉÔòÉÔòÉÔòÉÔòÉÔòÉÔòÉÔòÉÔòÉÔòÉÔòÉÔòÉÔòÉÔòÉÔòÉÔòÉÔòÉÔòÉÔòÉÔòÉÔòÉÔòÉÔòÉÔòÉÔòÉÔòÉÔòÉÔòÉÔòÉÔòÉÔòÉÔòÉÔòÉÔòÉÔòÉÔòÉÔòÉÔòÉÔòÉÔòÉÔòÉÔòÉÔòÉÔòÉÔòÉÔòÉÔòÉÔòÉÔòÉÔòÉÔòÉÔòÉÔòÉÔòÉÔòÉÔòÉÔòÉÔòÉÔòÉÔòÉÔòÉÔòÉÔòÉÔòÉÔòÉÔòÉÔòÉÔòù
    Ôòæ Looks like Playwright Test or Playwright was just installed or updated. Ôòæ
    Ôòæ Please run the following command to download new browsers:              Ôòæ
    Ôòæ                                                                         Ôòæ
    Ôòæ     npx playwright install                                              Ôòæ
    Ôòæ                                                                         Ôòæ
    Ôòæ <3 Playwright Team                                                      Ôòæ
    ÔòÜÔòÉÔòÉÔòÉÔòÉÔòÉÔòÉÔòÉÔòÉÔòÉÔòÉÔòÉÔòÉÔòÉÔòÉÔòÉÔòÉÔòÉÔòÉÔòÉÔòÉÔòÉÔòÉÔòÉÔòÉÔòÉÔòÉÔòÉÔòÉÔòÉÔòÉÔòÉÔòÉÔòÉÔòÉÔòÉÔòÉÔòÉÔòÉÔòÉÔòÉÔòÉÔòÉÔòÉÔòÉÔòÉÔòÉÔòÉÔòÉÔòÉÔòÉÔòÉÔòÉÔòÉÔòÉÔòÉÔòÉÔòÉÔòÉÔòÉÔòÉÔòÉÔòÉÔòÉÔòÉÔòÉÔòÉÔòÉÔòÉÔòÉÔòÉÔòÉÔòÉÔòÉÔòØ


[1A[2K[152/580] [chromium] ÔÇ║ src\tests\e2e\components-theme.spec.ts:13:5 ÔÇ║ Components Theme ÔÇ║ debe testear componente 14
[1A[2K  152) [chromium] ÔÇ║ src\tests\e2e\components-theme.spec.ts:13:5 ÔÇ║ Components Theme ÔÇ║ debe testear componente 14 

    Error: browserType.launch: Executable doesn't exist at C:\Users\conej\AppData\Local\ms-playwright\chromium_headless_shell-1200\chrome-headless-shell-win64\chrome-headless-shell.exe
    ÔòöÔòÉÔòÉÔòÉÔòÉÔòÉÔòÉÔòÉÔòÉÔòÉÔòÉÔòÉÔòÉÔòÉÔòÉÔòÉÔòÉÔòÉÔòÉÔòÉÔòÉÔòÉÔòÉÔòÉÔòÉÔòÉÔòÉÔòÉÔòÉÔòÉÔòÉÔòÉÔòÉÔòÉÔòÉÔòÉÔòÉÔòÉÔòÉÔòÉÔòÉÔòÉÔòÉÔòÉÔòÉÔòÉÔòÉÔòÉÔòÉÔòÉÔòÉÔòÉÔòÉÔòÉÔòÉÔòÉÔòÉÔòÉÔòÉÔòÉÔòÉÔòÉÔòÉÔòÉÔòÉÔòÉÔòÉÔòÉÔòÉÔòÉÔòÉÔòÉÔòÉÔòÉÔòù
    Ôòæ Looks like Playwright Test or Playwright was just installed or updated. Ôòæ
    Ôòæ Please run the following command to download new browsers:              Ôòæ
    Ôòæ                                                                         Ôòæ
    Ôòæ     npx playwright install                                              Ôòæ
    Ôòæ                                                                         Ôòæ
    Ôòæ <3 Playwright Team                                                      Ôòæ
    ÔòÜÔòÉÔòÉÔòÉÔòÉÔòÉÔòÉÔòÉÔòÉÔòÉÔòÉÔòÉÔòÉÔòÉÔòÉÔòÉÔòÉÔòÉÔòÉÔòÉÔòÉÔòÉÔòÉÔòÉÔòÉÔòÉÔòÉÔòÉÔòÉÔòÉÔòÉÔòÉÔòÉÔòÉÔòÉÔòÉÔòÉÔòÉÔòÉÔòÉÔòÉÔòÉÔòÉÔòÉÔòÉÔòÉÔòÉÔòÉÔòÉÔòÉÔòÉÔòÉÔòÉÔòÉÔòÉÔòÉÔòÉÔòÉÔòÉÔòÉÔòÉÔòÉÔòÉÔòÉÔòÉÔòÉÔòÉÔòÉÔòÉÔòÉÔòÉÔòÉÔòÉÔòÉÔòØ


[1A[2K[153/580] [chromium] ÔÇ║ src\tests\e2e\components-theme.spec.ts:13:5 ÔÇ║ Components Theme ÔÇ║ debe testear componente 15
[1A[2K  153) [chromium] ÔÇ║ src\tests\e2e\components-theme.spec.ts:13:5 ÔÇ║ Components Theme ÔÇ║ debe testear componente 15 

    Error: browserType.launch: Executable doesn't exist at C:\Users\conej\AppData\Local\ms-playwright\chromium_headless_shell-1200\chrome-headless-shell-win64\chrome-headless-shell.exe
    ÔòöÔòÉÔòÉÔòÉÔòÉÔòÉÔòÉÔòÉÔòÉÔòÉÔòÉÔòÉÔòÉÔòÉÔòÉÔòÉÔòÉÔòÉÔòÉÔòÉÔòÉÔòÉÔòÉÔòÉÔòÉÔòÉÔòÉÔòÉÔòÉÔòÉÔòÉÔòÉÔòÉÔòÉÔòÉÔòÉÔòÉÔòÉÔòÉÔòÉÔòÉÔòÉÔòÉÔòÉÔòÉÔòÉÔòÉÔòÉÔòÉÔòÉÔòÉÔòÉÔòÉÔòÉÔòÉÔòÉÔòÉÔòÉÔòÉÔòÉÔòÉÔòÉÔòÉÔòÉÔòÉÔòÉÔòÉÔòÉÔòÉÔòÉÔòÉÔòÉÔòÉÔòÉÔòù
    Ôòæ Looks like Playwright Test or Playwright was just installed or updated. Ôòæ
    Ôòæ Please run the following command to download new browsers:              Ôòæ
    Ôòæ                                                                         Ôòæ
    Ôòæ     npx playwright install                                              Ôòæ
    Ôòæ                                                                         Ôòæ
    Ôòæ <3 Playwright Team                                                      Ôòæ
    ÔòÜÔòÉÔòÉÔòÉÔòÉÔòÉÔòÉÔòÉÔòÉÔòÉÔòÉÔòÉÔòÉÔòÉÔòÉÔòÉÔòÉÔòÉÔòÉÔòÉÔòÉÔòÉÔòÉÔòÉÔòÉÔòÉÔòÉÔòÉÔòÉÔòÉÔòÉÔòÉÔòÉÔòÉÔòÉÔòÉÔòÉÔòÉÔòÉÔòÉÔòÉÔòÉÔòÉÔòÉÔòÉÔòÉÔòÉÔòÉÔòÉÔòÉÔòÉÔòÉÔòÉÔòÉÔòÉÔòÉÔòÉÔòÉÔòÉÔòÉÔòÉÔòÉÔòÉÔòÉÔòÉÔòÉÔòÉÔòÉÔòÉÔòÉÔòÉÔòÉÔòÉÔòÉÔòØ


[1A[2K[154/580] [chromium] ÔÇ║ src\tests\e2e\components-theme.spec.ts:13:5 ÔÇ║ Components Theme ÔÇ║ debe testear componente 16
[1A[2K  154) [chromium] ÔÇ║ src\tests\e2e\components-theme.spec.ts:13:5 ÔÇ║ Components Theme ÔÇ║ debe testear componente 16 

    Error: browserType.launch: Executable doesn't exist at C:\Users\conej\AppData\Local\ms-playwright\chromium_headless_shell-1200\chrome-headless-shell-win64\chrome-headless-shell.exe
    ÔòöÔòÉÔòÉÔòÉÔòÉÔòÉÔòÉÔòÉÔòÉÔòÉÔòÉÔòÉÔòÉÔòÉÔòÉÔòÉÔòÉÔòÉÔòÉÔòÉÔòÉÔòÉÔòÉÔòÉÔòÉÔòÉÔòÉÔòÉÔòÉÔòÉÔòÉÔòÉÔòÉÔòÉÔòÉÔòÉÔòÉÔòÉÔòÉÔòÉÔòÉÔòÉÔòÉÔòÉÔòÉÔòÉÔòÉÔòÉÔòÉÔòÉÔòÉÔòÉÔòÉÔòÉÔòÉÔòÉÔòÉÔòÉÔòÉÔòÉÔòÉÔòÉÔòÉÔòÉÔòÉÔòÉÔòÉÔòÉÔòÉÔòÉÔòÉÔòÉÔòÉÔòÉÔòù
    Ôòæ Looks like Playwright Test or Playwright was just installed or updated. Ôòæ
    Ôòæ Please run the following command to download new browsers:              Ôòæ
    Ôòæ                                                                         Ôòæ
    Ôòæ     npx playwright install                                              Ôòæ
    Ôòæ                                                                         Ôòæ
    Ôòæ <3 Playwright Team                                                      Ôòæ
    ÔòÜÔòÉÔòÉÔòÉÔòÉÔòÉÔòÉÔòÉÔòÉÔòÉÔòÉÔòÉÔòÉÔòÉÔòÉÔòÉÔòÉÔòÉÔòÉÔòÉÔòÉÔòÉÔòÉÔòÉÔòÉÔòÉÔòÉÔòÉÔòÉÔòÉÔòÉÔòÉÔòÉÔòÉÔòÉÔòÉÔòÉÔòÉÔòÉÔòÉÔòÉÔòÉÔòÉÔòÉÔòÉÔòÉÔòÉÔòÉÔòÉÔòÉÔòÉÔòÉÔòÉÔòÉÔòÉÔòÉÔòÉÔòÉÔòÉÔòÉÔòÉÔòÉÔòÉÔòÉÔòÉÔòÉÔòÉÔòÉÔòÉÔòÉÔòÉÔòÉÔòÉÔòÉÔòØ


[1A[2K[155/580] [chromium] ÔÇ║ src\tests\e2e\components-theme.spec.ts:13:5 ÔÇ║ Components Theme ÔÇ║ debe testear componente 18
[1A[2K[156/580] [chromium] ÔÇ║ src\tests\e2e\components-theme.spec.ts:13:5 ÔÇ║ Components Theme ÔÇ║ debe testear componente 17
[1A[2K  155) [chromium] ÔÇ║ src\tests\e2e\components-theme.spec.ts:13:5 ÔÇ║ Components Theme ÔÇ║ debe testear componente 18 

    Error: browserType.launch: Executable doesn't exist at C:\Users\conej\AppData\Local\ms-playwright\chromium_headless_shell-1200\chrome-headless-shell-win64\chrome-headless-shell.exe
    ÔòöÔòÉÔòÉÔòÉÔòÉÔòÉÔòÉÔòÉÔòÉÔòÉÔòÉÔòÉÔòÉÔòÉÔòÉÔòÉÔòÉÔòÉÔòÉÔòÉÔòÉÔòÉÔòÉÔòÉÔòÉÔòÉÔòÉÔòÉÔòÉÔòÉÔòÉÔòÉÔòÉÔòÉÔòÉÔòÉÔòÉÔòÉÔòÉÔòÉÔòÉÔòÉÔòÉÔòÉÔòÉÔòÉÔòÉÔòÉÔòÉÔòÉÔòÉÔòÉÔòÉÔòÉÔòÉÔòÉÔòÉÔòÉÔòÉÔòÉÔòÉÔòÉÔòÉÔòÉÔòÉÔòÉÔòÉÔòÉÔòÉÔòÉÔòÉÔòÉÔòÉÔòÉÔòù
    Ôòæ Looks like Playwright Test or Playwright was just installed or updated. Ôòæ
    Ôòæ Please run the following command to download new browsers:              Ôòæ
    Ôòæ                                                                         Ôòæ
    Ôòæ     npx playwright install                                              Ôòæ
    Ôòæ                                                                         Ôòæ
    Ôòæ <3 Playwright Team                                                      Ôòæ
    ÔòÜÔòÉÔòÉÔòÉÔòÉÔòÉÔòÉÔòÉÔòÉÔòÉÔòÉÔòÉÔòÉÔòÉÔòÉÔòÉÔòÉÔòÉÔòÉÔòÉÔòÉÔòÉÔòÉÔòÉÔòÉÔòÉÔòÉÔòÉÔòÉÔòÉÔòÉÔòÉÔòÉÔòÉÔòÉÔòÉÔòÉÔòÉÔòÉÔòÉÔòÉÔòÉÔòÉÔòÉÔòÉÔòÉÔòÉÔòÉÔòÉÔòÉÔòÉÔòÉÔòÉÔòÉÔòÉÔòÉÔòÉÔòÉÔòÉÔòÉÔòÉÔòÉÔòÉÔòÉÔòÉÔòÉÔòÉÔòÉÔòÉÔòÉÔòÉÔòÉÔòÉÔòÉÔòØ


[1A[2K  156) [chromium] ÔÇ║ src\tests\e2e\components-theme.spec.ts:13:5 ÔÇ║ Components Theme ÔÇ║ debe testear componente 17 

    Error: browserType.launch: Executable doesn't exist at C:\Users\conej\AppData\Local\ms-playwright\chromium_headless_shell-1200\chrome-headless-shell-win64\chrome-headless-shell.exe
    ÔòöÔòÉÔòÉÔòÉÔòÉÔòÉÔòÉÔòÉÔòÉÔòÉÔòÉÔòÉÔòÉÔòÉÔòÉÔòÉÔòÉÔòÉÔòÉÔòÉÔòÉÔòÉÔòÉÔòÉÔòÉÔòÉÔòÉÔòÉÔòÉÔòÉÔòÉÔòÉÔòÉÔòÉÔòÉÔòÉÔòÉÔòÉÔòÉÔòÉÔòÉÔòÉÔòÉÔòÉÔòÉÔòÉÔòÉÔòÉÔòÉÔòÉÔòÉÔòÉÔòÉÔòÉÔòÉÔòÉÔòÉÔòÉÔòÉÔòÉÔòÉÔòÉÔòÉÔòÉÔòÉÔòÉÔòÉÔòÉÔòÉÔòÉÔòÉÔòÉÔòÉÔòÉÔòù
    Ôòæ Looks like Playwright Test or Playwright was just installed or updated. Ôòæ
    Ôòæ Please run the following command to download new browsers:              Ôòæ
    Ôòæ                                                                         Ôòæ
    Ôòæ     npx playwright install                                              Ôòæ
    Ôòæ                                                                         Ôòæ
    Ôòæ <3 Playwright Team                                                      Ôòæ
    ÔòÜÔòÉÔòÉÔòÉÔòÉÔòÉÔòÉÔòÉÔòÉÔòÉÔòÉÔòÉÔòÉÔòÉÔòÉÔòÉÔòÉÔòÉÔòÉÔòÉÔòÉÔòÉÔòÉÔòÉÔòÉÔòÉÔòÉÔòÉÔòÉÔòÉÔòÉÔòÉÔòÉÔòÉÔòÉÔòÉÔòÉÔòÉÔòÉÔòÉÔòÉÔòÉÔòÉÔòÉÔòÉÔòÉÔòÉÔòÉÔòÉÔòÉÔòÉÔòÉÔòÉÔòÉÔòÉÔòÉÔòÉÔòÉÔòÉÔòÉÔòÉÔòÉÔòÉÔòÉÔòÉÔòÉÔòÉÔòÉÔòÉÔòÉÔòÉÔòÉÔòÉÔòÉÔòØ


[1A[2K[157/580] [chromium] ÔÇ║ src\tests\e2e\components-theme.spec.ts:13:5 ÔÇ║ Components Theme ÔÇ║ debe testear componente 19
[1A[2K  157) [chromium] ÔÇ║ src\tests\e2e\components-theme.spec.ts:13:5 ÔÇ║ Components Theme ÔÇ║ debe testear componente 19 

    Error: browserType.launch: Executable doesn't exist at C:\Users\conej\AppData\Local\ms-playwright\chromium_headless_shell-1200\chrome-headless-shell-win64\chrome-headless-shell.exe
    ÔòöÔòÉÔòÉÔòÉÔòÉÔòÉÔòÉÔòÉÔòÉÔòÉÔòÉÔòÉÔòÉÔòÉÔòÉÔòÉÔòÉÔòÉÔòÉÔòÉÔòÉÔòÉÔòÉÔòÉÔòÉÔòÉÔòÉÔòÉÔòÉÔòÉÔòÉÔòÉÔòÉÔòÉÔòÉÔòÉÔòÉÔòÉÔòÉÔòÉÔòÉÔòÉÔòÉÔòÉÔòÉÔòÉÔòÉÔòÉÔòÉÔòÉÔòÉÔòÉÔòÉÔòÉÔòÉÔòÉÔòÉÔòÉÔòÉÔòÉÔòÉÔòÉÔòÉÔòÉÔòÉÔòÉÔòÉÔòÉÔòÉÔòÉÔòÉÔòÉÔòÉÔòÉÔòù
    Ôòæ Looks like Playwright Test or Playwright was just installed or updated. Ôòæ
    Ôòæ Please run the following command to download new browsers:              Ôòæ
    Ôòæ                                                                         Ôòæ
    Ôòæ     npx playwright install                                              Ôòæ
    Ôòæ                                                                         Ôòæ
    Ôòæ <3 Playwright Team                                                      Ôòæ
    ÔòÜÔòÉÔòÉÔòÉÔòÉÔòÉÔòÉÔòÉÔòÉÔòÉÔòÉÔòÉÔòÉÔòÉÔòÉÔòÉÔòÉÔòÉÔòÉÔòÉÔòÉÔòÉÔòÉÔòÉÔòÉÔòÉÔòÉÔòÉÔòÉÔòÉÔòÉÔòÉÔòÉÔòÉÔòÉÔòÉÔòÉÔòÉÔòÉÔòÉÔòÉÔòÉÔòÉÔòÉÔòÉÔòÉÔòÉÔòÉÔòÉÔòÉÔòÉÔòÉÔòÉÔòÉÔòÉÔòÉÔòÉÔòÉÔòÉÔòÉÔòÉÔòÉÔòÉÔòÉÔòÉÔòÉÔòÉÔòÉÔòÉÔòÉÔòÉÔòÉÔòÉÔòÉÔòØ


[1A[2K[158/580] [chromium] ÔÇ║ src\tests\e2e\components-theme.spec.ts:13:5 ÔÇ║ Components Theme ÔÇ║ debe testear componente 21
[1A[2K[159/580] [chromium] ÔÇ║ src\tests\e2e\components-theme.spec.ts:13:5 ÔÇ║ Components Theme ÔÇ║ debe testear componente 20
[1A[2K  158) [chromium] ÔÇ║ src\tests\e2e\components-theme.spec.ts:13:5 ÔÇ║ Components Theme ÔÇ║ debe testear componente 21 

    Error: browserType.launch: Executable doesn't exist at C:\Users\conej\AppData\Local\ms-playwright\chromium_headless_shell-1200\chrome-headless-shell-win64\chrome-headless-shell.exe
    ÔòöÔòÉÔòÉÔòÉÔòÉÔòÉÔòÉÔòÉÔòÉÔòÉÔòÉÔòÉÔòÉÔòÉÔòÉÔòÉÔòÉÔòÉÔòÉÔòÉÔòÉÔòÉÔòÉÔòÉÔòÉÔòÉÔòÉÔòÉÔòÉÔòÉÔòÉÔòÉÔòÉÔòÉÔòÉÔòÉÔòÉÔòÉÔòÉÔòÉÔòÉÔòÉÔòÉÔòÉÔòÉÔòÉÔòÉÔòÉÔòÉÔòÉÔòÉÔòÉÔòÉÔòÉÔòÉÔòÉÔòÉÔòÉÔòÉÔòÉÔòÉÔòÉÔòÉÔòÉÔòÉÔòÉÔòÉÔòÉÔòÉÔòÉÔòÉÔòÉÔòÉÔòÉÔòù
    Ôòæ Looks like Playwright Test or Playwright was just installed or updated. Ôòæ
    Ôòæ Please run the following command to download new browsers:              Ôòæ
    Ôòæ                                                                         Ôòæ
    Ôòæ     npx playwright install                                              Ôòæ
    Ôòæ                                                                         Ôòæ
    Ôòæ <3 Playwright Team                                                      Ôòæ
    ÔòÜÔòÉÔòÉÔòÉÔòÉÔòÉÔòÉÔòÉÔòÉÔòÉÔòÉÔòÉÔòÉÔòÉÔòÉÔòÉÔòÉÔòÉÔòÉÔòÉÔòÉÔòÉÔòÉÔòÉÔòÉÔòÉÔòÉÔòÉÔòÉÔòÉÔòÉÔòÉÔòÉÔòÉÔòÉÔòÉÔòÉÔòÉÔòÉÔòÉÔòÉÔòÉÔòÉÔòÉÔòÉÔòÉÔòÉÔòÉÔòÉÔòÉÔòÉÔòÉÔòÉÔòÉÔòÉÔòÉÔòÉÔòÉÔòÉÔòÉÔòÉÔòÉÔòÉÔòÉÔòÉÔòÉÔòÉÔòÉÔòÉÔòÉÔòÉÔòÉÔòÉÔòÉÔòØ


[1A[2K  159) [chromium] ÔÇ║ src\tests\e2e\components-theme.spec.ts:13:5 ÔÇ║ Components Theme ÔÇ║ debe testear componente 20 

    Error: browserType.launch: Executable doesn't exist at C:\Users\conej\AppData\Local\ms-playwright\chromium_headless_shell-1200\chrome-headless-shell-win64\chrome-headless-shell.exe
    ÔòöÔòÉÔòÉÔòÉÔòÉÔòÉÔòÉÔòÉÔòÉÔòÉÔòÉÔòÉÔòÉÔòÉÔòÉÔòÉÔòÉÔòÉÔòÉÔòÉÔòÉÔòÉÔòÉÔòÉÔòÉÔòÉÔòÉÔòÉÔòÉÔòÉÔòÉÔòÉÔòÉÔòÉÔòÉÔòÉÔòÉÔòÉÔòÉÔòÉÔòÉÔòÉÔòÉÔòÉÔòÉÔòÉÔòÉÔòÉÔòÉÔòÉÔòÉÔòÉÔòÉÔòÉÔòÉÔòÉÔòÉÔòÉÔòÉÔòÉÔòÉÔòÉÔòÉÔòÉÔòÉÔòÉÔòÉÔòÉÔòÉÔòÉÔòÉÔòÉÔòÉÔòÉÔòù
    Ôòæ Looks like Playwright Test or Playwright was just installed or updated. Ôòæ
    Ôòæ Please run the following command to download new browsers:              Ôòæ
    Ôòæ                                                                         Ôòæ
    Ôòæ     npx playwright install                                              Ôòæ
    Ôòæ                                                                         Ôòæ
    Ôòæ <3 Playwright Team                                                      Ôòæ
    ÔòÜÔòÉÔòÉÔòÉÔòÉÔòÉÔòÉÔòÉÔòÉÔòÉÔòÉÔòÉÔòÉÔòÉÔòÉÔòÉÔòÉÔòÉÔòÉÔòÉÔòÉÔòÉÔòÉÔòÉÔòÉÔòÉÔòÉÔòÉÔòÉÔòÉÔòÉÔòÉÔòÉÔòÉÔòÉÔòÉÔòÉÔòÉÔòÉÔòÉÔòÉÔòÉÔòÉÔòÉÔòÉÔòÉÔòÉÔòÉÔòÉÔòÉÔòÉÔòÉÔòÉÔòÉÔòÉÔòÉÔòÉÔòÉÔòÉÔòÉÔòÉÔòÉÔòÉÔòÉÔòÉÔòÉÔòÉÔòÉÔòÉÔòÉÔòÉÔòÉÔòÉÔòÉÔòØ


[1A[2K[160/580] [chromium] ÔÇ║ src\tests\e2e\components-theme.spec.ts:13:5 ÔÇ║ Components Theme ÔÇ║ debe testear componente 22
[1A[2K  160) [chromium] ÔÇ║ src\tests\e2e\components-theme.spec.ts:13:5 ÔÇ║ Components Theme ÔÇ║ debe testear componente 22 

    Error: browserType.launch: Executable doesn't exist at C:\Users\conej\AppData\Local\ms-playwright\chromium_headless_shell-1200\chrome-headless-shell-win64\chrome-headless-shell.exe
    ÔòöÔòÉÔòÉÔòÉÔòÉÔòÉÔòÉÔòÉÔòÉÔòÉÔòÉÔòÉÔòÉÔòÉÔòÉÔòÉÔòÉÔòÉÔòÉÔòÉÔòÉÔòÉÔòÉÔòÉÔòÉÔòÉÔòÉÔòÉÔòÉÔòÉÔòÉÔòÉÔòÉÔòÉÔòÉÔòÉÔòÉÔòÉÔòÉÔòÉÔòÉÔòÉÔòÉÔòÉÔòÉÔòÉÔòÉÔòÉÔòÉÔòÉÔòÉÔòÉÔòÉÔòÉÔòÉÔòÉÔòÉÔòÉÔòÉÔòÉÔòÉÔòÉÔòÉÔòÉÔòÉÔòÉÔòÉÔòÉÔòÉÔòÉÔòÉÔòÉÔòÉÔòÉÔòù
    Ôòæ Looks like Playwright Test or Playwright was just installed or updated. Ôòæ
    Ôòæ Please run the following command to download new browsers:              Ôòæ
    Ôòæ                                                                         Ôòæ
    Ôòæ     npx playwright install                                              Ôòæ
    Ôòæ                                                                         Ôòæ
    Ôòæ <3 Playwright Team                                                      Ôòæ
    ÔòÜÔòÉÔòÉÔòÉÔòÉÔòÉÔòÉÔòÉÔòÉÔòÉÔòÉÔòÉÔòÉÔòÉÔòÉÔòÉÔòÉÔòÉÔòÉÔòÉÔòÉÔòÉÔòÉÔòÉÔòÉÔòÉÔòÉÔòÉÔòÉÔòÉÔòÉÔòÉÔòÉÔòÉÔòÉÔòÉÔòÉÔòÉÔòÉÔòÉÔòÉÔòÉÔòÉÔòÉÔòÉÔòÉÔòÉÔòÉÔòÉÔòÉÔòÉÔòÉÔòÉÔòÉÔòÉÔòÉÔòÉÔòÉÔòÉÔòÉÔòÉÔòÉÔòÉÔòÉÔòÉÔòÉÔòÉÔòÉÔòÉÔòÉÔòÉÔòÉÔòÉÔòÉÔòØ


[1A[2K[161/580] [chromium] ÔÇ║ src\tests\e2e\components-theme.spec.ts:13:5 ÔÇ║ Components Theme ÔÇ║ debe testear componente 23
[1A[2K  161) [chromium] ÔÇ║ src\tests\e2e\components-theme.spec.ts:13:5 ÔÇ║ Components Theme ÔÇ║ debe testear componente 23 

    Error: browserType.launch: Executable doesn't exist at C:\Users\conej\AppData\Local\ms-playwright\chromium_headless_shell-1200\chrome-headless-shell-win64\chrome-headless-shell.exe
    ÔòöÔòÉÔòÉÔòÉÔòÉÔòÉÔòÉÔòÉÔòÉÔòÉÔòÉÔòÉÔòÉÔòÉÔòÉÔòÉÔòÉÔòÉÔòÉÔòÉÔòÉÔòÉÔòÉÔòÉÔòÉÔòÉÔòÉÔòÉÔòÉÔòÉÔòÉÔòÉÔòÉÔòÉÔòÉÔòÉÔòÉÔòÉÔòÉÔòÉÔòÉÔòÉÔòÉÔòÉÔòÉÔòÉÔòÉÔòÉÔòÉÔòÉÔòÉÔòÉÔòÉÔòÉÔòÉÔòÉÔòÉÔòÉÔòÉÔòÉÔòÉÔòÉÔòÉÔòÉÔòÉÔòÉÔòÉÔòÉÔòÉÔòÉÔòÉÔòÉÔòÉÔòÉÔòù
    Ôòæ Looks like Playwright Test or Playwright was just installed or updated. Ôòæ
    Ôòæ Please run the following command to download new browsers:              Ôòæ
    Ôòæ                                                                         Ôòæ
    Ôòæ     npx playwright install                                              Ôòæ
    Ôòæ                                                                         Ôòæ
    Ôòæ <3 Playwright Team                                                      Ôòæ
    ÔòÜÔòÉÔòÉÔòÉÔòÉÔòÉÔòÉÔòÉÔòÉÔòÉÔòÉÔòÉÔòÉÔòÉÔòÉÔòÉÔòÉÔòÉÔòÉÔòÉÔòÉÔòÉÔòÉÔòÉÔòÉÔòÉÔòÉÔòÉÔòÉÔòÉÔòÉÔòÉÔòÉÔòÉÔòÉÔòÉÔòÉÔòÉÔòÉÔòÉÔòÉÔòÉÔòÉÔòÉÔòÉÔòÉÔòÉÔòÉÔòÉÔòÉÔòÉÔòÉÔòÉÔòÉÔòÉÔòÉÔòÉÔòÉÔòÉÔòÉÔòÉÔòÉÔòÉÔòÉÔòÉÔòÉÔòÉÔòÉÔòÉÔòÉÔòÉÔòÉÔòÉÔòÉÔòØ


[1A[2K[162/580] [chromium] ÔÇ║ src\tests\e2e\components-theme.spec.ts:13:5 ÔÇ║ Components Theme ÔÇ║ debe testear componente 24
[1A[2K  162) [chromium] ÔÇ║ src\tests\e2e\components-theme.spec.ts:13:5 ÔÇ║ Components Theme ÔÇ║ debe testear componente 24 

    Error: browserType.launch: Executable doesn't exist at C:\Users\conej\AppData\Local\ms-playwright\chromium_headless_shell-1200\chrome-headless-shell-win64\chrome-headless-shell.exe
    ÔòöÔòÉÔòÉÔòÉÔòÉÔòÉÔòÉÔòÉÔòÉÔòÉÔòÉÔòÉÔòÉÔòÉÔòÉÔòÉÔòÉÔòÉÔòÉÔòÉÔòÉÔòÉÔòÉÔòÉÔòÉÔòÉÔòÉÔòÉÔòÉÔòÉÔòÉÔòÉÔòÉÔòÉÔòÉÔòÉÔòÉÔòÉÔòÉÔòÉÔòÉÔòÉÔòÉÔòÉÔòÉÔòÉÔòÉÔòÉÔòÉÔòÉÔòÉÔòÉÔòÉÔòÉÔòÉÔòÉÔòÉÔòÉÔòÉÔòÉÔòÉÔòÉÔòÉÔòÉÔòÉÔòÉÔòÉÔòÉÔòÉÔòÉÔòÉÔòÉÔòÉÔòÉÔòù
    Ôòæ Looks like Playwright Test or Playwright was just installed or updated. Ôòæ
    Ôòæ Please run the following command to download new browsers:              Ôòæ
    Ôòæ                                                                         Ôòæ
    Ôòæ     npx playwright install                                              Ôòæ
    Ôòæ                                                                         Ôòæ
    Ôòæ <3 Playwright Team                                                      Ôòæ
    ÔòÜÔòÉÔòÉÔòÉÔòÉÔòÉÔòÉÔòÉÔòÉÔòÉÔòÉÔòÉÔòÉÔòÉÔòÉÔòÉÔòÉÔòÉÔòÉÔòÉÔòÉÔòÉÔòÉÔòÉÔòÉÔòÉÔòÉÔòÉÔòÉÔòÉÔòÉÔòÉÔòÉÔòÉÔòÉÔòÉÔòÉÔòÉÔòÉÔòÉÔòÉÔòÉÔòÉÔòÉÔòÉÔòÉÔòÉÔòÉÔòÉÔòÉÔòÉÔòÉÔòÉÔòÉÔòÉÔòÉÔòÉÔòÉÔòÉÔòÉÔòÉÔòÉÔòÉÔòÉÔòÉÔòÉÔòÉÔòÉÔòÉÔòÉÔòÉÔòÉÔòÉÔòÉÔòØ


[1A[2K[163/580] [chromium] ÔÇ║ src\tests\e2e\components-theme.spec.ts:13:5 ÔÇ║ Components Theme ÔÇ║ debe testear componente 25
[1A[2K[164/580] [chromium] ÔÇ║ src\tests\e2e\critical-flows.spec.ts:14:3 ÔÇ║ Critical User Flows ÔÇ║ Authentication Flow - Demo Mode
[1A[2K  163) [chromium] ÔÇ║ src\tests\e2e\components-theme.spec.ts:13:5 ÔÇ║ Components Theme ÔÇ║ debe testear componente 25 

    Error: browserType.launch: Executable doesn't exist at C:\Users\conej\AppData\Local\ms-playwright\chromium_headless_shell-1200\chrome-headless-shell-win64\chrome-headless-shell.exe
    ÔòöÔòÉÔòÉÔòÉÔòÉÔòÉÔòÉÔòÉÔòÉÔòÉÔòÉÔòÉÔòÉÔòÉÔòÉÔòÉÔòÉÔòÉÔòÉÔòÉÔòÉÔòÉÔòÉÔòÉÔòÉÔòÉÔòÉÔòÉÔòÉÔòÉÔòÉÔòÉÔòÉÔòÉÔòÉÔòÉÔòÉÔòÉÔòÉÔòÉÔòÉÔòÉÔòÉÔòÉÔòÉÔòÉÔòÉÔòÉÔòÉÔòÉÔòÉÔòÉÔòÉÔòÉÔòÉÔòÉÔòÉÔòÉÔòÉÔòÉÔòÉÔòÉÔòÉÔòÉÔòÉÔòÉÔòÉÔòÉÔòÉÔòÉÔòÉÔòÉÔòÉÔòÉÔòù
    Ôòæ Looks like Playwright Test or Playwright was just installed or updated. Ôòæ
    Ôòæ Please run the following command to download new browsers:              Ôòæ
    Ôòæ                                                                         Ôòæ
    Ôòæ     npx playwright install                                              Ôòæ
    Ôòæ                                                                         Ôòæ
    Ôòæ <3 Playwright Team                                                      Ôòæ
    ÔòÜÔòÉÔòÉÔòÉÔòÉÔòÉÔòÉÔòÉÔòÉÔòÉÔòÉÔòÉÔòÉÔòÉÔòÉÔòÉÔòÉÔòÉÔòÉÔòÉÔòÉÔòÉÔòÉÔòÉÔòÉÔòÉÔòÉÔòÉÔòÉÔòÉÔòÉÔòÉÔòÉÔòÉÔòÉÔòÉÔòÉÔòÉÔòÉÔòÉÔòÉÔòÉÔòÉÔòÉÔòÉÔòÉÔòÉÔòÉÔòÉÔòÉÔòÉÔòÉÔòÉÔòÉÔòÉÔòÉÔòÉÔòÉÔòÉÔòÉÔòÉÔòÉÔòÉÔòÉÔòÉÔòÉÔòÉÔòÉÔòÉÔòÉÔòÉÔòÉÔòÉÔòÉÔòØ


[1A[2K  164) [chromium] ÔÇ║ src\tests\e2e\critical-flows.spec.ts:14:3 ÔÇ║ Critical User Flows ÔÇ║ Authentication Flow - Demo Mode 

    Error: browserType.launch: Executable doesn't exist at C:\Users\conej\AppData\Local\ms-playwright\chromium_headless_shell-1200\chrome-headless-shell-win64\chrome-headless-shell.exe
    ÔòöÔòÉÔòÉÔòÉÔòÉÔòÉÔòÉÔòÉÔòÉÔòÉÔòÉÔòÉÔòÉÔòÉÔòÉÔòÉÔòÉÔòÉÔòÉÔòÉÔòÉÔòÉÔòÉÔòÉÔòÉÔòÉÔòÉÔòÉÔòÉÔòÉÔòÉÔòÉÔòÉÔòÉÔòÉÔòÉÔòÉÔòÉÔòÉÔòÉÔòÉÔòÉÔòÉÔòÉÔòÉÔòÉÔòÉÔòÉÔòÉÔòÉÔòÉÔòÉÔòÉÔòÉÔòÉÔòÉÔòÉÔòÉÔòÉÔòÉÔòÉÔòÉÔòÉÔòÉÔòÉÔòÉÔòÉÔòÉÔòÉÔòÉÔòÉÔòÉÔòÉÔòÉÔòù
    Ôòæ Looks like Playwright Test or Playwright was just installed or updated. Ôòæ
    Ôòæ Please run the following command to download new browsers:              Ôòæ
    Ôòæ                                                                         Ôòæ
    Ôòæ     npx playwright install                                              Ôòæ
    Ôòæ                                                                         Ôòæ
    Ôòæ <3 Playwright Team                                                      Ôòæ
    ÔòÜÔòÉÔòÉÔòÉÔòÉÔòÉÔòÉÔòÉÔòÉÔòÉÔòÉÔòÉÔòÉÔòÉÔòÉÔòÉÔòÉÔòÉÔòÉÔòÉÔòÉÔòÉÔòÉÔòÉÔòÉÔòÉÔòÉÔòÉÔòÉÔòÉÔòÉÔòÉÔòÉÔòÉÔòÉÔòÉÔòÉÔòÉÔòÉÔòÉÔòÉÔòÉÔòÉÔòÉÔòÉÔòÉÔòÉÔòÉÔòÉÔòÉÔòÉÔòÉÔòÉÔòÉÔòÉÔòÉÔòÉÔòÉÔòÉÔòÉÔòÉÔòÉÔòÉÔòÉÔòÉÔòÉÔòÉÔòÉÔòÉÔòÉÔòÉÔòÉÔòÉÔòÉÔòØ


[1A[2K[165/580] [chromium] ÔÇ║ src\tests\e2e\critical-flows.spec.ts:30:3 ÔÇ║ Critical User Flows ÔÇ║ Navigation Between Pages
[1A[2K  165) [chromium] ÔÇ║ src\tests\e2e\critical-flows.spec.ts:30:3 ÔÇ║ Critical User Flows ÔÇ║ Navigation Between Pages 

    Error: browserType.launch: Executable doesn't exist at C:\Users\conej\AppData\Local\ms-playwright\chromium_headless_shell-1200\chrome-headless-shell-win64\chrome-headless-shell.exe
    ÔòöÔòÉÔòÉÔòÉÔòÉÔòÉÔòÉÔòÉÔòÉÔòÉÔòÉÔòÉÔòÉÔòÉÔòÉÔòÉÔòÉÔòÉÔòÉÔòÉÔòÉÔòÉÔòÉÔòÉÔòÉÔòÉÔòÉÔòÉÔòÉÔòÉÔòÉÔòÉÔòÉÔòÉÔòÉÔòÉÔòÉÔòÉÔòÉÔòÉÔòÉÔòÉÔòÉÔòÉÔòÉÔòÉÔòÉÔòÉÔòÉÔòÉÔòÉÔòÉÔòÉÔòÉÔòÉÔòÉÔòÉÔòÉÔòÉÔòÉÔòÉÔòÉÔòÉÔòÉÔòÉÔòÉÔòÉÔòÉÔòÉÔòÉÔòÉÔòÉÔòÉÔòÉÔòù
    Ôòæ Looks like Playwright Test or Playwright was just installed or updated. Ôòæ
    Ôòæ Please run the following command to download new browsers:              Ôòæ
    Ôòæ                                                                         Ôòæ
    Ôòæ     npx playwright install                                              Ôòæ
    Ôòæ                                                                         Ôòæ
    Ôòæ <3 Playwright Team                                                      Ôòæ
    ÔòÜÔòÉÔòÉÔòÉÔòÉÔòÉÔòÉÔòÉÔòÉÔòÉÔòÉÔòÉÔòÉÔòÉÔòÉÔòÉÔòÉÔòÉÔòÉÔòÉÔòÉÔòÉÔòÉÔòÉÔòÉÔòÉÔòÉÔòÉÔòÉÔòÉÔòÉÔòÉÔòÉÔòÉÔòÉÔòÉÔòÉÔòÉÔòÉÔòÉÔòÉÔòÉÔòÉÔòÉÔòÉÔòÉÔòÉÔòÉÔòÉÔòÉÔòÉÔòÉÔòÉÔòÉÔòÉÔòÉÔòÉÔòÉÔòÉÔòÉÔòÉÔòÉÔòÉÔòÉÔòÉÔòÉÔòÉÔòÉÔòÉÔòÉÔòÉÔòÉÔòÉÔòÉÔòØ


[1A[2K[166/580] [chromium] ÔÇ║ src\tests\e2e\critical-flows.spec.ts:76:3 ÔÇ║ Critical User Flows ÔÇ║ Profile Navigation and Functionality
[1A[2K[167/580] [chromium] ÔÇ║ src\tests\e2e\critical-flows.spec.ts:56:3 ÔÇ║ Critical User Flows ÔÇ║ Responsive Design Breakpoints
[1A[2K  166) [chromium] ÔÇ║ src\tests\e2e\critical-flows.spec.ts:76:3 ÔÇ║ Critical User Flows ÔÇ║ Profile Navigation and Functionality 

    Error: browserType.launch: Executable doesn't exist at C:\Users\conej\AppData\Local\ms-playwright\chromium_headless_shell-1200\chrome-headless-shell-win64\chrome-headless-shell.exe
    ÔòöÔòÉÔòÉÔòÉÔòÉÔòÉÔòÉÔòÉÔòÉÔòÉÔòÉÔòÉÔòÉÔòÉÔòÉÔòÉÔòÉÔòÉÔòÉÔòÉÔòÉÔòÉÔòÉÔòÉÔòÉÔòÉÔòÉÔòÉÔòÉÔòÉÔòÉÔòÉÔòÉÔòÉÔòÉÔòÉÔòÉÔòÉÔòÉÔòÉÔòÉÔòÉÔòÉÔòÉÔòÉÔòÉÔòÉÔòÉÔòÉÔòÉÔòÉÔòÉÔòÉÔòÉÔòÉÔòÉÔòÉÔòÉÔòÉÔòÉÔòÉÔòÉÔòÉÔòÉÔòÉÔòÉÔòÉÔòÉÔòÉÔòÉÔòÉÔòÉÔòÉÔòÉÔòù
    Ôòæ Looks like Playwright Test or Playwright was just installed or updated. Ôòæ
    Ôòæ Please run the following command to download new browsers:              Ôòæ
    Ôòæ                                                                         Ôòæ
    Ôòæ     npx playwright install                                              Ôòæ
    Ôòæ                                                                         Ôòæ
    Ôòæ <3 Playwright Team                                                      Ôòæ
    ÔòÜÔòÉÔòÉÔòÉÔòÉÔòÉÔòÉÔòÉÔòÉÔòÉÔòÉÔòÉÔòÉÔòÉÔòÉÔòÉÔòÉÔòÉÔòÉÔòÉÔòÉÔòÉÔòÉÔòÉÔòÉÔòÉÔòÉÔòÉÔòÉÔòÉÔòÉÔòÉÔòÉÔòÉÔòÉÔòÉÔòÉÔòÉÔòÉÔòÉÔòÉÔòÉÔòÉÔòÉÔòÉÔòÉÔòÉÔòÉÔòÉÔòÉÔòÉÔòÉÔòÉÔòÉÔòÉÔòÉÔòÉÔòÉÔòÉÔòÉÔòÉÔòÉÔòÉÔòÉÔòÉÔòÉÔòÉÔòÉÔòÉÔòÉÔòÉÔòÉÔòÉÔòÉÔòØ


[1A[2K  167) [chromium] ÔÇ║ src\tests\e2e\critical-flows.spec.ts:56:3 ÔÇ║ Critical User Flows ÔÇ║ Responsive Design Breakpoints 

    Error: browserType.launch: Executable doesn't exist at C:\Users\conej\AppData\Local\ms-playwright\chromium_headless_shell-1200\chrome-headless-shell-win64\chrome-headless-shell.exe
    ÔòöÔòÉÔòÉÔòÉÔòÉÔòÉÔòÉÔòÉÔòÉÔòÉÔòÉÔòÉÔòÉÔòÉÔòÉÔòÉÔòÉÔòÉÔòÉÔòÉÔòÉÔòÉÔòÉÔòÉÔòÉÔòÉÔòÉÔòÉÔòÉÔòÉÔòÉÔòÉÔòÉÔòÉÔòÉÔòÉÔòÉÔòÉÔòÉÔòÉÔòÉÔòÉÔòÉÔòÉÔòÉÔòÉÔòÉÔòÉÔòÉÔòÉÔòÉÔòÉÔòÉÔòÉÔòÉÔòÉÔòÉÔòÉÔòÉÔòÉÔòÉÔòÉÔòÉÔòÉÔòÉÔòÉÔòÉÔòÉÔòÉÔòÉÔòÉÔòÉÔòÉÔòÉÔòù
    Ôòæ Looks like Playwright Test or Playwright was just installed or updated. Ôòæ
    Ôòæ Please run the following command to download new browsers:              Ôòæ
    Ôòæ                                                                         Ôòæ
    Ôòæ     npx playwright install                                              Ôòæ
    Ôòæ                                                                         Ôòæ
    Ôòæ <3 Playwright Team                                                      Ôòæ
    ÔòÜÔòÉÔòÉÔòÉÔòÉÔòÉÔòÉÔòÉÔòÉÔòÉÔòÉÔòÉÔòÉÔòÉÔòÉÔòÉÔòÉÔòÉÔòÉÔòÉÔòÉÔòÉÔòÉÔòÉÔòÉÔòÉÔòÉÔòÉÔòÉÔòÉÔòÉÔòÉÔòÉÔòÉÔòÉÔòÉÔòÉÔòÉÔòÉÔòÉÔòÉÔòÉÔòÉÔòÉÔòÉÔòÉÔòÉÔòÉÔòÉÔòÉÔòÉÔòÉÔòÉÔòÉÔòÉÔòÉÔòÉÔòÉÔòÉÔòÉÔòÉÔòÉÔòÉÔòÉÔòÉÔòÉÔòÉÔòÉÔòÉÔòÉÔòÉÔòÉÔòÉÔòÉÔòØ


[1A[2K[168/580] [chromium] ÔÇ║ src\tests\e2e\critical-flows.spec.ts:93:3 ÔÇ║ Critical User Flows ÔÇ║ Chat Basic Functionality
[1A[2K  168) [chromium] ÔÇ║ src\tests\e2e\critical-flows.spec.ts:93:3 ÔÇ║ Critical User Flows ÔÇ║ Chat Basic Functionality 

    Error: browserType.launch: Executable doesn't exist at C:\Users\conej\AppData\Local\ms-playwright\chromium_headless_shell-1200\chrome-headless-shell-win64\chrome-headless-shell.exe
    ÔòöÔòÉÔòÉÔòÉÔòÉÔòÉÔòÉÔòÉÔòÉÔòÉÔòÉÔòÉÔòÉÔòÉÔòÉÔòÉÔòÉÔòÉÔòÉÔòÉÔòÉÔòÉÔòÉÔòÉÔòÉÔòÉÔòÉÔòÉÔòÉÔòÉÔòÉÔòÉÔòÉÔòÉÔòÉÔòÉÔòÉÔòÉÔòÉÔòÉÔòÉÔòÉÔòÉÔòÉÔòÉÔòÉÔòÉÔòÉÔòÉÔòÉÔòÉÔòÉÔòÉÔòÉÔòÉÔòÉÔòÉÔòÉÔòÉÔòÉÔòÉÔòÉÔòÉÔòÉÔòÉÔòÉÔòÉÔòÉÔòÉÔòÉÔòÉÔòÉÔòÉÔòÉÔòù
    Ôòæ Looks like Playwright Test or Playwright was just installed or updated. Ôòæ
    Ôòæ Please run the following command to download new browsers:              Ôòæ
    Ôòæ                                                                         Ôòæ
    Ôòæ     npx playwright install                                              Ôòæ
    Ôòæ                                                                         Ôòæ
    Ôòæ <3 Playwright Team                                                      Ôòæ
    ÔòÜÔòÉÔòÉÔòÉÔòÉÔòÉÔòÉÔòÉÔòÉÔòÉÔòÉÔòÉÔòÉÔòÉÔòÉÔòÉÔòÉÔòÉÔòÉÔòÉÔòÉÔòÉÔòÉÔòÉÔòÉÔòÉÔòÉÔòÉÔòÉÔòÉÔòÉÔòÉÔòÉÔòÉÔòÉÔòÉÔòÉÔòÉÔòÉÔòÉÔòÉÔòÉÔòÉÔòÉÔòÉÔòÉÔòÉÔòÉÔòÉÔòÉÔòÉÔòÉÔòÉÔòÉÔòÉÔòÉÔòÉÔòÉÔòÉÔòÉÔòÉÔòÉÔòÉÔòÉÔòÉÔòÉÔòÉÔòÉÔòÉÔòÉÔòÉÔòÉÔòÉÔòÉÔòØ


[1A[2K[169/580] [chromium] ÔÇ║ src\tests\e2e\critical-flows.spec.ts:112:3 ÔÇ║ Critical User Flows ÔÇ║ Security Features - Android
[1A[2K  169) [chromium] ÔÇ║ src\tests\e2e\critical-flows.spec.ts:112:3 ÔÇ║ Critical User Flows ÔÇ║ Security Features - Android 

    Error: browserType.launch: Executable doesn't exist at C:\Users\conej\AppData\Local\ms-playwright\chromium_headless_shell-1200\chrome-headless-shell-win64\chrome-headless-shell.exe
    ÔòöÔòÉÔòÉÔòÉÔòÉÔòÉÔòÉÔòÉÔòÉÔòÉÔòÉÔòÉÔòÉÔòÉÔòÉÔòÉÔòÉÔòÉÔòÉÔòÉÔòÉÔòÉÔòÉÔòÉÔòÉÔòÉÔòÉÔòÉÔòÉÔòÉÔòÉÔòÉÔòÉÔòÉÔòÉÔòÉÔòÉÔòÉÔòÉÔòÉÔòÉÔòÉÔòÉÔòÉÔòÉÔòÉÔòÉÔòÉÔòÉÔòÉÔòÉÔòÉÔòÉÔòÉÔòÉÔòÉÔòÉÔòÉÔòÉÔòÉÔòÉÔòÉÔòÉÔòÉÔòÉÔòÉÔòÉÔòÉÔòÉÔòÉÔòÉÔòÉÔòÉÔòÉÔòù
    Ôòæ Looks like Playwright Test or Playwright was just installed or updated. Ôòæ
    Ôòæ Please run the following command to download new browsers:              Ôòæ
    Ôòæ                                                                         Ôòæ
    Ôòæ     npx playwright install                                              Ôòæ
    Ôòæ                                                                         Ôòæ
    Ôòæ <3 Playwright Team                                                      Ôòæ
    ÔòÜÔòÉÔòÉÔòÉÔòÉÔòÉÔòÉÔòÉÔòÉÔòÉÔòÉÔòÉÔòÉÔòÉÔòÉÔòÉÔòÉÔòÉÔòÉÔòÉÔòÉÔòÉÔòÉÔòÉÔòÉÔòÉÔòÉÔòÉÔòÉÔòÉÔòÉÔòÉÔòÉÔòÉÔòÉÔòÉÔòÉÔòÉÔòÉÔòÉÔòÉÔòÉÔòÉÔòÉÔòÉÔòÉÔòÉÔòÉÔòÉÔòÉÔòÉÔòÉÔòÉÔòÉÔòÉÔòÉÔòÉÔòÉÔòÉÔòÉÔòÉÔòÉÔòÉÔòÉÔòÉÔòÉÔòÉÔòÉÔòÉÔòÉÔòÉÔòÉÔòÉÔòÉÔòØ


[1A[2K[170/580] [chromium] ÔÇ║ src\tests\e2e\critical-flows.spec.ts:127:3 ÔÇ║ Critical User Flows ÔÇ║ Performance and Loading
[1A[2K[171/580] [chromium] ÔÇ║ src\tests\e2e\critical-flows.spec.ts:141:3 ÔÇ║ Critical User Flows ÔÇ║ Accessibility Features
[1A[2K  170) [chromium] ÔÇ║ src\tests\e2e\critical-flows.spec.ts:127:3 ÔÇ║ Critical User Flows ÔÇ║ Performance and Loading 

    Error: browserType.launch: Executable doesn't exist at C:\Users\conej\AppData\Local\ms-playwright\chromium_headless_shell-1200\chrome-headless-shell-win64\chrome-headless-shell.exe
    ÔòöÔòÉÔòÉÔòÉÔòÉÔòÉÔòÉÔòÉÔòÉÔòÉÔòÉÔòÉÔòÉÔòÉÔòÉÔòÉÔòÉÔòÉÔòÉÔòÉÔòÉÔòÉÔòÉÔòÉÔòÉÔòÉÔòÉÔòÉÔòÉÔòÉÔòÉÔòÉÔòÉÔòÉÔòÉÔòÉÔòÉÔòÉÔòÉÔòÉÔòÉÔòÉÔòÉÔòÉÔòÉÔòÉÔòÉÔòÉÔòÉÔòÉÔòÉÔòÉÔòÉÔòÉÔòÉÔòÉÔòÉÔòÉÔòÉÔòÉÔòÉÔòÉÔòÉÔòÉÔòÉÔòÉÔòÉÔòÉÔòÉÔòÉÔòÉÔòÉÔòÉÔòÉÔòù
    Ôòæ Looks like Playwright Test or Playwright was just installed or updated. Ôòæ
    Ôòæ Please run the following command to download new browsers:              Ôòæ
    Ôòæ                                                                         Ôòæ
    Ôòæ     npx playwright install                                              Ôòæ
    Ôòæ                                                                         Ôòæ
    Ôòæ <3 Playwright Team                                                      Ôòæ
    ÔòÜÔòÉÔòÉÔòÉÔòÉÔòÉÔòÉÔòÉÔòÉÔòÉÔòÉÔòÉÔòÉÔòÉÔòÉÔòÉÔòÉÔòÉÔòÉÔòÉÔòÉÔòÉÔòÉÔòÉÔòÉÔòÉÔòÉÔòÉÔòÉÔòÉÔòÉÔòÉÔòÉÔòÉÔòÉÔòÉÔòÉÔòÉÔòÉÔòÉÔòÉÔòÉÔòÉÔòÉÔòÉÔòÉÔòÉÔòÉÔòÉÔòÉÔòÉÔòÉÔòÉÔòÉÔòÉÔòÉÔòÉÔòÉÔòÉÔòÉÔòÉÔòÉÔòÉÔòÉÔòÉÔòÉÔòÉÔòÉÔòÉÔòÉÔòÉÔòÉÔòÉÔòÉÔòØ


[1A[2K  171) [chromium] ÔÇ║ src\tests\e2e\critical-flows.spec.ts:141:3 ÔÇ║ Critical User Flows ÔÇ║ Accessibility Features 

    Error: browserType.launch: Executable doesn't exist at C:\Users\conej\AppData\Local\ms-playwright\chromium_headless_shell-1200\chrome-headless-shell-win64\chrome-headless-shell.exe
    ÔòöÔòÉÔòÉÔòÉÔòÉÔòÉÔòÉÔòÉÔòÉÔòÉÔòÉÔòÉÔòÉÔòÉÔòÉÔòÉÔòÉÔòÉÔòÉÔòÉÔòÉÔòÉÔòÉÔòÉÔòÉÔòÉÔòÉÔòÉÔòÉÔòÉÔòÉÔòÉÔòÉÔòÉÔòÉÔòÉÔòÉÔòÉÔòÉÔòÉÔòÉÔòÉÔòÉÔòÉÔòÉÔòÉÔòÉÔòÉÔòÉÔòÉÔòÉÔòÉÔòÉÔòÉÔòÉÔòÉÔòÉÔòÉÔòÉÔòÉÔòÉÔòÉÔòÉÔòÉÔòÉÔòÉÔòÉÔòÉÔòÉÔòÉÔòÉÔòÉÔòÉÔòÉÔòù
    Ôòæ Looks like Playwright Test or Playwright was just installed or updated. Ôòæ
    Ôòæ Please run the following command to download new browsers:              Ôòæ
    Ôòæ                                                                         Ôòæ
    Ôòæ     npx playwright install                                              Ôòæ
    Ôòæ                                                                         Ôòæ
    Ôòæ <3 Playwright Team                                                      Ôòæ
    ÔòÜÔòÉÔòÉÔòÉÔòÉÔòÉÔòÉÔòÉÔòÉÔòÉÔòÉÔòÉÔòÉÔòÉÔòÉÔòÉÔòÉÔòÉÔòÉÔòÉÔòÉÔòÉÔòÉÔòÉÔòÉÔòÉÔòÉÔòÉÔòÉÔòÉÔòÉÔòÉÔòÉÔòÉÔòÉÔòÉÔòÉÔòÉÔòÉÔòÉÔòÉÔòÉÔòÉÔòÉÔòÉÔòÉÔòÉÔòÉÔòÉÔòÉÔòÉÔòÉÔòÉÔòÉÔòÉÔòÉÔòÉÔòÉÔòÉÔòÉÔòÉÔòÉÔòÉÔòÉÔòÉÔòÉÔòÉÔòÉÔòÉÔòÉÔòÉÔòÉÔòÉÔòÉÔòØ


[1A[2K[172/580] [chromium] ÔÇ║ src\tests\e2e\critical-flows.spec.ts:156:3 ÔÇ║ Critical User Flows ÔÇ║ Error Handling and Fallbacks
[1A[2K  172) [chromium] ÔÇ║ src\tests\e2e\critical-flows.spec.ts:156:3 ÔÇ║ Critical User Flows ÔÇ║ Error Handling and Fallbacks 

    Error: browserType.launch: Executable doesn't exist at C:\Users\conej\AppData\Local\ms-playwright\chromium_headless_shell-1200\chrome-headless-shell-win64\chrome-headless-shell.exe
    ÔòöÔòÉÔòÉÔòÉÔòÉÔòÉÔòÉÔòÉÔòÉÔòÉÔòÉÔòÉÔòÉÔòÉÔòÉÔòÉÔòÉÔòÉÔòÉÔòÉÔòÉÔòÉÔòÉÔòÉÔòÉÔòÉÔòÉÔòÉÔòÉÔòÉÔòÉÔòÉÔòÉÔòÉÔòÉÔòÉÔòÉÔòÉÔòÉÔòÉÔòÉÔòÉÔòÉÔòÉÔòÉÔòÉÔòÉÔòÉÔòÉÔòÉÔòÉÔòÉÔòÉÔòÉÔòÉÔòÉÔòÉÔòÉÔòÉÔòÉÔòÉÔòÉÔòÉÔòÉÔòÉÔòÉÔòÉÔòÉÔòÉÔòÉÔòÉÔòÉÔòÉÔòÉÔòù
    Ôòæ Looks like Playwright Test or Playwright was just installed or updated. Ôòæ
    Ôòæ Please run the following command to download new browsers:              Ôòæ
    Ôòæ                                                                         Ôòæ
    Ôòæ     npx playwright install                                              Ôòæ
    Ôòæ                                                                         Ôòæ
    Ôòæ <3 Playwright Team                                                      Ôòæ
    ÔòÜÔòÉÔòÉÔòÉÔòÉÔòÉÔòÉÔòÉÔòÉÔòÉÔòÉÔòÉÔòÉÔòÉÔòÉÔòÉÔòÉÔòÉÔòÉÔòÉÔòÉÔòÉÔòÉÔòÉÔòÉÔòÉÔòÉÔòÉÔòÉÔòÉÔòÉÔòÉÔòÉÔòÉÔòÉÔòÉÔòÉÔòÉÔòÉÔòÉÔòÉÔòÉÔòÉÔòÉÔòÉÔòÉÔòÉÔòÉÔòÉÔòÉÔòÉÔòÉÔòÉÔòÉÔòÉÔòÉÔòÉÔòÉÔòÉÔòÉÔòÉÔòÉÔòÉÔòÉÔòÉÔòÉÔòÉÔòÉÔòÉÔòÉÔòÉÔòÉÔòÉÔòÉÔòØ


[1A[2K[173/580] [chromium] ÔÇ║ src\tests\e2e\critical-flows.spec.ts:177:3 ÔÇ║ Mobile-Specific Tests ÔÇ║ Touch Interactions
[1A[2K  173) [chromium] ÔÇ║ src\tests\e2e\critical-flows.spec.ts:177:3 ÔÇ║ Mobile-Specific Tests ÔÇ║ Touch Interactions 

    Error: browserType.launch: Executable doesn't exist at C:\Users\conej\AppData\Local\ms-playwright\chromium_headless_shell-1200\chrome-headless-shell-win64\chrome-headless-shell.exe
    ÔòöÔòÉÔòÉÔòÉÔòÉÔòÉÔòÉÔòÉÔòÉÔòÉÔòÉÔòÉÔòÉÔòÉÔòÉÔòÉÔòÉÔòÉÔòÉÔòÉÔòÉÔòÉÔòÉÔòÉÔòÉÔòÉÔòÉÔòÉÔòÉÔòÉÔòÉÔòÉÔòÉÔòÉÔòÉÔòÉÔòÉÔòÉÔòÉÔòÉÔòÉÔòÉÔòÉÔòÉÔòÉÔòÉÔòÉÔòÉÔòÉÔòÉÔòÉÔòÉÔòÉÔòÉÔòÉÔòÉÔòÉÔòÉÔòÉÔòÉÔòÉÔòÉÔòÉÔòÉÔòÉÔòÉÔòÉÔòÉÔòÉÔòÉÔòÉÔòÉÔòÉÔòÉÔòù
    Ôòæ Looks like Playwright Test or Playwright was just installed or updated. Ôòæ
    Ôòæ Please run the following command to download new browsers:              Ôòæ
    Ôòæ                                                                         Ôòæ
    Ôòæ     npx playwright install                                              Ôòæ
    Ôòæ                                                                         Ôòæ
    Ôòæ <3 Playwright Team                                                      Ôòæ
    ÔòÜÔòÉÔòÉÔòÉÔòÉÔòÉÔòÉÔòÉÔòÉÔòÉÔòÉÔòÉÔòÉÔòÉÔòÉÔòÉÔòÉÔòÉÔòÉÔòÉÔòÉÔòÉÔòÉÔòÉÔòÉÔòÉÔòÉÔòÉÔòÉÔòÉÔòÉÔòÉÔòÉÔòÉÔòÉÔòÉÔòÉÔòÉÔòÉÔòÉÔòÉÔòÉÔòÉÔòÉÔòÉÔòÉÔòÉÔòÉÔòÉÔòÉÔòÉÔòÉÔòÉÔòÉÔòÉÔòÉÔòÉÔòÉÔòÉÔòÉÔòÉÔòÉÔòÉÔòÉÔòÉÔòÉÔòÉÔòÉÔòÉÔòÉÔòÉÔòÉÔòÉÔòÉÔòØ


[1A[2K[174/580] [chromium] ÔÇ║ src\tests\e2e\critical-flows.spec.ts:196:3 ÔÇ║ Mobile-Specific Tests ÔÇ║ Mobile Navigation Bottom Bar
[1A[2K[175/580] [chromium] ÔÇ║ src\tests\e2e\cross-browser.spec.ts:27:5 ÔÇ║ Compatibilidad Chrome Desktop ÔÇ║ deber├¡a cargar la p├ígina principal correctamente
[1A[2K  174) [chromium] ÔÇ║ src\tests\e2e\critical-flows.spec.ts:196:3 ÔÇ║ Mobile-Specific Tests ÔÇ║ Mobile Navigation Bottom Bar 

    Error: browserType.launch: Executable doesn't exist at C:\Users\conej\AppData\Local\ms-playwright\chromium_headless_shell-1200\chrome-headless-shell-win64\chrome-headless-shell.exe
    ÔòöÔòÉÔòÉÔòÉÔòÉÔòÉÔòÉÔòÉÔòÉÔòÉÔòÉÔòÉÔòÉÔòÉÔòÉÔòÉÔòÉÔòÉÔòÉÔòÉÔòÉÔòÉÔòÉÔòÉÔòÉÔòÉÔòÉÔòÉÔòÉÔòÉÔòÉÔòÉÔòÉÔòÉÔòÉÔòÉÔòÉÔòÉÔòÉÔòÉÔòÉÔòÉÔòÉÔòÉÔòÉÔòÉÔòÉÔòÉÔòÉÔòÉÔòÉÔòÉÔòÉÔòÉÔòÉÔòÉÔòÉÔòÉÔòÉÔòÉÔòÉÔòÉÔòÉÔòÉÔòÉÔòÉÔòÉÔòÉÔòÉÔòÉÔòÉÔòÉÔòÉÔòÉÔòù
    Ôòæ Looks like Playwright Test or Playwright was just installed or updated. Ôòæ
    Ôòæ Please run the following command to download new browsers:              Ôòæ
    Ôòæ                                                                         Ôòæ
    Ôòæ     npx playwright install                                              Ôòæ
    Ôòæ                                                                         Ôòæ
    Ôòæ <3 Playwright Team                                                      Ôòæ
    ÔòÜÔòÉÔòÉÔòÉÔòÉÔòÉÔòÉÔòÉÔòÉÔòÉÔòÉÔòÉÔòÉÔòÉÔòÉÔòÉÔòÉÔòÉÔòÉÔòÉÔòÉÔòÉÔòÉÔòÉÔòÉÔòÉÔòÉÔòÉÔòÉÔòÉÔòÉÔòÉÔòÉÔòÉÔòÉÔòÉÔòÉÔòÉÔòÉÔòÉÔòÉÔòÉÔòÉÔòÉÔòÉÔòÉÔòÉÔòÉÔòÉÔòÉÔòÉÔòÉÔòÉÔòÉÔòÉÔòÉÔòÉÔòÉÔòÉÔòÉÔòÉÔòÉÔòÉÔòÉÔòÉÔòÉÔòÉÔòÉÔòÉÔòÉÔòÉÔòÉÔòÉÔòÉÔòØ


[1A[2K  175) [chromium] ÔÇ║ src\tests\e2e\cross-browser.spec.ts:27:5 ÔÇ║ Compatibilidad Chrome Desktop ÔÇ║ deber├¡a cargar la p├ígina principal correctamente 

    Error: browserType.launch: Executable doesn't exist at C:\Users\conej\AppData\Local\ms-playwright\chromium_headless_shell-1200\chrome-headless-shell-win64\chrome-headless-shell.exe
    ÔòöÔòÉÔòÉÔòÉÔòÉÔòÉÔòÉÔòÉÔòÉÔòÉÔòÉÔòÉÔòÉÔòÉÔòÉÔòÉÔòÉÔòÉÔòÉÔòÉÔòÉÔòÉÔòÉÔòÉÔòÉÔòÉÔòÉÔòÉÔòÉÔòÉÔòÉÔòÉÔòÉÔòÉÔòÉÔòÉÔòÉÔòÉÔòÉÔòÉÔòÉÔòÉÔòÉÔòÉÔòÉÔòÉÔòÉÔòÉÔòÉÔòÉÔòÉÔòÉÔòÉÔòÉÔòÉÔòÉÔòÉÔòÉÔòÉÔòÉÔòÉÔòÉÔòÉÔòÉÔòÉÔòÉÔòÉÔòÉÔòÉÔòÉÔòÉÔòÉÔòÉÔòÉÔòù
    Ôòæ Looks like Playwright Test or Playwright was just installed or updated. Ôòæ
    Ôòæ Please run the following command to download new browsers:              Ôòæ
    Ôòæ                                                                         Ôòæ
    Ôòæ     npx playwright install                                              Ôòæ
    Ôòæ                                                                         Ôòæ
    Ôòæ <3 Playwright Team                                                      Ôòæ
    ÔòÜÔòÉÔòÉÔòÉÔòÉÔòÉÔòÉÔòÉÔòÉÔòÉÔòÉÔòÉÔòÉÔòÉÔòÉÔòÉÔòÉÔòÉÔòÉÔòÉÔòÉÔòÉÔòÉÔòÉÔòÉÔòÉÔòÉÔòÉÔòÉÔòÉÔòÉÔòÉÔòÉÔòÉÔòÉÔòÉÔòÉÔòÉÔòÉÔòÉÔòÉÔòÉÔòÉÔòÉÔòÉÔòÉÔòÉÔòÉÔòÉÔòÉÔòÉÔòÉÔòÉÔòÉÔòÉÔòÉÔòÉÔòÉÔòÉÔòÉÔòÉÔòÉÔòÉÔòÉÔòÉÔòÉÔòÉÔòÉÔòÉÔòÉÔòÉÔòÉÔòÉÔòÉÔòØ


[1A[2K[176/580] [chromium] ÔÇ║ src\tests\e2e\cross-browser.spec.ts:45:5 ÔÇ║ Compatibilidad Chrome Desktop ÔÇ║ deber├¡a manejar CSS Grid y Flexbox correctamente
[1A[2K  176) [chromium] ÔÇ║ src\tests\e2e\cross-browser.spec.ts:45:5 ÔÇ║ Compatibilidad Chrome Desktop ÔÇ║ deber├¡a manejar CSS Grid y Flexbox correctamente 

    Error: browserType.launch: Executable doesn't exist at C:\Users\conej\AppData\Local\ms-playwright\chromium_headless_shell-1200\chrome-headless-shell-win64\chrome-headless-shell.exe
    ÔòöÔòÉÔòÉÔòÉÔòÉÔòÉÔòÉÔòÉÔòÉÔòÉÔòÉÔòÉÔòÉÔòÉÔòÉÔòÉÔòÉÔòÉÔòÉÔòÉÔòÉÔòÉÔòÉÔòÉÔòÉÔòÉÔòÉÔòÉÔòÉÔòÉÔòÉÔòÉÔòÉÔòÉÔòÉÔòÉÔòÉÔòÉÔòÉÔòÉÔòÉÔòÉÔòÉÔòÉÔòÉÔòÉÔòÉÔòÉÔòÉÔòÉÔòÉÔòÉÔòÉÔòÉÔòÉÔòÉÔòÉÔòÉÔòÉÔòÉÔòÉÔòÉÔòÉÔòÉÔòÉÔòÉÔòÉÔòÉÔòÉÔòÉÔòÉÔòÉÔòÉÔòÉÔòù
    Ôòæ Looks like Playwright Test or Playwright was just installed or updated. Ôòæ
    Ôòæ Please run the following command to download new browsers:              Ôòæ
    Ôòæ                                                                         Ôòæ
    Ôòæ     npx playwright install                                              Ôòæ
    Ôòæ                                                                         Ôòæ
    Ôòæ <3 Playwright Team                                                      Ôòæ
    ÔòÜÔòÉÔòÉÔòÉÔòÉÔòÉÔòÉÔòÉÔòÉÔòÉÔòÉÔòÉÔòÉÔòÉÔòÉÔòÉÔòÉÔòÉÔòÉÔòÉÔòÉÔòÉÔòÉÔòÉÔòÉÔòÉÔòÉÔòÉÔòÉÔòÉÔòÉÔòÉÔòÉÔòÉÔòÉÔòÉÔòÉÔòÉÔòÉÔòÉÔòÉÔòÉÔòÉÔòÉÔòÉÔòÉÔòÉÔòÉÔòÉÔòÉÔòÉÔòÉÔòÉÔòÉÔòÉÔòÉÔòÉÔòÉÔòÉÔòÉÔòÉÔòÉÔòÉÔòÉÔòÉÔòÉÔòÉÔòÉÔòÉÔòÉÔòÉÔòÉÔòÉÔòÉÔòØ


[1A[2K[177/580] [chromium] ÔÇ║ src\tests\e2e\cross-browser.spec.ts:67:5 ÔÇ║ Compatibilidad Chrome Desktop ÔÇ║ deber├¡a soportar caracter├¡sticas CSS modernas
[1A[2K  177) [chromium] ÔÇ║ src\tests\e2e\cross-browser.spec.ts:67:5 ÔÇ║ Compatibilidad Chrome Desktop ÔÇ║ deber├¡a soportar caracter├¡sticas CSS modernas 

    Error: browserType.launch: Executable doesn't exist at C:\Users\conej\AppData\Local\ms-playwright\chromium_headless_shell-1200\chrome-headless-shell-win64\chrome-headless-shell.exe
    ÔòöÔòÉÔòÉÔòÉÔòÉÔòÉÔòÉÔòÉÔòÉÔòÉÔòÉÔòÉÔòÉÔòÉÔòÉÔòÉÔòÉÔòÉÔòÉÔòÉÔòÉÔòÉÔòÉÔòÉÔòÉÔòÉÔòÉÔòÉÔòÉÔòÉÔòÉÔòÉÔòÉÔòÉÔòÉÔòÉÔòÉÔòÉÔòÉÔòÉÔòÉÔòÉÔòÉÔòÉÔòÉÔòÉÔòÉÔòÉÔòÉÔòÉÔòÉÔòÉÔòÉÔòÉÔòÉÔòÉÔòÉÔòÉÔòÉÔòÉÔòÉÔòÉÔòÉÔòÉÔòÉÔòÉÔòÉÔòÉÔòÉÔòÉÔòÉÔòÉÔòÉÔòÉÔòù
    Ôòæ Looks like Playwright Test or Playwright was just installed or updated. Ôòæ
    Ôòæ Please run the following command to download new browsers:              Ôòæ
    Ôòæ                                                                         Ôòæ
    Ôòæ     npx playwright install                                              Ôòæ
    Ôòæ                                                                         Ôòæ
    Ôòæ <3 Playwright Team                                                      Ôòæ
    ÔòÜÔòÉÔòÉÔòÉÔòÉÔòÉÔòÉÔòÉÔòÉÔòÉÔòÉÔòÉÔòÉÔòÉÔòÉÔòÉÔòÉÔòÉÔòÉÔòÉÔòÉÔòÉÔòÉÔòÉÔòÉÔòÉÔòÉÔòÉÔòÉÔòÉÔòÉÔòÉÔòÉÔòÉÔòÉÔòÉÔòÉÔòÉÔòÉÔòÉÔòÉÔòÉÔòÉÔòÉÔòÉÔòÉÔòÉÔòÉÔòÉÔòÉÔòÉÔòÉÔòÉÔòÉÔòÉÔòÉÔòÉÔòÉÔòÉÔòÉÔòÉÔòÉÔòÉÔòÉÔòÉÔòÉÔòÉÔòÉÔòÉÔòÉÔòÉÔòÉÔòÉÔòÉÔòØ


[1A[2K[178/580] [chromium] ÔÇ║ src\tests\e2e\cross-browser.spec.ts:104:5 ÔÇ║ Compatibilidad Chrome Desktop ÔÇ║ deber├¡a manejar eventos de JavaScript correctamente
[1A[2K[179/580] [chromium] ÔÇ║ src\tests\e2e\cross-browser.spec.ts:89:5 ÔÇ║ Compatibilidad Chrome Desktop ÔÇ║ deber├¡a funcionar la navegaci├│n t├íctil en m├│viles
[1A[2K  178) [chromium] ÔÇ║ src\tests\e2e\cross-browser.spec.ts:104:5 ÔÇ║ Compatibilidad Chrome Desktop ÔÇ║ deber├¡a manejar eventos de JavaScript correctamente 

    Error: browserType.launch: Executable doesn't exist at C:\Users\conej\AppData\Local\ms-playwright\chromium_headless_shell-1200\chrome-headless-shell-win64\chrome-headless-shell.exe
    ÔòöÔòÉÔòÉÔòÉÔòÉÔòÉÔòÉÔòÉÔòÉÔòÉÔòÉÔòÉÔòÉÔòÉÔòÉÔòÉÔòÉÔòÉÔòÉÔòÉÔòÉÔòÉÔòÉÔòÉÔòÉÔòÉÔòÉÔòÉÔòÉÔòÉÔòÉÔòÉÔòÉÔòÉÔòÉÔòÉÔòÉÔòÉÔòÉÔòÉÔòÉÔòÉÔòÉÔòÉÔòÉÔòÉÔòÉÔòÉÔòÉÔòÉÔòÉÔòÉÔòÉÔòÉÔòÉÔòÉÔòÉÔòÉÔòÉÔòÉÔòÉÔòÉÔòÉÔòÉÔòÉÔòÉÔòÉÔòÉÔòÉÔòÉÔòÉÔòÉÔòÉÔòÉÔòù
    Ôòæ Looks like Playwright Test or Playwright was just installed or updated. Ôòæ
    Ôòæ Please run the following command to download new browsers:              Ôòæ
    Ôòæ                                                                         Ôòæ
    Ôòæ     npx playwright install                                              Ôòæ
    Ôòæ                                                                         Ôòæ
    Ôòæ <3 Playwright Team                                                      Ôòæ
    ÔòÜÔòÉÔòÉÔòÉÔòÉÔòÉÔòÉÔòÉÔòÉÔòÉÔòÉÔòÉÔòÉÔòÉÔòÉÔòÉÔòÉÔòÉÔòÉÔòÉÔòÉÔòÉÔòÉÔòÉÔòÉÔòÉÔòÉÔòÉÔòÉÔòÉÔòÉÔòÉÔòÉÔòÉÔòÉÔòÉÔòÉÔòÉÔòÉÔòÉÔòÉÔòÉÔòÉÔòÉÔòÉÔòÉÔòÉÔòÉÔòÉÔòÉÔòÉÔòÉÔòÉÔòÉÔòÉÔòÉÔòÉÔòÉÔòÉÔòÉÔòÉÔòÉÔòÉÔòÉÔòÉÔòÉÔòÉÔòÉÔòÉÔòÉÔòÉÔòÉÔòÉÔòÉÔòØ


[1A[2K  179) [chromium] ÔÇ║ src\tests\e2e\cross-browser.spec.ts:89:5 ÔÇ║ Compatibilidad Chrome Desktop ÔÇ║ deber├¡a funcionar la navegaci├│n t├íctil en m├│viles 

    Error: browserType.launch: Executable doesn't exist at C:\Users\conej\AppData\Local\ms-playwright\chromium_headless_shell-1200\chrome-headless-shell-win64\chrome-headless-shell.exe
    ÔòöÔòÉÔòÉÔòÉÔòÉÔòÉÔòÉÔòÉÔòÉÔòÉÔòÉÔòÉÔòÉÔòÉÔòÉÔòÉÔòÉÔòÉÔòÉÔòÉÔòÉÔòÉÔòÉÔòÉÔòÉÔòÉÔòÉÔòÉÔòÉÔòÉÔòÉÔòÉÔòÉÔòÉÔòÉÔòÉÔòÉÔòÉÔòÉÔòÉÔòÉÔòÉÔòÉÔòÉÔòÉÔòÉÔòÉÔòÉÔòÉÔòÉÔòÉÔòÉÔòÉÔòÉÔòÉÔòÉÔòÉÔòÉÔòÉÔòÉÔòÉÔòÉÔòÉÔòÉÔòÉÔòÉÔòÉÔòÉÔòÉÔòÉÔòÉÔòÉÔòÉÔòÉÔòù
    Ôòæ Looks like Playwright Test or Playwright was just installed or updated. Ôòæ
    Ôòæ Please run the following command to download new browsers:              Ôòæ
    Ôòæ                                                                         Ôòæ
    Ôòæ     npx playwright install                                              Ôòæ
    Ôòæ                                                                         Ôòæ
    Ôòæ <3 Playwright Team                                                      Ôòæ
    ÔòÜÔòÉÔòÉÔòÉÔòÉÔòÉÔòÉÔòÉÔòÉÔòÉÔòÉÔòÉÔòÉÔòÉÔòÉÔòÉÔòÉÔòÉÔòÉÔòÉÔòÉÔòÉÔòÉÔòÉÔòÉÔòÉÔòÉÔòÉÔòÉÔòÉÔòÉÔòÉÔòÉÔòÉÔòÉÔòÉÔòÉÔòÉÔòÉÔòÉÔòÉÔòÉÔòÉÔòÉÔòÉÔòÉÔòÉÔòÉÔòÉÔòÉÔòÉÔòÉÔòÉÔòÉÔòÉÔòÉÔòÉÔòÉÔòÉÔòÉÔòÉÔòÉÔòÉÔòÉÔòÉÔòÉÔòÉÔòÉÔòÉÔòÉÔòÉÔòÉÔòÉÔòÉÔòØ


[1A[2K[180/580] [chromium] ÔÇ║ src\tests\e2e\cross-browser.spec.ts:121:5 ÔÇ║ Compatibilidad Chrome Desktop ÔÇ║ deber├¡a cargar fuentes web correctamente
[1A[2K  180) [chromium] ÔÇ║ src\tests\e2e\cross-browser.spec.ts:121:5 ÔÇ║ Compatibilidad Chrome Desktop ÔÇ║ deber├¡a cargar fuentes web correctamente 

    Error: browserType.launch: Executable doesn't exist at C:\Users\conej\AppData\Local\ms-playwright\chromium_headless_shell-1200\chrome-headless-shell-win64\chrome-headless-shell.exe
    ÔòöÔòÉÔòÉÔòÉÔòÉÔòÉÔòÉÔòÉÔòÉÔòÉÔòÉÔòÉÔòÉÔòÉÔòÉÔòÉÔòÉÔòÉÔòÉÔòÉÔòÉÔòÉÔòÉÔòÉÔòÉÔòÉÔòÉÔòÉÔòÉÔòÉÔòÉÔòÉÔòÉÔòÉÔòÉÔòÉÔòÉÔòÉÔòÉÔòÉÔòÉÔòÉÔòÉÔòÉÔòÉÔòÉÔòÉÔòÉÔòÉÔòÉÔòÉÔòÉÔòÉÔòÉÔòÉÔòÉÔòÉÔòÉÔòÉÔòÉÔòÉÔòÉÔòÉÔòÉÔòÉÔòÉÔòÉÔòÉÔòÉÔòÉÔòÉÔòÉÔòÉÔòÉÔòù
    Ôòæ Looks like Playwright Test or Playwright was just installed or updated. Ôòæ
    Ôòæ Please run the following command to download new browsers:              Ôòæ
    Ôòæ                                                                         Ôòæ
    Ôòæ     npx playwright install                                              Ôòæ
    Ôòæ                                                                         Ôòæ
    Ôòæ <3 Playwright Team                                                      Ôòæ
    ÔòÜÔòÉÔòÉÔòÉÔòÉÔòÉÔòÉÔòÉÔòÉÔòÉÔòÉÔòÉÔòÉÔòÉÔòÉÔòÉÔòÉÔòÉÔòÉÔòÉÔòÉÔòÉÔòÉÔòÉÔòÉÔòÉÔòÉÔòÉÔòÉÔòÉÔòÉÔòÉÔòÉÔòÉÔòÉÔòÉÔòÉÔòÉÔòÉÔòÉÔòÉÔòÉÔòÉÔòÉÔòÉÔòÉÔòÉÔòÉÔòÉÔòÉÔòÉÔòÉÔòÉÔòÉÔòÉÔòÉÔòÉÔòÉÔòÉÔòÉÔòÉÔòÉÔòÉÔòÉÔòÉÔòÉÔòÉÔòÉÔòÉÔòÉÔòÉÔòÉÔòÉÔòÉÔòØ


[1A[2K[181/580] [chromium] ÔÇ║ src\tests\e2e\cross-browser.spec.ts:135:5 ÔÇ║ Compatibilidad Chrome Desktop ÔÇ║ deber├¡a soportar animaciones CSS
[1A[2K[182/580] [chromium] ÔÇ║ src\tests\e2e\cross-browser.spec.ts:149:5 ÔÇ║ Compatibilidad Chrome Desktop ÔÇ║ deber├¡a manejar media queries responsive
[1A[2K  181) [chromium] ÔÇ║ src\tests\e2e\cross-browser.spec.ts:135:5 ÔÇ║ Compatibilidad Chrome Desktop ÔÇ║ deber├¡a soportar animaciones CSS 

    Error: browserType.launch: Executable doesn't exist at C:\Users\conej\AppData\Local\ms-playwright\chromium_headless_shell-1200\chrome-headless-shell-win64\chrome-headless-shell.exe
    ÔòöÔòÉÔòÉÔòÉÔòÉÔòÉÔòÉÔòÉÔòÉÔòÉÔòÉÔòÉÔòÉÔòÉÔòÉÔòÉÔòÉÔòÉÔòÉÔòÉÔòÉÔòÉÔòÉÔòÉÔòÉÔòÉÔòÉÔòÉÔòÉÔòÉÔòÉÔòÉÔòÉÔòÉÔòÉÔòÉÔòÉÔòÉÔòÉÔòÉÔòÉÔòÉÔòÉÔòÉÔòÉÔòÉÔòÉÔòÉÔòÉÔòÉÔòÉÔòÉÔòÉÔòÉÔòÉÔòÉÔòÉÔòÉÔòÉÔòÉÔòÉÔòÉÔòÉÔòÉÔòÉÔòÉÔòÉÔòÉÔòÉÔòÉÔòÉÔòÉÔòÉÔòÉÔòù
    Ôòæ Looks like Playwright Test or Playwright was just installed or updated. Ôòæ
    Ôòæ Please run the following command to download new browsers:              Ôòæ
    Ôòæ                                                                         Ôòæ
    Ôòæ     npx playwright install                                              Ôòæ
    Ôòæ                                                                         Ôòæ
    Ôòæ <3 Playwright Team                                                      Ôòæ
    ÔòÜÔòÉÔòÉÔòÉÔòÉÔòÉÔòÉÔòÉÔòÉÔòÉÔòÉÔòÉÔòÉÔòÉÔòÉÔòÉÔòÉÔòÉÔòÉÔòÉÔòÉÔòÉÔòÉÔòÉÔòÉÔòÉÔòÉÔòÉÔòÉÔòÉÔòÉÔòÉÔòÉÔòÉÔòÉÔòÉÔòÉÔòÉÔòÉÔòÉÔòÉÔòÉÔòÉÔòÉÔòÉÔòÉÔòÉÔòÉÔòÉÔòÉÔòÉÔòÉÔòÉÔòÉÔòÉÔòÉÔòÉÔòÉÔòÉÔòÉÔòÉÔòÉÔòÉÔòÉÔòÉÔòÉÔòÉÔòÉÔòÉÔòÉÔòÉÔòÉÔòÉÔòÉÔòØ


[1A[2K[183/580] [chromium] ÔÇ║ src\tests\e2e\cross-browser.spec.ts:167:5 ÔÇ║ Compatibilidad Chrome Desktop ÔÇ║ deber├¡a funcionar localStorage y sessionStorage
[1A[2K  182) [chromium] ÔÇ║ src\tests\e2e\cross-browser.spec.ts:149:5 ÔÇ║ Compatibilidad Chrome Desktop ÔÇ║ deber├¡a manejar media queries responsive 

    Error: browserType.launch: Executable doesn't exist at C:\Users\conej\AppData\Local\ms-playwright\chromium_headless_shell-1200\chrome-headless-shell-win64\chrome-headless-shell.exe
    ÔòöÔòÉÔòÉÔòÉÔòÉÔòÉÔòÉÔòÉÔòÉÔòÉÔòÉÔòÉÔòÉÔòÉÔòÉÔòÉÔòÉÔòÉÔòÉÔòÉÔòÉÔòÉÔòÉÔòÉÔòÉÔòÉÔòÉÔòÉÔòÉÔòÉÔòÉÔòÉÔòÉÔòÉÔòÉÔòÉÔòÉÔòÉÔòÉÔòÉÔòÉÔòÉÔòÉÔòÉÔòÉÔòÉÔòÉÔòÉÔòÉÔòÉÔòÉÔòÉÔòÉÔòÉÔòÉÔòÉÔòÉÔòÉÔòÉÔòÉÔòÉÔòÉÔòÉÔòÉÔòÉÔòÉÔòÉÔòÉÔòÉÔòÉÔòÉÔòÉÔòÉÔòÉÔòù
    Ôòæ Looks like Playwright Test or Playwright was just installed or updated. Ôòæ
    Ôòæ Please run the following command to download new browsers:              Ôòæ
    Ôòæ                                                                         Ôòæ
    Ôòæ     npx playwright install                                              Ôòæ
    Ôòæ                                                                         Ôòæ
    Ôòæ <3 Playwright Team                                                      Ôòæ
    ÔòÜÔòÉÔòÉÔòÉÔòÉÔòÉÔòÉÔòÉÔòÉÔòÉÔòÉÔòÉÔòÉÔòÉÔòÉÔòÉÔòÉÔòÉÔòÉÔòÉÔòÉÔòÉÔòÉÔòÉÔòÉÔòÉÔòÉÔòÉÔòÉÔòÉÔòÉÔòÉÔòÉÔòÉÔòÉÔòÉÔòÉÔòÉÔòÉÔòÉÔòÉÔòÉÔòÉÔòÉÔòÉÔòÉÔòÉÔòÉÔòÉÔòÉÔòÉÔòÉÔòÉÔòÉÔòÉÔòÉÔòÉÔòÉÔòÉÔòÉÔòÉÔòÉÔòÉÔòÉÔòÉÔòÉÔòÉÔòÉÔòÉÔòÉÔòÉÔòÉÔòÉÔòÉÔòØ


[1A[2K  183) [chromium] ÔÇ║ src\tests\e2e\cross-browser.spec.ts:167:5 ÔÇ║ Compatibilidad Chrome Desktop ÔÇ║ deber├¡a funcionar localStorage y sessionStorage 

    Error: browserType.launch: Executable doesn't exist at C:\Users\conej\AppData\Local\ms-playwright\chromium_headless_shell-1200\chrome-headless-shell-win64\chrome-headless-shell.exe
    ÔòöÔòÉÔòÉÔòÉÔòÉÔòÉÔòÉÔòÉÔòÉÔòÉÔòÉÔòÉÔòÉÔòÉÔòÉÔòÉÔòÉÔòÉÔòÉÔòÉÔòÉÔòÉÔòÉÔòÉÔòÉÔòÉÔòÉÔòÉÔòÉÔòÉÔòÉÔòÉÔòÉÔòÉÔòÉÔòÉÔòÉÔòÉÔòÉÔòÉÔòÉÔòÉÔòÉÔòÉÔòÉÔòÉÔòÉÔòÉÔòÉÔòÉÔòÉÔòÉÔòÉÔòÉÔòÉÔòÉÔòÉÔòÉÔòÉÔòÉÔòÉÔòÉÔòÉÔòÉÔòÉÔòÉÔòÉÔòÉÔòÉÔòÉÔòÉÔòÉÔòÉÔòÉÔòù
    Ôòæ Looks like Playwright Test or Playwright was just installed or updated. Ôòæ
    Ôòæ Please run the following command to download new browsers:              Ôòæ
    Ôòæ                                                                         Ôòæ
    Ôòæ     npx playwright install                                              Ôòæ
    Ôòæ                                                                         Ôòæ
    Ôòæ <3 Playwright Team                                                      Ôòæ
    ÔòÜÔòÉÔòÉÔòÉÔòÉÔòÉÔòÉÔòÉÔòÉÔòÉÔòÉÔòÉÔòÉÔòÉÔòÉÔòÉÔòÉÔòÉÔòÉÔòÉÔòÉÔòÉÔòÉÔòÉÔòÉÔòÉÔòÉÔòÉÔòÉÔòÉÔòÉÔòÉÔòÉÔòÉÔòÉÔòÉÔòÉÔòÉÔòÉÔòÉÔòÉÔòÉÔòÉÔòÉÔòÉÔòÉÔòÉÔòÉÔòÉÔòÉÔòÉÔòÉÔòÉÔòÉÔòÉÔòÉÔòÉÔòÉÔòÉÔòÉÔòÉÔòÉÔòÉÔòÉÔòÉÔòÉÔòÉÔòÉÔòÉÔòÉÔòÉÔòÉÔòÉÔòÉÔòØ


[1A[2K[184/580] [chromium] ÔÇ║ src\tests\e2e\cross-browser.spec.ts:199:5 ÔÇ║ Compatibilidad Chrome Desktop ÔÇ║ deber├¡a soportar APIs modernas del navegador
[1A[2K  184) [chromium] ÔÇ║ src\tests\e2e\cross-browser.spec.ts:199:5 ÔÇ║ Compatibilidad Chrome Desktop ÔÇ║ deber├¡a soportar APIs modernas del navegador 

    Error: browserType.launch: Executable doesn't exist at C:\Users\conej\AppData\Local\ms-playwright\chromium_headless_shell-1200\chrome-headless-shell-win64\chrome-headless-shell.exe
    ÔòöÔòÉÔòÉÔòÉÔòÉÔòÉÔòÉÔòÉÔòÉÔòÉÔòÉÔòÉÔòÉÔòÉÔòÉÔòÉÔòÉÔòÉÔòÉÔòÉÔòÉÔòÉÔòÉÔòÉÔòÉÔòÉÔòÉÔòÉÔòÉÔòÉÔòÉÔòÉÔòÉÔòÉÔòÉÔòÉÔòÉÔòÉÔòÉÔòÉÔòÉÔòÉÔòÉÔòÉÔòÉÔòÉÔòÉÔòÉÔòÉÔòÉÔòÉÔòÉÔòÉÔòÉÔòÉÔòÉÔòÉÔòÉÔòÉÔòÉÔòÉÔòÉÔòÉÔòÉÔòÉÔòÉÔòÉÔòÉÔòÉÔòÉÔòÉÔòÉÔòÉÔòÉÔòù
    Ôòæ Looks like Playwright Test or Playwright was just installed or updated. Ôòæ
    Ôòæ Please run the following command to download new browsers:              Ôòæ
    Ôòæ                                                                         Ôòæ
    Ôòæ     npx playwright install                                              Ôòæ
    Ôòæ                                                                         Ôòæ
    Ôòæ <3 Playwright Team                                                      Ôòæ
    ÔòÜÔòÉÔòÉÔòÉÔòÉÔòÉÔòÉÔòÉÔòÉÔòÉÔòÉÔòÉÔòÉÔòÉÔòÉÔòÉÔòÉÔòÉÔòÉÔòÉÔòÉÔòÉÔòÉÔòÉÔòÉÔòÉÔòÉÔòÉÔòÉÔòÉÔòÉÔòÉÔòÉÔòÉÔòÉÔòÉÔòÉÔòÉÔòÉÔòÉÔòÉÔòÉÔòÉÔòÉÔòÉÔòÉÔòÉÔòÉÔòÉÔòÉÔòÉÔòÉÔòÉÔòÉÔòÉÔòÉÔòÉÔòÉÔòÉÔòÉÔòÉÔòÉÔòÉÔòÉÔòÉÔòÉÔòÉÔòÉÔòÉÔòÉÔòÉÔòÉÔòÉÔòÉÔòØ


[1A[2K[185/580] [chromium] ÔÇ║ src\tests\e2e\cross-browser.spec.ts:221:5 ÔÇ║ Compatibilidad Chrome Desktop ÔÇ║ deber├¡a manejar errores de red graciosamente
[1A[2K  185) [chromium] ÔÇ║ src\tests\e2e\cross-browser.spec.ts:221:5 ÔÇ║ Compatibilidad Chrome Desktop ÔÇ║ deber├¡a manejar errores de red graciosamente 

    Error: browserType.launch: Executable doesn't exist at C:\Users\conej\AppData\Local\ms-playwright\chromium_headless_shell-1200\chrome-headless-shell-win64\chrome-headless-shell.exe
    ÔòöÔòÉÔòÉÔòÉÔòÉÔòÉÔòÉÔòÉÔòÉÔòÉÔòÉÔòÉÔòÉÔòÉÔòÉÔòÉÔòÉÔòÉÔòÉÔòÉÔòÉÔòÉÔòÉÔòÉÔòÉÔòÉÔòÉÔòÉÔòÉÔòÉÔòÉÔòÉÔòÉÔòÉÔòÉÔòÉÔòÉÔòÉÔòÉÔòÉÔòÉÔòÉÔòÉÔòÉÔòÉÔòÉÔòÉÔòÉÔòÉÔòÉÔòÉÔòÉÔòÉÔòÉÔòÉÔòÉÔòÉÔòÉÔòÉÔòÉÔòÉÔòÉÔòÉÔòÉÔòÉÔòÉÔòÉÔòÉÔòÉÔòÉÔòÉÔòÉÔòÉÔòÉÔòù
    Ôòæ Looks like Playwright Test or Playwright was just installed or updated. Ôòæ
    Ôòæ Please run the following command to download new browsers:              Ôòæ
    Ôòæ                                                                         Ôòæ
    Ôòæ     npx playwright install                                              Ôòæ
    Ôòæ                                                                         Ôòæ
    Ôòæ <3 Playwright Team                                                      Ôòæ
    ÔòÜÔòÉÔòÉÔòÉÔòÉÔòÉÔòÉÔòÉÔòÉÔòÉÔòÉÔòÉÔòÉÔòÉÔòÉÔòÉÔòÉÔòÉÔòÉÔòÉÔòÉÔòÉÔòÉÔòÉÔòÉÔòÉÔòÉÔòÉÔòÉÔòÉÔòÉÔòÉÔòÉÔòÉÔòÉÔòÉÔòÉÔòÉÔòÉÔòÉÔòÉÔòÉÔòÉÔòÉÔòÉÔòÉÔòÉÔòÉÔòÉÔòÉÔòÉÔòÉÔòÉÔòÉÔòÉÔòÉÔòÉÔòÉÔòÉÔòÉÔòÉÔòÉÔòÉÔòÉÔòÉÔòÉÔòÉÔòÉÔòÉÔòÉÔòÉÔòÉÔòÉÔòÉÔòØ


[1A[2K[186/580] [chromium] ÔÇ║ src\tests\e2e\cross-browser.spec.ts:258:5 ÔÇ║ Compatibilidad Chrome Desktop ÔÇ║ deber├¡a soportar modo oscuro/claro del sistema
[1A[2K[187/580] [chromium] ÔÇ║ src\tests\e2e\cross-browser.spec.ts:234:5 ÔÇ║ Compatibilidad Chrome Desktop ÔÇ║ deber├¡a funcionar con diferentes resoluciones de pantalla
[1A[2K  186) [chromium] ÔÇ║ src\tests\e2e\cross-browser.spec.ts:258:5 ÔÇ║ Compatibilidad Chrome Desktop ÔÇ║ deber├¡a soportar modo oscuro/claro del sistema 

    Error: browserType.launch: Executable doesn't exist at C:\Users\conej\AppData\Local\ms-playwright\chromium_headless_shell-1200\chrome-headless-shell-win64\chrome-headless-shell.exe
    ÔòöÔòÉÔòÉÔòÉÔòÉÔòÉÔòÉÔòÉÔòÉÔòÉÔòÉÔòÉÔòÉÔòÉÔòÉÔòÉÔòÉÔòÉÔòÉÔòÉÔòÉÔòÉÔòÉÔòÉÔòÉÔòÉÔòÉÔòÉÔòÉÔòÉÔòÉÔòÉÔòÉÔòÉÔòÉÔòÉÔòÉÔòÉÔòÉÔòÉÔòÉÔòÉÔòÉÔòÉÔòÉÔòÉÔòÉÔòÉÔòÉÔòÉÔòÉÔòÉÔòÉÔòÉÔòÉÔòÉÔòÉÔòÉÔòÉÔòÉÔòÉÔòÉÔòÉÔòÉÔòÉÔòÉÔòÉÔòÉÔòÉÔòÉÔòÉÔòÉÔòÉÔòÉÔòù
    Ôòæ Looks like Playwright Test or Playwright was just installed or updated. Ôòæ
    Ôòæ Please run the following command to download new browsers:              Ôòæ
    Ôòæ                                                                         Ôòæ
    Ôòæ     npx playwright install                                              Ôòæ
    Ôòæ                                                                         Ôòæ
    Ôòæ <3 Playwright Team                                                      Ôòæ
    ÔòÜÔòÉÔòÉÔòÉÔòÉÔòÉÔòÉÔòÉÔòÉÔòÉÔòÉÔòÉÔòÉÔòÉÔòÉÔòÉÔòÉÔòÉÔòÉÔòÉÔòÉÔòÉÔòÉÔòÉÔòÉÔòÉÔòÉÔòÉÔòÉÔòÉÔòÉÔòÉÔòÉÔòÉÔòÉÔòÉÔòÉÔòÉÔòÉÔòÉÔòÉÔòÉÔòÉÔòÉÔòÉÔòÉÔòÉÔòÉÔòÉÔòÉÔòÉÔòÉÔòÉÔòÉÔòÉÔòÉÔòÉÔòÉÔòÉÔòÉÔòÉÔòÉÔòÉÔòÉÔòÉÔòÉÔòÉÔòÉÔòÉÔòÉÔòÉÔòÉÔòÉÔòÉÔòØ


[1A[2K  187) [chromium] ÔÇ║ src\tests\e2e\cross-browser.spec.ts:234:5 ÔÇ║ Compatibilidad Chrome Desktop ÔÇ║ deber├¡a funcionar con diferentes resoluciones de pantalla 

    Error: browserType.launch: Executable doesn't exist at C:\Users\conej\AppData\Local\ms-playwright\chromium_headless_shell-1200\chrome-headless-shell-win64\chrome-headless-shell.exe
    ÔòöÔòÉÔòÉÔòÉÔòÉÔòÉÔòÉÔòÉÔòÉÔòÉÔòÉÔòÉÔòÉÔòÉÔòÉÔòÉÔòÉÔòÉÔòÉÔòÉÔòÉÔòÉÔòÉÔòÉÔòÉÔòÉÔòÉÔòÉÔòÉÔòÉÔòÉÔòÉÔòÉÔòÉÔòÉÔòÉÔòÉÔòÉÔòÉÔòÉÔòÉÔòÉÔòÉÔòÉÔòÉÔòÉÔòÉÔòÉÔòÉÔòÉÔòÉÔòÉÔòÉÔòÉÔòÉÔòÉÔòÉÔòÉÔòÉÔòÉÔòÉÔòÉÔòÉÔòÉÔòÉÔòÉÔòÉÔòÉÔòÉÔòÉÔòÉÔòÉÔòÉÔòÉÔòù
    Ôòæ Looks like Playwright Test or Playwright was just installed or updated. Ôòæ
    Ôòæ Please run the following command to download new browsers:              Ôòæ
    Ôòæ                                                                         Ôòæ
    Ôòæ     npx playwright install                                              Ôòæ
    Ôòæ                                                                         Ôòæ
    Ôòæ <3 Playwright Team                                                      Ôòæ
    ÔòÜÔòÉÔòÉÔòÉÔòÉÔòÉÔòÉÔòÉÔòÉÔòÉÔòÉÔòÉÔòÉÔòÉÔòÉÔòÉÔòÉÔòÉÔòÉÔòÉÔòÉÔòÉÔòÉÔòÉÔòÉÔòÉÔòÉÔòÉÔòÉÔòÉÔòÉÔòÉÔòÉÔòÉÔòÉÔòÉÔòÉÔòÉÔòÉÔòÉÔòÉÔòÉÔòÉÔòÉÔòÉÔòÉÔòÉÔòÉÔòÉÔòÉÔòÉÔòÉÔòÉÔòÉÔòÉÔòÉÔòÉÔòÉÔòÉÔòÉÔòÉÔòÉÔòÉÔòÉÔòÉÔòÉÔòÉÔòÉÔòÉÔòÉÔòÉÔòÉÔòÉÔòÉÔòØ


[1A[2K[188/580] [chromium] ÔÇ║ src\tests\e2e\cross-browser.spec.ts:278:5 ÔÇ║ Compatibilidad Chrome Desktop ÔÇ║ deber├¡a funcionar con diferentes configuraciones de accesibilidad
[1A[2K  188) [chromium] ÔÇ║ src\tests\e2e\cross-browser.spec.ts:278:5 ÔÇ║ Compatibilidad Chrome Desktop ÔÇ║ deber├¡a funcionar con diferentes configuraciones de accesibilidad 

    Error: browserType.launch: Executable doesn't exist at C:\Users\conej\AppData\Local\ms-playwright\chromium_headless_shell-1200\chrome-headless-shell-win64\chrome-headless-shell.exe
    ÔòöÔòÉÔòÉÔòÉÔòÉÔòÉÔòÉÔòÉÔòÉÔòÉÔòÉÔòÉÔòÉÔòÉÔòÉÔòÉÔòÉÔòÉÔòÉÔòÉÔòÉÔòÉÔòÉÔòÉÔòÉÔòÉÔòÉÔòÉÔòÉÔòÉÔòÉÔòÉÔòÉÔòÉÔòÉÔòÉÔòÉÔòÉÔòÉÔòÉÔòÉÔòÉÔòÉÔòÉÔòÉÔòÉÔòÉÔòÉÔòÉÔòÉÔòÉÔòÉÔòÉÔòÉÔòÉÔòÉÔòÉÔòÉÔòÉÔòÉÔòÉÔòÉÔòÉÔòÉÔòÉÔòÉÔòÉÔòÉÔòÉÔòÉÔòÉÔòÉÔòÉÔòÉÔòù
    Ôòæ Looks like Playwright Test or Playwright was just installed or updated. Ôòæ
    Ôòæ Please run the following command to download new browsers:              Ôòæ
    Ôòæ                                                                         Ôòæ
    Ôòæ     npx playwright install                                              Ôòæ
    Ôòæ                                                                         Ôòæ
    Ôòæ <3 Playwright Team                                                      Ôòæ
    ÔòÜÔòÉÔòÉÔòÉÔòÉÔòÉÔòÉÔòÉÔòÉÔòÉÔòÉÔòÉÔòÉÔòÉÔòÉÔòÉÔòÉÔòÉÔòÉÔòÉÔòÉÔòÉÔòÉÔòÉÔòÉÔòÉÔòÉÔòÉÔòÉÔòÉÔòÉÔòÉÔòÉÔòÉÔòÉÔòÉÔòÉÔòÉÔòÉÔòÉÔòÉÔòÉÔòÉÔòÉÔòÉÔòÉÔòÉÔòÉÔòÉÔòÉÔòÉÔòÉÔòÉÔòÉÔòÉÔòÉÔòÉÔòÉÔòÉÔòÉÔòÉÔòÉÔòÉÔòÉÔòÉÔòÉÔòÉÔòÉÔòÉÔòÉÔòÉÔòÉÔòÉÔòÉÔòØ


[1A[2K[189/580] [chromium] ÔÇ║ src\tests\e2e\cross-browser.spec.ts:27:5 ÔÇ║ Compatibilidad Firefox Desktop ÔÇ║ deber├¡a cargar la p├ígina principal correctamente
[1A[2K[190/580] [chromium] ÔÇ║ src\tests\e2e\cross-browser.spec.ts:45:5 ÔÇ║ Compatibilidad Firefox Desktop ÔÇ║ deber├¡a manejar CSS Grid y Flexbox correctamente
[1A[2K  189) [chromium] ÔÇ║ src\tests\e2e\cross-browser.spec.ts:27:5 ÔÇ║ Compatibilidad Firefox Desktop ÔÇ║ deber├¡a cargar la p├ígina principal correctamente 

    Error: browserType.launch: Executable doesn't exist at C:\Users\conej\AppData\Local\ms-playwright\chromium_headless_shell-1200\chrome-headless-shell-win64\chrome-headless-shell.exe
    ÔòöÔòÉÔòÉÔòÉÔòÉÔòÉÔòÉÔòÉÔòÉÔòÉÔòÉÔòÉÔòÉÔòÉÔòÉÔòÉÔòÉÔòÉÔòÉÔòÉÔòÉÔòÉÔòÉÔòÉÔòÉÔòÉÔòÉÔòÉÔòÉÔòÉÔòÉÔòÉÔòÉÔòÉÔòÉÔòÉÔòÉÔòÉÔòÉÔòÉÔòÉÔòÉÔòÉÔòÉÔòÉÔòÉÔòÉÔòÉÔòÉÔòÉÔòÉÔòÉÔòÉÔòÉÔòÉÔòÉÔòÉÔòÉÔòÉÔòÉÔòÉÔòÉÔòÉÔòÉÔòÉÔòÉÔòÉÔòÉÔòÉÔòÉÔòÉÔòÉÔòÉÔòÉÔòù
    Ôòæ Looks like Playwright Test or Playwright was just installed or updated. Ôòæ
    Ôòæ Please run the following command to download new browsers:              Ôòæ
    Ôòæ                                                                         Ôòæ
    Ôòæ     npx playwright install                                              Ôòæ
    Ôòæ                                                                         Ôòæ
    Ôòæ <3 Playwright Team                                                      Ôòæ
    ÔòÜÔòÉÔòÉÔòÉÔòÉÔòÉÔòÉÔòÉÔòÉÔòÉÔòÉÔòÉÔòÉÔòÉÔòÉÔòÉÔòÉÔòÉÔòÉÔòÉÔòÉÔòÉÔòÉÔòÉÔòÉÔòÉÔòÉÔòÉÔòÉÔòÉÔòÉÔòÉÔòÉÔòÉÔòÉÔòÉÔòÉÔòÉÔòÉÔòÉÔòÉÔòÉÔòÉÔòÉÔòÉÔòÉÔòÉÔòÉÔòÉÔòÉÔòÉÔòÉÔòÉÔòÉÔòÉÔòÉÔòÉÔòÉÔòÉÔòÉÔòÉÔòÉÔòÉÔòÉÔòÉÔòÉÔòÉÔòÉÔòÉÔòÉÔòÉÔòÉÔòÉÔòÉÔòØ


[1A[2K  190) [chromium] ÔÇ║ src\tests\e2e\cross-browser.spec.ts:45:5 ÔÇ║ Compatibilidad Firefox Desktop ÔÇ║ deber├¡a manejar CSS Grid y Flexbox correctamente 

    Error: browserType.launch: Executable doesn't exist at C:\Users\conej\AppData\Local\ms-playwright\chromium_headless_shell-1200\chrome-headless-shell-win64\chrome-headless-shell.exe
    ÔòöÔòÉÔòÉÔòÉÔòÉÔòÉÔòÉÔòÉÔòÉÔòÉÔòÉÔòÉÔòÉÔòÉÔòÉÔòÉÔòÉÔòÉÔòÉÔòÉÔòÉÔòÉÔòÉÔòÉÔòÉÔòÉÔòÉÔòÉÔòÉÔòÉÔòÉÔòÉÔòÉÔòÉÔòÉÔòÉÔòÉÔòÉÔòÉÔòÉÔòÉÔòÉÔòÉÔòÉÔòÉÔòÉÔòÉÔòÉÔòÉÔòÉÔòÉÔòÉÔòÉÔòÉÔòÉÔòÉÔòÉÔòÉÔòÉÔòÉÔòÉÔòÉÔòÉÔòÉÔòÉÔòÉÔòÉÔòÉÔòÉÔòÉÔòÉÔòÉÔòÉÔòÉÔòù
    Ôòæ Looks like Playwright Test or Playwright was just installed or updated. Ôòæ
    Ôòæ Please run the following command to download new browsers:              Ôòæ
    Ôòæ                                                                         Ôòæ
    Ôòæ     npx playwright install                                              Ôòæ
    Ôòæ                                                                         Ôòæ
    Ôòæ <3 Playwright Team                                                      Ôòæ
    ÔòÜÔòÉÔòÉÔòÉÔòÉÔòÉÔòÉÔòÉÔòÉÔòÉÔòÉÔòÉÔòÉÔòÉÔòÉÔòÉÔòÉÔòÉÔòÉÔòÉÔòÉÔòÉÔòÉÔòÉÔòÉÔòÉÔòÉÔòÉÔòÉÔòÉÔòÉÔòÉÔòÉÔòÉÔòÉÔòÉÔòÉÔòÉÔòÉÔòÉÔòÉÔòÉÔòÉÔòÉÔòÉÔòÉÔòÉÔòÉÔòÉÔòÉÔòÉÔòÉÔòÉÔòÉÔòÉÔòÉÔòÉÔòÉÔòÉÔòÉÔòÉÔòÉÔòÉÔòÉÔòÉÔòÉÔòÉÔòÉÔòÉÔòÉÔòÉÔòÉÔòÉÔòÉÔòØ


[1A[2K[191/580] [chromium] ÔÇ║ src\tests\e2e\cross-browser.spec.ts:67:5 ÔÇ║ Compatibilidad Firefox Desktop ÔÇ║ deber├¡a soportar caracter├¡sticas CSS modernas
[1A[2K  191) [chromium] ÔÇ║ src\tests\e2e\cross-browser.spec.ts:67:5 ÔÇ║ Compatibilidad Firefox Desktop ÔÇ║ deber├¡a soportar caracter├¡sticas CSS modernas 

    Error: browserType.launch: Executable doesn't exist at C:\Users\conej\AppData\Local\ms-playwright\chromium_headless_shell-1200\chrome-headless-shell-win64\chrome-headless-shell.exe
    ÔòöÔòÉÔòÉÔòÉÔòÉÔòÉÔòÉÔòÉÔòÉÔòÉÔòÉÔòÉÔòÉÔòÉÔòÉÔòÉÔòÉÔòÉÔòÉÔòÉÔòÉÔòÉÔòÉÔòÉÔòÉÔòÉÔòÉÔòÉÔòÉÔòÉÔòÉÔòÉÔòÉÔòÉÔòÉÔòÉÔòÉÔòÉÔòÉÔòÉÔòÉÔòÉÔòÉÔòÉÔòÉÔòÉÔòÉÔòÉÔòÉÔòÉÔòÉÔòÉÔòÉÔòÉÔòÉÔòÉÔòÉÔòÉÔòÉÔòÉÔòÉÔòÉÔòÉÔòÉÔòÉÔòÉÔòÉÔòÉÔòÉÔòÉÔòÉÔòÉÔòÉÔòÉÔòù
    Ôòæ Looks like Playwright Test or Playwright was just installed or updated. Ôòæ
    Ôòæ Please run the following command to download new browsers:              Ôòæ
    Ôòæ                                                                         Ôòæ
    Ôòæ     npx playwright install                                              Ôòæ
    Ôòæ                                                                         Ôòæ
    Ôòæ <3 Playwright Team                                                      Ôòæ
    ÔòÜÔòÉÔòÉÔòÉÔòÉÔòÉÔòÉÔòÉÔòÉÔòÉÔòÉÔòÉÔòÉÔòÉÔòÉÔòÉÔòÉÔòÉÔòÉÔòÉÔòÉÔòÉÔòÉÔòÉÔòÉÔòÉÔòÉÔòÉÔòÉÔòÉÔòÉÔòÉÔòÉÔòÉÔòÉÔòÉÔòÉÔòÉÔòÉÔòÉÔòÉÔòÉÔòÉÔòÉÔòÉÔòÉÔòÉÔòÉÔòÉÔòÉÔòÉÔòÉÔòÉÔòÉÔòÉÔòÉÔòÉÔòÉÔòÉÔòÉÔòÉÔòÉÔòÉÔòÉÔòÉÔòÉÔòÉÔòÉÔòÉÔòÉÔòÉÔòÉÔòÉÔòÉÔòØ


[1A[2K[192/580] [chromium] ÔÇ║ src\tests\e2e\cross-browser.spec.ts:89:5 ÔÇ║ Compatibilidad Firefox Desktop ÔÇ║ deber├¡a funcionar la navegaci├│n t├íctil en m├│viles
[1A[2K  192) [chromium] ÔÇ║ src\tests\e2e\cross-browser.spec.ts:89:5 ÔÇ║ Compatibilidad Firefox Desktop ÔÇ║ deber├¡a funcionar la navegaci├│n t├íctil en m├│viles 

    Error: browserType.launch: Executable doesn't exist at C:\Users\conej\AppData\Local\ms-playwright\chromium_headless_shell-1200\chrome-headless-shell-win64\chrome-headless-shell.exe
    ÔòöÔòÉÔòÉÔòÉÔòÉÔòÉÔòÉÔòÉÔòÉÔòÉÔòÉÔòÉÔòÉÔòÉÔòÉÔòÉÔòÉÔòÉÔòÉÔòÉÔòÉÔòÉÔòÉÔòÉÔòÉÔòÉÔòÉÔòÉÔòÉÔòÉÔòÉÔòÉÔòÉÔòÉÔòÉÔòÉÔòÉÔòÉÔòÉÔòÉÔòÉÔòÉÔòÉÔòÉÔòÉÔòÉÔòÉÔòÉÔòÉÔòÉÔòÉÔòÉÔòÉÔòÉÔòÉÔòÉÔòÉÔòÉÔòÉÔòÉÔòÉÔòÉÔòÉÔòÉÔòÉÔòÉÔòÉÔòÉÔòÉÔòÉÔòÉÔòÉÔòÉÔòÉÔòù
    Ôòæ Looks like Playwright Test or Playwright was just installed or updated. Ôòæ
    Ôòæ Please run the following command to download new browsers:              Ôòæ
    Ôòæ                                                                         Ôòæ
    Ôòæ     npx playwright install                                              Ôòæ
    Ôòæ                                                                         Ôòæ
    Ôòæ <3 Playwright Team                                                      Ôòæ
    ÔòÜÔòÉÔòÉÔòÉÔòÉÔòÉÔòÉÔòÉÔòÉÔòÉÔòÉÔòÉÔòÉÔòÉÔòÉÔòÉÔòÉÔòÉÔòÉÔòÉÔòÉÔòÉÔòÉÔòÉÔòÉÔòÉÔòÉÔòÉÔòÉÔòÉÔòÉÔòÉÔòÉÔòÉÔòÉÔòÉÔòÉÔòÉÔòÉÔòÉÔòÉÔòÉÔòÉÔòÉÔòÉÔòÉÔòÉÔòÉÔòÉÔòÉÔòÉÔòÉÔòÉÔòÉÔòÉÔòÉÔòÉÔòÉÔòÉÔòÉÔòÉÔòÉÔòÉÔòÉÔòÉÔòÉÔòÉÔòÉÔòÉÔòÉÔòÉÔòÉÔòÉÔòÉÔòØ


[1A[2K[193/580] [chromium] ÔÇ║ src\tests\e2e\cross-browser.spec.ts:104:5 ÔÇ║ Compatibilidad Firefox Desktop ÔÇ║ deber├¡a manejar eventos de JavaScript correctamente
[1A[2K  193) [chromium] ÔÇ║ src\tests\e2e\cross-browser.spec.ts:104:5 ÔÇ║ Compatibilidad Firefox Desktop ÔÇ║ deber├¡a manejar eventos de JavaScript correctamente 

    Error: browserType.launch: Executable doesn't exist at C:\Users\conej\AppData\Local\ms-playwright\chromium_headless_shell-1200\chrome-headless-shell-win64\chrome-headless-shell.exe
    ÔòöÔòÉÔòÉÔòÉÔòÉÔòÉÔòÉÔòÉÔòÉÔòÉÔòÉÔòÉÔòÉÔòÉÔòÉÔòÉÔòÉÔòÉÔòÉÔòÉÔòÉÔòÉÔòÉÔòÉÔòÉÔòÉÔòÉÔòÉÔòÉÔòÉÔòÉÔòÉÔòÉÔòÉÔòÉÔòÉÔòÉÔòÉÔòÉÔòÉÔòÉÔòÉÔòÉÔòÉÔòÉÔòÉÔòÉÔòÉÔòÉÔòÉÔòÉÔòÉÔòÉÔòÉÔòÉÔòÉÔòÉÔòÉÔòÉÔòÉÔòÉÔòÉÔòÉÔòÉÔòÉÔòÉÔòÉÔòÉÔòÉÔòÉÔòÉÔòÉÔòÉÔòÉÔòù
    Ôòæ Looks like Playwright Test or Playwright was just installed or updated. Ôòæ
    Ôòæ Please run the following command to download new browsers:              Ôòæ
    Ôòæ                                                                         Ôòæ
    Ôòæ     npx playwright install                                              Ôòæ
    Ôòæ                                                                         Ôòæ
    Ôòæ <3 Playwright Team                                                      Ôòæ
    ÔòÜÔòÉÔòÉÔòÉÔòÉÔòÉÔòÉÔòÉÔòÉÔòÉÔòÉÔòÉÔòÉÔòÉÔòÉÔòÉÔòÉÔòÉÔòÉÔòÉÔòÉÔòÉÔòÉÔòÉÔòÉÔòÉÔòÉÔòÉÔòÉÔòÉÔòÉÔòÉÔòÉÔòÉÔòÉÔòÉÔòÉÔòÉÔòÉÔòÉÔòÉÔòÉÔòÉÔòÉÔòÉÔòÉÔòÉÔòÉÔòÉÔòÉÔòÉÔòÉÔòÉÔòÉÔòÉÔòÉÔòÉÔòÉÔòÉÔòÉÔòÉÔòÉÔòÉÔòÉÔòÉÔòÉÔòÉÔòÉÔòÉÔòÉÔòÉÔòÉÔòÉÔòÉÔòØ


[1A[2K[194/580] [chromium] ÔÇ║ src\tests\e2e\cross-browser.spec.ts:121:5 ÔÇ║ Compatibilidad Firefox Desktop ÔÇ║ deber├¡a cargar fuentes web correctamente
[1A[2K[195/580] [chromium] ÔÇ║ src\tests\e2e\cross-browser.spec.ts:135:5 ÔÇ║ Compatibilidad Firefox Desktop ÔÇ║ deber├¡a soportar animaciones CSS
[1A[2K  194) [chromium] ÔÇ║ src\tests\e2e\cross-browser.spec.ts:121:5 ÔÇ║ Compatibilidad Firefox Desktop ÔÇ║ deber├¡a cargar fuentes web correctamente 

    Error: browserType.launch: Executable doesn't exist at C:\Users\conej\AppData\Local\ms-playwright\chromium_headless_shell-1200\chrome-headless-shell-win64\chrome-headless-shell.exe
    ÔòöÔòÉÔòÉÔòÉÔòÉÔòÉÔòÉÔòÉÔòÉÔòÉÔòÉÔòÉÔòÉÔòÉÔòÉÔòÉÔòÉÔòÉÔòÉÔòÉÔòÉÔòÉÔòÉÔòÉÔòÉÔòÉÔòÉÔòÉÔòÉÔòÉÔòÉÔòÉÔòÉÔòÉÔòÉÔòÉÔòÉÔòÉÔòÉÔòÉÔòÉÔòÉÔòÉÔòÉÔòÉÔòÉÔòÉÔòÉÔòÉÔòÉÔòÉÔòÉÔòÉÔòÉÔòÉÔòÉÔòÉÔòÉÔòÉÔòÉÔòÉÔòÉÔòÉÔòÉÔòÉÔòÉÔòÉÔòÉÔòÉÔòÉÔòÉÔòÉÔòÉÔòÉÔòù
    Ôòæ Looks like Playwright Test or Playwright was just installed or updated. Ôòæ
    Ôòæ Please run the following command to download new browsers:              Ôòæ
    Ôòæ                                                                         Ôòæ
    Ôòæ     npx playwright install                                              Ôòæ
    Ôòæ                                                                         Ôòæ
    Ôòæ <3 Playwright Team                                                      Ôòæ
    ÔòÜÔòÉÔòÉÔòÉÔòÉÔòÉÔòÉÔòÉÔòÉÔòÉÔòÉÔòÉÔòÉÔòÉÔòÉÔòÉÔòÉÔòÉÔòÉÔòÉÔòÉÔòÉÔòÉÔòÉÔòÉÔòÉÔòÉÔòÉÔòÉÔòÉÔòÉÔòÉÔòÉÔòÉÔòÉÔòÉÔòÉÔòÉÔòÉÔòÉÔòÉÔòÉÔòÉÔòÉÔòÉÔòÉÔòÉÔòÉÔòÉÔòÉÔòÉÔòÉÔòÉÔòÉÔòÉÔòÉÔòÉÔòÉÔòÉÔòÉÔòÉÔòÉÔòÉÔòÉÔòÉÔòÉÔòÉÔòÉÔòÉÔòÉÔòÉÔòÉÔòÉÔòÉÔòØ


[1A[2K[196/580] [chromium] ÔÇ║ src\tests\e2e\cross-browser.spec.ts:149:5 ÔÇ║ Compatibilidad Firefox Desktop ÔÇ║ deber├¡a manejar media queries responsive
[1A[2K  195) [chromium] ÔÇ║ src\tests\e2e\cross-browser.spec.ts:135:5 ÔÇ║ Compatibilidad Firefox Desktop ÔÇ║ deber├¡a soportar animaciones CSS 

    Error: browserType.launch: Executable doesn't exist at C:\Users\conej\AppData\Local\ms-playwright\chromium_headless_shell-1200\chrome-headless-shell-win64\chrome-headless-shell.exe
    ÔòöÔòÉÔòÉÔòÉÔòÉÔòÉÔòÉÔòÉÔòÉÔòÉÔòÉÔòÉÔòÉÔòÉÔòÉÔòÉÔòÉÔòÉÔòÉÔòÉÔòÉÔòÉÔòÉÔòÉÔòÉÔòÉÔòÉÔòÉÔòÉÔòÉÔòÉÔòÉÔòÉÔòÉÔòÉÔòÉÔòÉÔòÉÔòÉÔòÉÔòÉÔòÉÔòÉÔòÉÔòÉÔòÉÔòÉÔòÉÔòÉÔòÉÔòÉÔòÉÔòÉÔòÉÔòÉÔòÉÔòÉÔòÉÔòÉÔòÉÔòÉÔòÉÔòÉÔòÉÔòÉÔòÉÔòÉÔòÉÔòÉÔòÉÔòÉÔòÉÔòÉÔòÉÔòù
    Ôòæ Looks like Playwright Test or Playwright was just installed or updated. Ôòæ
    Ôòæ Please run the following command to download new browsers:              Ôòæ
    Ôòæ                                                                         Ôòæ
    Ôòæ     npx playwright install                                              Ôòæ
    Ôòæ                                                                         Ôòæ
    Ôòæ <3 Playwright Team                                                      Ôòæ
    ÔòÜÔòÉÔòÉÔòÉÔòÉÔòÉÔòÉÔòÉÔòÉÔòÉÔòÉÔòÉÔòÉÔòÉÔòÉÔòÉÔòÉÔòÉÔòÉÔòÉÔòÉÔòÉÔòÉÔòÉÔòÉÔòÉÔòÉÔòÉÔòÉÔòÉÔòÉÔòÉÔòÉÔòÉÔòÉÔòÉÔòÉÔòÉÔòÉÔòÉÔòÉÔòÉÔòÉÔòÉÔòÉÔòÉÔòÉÔòÉÔòÉÔòÉÔòÉÔòÉÔòÉÔòÉÔòÉÔòÉÔòÉÔòÉÔòÉÔòÉÔòÉÔòÉÔòÉÔòÉÔòÉÔòÉÔòÉÔòÉÔòÉÔòÉÔòÉÔòÉÔòÉÔòÉÔòØ


[1A[2K  196) [chromium] ÔÇ║ src\tests\e2e\cross-browser.spec.ts:149:5 ÔÇ║ Compatibilidad Firefox Desktop ÔÇ║ deber├¡a manejar media queries responsive 

    Error: browserType.launch: Executable doesn't exist at C:\Users\conej\AppData\Local\ms-playwright\chromium_headless_shell-1200\chrome-headless-shell-win64\chrome-headless-shell.exe
    ÔòöÔòÉÔòÉÔòÉÔòÉÔòÉÔòÉÔòÉÔòÉÔòÉÔòÉÔòÉÔòÉÔòÉÔòÉÔòÉÔòÉÔòÉÔòÉÔòÉÔòÉÔòÉÔòÉÔòÉÔòÉÔòÉÔòÉÔòÉÔòÉÔòÉÔòÉÔòÉÔòÉÔòÉÔòÉÔòÉÔòÉÔòÉÔòÉÔòÉÔòÉÔòÉÔòÉÔòÉÔòÉÔòÉÔòÉÔòÉÔòÉÔòÉÔòÉÔòÉÔòÉÔòÉÔòÉÔòÉÔòÉÔòÉÔòÉÔòÉÔòÉÔòÉÔòÉÔòÉÔòÉÔòÉÔòÉÔòÉÔòÉÔòÉÔòÉÔòÉÔòÉÔòÉÔòù
    Ôòæ Looks like Playwright Test or Playwright was just installed or updated. Ôòæ
    Ôòæ Please run the following command to download new browsers:              Ôòæ
    Ôòæ                                                                         Ôòæ
    Ôòæ     npx playwright install                                              Ôòæ
    Ôòæ                                                                         Ôòæ
    Ôòæ <3 Playwright Team                                                      Ôòæ
    ÔòÜÔòÉÔòÉÔòÉÔòÉÔòÉÔòÉÔòÉÔòÉÔòÉÔòÉÔòÉÔòÉÔòÉÔòÉÔòÉÔòÉÔòÉÔòÉÔòÉÔòÉÔòÉÔòÉÔòÉÔòÉÔòÉÔòÉÔòÉÔòÉÔòÉÔòÉÔòÉÔòÉÔòÉÔòÉÔòÉÔòÉÔòÉÔòÉÔòÉÔòÉÔòÉÔòÉÔòÉÔòÉÔòÉÔòÉÔòÉÔòÉÔòÉÔòÉÔòÉÔòÉÔòÉÔòÉÔòÉÔòÉÔòÉÔòÉÔòÉÔòÉÔòÉÔòÉÔòÉÔòÉÔòÉÔòÉÔòÉÔòÉÔòÉÔòÉÔòÉÔòÉÔòÉÔòØ


[1A[2K[197/580] [chromium] ÔÇ║ src\tests\e2e\cross-browser.spec.ts:167:5 ÔÇ║ Compatibilidad Firefox Desktop ÔÇ║ deber├¡a funcionar localStorage y sessionStorage
[1A[2K[198/580] [chromium] ÔÇ║ src\tests\e2e\cross-browser.spec.ts:199:5 ÔÇ║ Compatibilidad Firefox Desktop ÔÇ║ deber├¡a soportar APIs modernas del navegador
[1A[2K  197) [chromium] ÔÇ║ src\tests\e2e\cross-browser.spec.ts:167:5 ÔÇ║ Compatibilidad Firefox Desktop ÔÇ║ deber├¡a funcionar localStorage y sessionStorage 

    Error: browserType.launch: Executable doesn't exist at C:\Users\conej\AppData\Local\ms-playwright\chromium_headless_shell-1200\chrome-headless-shell-win64\chrome-headless-shell.exe
    ÔòöÔòÉÔòÉÔòÉÔòÉÔòÉÔòÉÔòÉÔòÉÔòÉÔòÉÔòÉÔòÉÔòÉÔòÉÔòÉÔòÉÔòÉÔòÉÔòÉÔòÉÔòÉÔòÉÔòÉÔòÉÔòÉÔòÉÔòÉÔòÉÔòÉÔòÉÔòÉÔòÉÔòÉÔòÉÔòÉÔòÉÔòÉÔòÉÔòÉÔòÉÔòÉÔòÉÔòÉÔòÉÔòÉÔòÉÔòÉÔòÉÔòÉÔòÉÔòÉÔòÉÔòÉÔòÉÔòÉÔòÉÔòÉÔòÉÔòÉÔòÉÔòÉÔòÉÔòÉÔòÉÔòÉÔòÉÔòÉÔòÉÔòÉÔòÉÔòÉÔòÉÔòÉÔòù
    Ôòæ Looks like Playwright Test or Playwright was just installed or updated. Ôòæ
    Ôòæ Please run the following command to download new browsers:              Ôòæ
    Ôòæ                                                                         Ôòæ
    Ôòæ     npx playwright install                                              Ôòæ
    Ôòæ                                                                         Ôòæ
    Ôòæ <3 Playwright Team                                                      Ôòæ
    ÔòÜÔòÉÔòÉÔòÉÔòÉÔòÉÔòÉÔòÉÔòÉÔòÉÔòÉÔòÉÔòÉÔòÉÔòÉÔòÉÔòÉÔòÉÔòÉÔòÉÔòÉÔòÉÔòÉÔòÉÔòÉÔòÉÔòÉÔòÉÔòÉÔòÉÔòÉÔòÉÔòÉÔòÉÔòÉÔòÉÔòÉÔòÉÔòÉÔòÉÔòÉÔòÉÔòÉÔòÉÔòÉÔòÉÔòÉÔòÉÔòÉÔòÉÔòÉÔòÉÔòÉÔòÉÔòÉÔòÉÔòÉÔòÉÔòÉÔòÉÔòÉÔòÉÔòÉÔòÉÔòÉÔòÉÔòÉÔòÉÔòÉÔòÉÔòÉÔòÉÔòÉÔòÉÔòØ


[1A[2K  198) [chromium] ÔÇ║ src\tests\e2e\cross-browser.spec.ts:199:5 ÔÇ║ Compatibilidad Firefox Desktop ÔÇ║ deber├¡a soportar APIs modernas del navegador 

    Error: browserType.launch: Executable doesn't exist at C:\Users\conej\AppData\Local\ms-playwright\chromium_headless_shell-1200\chrome-headless-shell-win64\chrome-headless-shell.exe
    ÔòöÔòÉÔòÉÔòÉÔòÉÔòÉÔòÉÔòÉÔòÉÔòÉÔòÉÔòÉÔòÉÔòÉÔòÉÔòÉÔòÉÔòÉÔòÉÔòÉÔòÉÔòÉÔòÉÔòÉÔòÉÔòÉÔòÉÔòÉÔòÉÔòÉÔòÉÔòÉÔòÉÔòÉÔòÉÔòÉÔòÉÔòÉÔòÉÔòÉÔòÉÔòÉÔòÉÔòÉÔòÉÔòÉÔòÉÔòÉÔòÉÔòÉÔòÉÔòÉÔòÉÔòÉÔòÉÔòÉÔòÉÔòÉÔòÉÔòÉÔòÉÔòÉÔòÉÔòÉÔòÉÔòÉÔòÉÔòÉÔòÉÔòÉÔòÉÔòÉÔòÉÔòÉÔòù
    Ôòæ Looks like Playwright Test or Playwright was just installed or updated. Ôòæ
    Ôòæ Please run the following command to download new browsers:              Ôòæ
    Ôòæ                                                                         Ôòæ
    Ôòæ     npx playwright install                                              Ôòæ
    Ôòæ                                                                         Ôòæ
    Ôòæ <3 Playwright Team                                                      Ôòæ
    ÔòÜÔòÉÔòÉÔòÉÔòÉÔòÉÔòÉÔòÉÔòÉÔòÉÔòÉÔòÉÔòÉÔòÉÔòÉÔòÉÔòÉÔòÉÔòÉÔòÉÔòÉÔòÉÔòÉÔòÉÔòÉÔòÉÔòÉÔòÉÔòÉÔòÉÔòÉÔòÉÔòÉÔòÉÔòÉÔòÉÔòÉÔòÉÔòÉÔòÉÔòÉÔòÉÔòÉÔòÉÔòÉÔòÉÔòÉÔòÉÔòÉÔòÉÔòÉÔòÉÔòÉÔòÉÔòÉÔòÉÔòÉÔòÉÔòÉÔòÉÔòÉÔòÉÔòÉÔòÉÔòÉÔòÉÔòÉÔòÉÔòÉÔòÉÔòÉÔòÉÔòÉÔòÉÔòØ


[1A[2K[199/580] [chromium] ÔÇ║ src\tests\e2e\cross-browser.spec.ts:221:5 ÔÇ║ Compatibilidad Firefox Desktop ÔÇ║ deber├¡a manejar errores de red graciosamente
[1A[2K  199) [chromium] ÔÇ║ src\tests\e2e\cross-browser.spec.ts:221:5 ÔÇ║ Compatibilidad Firefox Desktop ÔÇ║ deber├¡a manejar errores de red graciosamente 

    Error: browserType.launch: Executable doesn't exist at C:\Users\conej\AppData\Local\ms-playwright\chromium_headless_shell-1200\chrome-headless-shell-win64\chrome-headless-shell.exe
    ÔòöÔòÉÔòÉÔòÉÔòÉÔòÉÔòÉÔòÉÔòÉÔòÉÔòÉÔòÉÔòÉÔòÉÔòÉÔòÉÔòÉÔòÉÔòÉÔòÉÔòÉÔòÉÔòÉÔòÉÔòÉÔòÉÔòÉÔòÉÔòÉÔòÉÔòÉÔòÉÔòÉÔòÉÔòÉÔòÉÔòÉÔòÉÔòÉÔòÉÔòÉÔòÉÔòÉÔòÉÔòÉÔòÉÔòÉÔòÉÔòÉÔòÉÔòÉÔòÉÔòÉÔòÉÔòÉÔòÉÔòÉÔòÉÔòÉÔòÉÔòÉÔòÉÔòÉÔòÉÔòÉÔòÉÔòÉÔòÉÔòÉÔòÉÔòÉÔòÉÔòÉÔòÉÔòù
    Ôòæ Looks like Playwright Test or Playwright was just installed or updated. Ôòæ
    Ôòæ Please run the following command to download new browsers:              Ôòæ
    Ôòæ                                                                         Ôòæ
    Ôòæ     npx playwright install                                              Ôòæ
    Ôòæ                                                                         Ôòæ
    Ôòæ <3 Playwright Team                                                      Ôòæ
    ÔòÜÔòÉÔòÉÔòÉÔòÉÔòÉÔòÉÔòÉÔòÉÔòÉÔòÉÔòÉÔòÉÔòÉÔòÉÔòÉÔòÉÔòÉÔòÉÔòÉÔòÉÔòÉÔòÉÔòÉÔòÉÔòÉÔòÉÔòÉÔòÉÔòÉÔòÉÔòÉÔòÉÔòÉÔòÉÔòÉÔòÉÔòÉÔòÉÔòÉÔòÉÔòÉÔòÉÔòÉÔòÉÔòÉÔòÉÔòÉÔòÉÔòÉÔòÉÔòÉÔòÉÔòÉÔòÉÔòÉÔòÉÔòÉÔòÉÔòÉÔòÉÔòÉÔòÉÔòÉÔòÉÔòÉÔòÉÔòÉÔòÉÔòÉÔòÉÔòÉÔòÉÔòÉÔòØ


[1A[2K[200/580] [chromium] ÔÇ║ src\tests\e2e\cross-browser.spec.ts:234:5 ÔÇ║ Compatibilidad Firefox Desktop ÔÇ║ deber├¡a funcionar con diferentes resoluciones de pantalla
[1A[2K  200) [chromium] ÔÇ║ src\tests\e2e\cross-browser.spec.ts:234:5 ÔÇ║ Compatibilidad Firefox Desktop ÔÇ║ deber├¡a funcionar con diferentes resoluciones de pantalla 

    Error: browserType.launch: Executable doesn't exist at C:\Users\conej\AppData\Local\ms-playwright\chromium_headless_shell-1200\chrome-headless-shell-win64\chrome-headless-shell.exe
    ÔòöÔòÉÔòÉÔòÉÔòÉÔòÉÔòÉÔòÉÔòÉÔòÉÔòÉÔòÉÔòÉÔòÉÔòÉÔòÉÔòÉÔòÉÔòÉÔòÉÔòÉÔòÉÔòÉÔòÉÔòÉÔòÉÔòÉÔòÉÔòÉÔòÉÔòÉÔòÉÔòÉÔòÉÔòÉÔòÉÔòÉÔòÉÔòÉÔòÉÔòÉÔòÉÔòÉÔòÉÔòÉÔòÉÔòÉÔòÉÔòÉÔòÉÔòÉÔòÉÔòÉÔòÉÔòÉÔòÉÔòÉÔòÉÔòÉÔòÉÔòÉÔòÉÔòÉÔòÉÔòÉÔòÉÔòÉÔòÉÔòÉÔòÉÔòÉÔòÉÔòÉÔòÉÔòù
    Ôòæ Looks like Playwright Test or Playwright was just installed or updated. Ôòæ
    Ôòæ Please run the following command to download new browsers:              Ôòæ
    Ôòæ                                                                         Ôòæ
    Ôòæ     npx playwright install                                              Ôòæ
    Ôòæ                                                                         Ôòæ
    Ôòæ <3 Playwright Team                                                      Ôòæ
    ÔòÜÔòÉÔòÉÔòÉÔòÉÔòÉÔòÉÔòÉÔòÉÔòÉÔòÉÔòÉÔòÉÔòÉÔòÉÔòÉÔòÉÔòÉÔòÉÔòÉÔòÉÔòÉÔòÉÔòÉÔòÉÔòÉÔòÉÔòÉÔòÉÔòÉÔòÉÔòÉÔòÉÔòÉÔòÉÔòÉÔòÉÔòÉÔòÉÔòÉÔòÉÔòÉÔòÉÔòÉÔòÉÔòÉÔòÉÔòÉÔòÉÔòÉÔòÉÔòÉÔòÉÔòÉÔòÉÔòÉÔòÉÔòÉÔòÉÔòÉÔòÉÔòÉÔòÉÔòÉÔòÉÔòÉÔòÉÔòÉÔòÉÔòÉÔòÉÔòÉÔòÉÔòÉÔòØ


[1A[2K[201/580] [chromium] ÔÇ║ src\tests\e2e\cross-browser.spec.ts:258:5 ÔÇ║ Compatibilidad Firefox Desktop ÔÇ║ deber├¡a soportar modo oscuro/claro del sistema
[1A[2K  201) [chromium] ÔÇ║ src\tests\e2e\cross-browser.spec.ts:258:5 ÔÇ║ Compatibilidad Firefox Desktop ÔÇ║ deber├¡a soportar modo oscuro/claro del sistema 

    Error: browserType.launch: Executable doesn't exist at C:\Users\conej\AppData\Local\ms-playwright\chromium_headless_shell-1200\chrome-headless-shell-win64\chrome-headless-shell.exe
    ÔòöÔòÉÔòÉÔòÉÔòÉÔòÉÔòÉÔòÉÔòÉÔòÉÔòÉÔòÉÔòÉÔòÉÔòÉÔòÉÔòÉÔòÉÔòÉÔòÉÔòÉÔòÉÔòÉÔòÉÔòÉÔòÉÔòÉÔòÉÔòÉÔòÉÔòÉÔòÉÔòÉÔòÉÔòÉÔòÉÔòÉÔòÉÔòÉÔòÉÔòÉÔòÉÔòÉÔòÉÔòÉÔòÉÔòÉÔòÉÔòÉÔòÉÔòÉÔòÉÔòÉÔòÉÔòÉÔòÉÔòÉÔòÉÔòÉÔòÉÔòÉÔòÉÔòÉÔòÉÔòÉÔòÉÔòÉÔòÉÔòÉÔòÉÔòÉÔòÉÔòÉÔòÉÔòù
    Ôòæ Looks like Playwright Test or Playwright was just installed or updated. Ôòæ
    Ôòæ Please run the following command to download new browsers:              Ôòæ
    Ôòæ                                                                         Ôòæ
    Ôòæ     npx playwright install                                              Ôòæ
    Ôòæ                                                                         Ôòæ
    Ôòæ <3 Playwright Team                                                      Ôòæ
    ÔòÜÔòÉÔòÉÔòÉÔòÉÔòÉÔòÉÔòÉÔòÉÔòÉÔòÉÔòÉÔòÉÔòÉÔòÉÔòÉÔòÉÔòÉÔòÉÔòÉÔòÉÔòÉÔòÉÔòÉÔòÉÔòÉÔòÉÔòÉÔòÉÔòÉÔòÉÔòÉÔòÉÔòÉÔòÉÔòÉÔòÉÔòÉÔòÉÔòÉÔòÉÔòÉÔòÉÔòÉÔòÉÔòÉÔòÉÔòÉÔòÉÔòÉÔòÉÔòÉÔòÉÔòÉÔòÉÔòÉÔòÉÔòÉÔòÉÔòÉÔòÉÔòÉÔòÉÔòÉÔòÉÔòÉÔòÉÔòÉÔòÉÔòÉÔòÉÔòÉÔòÉÔòÉÔòØ


[1A[2K[202/580] [chromium] ÔÇ║ src\tests\e2e\cross-browser.spec.ts:278:5 ÔÇ║ Compatibilidad Firefox Desktop ÔÇ║ deber├¡a funcionar con diferentes configuraciones de accesibilidad
[1A[2K[203/580] [chromium] ÔÇ║ src\tests\e2e\cross-browser.spec.ts:27:5 ÔÇ║ Compatibilidad Safari Desktop ÔÇ║ deber├¡a cargar la p├ígina principal correctamente
[1A[2K  202) [chromium] ÔÇ║ src\tests\e2e\cross-browser.spec.ts:278:5 ÔÇ║ Compatibilidad Firefox Desktop ÔÇ║ deber├¡a funcionar con diferentes configuraciones de accesibilidad 

    Error: browserType.launch: Executable doesn't exist at C:\Users\conej\AppData\Local\ms-playwright\chromium_headless_shell-1200\chrome-headless-shell-win64\chrome-headless-shell.exe
    ÔòöÔòÉÔòÉÔòÉÔòÉÔòÉÔòÉÔòÉÔòÉÔòÉÔòÉÔòÉÔòÉÔòÉÔòÉÔòÉÔòÉÔòÉÔòÉÔòÉÔòÉÔòÉÔòÉÔòÉÔòÉÔòÉÔòÉÔòÉÔòÉÔòÉÔòÉÔòÉÔòÉÔòÉÔòÉÔòÉÔòÉÔòÉÔòÉÔòÉÔòÉÔòÉÔòÉÔòÉÔòÉÔòÉÔòÉÔòÉÔòÉÔòÉÔòÉÔòÉÔòÉÔòÉÔòÉÔòÉÔòÉÔòÉÔòÉÔòÉÔòÉÔòÉÔòÉÔòÉÔòÉÔòÉÔòÉÔòÉÔòÉÔòÉÔòÉÔòÉÔòÉÔòÉÔòù
    Ôòæ Looks like Playwright Test or Playwright was just installed or updated. Ôòæ
    Ôòæ Please run the following command to download new browsers:              Ôòæ
    Ôòæ                                                                         Ôòæ
    Ôòæ     npx playwright install                                              Ôòæ
    Ôòæ                                                                         Ôòæ
    Ôòæ <3 Playwright Team                                                      Ôòæ
    ÔòÜÔòÉÔòÉÔòÉÔòÉÔòÉÔòÉÔòÉÔòÉÔòÉÔòÉÔòÉÔòÉÔòÉÔòÉÔòÉÔòÉÔòÉÔòÉÔòÉÔòÉÔòÉÔòÉÔòÉÔòÉÔòÉÔòÉÔòÉÔòÉÔòÉÔòÉÔòÉÔòÉÔòÉÔòÉÔòÉÔòÉÔòÉÔòÉÔòÉÔòÉÔòÉÔòÉÔòÉÔòÉÔòÉÔòÉÔòÉÔòÉÔòÉÔòÉÔòÉÔòÉÔòÉÔòÉÔòÉÔòÉÔòÉÔòÉÔòÉÔòÉÔòÉÔòÉÔòÉÔòÉÔòÉÔòÉÔòÉÔòÉÔòÉÔòÉÔòÉÔòÉÔòÉÔòØ


[1A[2K[204/580] [chromium] ÔÇ║ src\tests\e2e\cross-browser.spec.ts:45:5 ÔÇ║ Compatibilidad Safari Desktop ÔÇ║ deber├¡a manejar CSS Grid y Flexbox correctamente
[1A[2K  203) [chromium] ÔÇ║ src\tests\e2e\cross-browser.spec.ts:27:5 ÔÇ║ Compatibilidad Safari Desktop ÔÇ║ deber├¡a cargar la p├ígina principal correctamente 

    Error: browserType.launch: Executable doesn't exist at C:\Users\conej\AppData\Local\ms-playwright\chromium_headless_shell-1200\chrome-headless-shell-win64\chrome-headless-shell.exe
    ÔòöÔòÉÔòÉÔòÉÔòÉÔòÉÔòÉÔòÉÔòÉÔòÉÔòÉÔòÉÔòÉÔòÉÔòÉÔòÉÔòÉÔòÉÔòÉÔòÉÔòÉÔòÉÔòÉÔòÉÔòÉÔòÉÔòÉÔòÉÔòÉÔòÉÔòÉÔòÉÔòÉÔòÉÔòÉÔòÉÔòÉÔòÉÔòÉÔòÉÔòÉÔòÉÔòÉÔòÉÔòÉÔòÉÔòÉÔòÉÔòÉÔòÉÔòÉÔòÉÔòÉÔòÉÔòÉÔòÉÔòÉÔòÉÔòÉÔòÉÔòÉÔòÉÔòÉÔòÉÔòÉÔòÉÔòÉÔòÉÔòÉÔòÉÔòÉÔòÉÔòÉÔòÉÔòù
    Ôòæ Looks like Playwright Test or Playwright was just installed or updated. Ôòæ
    Ôòæ Please run the following command to download new browsers:              Ôòæ
    Ôòæ                                                                         Ôòæ
    Ôòæ     npx playwright install                                              Ôòæ
    Ôòæ                                                                         Ôòæ
    Ôòæ <3 Playwright Team                                                      Ôòæ
    ÔòÜÔòÉÔòÉÔòÉÔòÉÔòÉÔòÉÔòÉÔòÉÔòÉÔòÉÔòÉÔòÉÔòÉÔòÉÔòÉÔòÉÔòÉÔòÉÔòÉÔòÉÔòÉÔòÉÔòÉÔòÉÔòÉÔòÉÔòÉÔòÉÔòÉÔòÉÔòÉÔòÉÔòÉÔòÉÔòÉÔòÉÔòÉÔòÉÔòÉÔòÉÔòÉÔòÉÔòÉÔòÉÔòÉÔòÉÔòÉÔòÉÔòÉÔòÉÔòÉÔòÉÔòÉÔòÉÔòÉÔòÉÔòÉÔòÉÔòÉÔòÉÔòÉÔòÉÔòÉÔòÉÔòÉÔòÉÔòÉÔòÉÔòÉÔòÉÔòÉÔòÉÔòÉÔòØ


[1A[2K  204) [chromium] ÔÇ║ src\tests\e2e\cross-browser.spec.ts:45:5 ÔÇ║ Compatibilidad Safari Desktop ÔÇ║ deber├¡a manejar CSS Grid y Flexbox correctamente 

    Error: browserType.launch: Executable doesn't exist at C:\Users\conej\AppData\Local\ms-playwright\chromium_headless_shell-1200\chrome-headless-shell-win64\chrome-headless-shell.exe
    ÔòöÔòÉÔòÉÔòÉÔòÉÔòÉÔòÉÔòÉÔòÉÔòÉÔòÉÔòÉÔòÉÔòÉÔòÉÔòÉÔòÉÔòÉÔòÉÔòÉÔòÉÔòÉÔòÉÔòÉÔòÉÔòÉÔòÉÔòÉÔòÉÔòÉÔòÉÔòÉÔòÉÔòÉÔòÉÔòÉÔòÉÔòÉÔòÉÔòÉÔòÉÔòÉÔòÉÔòÉÔòÉÔòÉÔòÉÔòÉÔòÉÔòÉÔòÉÔòÉÔòÉÔòÉÔòÉÔòÉÔòÉÔòÉÔòÉÔòÉÔòÉÔòÉÔòÉÔòÉÔòÉÔòÉÔòÉÔòÉÔòÉÔòÉÔòÉÔòÉÔòÉÔòÉÔòù
    Ôòæ Looks like Playwright Test or Playwright was just installed or updated. Ôòæ
    Ôòæ Please run the following command to download new browsers:              Ôòæ
    Ôòæ                                                                         Ôòæ
    Ôòæ     npx playwright install                                              Ôòæ
    Ôòæ                                                                         Ôòæ
    Ôòæ <3 Playwright Team                                                      Ôòæ
    ÔòÜÔòÉÔòÉÔòÉÔòÉÔòÉÔòÉÔòÉÔòÉÔòÉÔòÉÔòÉÔòÉÔòÉÔòÉÔòÉÔòÉÔòÉÔòÉÔòÉÔòÉÔòÉÔòÉÔòÉÔòÉÔòÉÔòÉÔòÉÔòÉÔòÉÔòÉÔòÉÔòÉÔòÉÔòÉÔòÉÔòÉÔòÉÔòÉÔòÉÔòÉÔòÉÔòÉÔòÉÔòÉÔòÉÔòÉÔòÉÔòÉÔòÉÔòÉÔòÉÔòÉÔòÉÔòÉÔòÉÔòÉÔòÉÔòÉÔòÉÔòÉÔòÉÔòÉÔòÉÔòÉÔòÉÔòÉÔòÉÔòÉÔòÉÔòÉÔòÉÔòÉÔòÉÔòØ


[1A[2K[205/580] [chromium] ÔÇ║ src\tests\e2e\cross-browser.spec.ts:67:5 ÔÇ║ Compatibilidad Safari Desktop ÔÇ║ deber├¡a soportar caracter├¡sticas CSS modernas
[1A[2K[206/580] [chromium] ÔÇ║ src\tests\e2e\cross-browser.spec.ts:89:5 ÔÇ║ Compatibilidad Safari Desktop ÔÇ║ deber├¡a funcionar la navegaci├│n t├íctil en m├│viles
[1A[2K  205) [chromium] ÔÇ║ src\tests\e2e\cross-browser.spec.ts:67:5 ÔÇ║ Compatibilidad Safari Desktop ÔÇ║ deber├¡a soportar caracter├¡sticas CSS modernas 

    Error: browserType.launch: Executable doesn't exist at C:\Users\conej\AppData\Local\ms-playwright\chromium_headless_shell-1200\chrome-headless-shell-win64\chrome-headless-shell.exe
    ÔòöÔòÉÔòÉÔòÉÔòÉÔòÉÔòÉÔòÉÔòÉÔòÉÔòÉÔòÉÔòÉÔòÉÔòÉÔòÉÔòÉÔòÉÔòÉÔòÉÔòÉÔòÉÔòÉÔòÉÔòÉÔòÉÔòÉÔòÉÔòÉÔòÉÔòÉÔòÉÔòÉÔòÉÔòÉÔòÉÔòÉÔòÉÔòÉÔòÉÔòÉÔòÉÔòÉÔòÉÔòÉÔòÉÔòÉÔòÉÔòÉÔòÉÔòÉÔòÉÔòÉÔòÉÔòÉÔòÉÔòÉÔòÉÔòÉÔòÉÔòÉÔòÉÔòÉÔòÉÔòÉÔòÉÔòÉÔòÉÔòÉÔòÉÔòÉÔòÉÔòÉÔòÉÔòù
    Ôòæ Looks like Playwright Test or Playwright was just installed or updated. Ôòæ
    Ôòæ Please run the following command to download new browsers:              Ôòæ
    Ôòæ                                                                         Ôòæ
    Ôòæ     npx playwright install                                              Ôòæ
    Ôòæ                                                                         Ôòæ
    Ôòæ <3 Playwright Team                                                      Ôòæ
    ÔòÜÔòÉÔòÉÔòÉÔòÉÔòÉÔòÉÔòÉÔòÉÔòÉÔòÉÔòÉÔòÉÔòÉÔòÉÔòÉÔòÉÔòÉÔòÉÔòÉÔòÉÔòÉÔòÉÔòÉÔòÉÔòÉÔòÉÔòÉÔòÉÔòÉÔòÉÔòÉÔòÉÔòÉÔòÉÔòÉÔòÉÔòÉÔòÉÔòÉÔòÉÔòÉÔòÉÔòÉÔòÉÔòÉÔòÉÔòÉÔòÉÔòÉÔòÉÔòÉÔòÉÔòÉÔòÉÔòÉÔòÉÔòÉÔòÉÔòÉÔòÉÔòÉÔòÉÔòÉÔòÉÔòÉÔòÉÔòÉÔòÉÔòÉÔòÉÔòÉÔòÉÔòÉÔòØ


[1A[2K  206) [chromium] ÔÇ║ src\tests\e2e\cross-browser.spec.ts:89:5 ÔÇ║ Compatibilidad Safari Desktop ÔÇ║ deber├¡a funcionar la navegaci├│n t├íctil en m├│viles 

    Error: browserType.launch: Executable doesn't exist at C:\Users\conej\AppData\Local\ms-playwright\chromium_headless_shell-1200\chrome-headless-shell-win64\chrome-headless-shell.exe
    ÔòöÔòÉÔòÉÔòÉÔòÉÔòÉÔòÉÔòÉÔòÉÔòÉÔòÉÔòÉÔòÉÔòÉÔòÉÔòÉÔòÉÔòÉÔòÉÔòÉÔòÉÔòÉÔòÉÔòÉÔòÉÔòÉÔòÉÔòÉÔòÉÔòÉÔòÉÔòÉÔòÉÔòÉÔòÉÔòÉÔòÉÔòÉÔòÉÔòÉÔòÉÔòÉÔòÉÔòÉÔòÉÔòÉÔòÉÔòÉÔòÉÔòÉÔòÉÔòÉÔòÉÔòÉÔòÉÔòÉÔòÉÔòÉÔòÉÔòÉÔòÉÔòÉÔòÉÔòÉÔòÉÔòÉÔòÉÔòÉÔòÉÔòÉÔòÉÔòÉÔòÉÔòÉÔòù
    Ôòæ Looks like Playwright Test or Playwright was just installed or updated. Ôòæ
    Ôòæ Please run the following command to download new browsers:              Ôòæ
    Ôòæ                                                                         Ôòæ
    Ôòæ     npx playwright install                                              Ôòæ
    Ôòæ                                                                         Ôòæ
    Ôòæ <3 Playwright Team                                                      Ôòæ
    ÔòÜÔòÉÔòÉÔòÉÔòÉÔòÉÔòÉÔòÉÔòÉÔòÉÔòÉÔòÉÔòÉÔòÉÔòÉÔòÉÔòÉÔòÉÔòÉÔòÉÔòÉÔòÉÔòÉÔòÉÔòÉÔòÉÔòÉÔòÉÔòÉÔòÉÔòÉÔòÉÔòÉÔòÉÔòÉÔòÉÔòÉÔòÉÔòÉÔòÉÔòÉÔòÉÔòÉÔòÉÔòÉÔòÉÔòÉÔòÉÔòÉÔòÉÔòÉÔòÉÔòÉÔòÉÔòÉÔòÉÔòÉÔòÉÔòÉÔòÉÔòÉÔòÉÔòÉÔòÉÔòÉÔòÉÔòÉÔòÉÔòÉÔòÉÔòÉÔòÉÔòÉÔòÉÔòØ


[1A[2K[207/580] [chromium] ÔÇ║ src\tests\e2e\cross-browser.spec.ts:104:5 ÔÇ║ Compatibilidad Safari Desktop ÔÇ║ deber├¡a manejar eventos de JavaScript correctamente
[1A[2K  207) [chromium] ÔÇ║ src\tests\e2e\cross-browser.spec.ts:104:5 ÔÇ║ Compatibilidad Safari Desktop ÔÇ║ deber├¡a manejar eventos de JavaScript correctamente 

    Error: browserType.launch: Executable doesn't exist at C:\Users\conej\AppData\Local\ms-playwright\chromium_headless_shell-1200\chrome-headless-shell-win64\chrome-headless-shell.exe
    ÔòöÔòÉÔòÉÔòÉÔòÉÔòÉÔòÉÔòÉÔòÉÔòÉÔòÉÔòÉÔòÉÔòÉÔòÉÔòÉÔòÉÔòÉÔòÉÔòÉÔòÉÔòÉÔòÉÔòÉÔòÉÔòÉÔòÉÔòÉÔòÉÔòÉÔòÉÔòÉÔòÉÔòÉÔòÉÔòÉÔòÉÔòÉÔòÉÔòÉÔòÉÔòÉÔòÉÔòÉÔòÉÔòÉÔòÉÔòÉÔòÉÔòÉÔòÉÔòÉÔòÉÔòÉÔòÉÔòÉÔòÉÔòÉÔòÉÔòÉÔòÉÔòÉÔòÉÔòÉÔòÉÔòÉÔòÉÔòÉÔòÉÔòÉÔòÉÔòÉÔòÉÔòÉÔòù
    Ôòæ Looks like Playwright Test or Playwright was just installed or updated. Ôòæ
    Ôòæ Please run the following command to download new browsers:              Ôòæ
    Ôòæ                                                                         Ôòæ
    Ôòæ     npx playwright install                                              Ôòæ
    Ôòæ                                                                         Ôòæ
    Ôòæ <3 Playwright Team                                                      Ôòæ
    ÔòÜÔòÉÔòÉÔòÉÔòÉÔòÉÔòÉÔòÉÔòÉÔòÉÔòÉÔòÉÔòÉÔòÉÔòÉÔòÉÔòÉÔòÉÔòÉÔòÉÔòÉÔòÉÔòÉÔòÉÔòÉÔòÉÔòÉÔòÉÔòÉÔòÉÔòÉÔòÉÔòÉÔòÉÔòÉÔòÉÔòÉÔòÉÔòÉÔòÉÔòÉÔòÉÔòÉÔòÉÔòÉÔòÉÔòÉÔòÉÔòÉÔòÉÔòÉÔòÉÔòÉÔòÉÔòÉÔòÉÔòÉÔòÉÔòÉÔòÉÔòÉÔòÉÔòÉÔòÉÔòÉÔòÉÔòÉÔòÉÔòÉÔòÉÔòÉÔòÉÔòÉÔòÉÔòØ


[1A[2K[208/580] [chromium] ÔÇ║ src\tests\e2e\cross-browser.spec.ts:121:5 ÔÇ║ Compatibilidad Safari Desktop ÔÇ║ deber├¡a cargar fuentes web correctamente
[1A[2K  208) [chromium] ÔÇ║ src\tests\e2e\cross-browser.spec.ts:121:5 ÔÇ║ Compatibilidad Safari Desktop ÔÇ║ deber├¡a cargar fuentes web correctamente 

    Error: browserType.launch: Executable doesn't exist at C:\Users\conej\AppData\Local\ms-playwright\chromium_headless_shell-1200\chrome-headless-shell-win64\chrome-headless-shell.exe
    ÔòöÔòÉÔòÉÔòÉÔòÉÔòÉÔòÉÔòÉÔòÉÔòÉÔòÉÔòÉÔòÉÔòÉÔòÉÔòÉÔòÉÔòÉÔòÉÔòÉÔòÉÔòÉÔòÉÔòÉÔòÉÔòÉÔòÉÔòÉÔòÉÔòÉÔòÉÔòÉÔòÉÔòÉÔòÉÔòÉÔòÉÔòÉÔòÉÔòÉÔòÉÔòÉÔòÉÔòÉÔòÉÔòÉÔòÉÔòÉÔòÉÔòÉÔòÉÔòÉÔòÉÔòÉÔòÉÔòÉÔòÉÔòÉÔòÉÔòÉÔòÉÔòÉÔòÉÔòÉÔòÉÔòÉÔòÉÔòÉÔòÉÔòÉÔòÉÔòÉÔòÉÔòÉÔòù
    Ôòæ Looks like Playwright Test or Playwright was just installed or updated. Ôòæ
    Ôòæ Please run the following command to download new browsers:              Ôòæ
    Ôòæ                                                                         Ôòæ
    Ôòæ     npx playwright install                                              Ôòæ
    Ôòæ                                                                         Ôòæ
    Ôòæ <3 Playwright Team                                                      Ôòæ
    ÔòÜÔòÉÔòÉÔòÉÔòÉÔòÉÔòÉÔòÉÔòÉÔòÉÔòÉÔòÉÔòÉÔòÉÔòÉÔòÉÔòÉÔòÉÔòÉÔòÉÔòÉÔòÉÔòÉÔòÉÔòÉÔòÉÔòÉÔòÉÔòÉÔòÉÔòÉÔòÉÔòÉÔòÉÔòÉÔòÉÔòÉÔòÉÔòÉÔòÉÔòÉÔòÉÔòÉÔòÉÔòÉÔòÉÔòÉÔòÉÔòÉÔòÉÔòÉÔòÉÔòÉÔòÉÔòÉÔòÉÔòÉÔòÉÔòÉÔòÉÔòÉÔòÉÔòÉÔòÉÔòÉÔòÉÔòÉÔòÉÔòÉÔòÉÔòÉÔòÉÔòÉÔòÉÔòØ


[1A[2K[209/580] [chromium] ÔÇ║ src\tests\e2e\cross-browser.spec.ts:135:5 ÔÇ║ Compatibilidad Safari Desktop ÔÇ║ deber├¡a soportar animaciones CSS
[1A[2K  209) [chromium] ÔÇ║ src\tests\e2e\cross-browser.spec.ts:135:5 ÔÇ║ Compatibilidad Safari Desktop ÔÇ║ deber├¡a soportar animaciones CSS 

    Error: browserType.launch: Executable doesn't exist at C:\Users\conej\AppData\Local\ms-playwright\chromium_headless_shell-1200\chrome-headless-shell-win64\chrome-headless-shell.exe
    ÔòöÔòÉÔòÉÔòÉÔòÉÔòÉÔòÉÔòÉÔòÉÔòÉÔòÉÔòÉÔòÉÔòÉÔòÉÔòÉÔòÉÔòÉÔòÉÔòÉÔòÉÔòÉÔòÉÔòÉÔòÉÔòÉÔòÉÔòÉÔòÉÔòÉÔòÉÔòÉÔòÉÔòÉÔòÉÔòÉÔòÉÔòÉÔòÉÔòÉÔòÉÔòÉÔòÉÔòÉÔòÉÔòÉÔòÉÔòÉÔòÉÔòÉÔòÉÔòÉÔòÉÔòÉÔòÉÔòÉÔòÉÔòÉÔòÉÔòÉÔòÉÔòÉÔòÉÔòÉÔòÉÔòÉÔòÉÔòÉÔòÉÔòÉÔòÉÔòÉÔòÉÔòÉÔòù
    Ôòæ Looks like Playwright Test or Playwright was just installed or updated. Ôòæ
    Ôòæ Please run the following command to download new browsers:              Ôòæ
    Ôòæ                                                                         Ôòæ
    Ôòæ     npx playwright install                                              Ôòæ
    Ôòæ                                                                         Ôòæ
    Ôòæ <3 Playwright Team                                                      Ôòæ
    ÔòÜÔòÉÔòÉÔòÉÔòÉÔòÉÔòÉÔòÉÔòÉÔòÉÔòÉÔòÉÔòÉÔòÉÔòÉÔòÉÔòÉÔòÉÔòÉÔòÉÔòÉÔòÉÔòÉÔòÉÔòÉÔòÉÔòÉÔòÉÔòÉÔòÉÔòÉÔòÉÔòÉÔòÉÔòÉÔòÉÔòÉÔòÉÔòÉÔòÉÔòÉÔòÉÔòÉÔòÉÔòÉÔòÉÔòÉÔòÉÔòÉÔòÉÔòÉÔòÉÔòÉÔòÉÔòÉÔòÉÔòÉÔòÉÔòÉÔòÉÔòÉÔòÉÔòÉÔòÉÔòÉÔòÉÔòÉÔòÉÔòÉÔòÉÔòÉÔòÉÔòÉÔòÉÔòØ


[1A[2K[210/580] [chromium] ÔÇ║ src\tests\e2e\cross-browser.spec.ts:149:5 ÔÇ║ Compatibilidad Safari Desktop ÔÇ║ deber├¡a manejar media queries responsive
[1A[2K[211/580] [chromium] ÔÇ║ src\tests\e2e\cross-browser.spec.ts:167:5 ÔÇ║ Compatibilidad Safari Desktop ÔÇ║ deber├¡a funcionar localStorage y sessionStorage
[1A[2K  210) [chromium] ÔÇ║ src\tests\e2e\cross-browser.spec.ts:149:5 ÔÇ║ Compatibilidad Safari Desktop ÔÇ║ deber├¡a manejar media queries responsive 

    Error: browserType.launch: Executable doesn't exist at C:\Users\conej\AppData\Local\ms-playwright\chromium_headless_shell-1200\chrome-headless-shell-win64\chrome-headless-shell.exe
    ÔòöÔòÉÔòÉÔòÉÔòÉÔòÉÔòÉÔòÉÔòÉÔòÉÔòÉÔòÉÔòÉÔòÉÔòÉÔòÉÔòÉÔòÉÔòÉÔòÉÔòÉÔòÉÔòÉÔòÉÔòÉÔòÉÔòÉÔòÉÔòÉÔòÉÔòÉÔòÉÔòÉÔòÉÔòÉÔòÉÔòÉÔòÉÔòÉÔòÉÔòÉÔòÉÔòÉÔòÉÔòÉÔòÉÔòÉÔòÉÔòÉÔòÉÔòÉÔòÉÔòÉÔòÉÔòÉÔòÉÔòÉÔòÉÔòÉÔòÉÔòÉÔòÉÔòÉÔòÉÔòÉÔòÉÔòÉÔòÉÔòÉÔòÉÔòÉÔòÉÔòÉÔòÉÔòù
    Ôòæ Looks like Playwright Test or Playwright was just installed or updated. Ôòæ
    Ôòæ Please run the following command to download new browsers:              Ôòæ
    Ôòæ                                                                         Ôòæ
    Ôòæ     npx playwright install                                              Ôòæ
    Ôòæ                                                                         Ôòæ
    Ôòæ <3 Playwright Team                                                      Ôòæ
    ÔòÜÔòÉÔòÉÔòÉÔòÉÔòÉÔòÉÔòÉÔòÉÔòÉÔòÉÔòÉÔòÉÔòÉÔòÉÔòÉÔòÉÔòÉÔòÉÔòÉÔòÉÔòÉÔòÉÔòÉÔòÉÔòÉÔòÉÔòÉÔòÉÔòÉÔòÉÔòÉÔòÉÔòÉÔòÉÔòÉÔòÉÔòÉÔòÉÔòÉÔòÉÔòÉÔòÉÔòÉÔòÉÔòÉÔòÉÔòÉÔòÉÔòÉÔòÉÔòÉÔòÉÔòÉÔòÉÔòÉÔòÉÔòÉÔòÉÔòÉÔòÉÔòÉÔòÉÔòÉÔòÉÔòÉÔòÉÔòÉÔòÉÔòÉÔòÉÔòÉÔòÉÔòÉÔòØ


[1A[2K[212/580] [chromium] ÔÇ║ src\tests\e2e\cross-browser.spec.ts:199:5 ÔÇ║ Compatibilidad Safari Desktop ÔÇ║ deber├¡a soportar APIs modernas del navegador
[1A[2K  211) [chromium] ÔÇ║ src\tests\e2e\cross-browser.spec.ts:167:5 ÔÇ║ Compatibilidad Safari Desktop ÔÇ║ deber├¡a funcionar localStorage y sessionStorage 

    Error: browserType.launch: Executable doesn't exist at C:\Users\conej\AppData\Local\ms-playwright\chromium_headless_shell-1200\chrome-headless-shell-win64\chrome-headless-shell.exe
    ÔòöÔòÉÔòÉÔòÉÔòÉÔòÉÔòÉÔòÉÔòÉÔòÉÔòÉÔòÉÔòÉÔòÉÔòÉÔòÉÔòÉÔòÉÔòÉÔòÉÔòÉÔòÉÔòÉÔòÉÔòÉÔòÉÔòÉÔòÉÔòÉÔòÉÔòÉÔòÉÔòÉÔòÉÔòÉÔòÉÔòÉÔòÉÔòÉÔòÉÔòÉÔòÉÔòÉÔòÉÔòÉÔòÉÔòÉÔòÉÔòÉÔòÉÔòÉÔòÉÔòÉÔòÉÔòÉÔòÉÔòÉÔòÉÔòÉÔòÉÔòÉÔòÉÔòÉÔòÉÔòÉÔòÉÔòÉÔòÉÔòÉÔòÉÔòÉÔòÉÔòÉÔòÉÔòù
    Ôòæ Looks like Playwright Test or Playwright was just installed or updated. Ôòæ
    Ôòæ Please run the following command to download new browsers:              Ôòæ
    Ôòæ                                                                         Ôòæ
    Ôòæ     npx playwright install                                              Ôòæ
    Ôòæ                                                                         Ôòæ
    Ôòæ <3 Playwright Team                                                      Ôòæ
    ÔòÜÔòÉÔòÉÔòÉÔòÉÔòÉÔòÉÔòÉÔòÉÔòÉÔòÉÔòÉÔòÉÔòÉÔòÉÔòÉÔòÉÔòÉÔòÉÔòÉÔòÉÔòÉÔòÉÔòÉÔòÉÔòÉÔòÉÔòÉÔòÉÔòÉÔòÉÔòÉÔòÉÔòÉÔòÉÔòÉÔòÉÔòÉÔòÉÔòÉÔòÉÔòÉÔòÉÔòÉÔòÉÔòÉÔòÉÔòÉÔòÉÔòÉÔòÉÔòÉÔòÉÔòÉÔòÉÔòÉÔòÉÔòÉÔòÉÔòÉÔòÉÔòÉÔòÉÔòÉÔòÉÔòÉÔòÉÔòÉÔòÉÔòÉÔòÉÔòÉÔòÉÔòÉÔòØ


[1A[2K  212) [chromium] ÔÇ║ src\tests\e2e\cross-browser.spec.ts:199:5 ÔÇ║ Compatibilidad Safari Desktop ÔÇ║ deber├¡a soportar APIs modernas del navegador 

    Error: browserType.launch: Executable doesn't exist at C:\Users\conej\AppData\Local\ms-playwright\chromium_headless_shell-1200\chrome-headless-shell-win64\chrome-headless-shell.exe
    ÔòöÔòÉÔòÉÔòÉÔòÉÔòÉÔòÉÔòÉÔòÉÔòÉÔòÉÔòÉÔòÉÔòÉÔòÉÔòÉÔòÉÔòÉÔòÉÔòÉÔòÉÔòÉÔòÉÔòÉÔòÉÔòÉÔòÉÔòÉÔòÉÔòÉÔòÉÔòÉÔòÉÔòÉÔòÉÔòÉÔòÉÔòÉÔòÉÔòÉÔòÉÔòÉÔòÉÔòÉÔòÉÔòÉÔòÉÔòÉÔòÉÔòÉÔòÉÔòÉÔòÉÔòÉÔòÉÔòÉÔòÉÔòÉÔòÉÔòÉÔòÉÔòÉÔòÉÔòÉÔòÉÔòÉÔòÉÔòÉÔòÉÔòÉÔòÉÔòÉÔòÉÔòÉÔòù
    Ôòæ Looks like Playwright Test or Playwright was just installed or updated. Ôòæ
    Ôòæ Please run the following command to download new browsers:              Ôòæ
    Ôòæ                                                                         Ôòæ
    Ôòæ     npx playwright install                                              Ôòæ
    Ôòæ                                                                         Ôòæ
    Ôòæ <3 Playwright Team                                                      Ôòæ
    ÔòÜÔòÉÔòÉÔòÉÔòÉÔòÉÔòÉÔòÉÔòÉÔòÉÔòÉÔòÉÔòÉÔòÉÔòÉÔòÉÔòÉÔòÉÔòÉÔòÉÔòÉÔòÉÔòÉÔòÉÔòÉÔòÉÔòÉÔòÉÔòÉÔòÉÔòÉÔòÉÔòÉÔòÉÔòÉÔòÉÔòÉÔòÉÔòÉÔòÉÔòÉÔòÉÔòÉÔòÉÔòÉÔòÉÔòÉÔòÉÔòÉÔòÉÔòÉÔòÉÔòÉÔòÉÔòÉÔòÉÔòÉÔòÉÔòÉÔòÉÔòÉÔòÉÔòÉÔòÉÔòÉÔòÉÔòÉÔòÉÔòÉÔòÉÔòÉÔòÉÔòÉÔòÉÔòØ


[1A[2K[213/580] [chromium] ÔÇ║ src\tests\e2e\cross-browser.spec.ts:221:5 ÔÇ║ Compatibilidad Safari Desktop ÔÇ║ deber├¡a manejar errores de red graciosamente
[1A[2K[214/580] [chromium] ÔÇ║ src\tests\e2e\cross-browser.spec.ts:234:5 ÔÇ║ Compatibilidad Safari Desktop ÔÇ║ deber├¡a funcionar con diferentes resoluciones de pantalla
[1A[2K  213) [chromium] ÔÇ║ src\tests\e2e\cross-browser.spec.ts:221:5 ÔÇ║ Compatibilidad Safari Desktop ÔÇ║ deber├¡a manejar errores de red graciosamente 

    Error: browserType.launch: Executable doesn't exist at C:\Users\conej\AppData\Local\ms-playwright\chromium_headless_shell-1200\chrome-headless-shell-win64\chrome-headless-shell.exe
    ÔòöÔòÉÔòÉÔòÉÔòÉÔòÉÔòÉÔòÉÔòÉÔòÉÔòÉÔòÉÔòÉÔòÉÔòÉÔòÉÔòÉÔòÉÔòÉÔòÉÔòÉÔòÉÔòÉÔòÉÔòÉÔòÉÔòÉÔòÉÔòÉÔòÉÔòÉÔòÉÔòÉÔòÉÔòÉÔòÉÔòÉÔòÉÔòÉÔòÉÔòÉÔòÉÔòÉÔòÉÔòÉÔòÉÔòÉÔòÉÔòÉÔòÉÔòÉÔòÉÔòÉÔòÉÔòÉÔòÉÔòÉÔòÉÔòÉÔòÉÔòÉÔòÉÔòÉÔòÉÔòÉÔòÉÔòÉÔòÉÔòÉÔòÉÔòÉÔòÉÔòÉÔòÉÔòù
    Ôòæ Looks like Playwright Test or Playwright was just installed or updated. Ôòæ
    Ôòæ Please run the following command to download new browsers:              Ôòæ
    Ôòæ                                                                         Ôòæ
    Ôòæ     npx playwright install                                              Ôòæ
    Ôòæ                                                                         Ôòæ
    Ôòæ <3 Playwright Team                                                      Ôòæ
    ÔòÜÔòÉÔòÉÔòÉÔòÉÔòÉÔòÉÔòÉÔòÉÔòÉÔòÉÔòÉÔòÉÔòÉÔòÉÔòÉÔòÉÔòÉÔòÉÔòÉÔòÉÔòÉÔòÉÔòÉÔòÉÔòÉÔòÉÔòÉÔòÉÔòÉÔòÉÔòÉÔòÉÔòÉÔòÉÔòÉÔòÉÔòÉÔòÉÔòÉÔòÉÔòÉÔòÉÔòÉÔòÉÔòÉÔòÉÔòÉÔòÉÔòÉÔòÉÔòÉÔòÉÔòÉÔòÉÔòÉÔòÉÔòÉÔòÉÔòÉÔòÉÔòÉÔòÉÔòÉÔòÉÔòÉÔòÉÔòÉÔòÉÔòÉÔòÉÔòÉÔòÉÔòÉÔòØ


[1A[2K  214) [chromium] ÔÇ║ src\tests\e2e\cross-browser.spec.ts:234:5 ÔÇ║ Compatibilidad Safari Desktop ÔÇ║ deber├¡a funcionar con diferentes resoluciones de pantalla 

    Error: browserType.launch: Executable doesn't exist at C:\Users\conej\AppData\Local\ms-playwright\chromium_headless_shell-1200\chrome-headless-shell-win64\chrome-headless-shell.exe
    ÔòöÔòÉÔòÉÔòÉÔòÉÔòÉÔòÉÔòÉÔòÉÔòÉÔòÉÔòÉÔòÉÔòÉÔòÉÔòÉÔòÉÔòÉÔòÉÔòÉÔòÉÔòÉÔòÉÔòÉÔòÉÔòÉÔòÉÔòÉÔòÉÔòÉÔòÉÔòÉÔòÉÔòÉÔòÉÔòÉÔòÉÔòÉÔòÉÔòÉÔòÉÔòÉÔòÉÔòÉÔòÉÔòÉÔòÉÔòÉÔòÉÔòÉÔòÉÔòÉÔòÉÔòÉÔòÉÔòÉÔòÉÔòÉÔòÉÔòÉÔòÉÔòÉÔòÉÔòÉÔòÉÔòÉÔòÉÔòÉÔòÉÔòÉÔòÉÔòÉÔòÉÔòÉÔòù
    Ôòæ Looks like Playwright Test or Playwright was just installed or updated. Ôòæ
    Ôòæ Please run the following command to download new browsers:              Ôòæ
    Ôòæ                                                                         Ôòæ
    Ôòæ     npx playwright install                                              Ôòæ
    Ôòæ                                                                         Ôòæ
    Ôòæ <3 Playwright Team                                                      Ôòæ
    ÔòÜÔòÉÔòÉÔòÉÔòÉÔòÉÔòÉÔòÉÔòÉÔòÉÔòÉÔòÉÔòÉÔòÉÔòÉÔòÉÔòÉÔòÉÔòÉÔòÉÔòÉÔòÉÔòÉÔòÉÔòÉÔòÉÔòÉÔòÉÔòÉÔòÉÔòÉÔòÉÔòÉÔòÉÔòÉÔòÉÔòÉÔòÉÔòÉÔòÉÔòÉÔòÉÔòÉÔòÉÔòÉÔòÉÔòÉÔòÉÔòÉÔòÉÔòÉÔòÉÔòÉÔòÉÔòÉÔòÉÔòÉÔòÉÔòÉÔòÉÔòÉÔòÉÔòÉÔòÉÔòÉÔòÉÔòÉÔòÉÔòÉÔòÉÔòÉÔòÉÔòÉÔòÉÔòØ


[1A[2K[215/580] [chromium] ÔÇ║ src\tests\e2e\cross-browser.spec.ts:258:5 ÔÇ║ Compatibilidad Safari Desktop ÔÇ║ deber├¡a soportar modo oscuro/claro del sistema
[1A[2K  215) [chromium] ÔÇ║ src\tests\e2e\cross-browser.spec.ts:258:5 ÔÇ║ Compatibilidad Safari Desktop ÔÇ║ deber├¡a soportar modo oscuro/claro del sistema 

    Error: browserType.launch: Executable doesn't exist at C:\Users\conej\AppData\Local\ms-playwright\chromium_headless_shell-1200\chrome-headless-shell-win64\chrome-headless-shell.exe
    ÔòöÔòÉÔòÉÔòÉÔòÉÔòÉÔòÉÔòÉÔòÉÔòÉÔòÉÔòÉÔòÉÔòÉÔòÉÔòÉÔòÉÔòÉÔòÉÔòÉÔòÉÔòÉÔòÉÔòÉÔòÉÔòÉÔòÉÔòÉÔòÉÔòÉÔòÉÔòÉÔòÉÔòÉÔòÉÔòÉÔòÉÔòÉÔòÉÔòÉÔòÉÔòÉÔòÉÔòÉÔòÉÔòÉÔòÉÔòÉÔòÉÔòÉÔòÉÔòÉÔòÉÔòÉÔòÉÔòÉÔòÉÔòÉÔòÉÔòÉÔòÉÔòÉÔòÉÔòÉÔòÉÔòÉÔòÉÔòÉÔòÉÔòÉÔòÉÔòÉÔòÉÔòÉÔòù
    Ôòæ Looks like Playwright Test or Playwright was just installed or updated. Ôòæ
    Ôòæ Please run the following command to download new browsers:              Ôòæ
    Ôòæ                                                                         Ôòæ
    Ôòæ     npx playwright install                                              Ôòæ
    Ôòæ                                                                         Ôòæ
    Ôòæ <3 Playwright Team                                                      Ôòæ
    ÔòÜÔòÉÔòÉÔòÉÔòÉÔòÉÔòÉÔòÉÔòÉÔòÉÔòÉÔòÉÔòÉÔòÉÔòÉÔòÉÔòÉÔòÉÔòÉÔòÉÔòÉÔòÉÔòÉÔòÉÔòÉÔòÉÔòÉÔòÉÔòÉÔòÉÔòÉÔòÉÔòÉÔòÉÔòÉÔòÉÔòÉÔòÉÔòÉÔòÉÔòÉÔòÉÔòÉÔòÉÔòÉÔòÉÔòÉÔòÉÔòÉÔòÉÔòÉÔòÉÔòÉÔòÉÔòÉÔòÉÔòÉÔòÉÔòÉÔòÉÔòÉÔòÉÔòÉÔòÉÔòÉÔòÉÔòÉÔòÉÔòÉÔòÉÔòÉÔòÉÔòÉÔòÉÔòØ


[1A[2K[216/580] [chromium] ÔÇ║ src\tests\e2e\cross-browser.spec.ts:278:5 ÔÇ║ Compatibilidad Safari Desktop ÔÇ║ deber├¡a funcionar con diferentes configuraciones de accesibilidad
[1A[2K  216) [chromium] ÔÇ║ src\tests\e2e\cross-browser.spec.ts:278:5 ÔÇ║ Compatibilidad Safari Desktop ÔÇ║ deber├¡a funcionar con diferentes configuraciones de accesibilidad 

    Error: browserType.launch: Executable doesn't exist at C:\Users\conej\AppData\Local\ms-playwright\chromium_headless_shell-1200\chrome-headless-shell-win64\chrome-headless-shell.exe
    ÔòöÔòÉÔòÉÔòÉÔòÉÔòÉÔòÉÔòÉÔòÉÔòÉÔòÉÔòÉÔòÉÔòÉÔòÉÔòÉÔòÉÔòÉÔòÉÔòÉÔòÉÔòÉÔòÉÔòÉÔòÉÔòÉÔòÉÔòÉÔòÉÔòÉÔòÉÔòÉÔòÉÔòÉÔòÉÔòÉÔòÉÔòÉÔòÉÔòÉÔòÉÔòÉÔòÉÔòÉÔòÉÔòÉÔòÉÔòÉÔòÉÔòÉÔòÉÔòÉÔòÉÔòÉÔòÉÔòÉÔòÉÔòÉÔòÉÔòÉÔòÉÔòÉÔòÉÔòÉÔòÉÔòÉÔòÉÔòÉÔòÉÔòÉÔòÉÔòÉÔòÉÔòÉÔòù
    Ôòæ Looks like Playwright Test or Playwright was just installed or updated. Ôòæ
    Ôòæ Please run the following command to download new browsers:              Ôòæ
    Ôòæ                                                                         Ôòæ
    Ôòæ     npx playwright install                                              Ôòæ
    Ôòæ                                                                         Ôòæ
    Ôòæ <3 Playwright Team                                                      Ôòæ
    ÔòÜÔòÉÔòÉÔòÉÔòÉÔòÉÔòÉÔòÉÔòÉÔòÉÔòÉÔòÉÔòÉÔòÉÔòÉÔòÉÔòÉÔòÉÔòÉÔòÉÔòÉÔòÉÔòÉÔòÉÔòÉÔòÉÔòÉÔòÉÔòÉÔòÉÔòÉÔòÉÔòÉÔòÉÔòÉÔòÉÔòÉÔòÉÔòÉÔòÉÔòÉÔòÉÔòÉÔòÉÔòÉÔòÉÔòÉÔòÉÔòÉÔòÉÔòÉÔòÉÔòÉÔòÉÔòÉÔòÉÔòÉÔòÉÔòÉÔòÉÔòÉÔòÉÔòÉÔòÉÔòÉÔòÉÔòÉÔòÉÔòÉÔòÉÔòÉÔòÉÔòÉÔòÉÔòØ


[1A[2K[217/580] [chromium] ÔÇ║ src\tests\e2e\cross-browser.spec.ts:27:5 ÔÇ║ Compatibilidad Chrome Mobile ÔÇ║ deber├¡a cargar la p├ígina principal correctamente
[1A[2K  217) [chromium] ÔÇ║ src\tests\e2e\cross-browser.spec.ts:27:5 ÔÇ║ Compatibilidad Chrome Mobile ÔÇ║ deber├¡a cargar la p├ígina principal correctamente 

    Error: browserType.launch: Executable doesn't exist at C:\Users\conej\AppData\Local\ms-playwright\chromium_headless_shell-1200\chrome-headless-shell-win64\chrome-headless-shell.exe
    ÔòöÔòÉÔòÉÔòÉÔòÉÔòÉÔòÉÔòÉÔòÉÔòÉÔòÉÔòÉÔòÉÔòÉÔòÉÔòÉÔòÉÔòÉÔòÉÔòÉÔòÉÔòÉÔòÉÔòÉÔòÉÔòÉÔòÉÔòÉÔòÉÔòÉÔòÉÔòÉÔòÉÔòÉÔòÉÔòÉÔòÉÔòÉÔòÉÔòÉÔòÉÔòÉÔòÉÔòÉÔòÉÔòÉÔòÉÔòÉÔòÉÔòÉÔòÉÔòÉÔòÉÔòÉÔòÉÔòÉÔòÉÔòÉÔòÉÔòÉÔòÉÔòÉÔòÉÔòÉÔòÉÔòÉÔòÉÔòÉÔòÉÔòÉÔòÉÔòÉÔòÉÔòÉÔòù
    Ôòæ Looks like Playwright Test or Playwright was just installed or updated. Ôòæ
    Ôòæ Please run the following command to download new browsers:              Ôòæ
    Ôòæ                                                                         Ôòæ
    Ôòæ     npx playwright install                                              Ôòæ
    Ôòæ                                                                         Ôòæ
    Ôòæ <3 Playwright Team                                                      Ôòæ
    ÔòÜÔòÉÔòÉÔòÉÔòÉÔòÉÔòÉÔòÉÔòÉÔòÉÔòÉÔòÉÔòÉÔòÉÔòÉÔòÉÔòÉÔòÉÔòÉÔòÉÔòÉÔòÉÔòÉÔòÉÔòÉÔòÉÔòÉÔòÉÔòÉÔòÉÔòÉÔòÉÔòÉÔòÉÔòÉÔòÉÔòÉÔòÉÔòÉÔòÉÔòÉÔòÉÔòÉÔòÉÔòÉÔòÉÔòÉÔòÉÔòÉÔòÉÔòÉÔòÉÔòÉÔòÉÔòÉÔòÉÔòÉÔòÉÔòÉÔòÉÔòÉÔòÉÔòÉÔòÉÔòÉÔòÉÔòÉÔòÉÔòÉÔòÉÔòÉÔòÉÔòÉÔòÉÔòØ


[1A[2K[218/580] [chromium] ÔÇ║ src\tests\e2e\cross-browser.spec.ts:45:5 ÔÇ║ Compatibilidad Chrome Mobile ÔÇ║ deber├¡a manejar CSS Grid y Flexbox correctamente
[1A[2K[219/580] [chromium] ÔÇ║ src\tests\e2e\cross-browser.spec.ts:67:5 ÔÇ║ Compatibilidad Chrome Mobile ÔÇ║ deber├¡a soportar caracter├¡sticas CSS modernas
[1A[2K  218) [chromium] ÔÇ║ src\tests\e2e\cross-browser.spec.ts:45:5 ÔÇ║ Compatibilidad Chrome Mobile ÔÇ║ deber├¡a manejar CSS Grid y Flexbox correctamente 

    Error: browserType.launch: Executable doesn't exist at C:\Users\conej\AppData\Local\ms-playwright\chromium_headless_shell-1200\chrome-headless-shell-win64\chrome-headless-shell.exe
    ÔòöÔòÉÔòÉÔòÉÔòÉÔòÉÔòÉÔòÉÔòÉÔòÉÔòÉÔòÉÔòÉÔòÉÔòÉÔòÉÔòÉÔòÉÔòÉÔòÉÔòÉÔòÉÔòÉÔòÉÔòÉÔòÉÔòÉÔòÉÔòÉÔòÉÔòÉÔòÉÔòÉÔòÉÔòÉÔòÉÔòÉÔòÉÔòÉÔòÉÔòÉÔòÉÔòÉÔòÉÔòÉÔòÉÔòÉÔòÉÔòÉÔòÉÔòÉÔòÉÔòÉÔòÉÔòÉÔòÉÔòÉÔòÉÔòÉÔòÉÔòÉÔòÉÔòÉÔòÉÔòÉÔòÉÔòÉÔòÉÔòÉÔòÉÔòÉÔòÉÔòÉÔòÉÔòù
    Ôòæ Looks like Playwright Test or Playwright was just installed or updated. Ôòæ
    Ôòæ Please run the following command to download new browsers:              Ôòæ
    Ôòæ                                                                         Ôòæ
    Ôòæ     npx playwright install                                              Ôòæ
    Ôòæ                                                                         Ôòæ
    Ôòæ <3 Playwright Team                                                      Ôòæ
    ÔòÜÔòÉÔòÉÔòÉÔòÉÔòÉÔòÉÔòÉÔòÉÔòÉÔòÉÔòÉÔòÉÔòÉÔòÉÔòÉÔòÉÔòÉÔòÉÔòÉÔòÉÔòÉÔòÉÔòÉÔòÉÔòÉÔòÉÔòÉÔòÉÔòÉÔòÉÔòÉÔòÉÔòÉÔòÉÔòÉÔòÉÔòÉÔòÉÔòÉÔòÉÔòÉÔòÉÔòÉÔòÉÔòÉÔòÉÔòÉÔòÉÔòÉÔòÉÔòÉÔòÉÔòÉÔòÉÔòÉÔòÉÔòÉÔòÉÔòÉÔòÉÔòÉÔòÉÔòÉÔòÉÔòÉÔòÉÔòÉÔòÉÔòÉÔòÉÔòÉÔòÉÔòÉÔòØ


[1A[2K[220/580] [chromium] ÔÇ║ src\tests\e2e\cross-browser.spec.ts:89:5 ÔÇ║ Compatibilidad Chrome Mobile ÔÇ║ deber├¡a funcionar la navegaci├│n t├íctil en m├│viles
[1A[2K  219) [chromium] ÔÇ║ src\tests\e2e\cross-browser.spec.ts:67:5 ÔÇ║ Compatibilidad Chrome Mobile ÔÇ║ deber├¡a soportar caracter├¡sticas CSS modernas 

    Error: browserType.launch: Executable doesn't exist at C:\Users\conej\AppData\Local\ms-playwright\chromium_headless_shell-1200\chrome-headless-shell-win64\chrome-headless-shell.exe
    ÔòöÔòÉÔòÉÔòÉÔòÉÔòÉÔòÉÔòÉÔòÉÔòÉÔòÉÔòÉÔòÉÔòÉÔòÉÔòÉÔòÉÔòÉÔòÉÔòÉÔòÉÔòÉÔòÉÔòÉÔòÉÔòÉÔòÉÔòÉÔòÉÔòÉÔòÉÔòÉÔòÉÔòÉÔòÉÔòÉÔòÉÔòÉÔòÉÔòÉÔòÉÔòÉÔòÉÔòÉÔòÉÔòÉÔòÉÔòÉÔòÉÔòÉÔòÉÔòÉÔòÉÔòÉÔòÉÔòÉÔòÉÔòÉÔòÉÔòÉÔòÉÔòÉÔòÉÔòÉÔòÉÔòÉÔòÉÔòÉÔòÉÔòÉÔòÉÔòÉÔòÉÔòÉÔòù
    Ôòæ Looks like Playwright Test or Playwright was just installed or updated. Ôòæ
    Ôòæ Please run the following command to download new browsers:              Ôòæ
    Ôòæ                                                                         Ôòæ
    Ôòæ     npx playwright install                                              Ôòæ
    Ôòæ                                                                         Ôòæ
    Ôòæ <3 Playwright Team                                                      Ôòæ
    ÔòÜÔòÉÔòÉÔòÉÔòÉÔòÉÔòÉÔòÉÔòÉÔòÉÔòÉÔòÉÔòÉÔòÉÔòÉÔòÉÔòÉÔòÉÔòÉÔòÉÔòÉÔòÉÔòÉÔòÉÔòÉÔòÉÔòÉÔòÉÔòÉÔòÉÔòÉÔòÉÔòÉÔòÉÔòÉÔòÉÔòÉÔòÉÔòÉÔòÉÔòÉÔòÉÔòÉÔòÉÔòÉÔòÉÔòÉÔòÉÔòÉÔòÉÔòÉÔòÉÔòÉÔòÉÔòÉÔòÉÔòÉÔòÉÔòÉÔòÉÔòÉÔòÉÔòÉÔòÉÔòÉÔòÉÔòÉÔòÉÔòÉÔòÉÔòÉÔòÉÔòÉÔòÉÔòØ


[1A[2K  220) [chromium] ÔÇ║ src\tests\e2e\cross-browser.spec.ts:89:5 ÔÇ║ Compatibilidad Chrome Mobile ÔÇ║ deber├¡a funcionar la navegaci├│n t├íctil en m├│viles 

    Error: browserType.launch: Executable doesn't exist at C:\Users\conej\AppData\Local\ms-playwright\chromium_headless_shell-1200\chrome-headless-shell-win64\chrome-headless-shell.exe
    ÔòöÔòÉÔòÉÔòÉÔòÉÔòÉÔòÉÔòÉÔòÉÔòÉÔòÉÔòÉÔòÉÔòÉÔòÉÔòÉÔòÉÔòÉÔòÉÔòÉÔòÉÔòÉÔòÉÔòÉÔòÉÔòÉÔòÉÔòÉÔòÉÔòÉÔòÉÔòÉÔòÉÔòÉÔòÉÔòÉÔòÉÔòÉÔòÉÔòÉÔòÉÔòÉÔòÉÔòÉÔòÉÔòÉÔòÉÔòÉÔòÉÔòÉÔòÉÔòÉÔòÉÔòÉÔòÉÔòÉÔòÉÔòÉÔòÉÔòÉÔòÉÔòÉÔòÉÔòÉÔòÉÔòÉÔòÉÔòÉÔòÉÔòÉÔòÉÔòÉÔòÉÔòÉÔòù
    Ôòæ Looks like Playwright Test or Playwright was just installed or updated. Ôòæ
    Ôòæ Please run the following command to download new browsers:              Ôòæ
    Ôòæ                                                                         Ôòæ
    Ôòæ     npx playwright install                                              Ôòæ
    Ôòæ                                                                         Ôòæ
    Ôòæ <3 Playwright Team                                                      Ôòæ
    ÔòÜÔòÉÔòÉÔòÉÔòÉÔòÉÔòÉÔòÉÔòÉÔòÉÔòÉÔòÉÔòÉÔòÉÔòÉÔòÉÔòÉÔòÉÔòÉÔòÉÔòÉÔòÉÔòÉÔòÉÔòÉÔòÉÔòÉÔòÉÔòÉÔòÉÔòÉÔòÉÔòÉÔòÉÔòÉÔòÉÔòÉÔòÉÔòÉÔòÉÔòÉÔòÉÔòÉÔòÉÔòÉÔòÉÔòÉÔòÉÔòÉÔòÉÔòÉÔòÉÔòÉÔòÉÔòÉÔòÉÔòÉÔòÉÔòÉÔòÉÔòÉÔòÉÔòÉÔòÉÔòÉÔòÉÔòÉÔòÉÔòÉÔòÉÔòÉÔòÉÔòÉÔòÉÔòØ


[1A[2K[221/580] [chromium] ÔÇ║ src\tests\e2e\cross-browser.spec.ts:104:5 ÔÇ║ Compatibilidad Chrome Mobile ÔÇ║ deber├¡a manejar eventos de JavaScript correctamente
[1A[2K[222/580] [chromium] ÔÇ║ src\tests\e2e\cross-browser.spec.ts:121:5 ÔÇ║ Compatibilidad Chrome Mobile ÔÇ║ deber├¡a cargar fuentes web correctamente
[1A[2K  221) [chromium] ÔÇ║ src\tests\e2e\cross-browser.spec.ts:104:5 ÔÇ║ Compatibilidad Chrome Mobile ÔÇ║ deber├¡a manejar eventos de JavaScript correctamente 

    Error: browserType.launch: Executable doesn't exist at C:\Users\conej\AppData\Local\ms-playwright\chromium_headless_shell-1200\chrome-headless-shell-win64\chrome-headless-shell.exe
    ÔòöÔòÉÔòÉÔòÉÔòÉÔòÉÔòÉÔòÉÔòÉÔòÉÔòÉÔòÉÔòÉÔòÉÔòÉÔòÉÔòÉÔòÉÔòÉÔòÉÔòÉÔòÉÔòÉÔòÉÔòÉÔòÉÔòÉÔòÉÔòÉÔòÉÔòÉÔòÉÔòÉÔòÉÔòÉÔòÉÔòÉÔòÉÔòÉÔòÉÔòÉÔòÉÔòÉÔòÉÔòÉÔòÉÔòÉÔòÉÔòÉÔòÉÔòÉÔòÉÔòÉÔòÉÔòÉÔòÉÔòÉÔòÉÔòÉÔòÉÔòÉÔòÉÔòÉÔòÉÔòÉÔòÉÔòÉÔòÉÔòÉÔòÉÔòÉÔòÉÔòÉÔòÉÔòù
    Ôòæ Looks like Playwright Test or Playwright was just installed or updated. Ôòæ
    Ôòæ Please run the following command to download new browsers:              Ôòæ
    Ôòæ                                                                         Ôòæ
    Ôòæ     npx playwright install                                              Ôòæ
    Ôòæ                                                                         Ôòæ
    Ôòæ <3 Playwright Team                                                      Ôòæ
    ÔòÜÔòÉÔòÉÔòÉÔòÉÔòÉÔòÉÔòÉÔòÉÔòÉÔòÉÔòÉÔòÉÔòÉÔòÉÔòÉÔòÉÔòÉÔòÉÔòÉÔòÉÔòÉÔòÉÔòÉÔòÉÔòÉÔòÉÔòÉÔòÉÔòÉÔòÉÔòÉÔòÉÔòÉÔòÉÔòÉÔòÉÔòÉÔòÉÔòÉÔòÉÔòÉÔòÉÔòÉÔòÉÔòÉÔòÉÔòÉÔòÉÔòÉÔòÉÔòÉÔòÉÔòÉÔòÉÔòÉÔòÉÔòÉÔòÉÔòÉÔòÉÔòÉÔòÉÔòÉÔòÉÔòÉÔòÉÔòÉÔòÉÔòÉÔòÉÔòÉÔòÉÔòÉÔòØ


[1A[2K  222) [chromium] ÔÇ║ src\tests\e2e\cross-browser.spec.ts:121:5 ÔÇ║ Compatibilidad Chrome Mobile ÔÇ║ deber├¡a cargar fuentes web correctamente 

    Error: browserType.launch: Executable doesn't exist at C:\Users\conej\AppData\Local\ms-playwright\chromium_headless_shell-1200\chrome-headless-shell-win64\chrome-headless-shell.exe
    ÔòöÔòÉÔòÉÔòÉÔòÉÔòÉÔòÉÔòÉÔòÉÔòÉÔòÉÔòÉÔòÉÔòÉÔòÉÔòÉÔòÉÔòÉÔòÉÔòÉÔòÉÔòÉÔòÉÔòÉÔòÉÔòÉÔòÉÔòÉÔòÉÔòÉÔòÉÔòÉÔòÉÔòÉÔòÉÔòÉÔòÉÔòÉÔòÉÔòÉÔòÉÔòÉÔòÉÔòÉÔòÉÔòÉÔòÉÔòÉÔòÉÔòÉÔòÉÔòÉÔòÉÔòÉÔòÉÔòÉÔòÉÔòÉÔòÉÔòÉÔòÉÔòÉÔòÉÔòÉÔòÉÔòÉÔòÉÔòÉÔòÉÔòÉÔòÉÔòÉÔòÉÔòÉÔòù
    Ôòæ Looks like Playwright Test or Playwright was just installed or updated. Ôòæ
    Ôòæ Please run the following command to download new browsers:              Ôòæ
    Ôòæ                                                                         Ôòæ
    Ôòæ     npx playwright install                                              Ôòæ
    Ôòæ                                                                         Ôòæ
    Ôòæ <3 Playwright Team                                                      Ôòæ
    ÔòÜÔòÉÔòÉÔòÉÔòÉÔòÉÔòÉÔòÉÔòÉÔòÉÔòÉÔòÉÔòÉÔòÉÔòÉÔòÉÔòÉÔòÉÔòÉÔòÉÔòÉÔòÉÔòÉÔòÉÔòÉÔòÉÔòÉÔòÉÔòÉÔòÉÔòÉÔòÉÔòÉÔòÉÔòÉÔòÉÔòÉÔòÉÔòÉÔòÉÔòÉÔòÉÔòÉÔòÉÔòÉÔòÉÔòÉÔòÉÔòÉÔòÉÔòÉÔòÉÔòÉÔòÉÔòÉÔòÉÔòÉÔòÉÔòÉÔòÉÔòÉÔòÉÔòÉÔòÉÔòÉÔòÉÔòÉÔòÉÔòÉÔòÉÔòÉÔòÉÔòÉÔòÉÔòØ


[1A[2K[223/580] [chromium] ÔÇ║ src\tests\e2e\cross-browser.spec.ts:135:5 ÔÇ║ Compatibilidad Chrome Mobile ÔÇ║ deber├¡a soportar animaciones CSS
[1A[2K  223) [chromium] ÔÇ║ src\tests\e2e\cross-browser.spec.ts:135:5 ÔÇ║ Compatibilidad Chrome Mobile ÔÇ║ deber├¡a soportar animaciones CSS 

    Error: browserType.launch: Executable doesn't exist at C:\Users\conej\AppData\Local\ms-playwright\chromium_headless_shell-1200\chrome-headless-shell-win64\chrome-headless-shell.exe
    ÔòöÔòÉÔòÉÔòÉÔòÉÔòÉÔòÉÔòÉÔòÉÔòÉÔòÉÔòÉÔòÉÔòÉÔòÉÔòÉÔòÉÔòÉÔòÉÔòÉÔòÉÔòÉÔòÉÔòÉÔòÉÔòÉÔòÉÔòÉÔòÉÔòÉÔòÉÔòÉÔòÉÔòÉÔòÉÔòÉÔòÉÔòÉÔòÉÔòÉÔòÉÔòÉÔòÉÔòÉÔòÉÔòÉÔòÉÔòÉÔòÉÔòÉÔòÉÔòÉÔòÉÔòÉÔòÉÔòÉÔòÉÔòÉÔòÉÔòÉÔòÉÔòÉÔòÉÔòÉÔòÉÔòÉÔòÉÔòÉÔòÉÔòÉÔòÉÔòÉÔòÉÔòÉÔòù
    Ôòæ Looks like Playwright Test or Playwright was just installed or updated. Ôòæ
    Ôòæ Please run the following command to download new browsers:              Ôòæ
    Ôòæ                                                                         Ôòæ
    Ôòæ     npx playwright install                                              Ôòæ
    Ôòæ                                                                         Ôòæ
    Ôòæ <3 Playwright Team                                                      Ôòæ
    ÔòÜÔòÉÔòÉÔòÉÔòÉÔòÉÔòÉÔòÉÔòÉÔòÉÔòÉÔòÉÔòÉÔòÉÔòÉÔòÉÔòÉÔòÉÔòÉÔòÉÔòÉÔòÉÔòÉÔòÉÔòÉÔòÉÔòÉÔòÉÔòÉÔòÉÔòÉÔòÉÔòÉÔòÉÔòÉÔòÉÔòÉÔòÉÔòÉÔòÉÔòÉÔòÉÔòÉÔòÉÔòÉÔòÉÔòÉÔòÉÔòÉÔòÉÔòÉÔòÉÔòÉÔòÉÔòÉÔòÉÔòÉÔòÉÔòÉÔòÉÔòÉÔòÉÔòÉÔòÉÔòÉÔòÉÔòÉÔòÉÔòÉÔòÉÔòÉÔòÉÔòÉÔòÉÔòØ


[1A[2K[224/580] [chromium] ÔÇ║ src\tests\e2e\cross-browser.spec.ts:149:5 ÔÇ║ Compatibilidad Chrome Mobile ÔÇ║ deber├¡a manejar media queries responsive
[1A[2K  224) [chromium] ÔÇ║ src\tests\e2e\cross-browser.spec.ts:149:5 ÔÇ║ Compatibilidad Chrome Mobile ÔÇ║ deber├¡a manejar media queries responsive 

    Error: browserType.launch: Executable doesn't exist at C:\Users\conej\AppData\Local\ms-playwright\chromium_headless_shell-1200\chrome-headless-shell-win64\chrome-headless-shell.exe
    ÔòöÔòÉÔòÉÔòÉÔòÉÔòÉÔòÉÔòÉÔòÉÔòÉÔòÉÔòÉÔòÉÔòÉÔòÉÔòÉÔòÉÔòÉÔòÉÔòÉÔòÉÔòÉÔòÉÔòÉÔòÉÔòÉÔòÉÔòÉÔòÉÔòÉÔòÉÔòÉÔòÉÔòÉÔòÉÔòÉÔòÉÔòÉÔòÉÔòÉÔòÉÔòÉÔòÉÔòÉÔòÉÔòÉÔòÉÔòÉÔòÉÔòÉÔòÉÔòÉÔòÉÔòÉÔòÉÔòÉÔòÉÔòÉÔòÉÔòÉÔòÉÔòÉÔòÉÔòÉÔòÉÔòÉÔòÉÔòÉÔòÉÔòÉÔòÉÔòÉÔòÉÔòÉÔòù
    Ôòæ Looks like Playwright Test or Playwright was just installed or updated. Ôòæ
    Ôòæ Please run the following command to download new browsers:              Ôòæ
    Ôòæ                                                                         Ôòæ
    Ôòæ     npx playwright install                                              Ôòæ
    Ôòæ                                                                         Ôòæ
    Ôòæ <3 Playwright Team                                                      Ôòæ
    ÔòÜÔòÉÔòÉÔòÉÔòÉÔòÉÔòÉÔòÉÔòÉÔòÉÔòÉÔòÉÔòÉÔòÉÔòÉÔòÉÔòÉÔòÉÔòÉÔòÉÔòÉÔòÉÔòÉÔòÉÔòÉÔòÉÔòÉÔòÉÔòÉÔòÉÔòÉÔòÉÔòÉÔòÉÔòÉÔòÉÔòÉÔòÉÔòÉÔòÉÔòÉÔòÉÔòÉÔòÉÔòÉÔòÉÔòÉÔòÉÔòÉÔòÉÔòÉÔòÉÔòÉÔòÉÔòÉÔòÉÔòÉÔòÉÔòÉÔòÉÔòÉÔòÉÔòÉÔòÉÔòÉÔòÉÔòÉÔòÉÔòÉÔòÉÔòÉÔòÉÔòÉÔòÉÔòØ


[1A[2K[225/580] [chromium] ÔÇ║ src\tests\e2e\cross-browser.spec.ts:167:5 ÔÇ║ Compatibilidad Chrome Mobile ÔÇ║ deber├¡a funcionar localStorage y sessionStorage
[1A[2K  225) [chromium] ÔÇ║ src\tests\e2e\cross-browser.spec.ts:167:5 ÔÇ║ Compatibilidad Chrome Mobile ÔÇ║ deber├¡a funcionar localStorage y sessionStorage 

    Error: browserType.launch: Executable doesn't exist at C:\Users\conej\AppData\Local\ms-playwright\chromium_headless_shell-1200\chrome-headless-shell-win64\chrome-headless-shell.exe
    ÔòöÔòÉÔòÉÔòÉÔòÉÔòÉÔòÉÔòÉÔòÉÔòÉÔòÉÔòÉÔòÉÔòÉÔòÉÔòÉÔòÉÔòÉÔòÉÔòÉÔòÉÔòÉÔòÉÔòÉÔòÉÔòÉÔòÉÔòÉÔòÉÔòÉÔòÉÔòÉÔòÉÔòÉÔòÉÔòÉÔòÉÔòÉÔòÉÔòÉÔòÉÔòÉÔòÉÔòÉÔòÉÔòÉÔòÉÔòÉÔòÉÔòÉÔòÉÔòÉÔòÉÔòÉÔòÉÔòÉÔòÉÔòÉÔòÉÔòÉÔòÉÔòÉÔòÉÔòÉÔòÉÔòÉÔòÉÔòÉÔòÉÔòÉÔòÉÔòÉÔòÉÔòÉÔòù
    Ôòæ Looks like Playwright Test or Playwright was just installed or updated. Ôòæ
    Ôòæ Please run the following command to download new browsers:              Ôòæ
    Ôòæ                                                                         Ôòæ
    Ôòæ     npx playwright install                                              Ôòæ
    Ôòæ                                                                         Ôòæ
    Ôòæ <3 Playwright Team                                                      Ôòæ
    ÔòÜÔòÉÔòÉÔòÉÔòÉÔòÉÔòÉÔòÉÔòÉÔòÉÔòÉÔòÉÔòÉÔòÉÔòÉÔòÉÔòÉÔòÉÔòÉÔòÉÔòÉÔòÉÔòÉÔòÉÔòÉÔòÉÔòÉÔòÉÔòÉÔòÉÔòÉÔòÉÔòÉÔòÉÔòÉÔòÉÔòÉÔòÉÔòÉÔòÉÔòÉÔòÉÔòÉÔòÉÔòÉÔòÉÔòÉÔòÉÔòÉÔòÉÔòÉÔòÉÔòÉÔòÉÔòÉÔòÉÔòÉÔòÉÔòÉÔòÉÔòÉÔòÉÔòÉÔòÉÔòÉÔòÉÔòÉÔòÉÔòÉÔòÉÔòÉÔòÉÔòÉÔòÉÔòØ


[1A[2K[226/580] [chromium] ÔÇ║ src\tests\e2e\cross-browser.spec.ts:199:5 ÔÇ║ Compatibilidad Chrome Mobile ÔÇ║ deber├¡a soportar APIs modernas del navegador
[1A[2K[227/580] [chromium] ÔÇ║ src\tests\e2e\cross-browser.spec.ts:221:5 ÔÇ║ Compatibilidad Chrome Mobile ÔÇ║ deber├¡a manejar errores de red graciosamente
[1A[2K[228/580] [chromium] ÔÇ║ src\tests\e2e\cross-browser.spec.ts:234:5 ÔÇ║ Compatibilidad Chrome Mobile ÔÇ║ deber├¡a funcionar con diferentes resoluciones de pantalla
[1A[2K  226) [chromium] ÔÇ║ src\tests\e2e\cross-browser.spec.ts:199:5 ÔÇ║ Compatibilidad Chrome Mobile ÔÇ║ deber├¡a soportar APIs modernas del navegador 

    Error: browserType.launch: Executable doesn't exist at C:\Users\conej\AppData\Local\ms-playwright\chromium_headless_shell-1200\chrome-headless-shell-win64\chrome-headless-shell.exe
    ÔòöÔòÉÔòÉÔòÉÔòÉÔòÉÔòÉÔòÉÔòÉÔòÉÔòÉÔòÉÔòÉÔòÉÔòÉÔòÉÔòÉÔòÉÔòÉÔòÉÔòÉÔòÉÔòÉÔòÉÔòÉÔòÉÔòÉÔòÉÔòÉÔòÉÔòÉÔòÉÔòÉÔòÉÔòÉÔòÉÔòÉÔòÉÔòÉÔòÉÔòÉÔòÉÔòÉÔòÉÔòÉÔòÉÔòÉÔòÉÔòÉÔòÉÔòÉÔòÉÔòÉÔòÉÔòÉÔòÉÔòÉÔòÉÔòÉÔòÉÔòÉÔòÉÔòÉÔòÉÔòÉÔòÉÔòÉÔòÉÔòÉÔòÉÔòÉÔòÉÔòÉÔòÉÔòù
    Ôòæ Looks like Playwright Test or Playwright was just installed or updated. Ôòæ
    Ôòæ Please run the following command to download new browsers:              Ôòæ
    Ôòæ                                                                         Ôòæ
    Ôòæ     npx playwright install                                              Ôòæ
    Ôòæ                                                                         Ôòæ
    Ôòæ <3 Playwright Team                                                      Ôòæ
    ÔòÜÔòÉÔòÉÔòÉÔòÉÔòÉÔòÉÔòÉÔòÉÔòÉÔòÉÔòÉÔòÉÔòÉÔòÉÔòÉÔòÉÔòÉÔòÉÔòÉÔòÉÔòÉÔòÉÔòÉÔòÉÔòÉÔòÉÔòÉÔòÉÔòÉÔòÉÔòÉÔòÉÔòÉÔòÉÔòÉÔòÉÔòÉÔòÉÔòÉÔòÉÔòÉÔòÉÔòÉÔòÉÔòÉÔòÉÔòÉÔòÉÔòÉÔòÉÔòÉÔòÉÔòÉÔòÉÔòÉÔòÉÔòÉÔòÉÔòÉÔòÉÔòÉÔòÉÔòÉÔòÉÔòÉÔòÉÔòÉÔòÉÔòÉÔòÉÔòÉÔòÉÔòÉÔòØ


[1A[2K  227) [chromium] ÔÇ║ src\tests\e2e\cross-browser.spec.ts:221:5 ÔÇ║ Compatibilidad Chrome Mobile ÔÇ║ deber├¡a manejar errores de red graciosamente 

    Error: browserType.launch: Executable doesn't exist at C:\Users\conej\AppData\Local\ms-playwright\chromium_headless_shell-1200\chrome-headless-shell-win64\chrome-headless-shell.exe
    ÔòöÔòÉÔòÉÔòÉÔòÉÔòÉÔòÉÔòÉÔòÉÔòÉÔòÉÔòÉÔòÉÔòÉÔòÉÔòÉÔòÉÔòÉÔòÉÔòÉÔòÉÔòÉÔòÉÔòÉÔòÉÔòÉÔòÉÔòÉÔòÉÔòÉÔòÉÔòÉÔòÉÔòÉÔòÉÔòÉÔòÉÔòÉÔòÉÔòÉÔòÉÔòÉÔòÉÔòÉÔòÉÔòÉÔòÉÔòÉÔòÉÔòÉÔòÉÔòÉÔòÉÔòÉÔòÉÔòÉÔòÉÔòÉÔòÉÔòÉÔòÉÔòÉÔòÉÔòÉÔòÉÔòÉÔòÉÔòÉÔòÉÔòÉÔòÉÔòÉÔòÉÔòÉÔòù
    Ôòæ Looks like Playwright Test or Playwright was just installed or updated. Ôòæ
    Ôòæ Please run the following command to download new browsers:              Ôòæ
    Ôòæ                                                                         Ôòæ
    Ôòæ     npx playwright install                                              Ôòæ
    Ôòæ                                                                         Ôòæ
    Ôòæ <3 Playwright Team                                                      Ôòæ
    ÔòÜÔòÉÔòÉÔòÉÔòÉÔòÉÔòÉÔòÉÔòÉÔòÉÔòÉÔòÉÔòÉÔòÉÔòÉÔòÉÔòÉÔòÉÔòÉÔòÉÔòÉÔòÉÔòÉÔòÉÔòÉÔòÉÔòÉÔòÉÔòÉÔòÉÔòÉÔòÉÔòÉÔòÉÔòÉÔòÉÔòÉÔòÉÔòÉÔòÉÔòÉÔòÉÔòÉÔòÉÔòÉÔòÉÔòÉÔòÉÔòÉÔòÉÔòÉÔòÉÔòÉÔòÉÔòÉÔòÉÔòÉÔòÉÔòÉÔòÉÔòÉÔòÉÔòÉÔòÉÔòÉÔòÉÔòÉÔòÉÔòÉÔòÉÔòÉÔòÉÔòÉÔòÉÔòØ


[1A[2K  228) [chromium] ÔÇ║ src\tests\e2e\cross-browser.spec.ts:234:5 ÔÇ║ Compatibilidad Chrome Mobile ÔÇ║ deber├¡a funcionar con diferentes resoluciones de pantalla 

    Error: browserType.launch: Executable doesn't exist at C:\Users\conej\AppData\Local\ms-playwright\chromium_headless_shell-1200\chrome-headless-shell-win64\chrome-headless-shell.exe
    ÔòöÔòÉÔòÉÔòÉÔòÉÔòÉÔòÉÔòÉÔòÉÔòÉÔòÉÔòÉÔòÉÔòÉÔòÉÔòÉÔòÉÔòÉÔòÉÔòÉÔòÉÔòÉÔòÉÔòÉÔòÉÔòÉÔòÉÔòÉÔòÉÔòÉÔòÉÔòÉÔòÉÔòÉÔòÉÔòÉÔòÉÔòÉÔòÉÔòÉÔòÉÔòÉÔòÉÔòÉÔòÉÔòÉÔòÉÔòÉÔòÉÔòÉÔòÉÔòÉÔòÉÔòÉÔòÉÔòÉÔòÉÔòÉÔòÉÔòÉÔòÉÔòÉÔòÉÔòÉÔòÉÔòÉÔòÉÔòÉÔòÉÔòÉÔòÉÔòÉÔòÉÔòÉÔòù
    Ôòæ Looks like Playwright Test or Playwright was just installed or updated. Ôòæ
    Ôòæ Please run the following command to download new browsers:              Ôòæ
    Ôòæ                                                                         Ôòæ
    Ôòæ     npx playwright install                                              Ôòæ
    Ôòæ                                                                         Ôòæ
    Ôòæ <3 Playwright Team                                                      Ôòæ
    ÔòÜÔòÉÔòÉÔòÉÔòÉÔòÉÔòÉÔòÉÔòÉÔòÉÔòÉÔòÉÔòÉÔòÉÔòÉÔòÉÔòÉÔòÉÔòÉÔòÉÔòÉÔòÉÔòÉÔòÉÔòÉÔòÉÔòÉÔòÉÔòÉÔòÉÔòÉÔòÉÔòÉÔòÉÔòÉÔòÉÔòÉÔòÉÔòÉÔòÉÔòÉÔòÉÔòÉÔòÉÔòÉÔòÉÔòÉÔòÉÔòÉÔòÉÔòÉÔòÉÔòÉÔòÉÔòÉÔòÉÔòÉÔòÉÔòÉÔòÉÔòÉÔòÉÔòÉÔòÉÔòÉÔòÉÔòÉÔòÉÔòÉÔòÉÔòÉÔòÉÔòÉÔòÉÔòØ


[1A[2K[229/580] [chromium] ÔÇ║ src\tests\e2e\cross-browser.spec.ts:258:5 ÔÇ║ Compatibilidad Chrome Mobile ÔÇ║ deber├¡a soportar modo oscuro/claro del sistema
[1A[2K[230/580] [chromium] ÔÇ║ src\tests\e2e\cross-browser.spec.ts:278:5 ÔÇ║ Compatibilidad Chrome Mobile ÔÇ║ deber├¡a funcionar con diferentes configuraciones de accesibilidad
[1A[2K  229) [chromium] ÔÇ║ src\tests\e2e\cross-browser.spec.ts:258:5 ÔÇ║ Compatibilidad Chrome Mobile ÔÇ║ deber├¡a soportar modo oscuro/claro del sistema 

    Error: browserType.launch: Executable doesn't exist at C:\Users\conej\AppData\Local\ms-playwright\chromium_headless_shell-1200\chrome-headless-shell-win64\chrome-headless-shell.exe
    ÔòöÔòÉÔòÉÔòÉÔòÉÔòÉÔòÉÔòÉÔòÉÔòÉÔòÉÔòÉÔòÉÔòÉÔòÉÔòÉÔòÉÔòÉÔòÉÔòÉÔòÉÔòÉÔòÉÔòÉÔòÉÔòÉÔòÉÔòÉÔòÉÔòÉÔòÉÔòÉÔòÉÔòÉÔòÉÔòÉÔòÉÔòÉÔòÉÔòÉÔòÉÔòÉÔòÉÔòÉÔòÉÔòÉÔòÉÔòÉÔòÉÔòÉÔòÉÔòÉÔòÉÔòÉÔòÉÔòÉÔòÉÔòÉÔòÉÔòÉÔòÉÔòÉÔòÉÔòÉÔòÉÔòÉÔòÉÔòÉÔòÉÔòÉÔòÉÔòÉÔòÉÔòÉÔòù
    Ôòæ Looks like Playwright Test or Playwright was just installed or updated. Ôòæ
    Ôòæ Please run the following command to download new browsers:              Ôòæ
    Ôòæ                                                                         Ôòæ
    Ôòæ     npx playwright install                                              Ôòæ
    Ôòæ                                                                         Ôòæ
    Ôòæ <3 Playwright Team                                                      Ôòæ
    ÔòÜÔòÉÔòÉÔòÉÔòÉÔòÉÔòÉÔòÉÔòÉÔòÉÔòÉÔòÉÔòÉÔòÉÔòÉÔòÉÔòÉÔòÉÔòÉÔòÉÔòÉÔòÉÔòÉÔòÉÔòÉÔòÉÔòÉÔòÉÔòÉÔòÉÔòÉÔòÉÔòÉÔòÉÔòÉÔòÉÔòÉÔòÉÔòÉÔòÉÔòÉÔòÉÔòÉÔòÉÔòÉÔòÉÔòÉÔòÉÔòÉÔòÉÔòÉÔòÉÔòÉÔòÉÔòÉÔòÉÔòÉÔòÉÔòÉÔòÉÔòÉÔòÉÔòÉÔòÉÔòÉÔòÉÔòÉÔòÉÔòÉÔòÉÔòÉÔòÉÔòÉÔòÉÔòØ


[1A[2K  230) [chromium] ÔÇ║ src\tests\e2e\cross-browser.spec.ts:278:5 ÔÇ║ Compatibilidad Chrome Mobile ÔÇ║ deber├¡a funcionar con diferentes configuraciones de accesibilidad 

    Error: browserType.launch: Executable doesn't exist at C:\Users\conej\AppData\Local\ms-playwright\chromium_headless_shell-1200\chrome-headless-shell-win64\chrome-headless-shell.exe
    ÔòöÔòÉÔòÉÔòÉÔòÉÔòÉÔòÉÔòÉÔòÉÔòÉÔòÉÔòÉÔòÉÔòÉÔòÉÔòÉÔòÉÔòÉÔòÉÔòÉÔòÉÔòÉÔòÉÔòÉÔòÉÔòÉÔòÉÔòÉÔòÉÔòÉÔòÉÔòÉÔòÉÔòÉÔòÉÔòÉÔòÉÔòÉÔòÉÔòÉÔòÉÔòÉÔòÉÔòÉÔòÉÔòÉÔòÉÔòÉÔòÉÔòÉÔòÉÔòÉÔòÉÔòÉÔòÉÔòÉÔòÉÔòÉÔòÉÔòÉÔòÉÔòÉÔòÉÔòÉÔòÉÔòÉÔòÉÔòÉÔòÉÔòÉÔòÉÔòÉÔòÉÔòÉÔòù
    Ôòæ Looks like Playwright Test or Playwright was just installed or updated. Ôòæ
    Ôòæ Please run the following command to download new browsers:              Ôòæ
    Ôòæ                                                                         Ôòæ
    Ôòæ     npx playwright install                                              Ôòæ
    Ôòæ                                                                         Ôòæ
    Ôòæ <3 Playwright Team                                                      Ôòæ
    ÔòÜÔòÉÔòÉÔòÉÔòÉÔòÉÔòÉÔòÉÔòÉÔòÉÔòÉÔòÉÔòÉÔòÉÔòÉÔòÉÔòÉÔòÉÔòÉÔòÉÔòÉÔòÉÔòÉÔòÉÔòÉÔòÉÔòÉÔòÉÔòÉÔòÉÔòÉÔòÉÔòÉÔòÉÔòÉÔòÉÔòÉÔòÉÔòÉÔòÉÔòÉÔòÉÔòÉÔòÉÔòÉÔòÉÔòÉÔòÉÔòÉÔòÉÔòÉÔòÉÔòÉÔòÉÔòÉÔòÉÔòÉÔòÉÔòÉÔòÉÔòÉÔòÉÔòÉÔòÉÔòÉÔòÉÔòÉÔòÉÔòÉÔòÉÔòÉÔòÉÔòÉÔòÉÔòØ


[1A[2K[231/580] [chromium] ÔÇ║ src\tests\e2e\cross-browser.spec.ts:27:5 ÔÇ║ Compatibilidad Safari Mobile ÔÇ║ deber├¡a cargar la p├ígina principal correctamente
[1A[2K  231) [chromium] ÔÇ║ src\tests\e2e\cross-browser.spec.ts:27:5 ÔÇ║ Compatibilidad Safari Mobile ÔÇ║ deber├¡a cargar la p├ígina principal correctamente 

    Error: browserType.launch: Executable doesn't exist at C:\Users\conej\AppData\Local\ms-playwright\chromium_headless_shell-1200\chrome-headless-shell-win64\chrome-headless-shell.exe
    ÔòöÔòÉÔòÉÔòÉÔòÉÔòÉÔòÉÔòÉÔòÉÔòÉÔòÉÔòÉÔòÉÔòÉÔòÉÔòÉÔòÉÔòÉÔòÉÔòÉÔòÉÔòÉÔòÉÔòÉÔòÉÔòÉÔòÉÔòÉÔòÉÔòÉÔòÉÔòÉÔòÉÔòÉÔòÉÔòÉÔòÉÔòÉÔòÉÔòÉÔòÉÔòÉÔòÉÔòÉÔòÉÔòÉÔòÉÔòÉÔòÉÔòÉÔòÉÔòÉÔòÉÔòÉÔòÉÔòÉÔòÉÔòÉÔòÉÔòÉÔòÉÔòÉÔòÉÔòÉÔòÉÔòÉÔòÉÔòÉÔòÉÔòÉÔòÉÔòÉÔòÉÔòÉÔòù
    Ôòæ Looks like Playwright Test or Playwright was just installed or updated. Ôòæ
    Ôòæ Please run the following command to download new browsers:              Ôòæ
    Ôòæ                                                                         Ôòæ
    Ôòæ     npx playwright install                                              Ôòæ
    Ôòæ                                                                         Ôòæ
    Ôòæ <3 Playwright Team                                                      Ôòæ
    ÔòÜÔòÉÔòÉÔòÉÔòÉÔòÉÔòÉÔòÉÔòÉÔòÉÔòÉÔòÉÔòÉÔòÉÔòÉÔòÉÔòÉÔòÉÔòÉÔòÉÔòÉÔòÉÔòÉÔòÉÔòÉÔòÉÔòÉÔòÉÔòÉÔòÉÔòÉÔòÉÔòÉÔòÉÔòÉÔòÉÔòÉÔòÉÔòÉÔòÉÔòÉÔòÉÔòÉÔòÉÔòÉÔòÉÔòÉÔòÉÔòÉÔòÉÔòÉÔòÉÔòÉÔòÉÔòÉÔòÉÔòÉÔòÉÔòÉÔòÉÔòÉÔòÉÔòÉÔòÉÔòÉÔòÉÔòÉÔòÉÔòÉÔòÉÔòÉÔòÉÔòÉÔòÉÔòØ


[1A[2K[232/580] [chromium] ÔÇ║ src\tests\e2e\cross-browser.spec.ts:45:5 ÔÇ║ Compatibilidad Safari Mobile ÔÇ║ deber├¡a manejar CSS Grid y Flexbox correctamente
[1A[2K  232) [chromium] ÔÇ║ src\tests\e2e\cross-browser.spec.ts:45:5 ÔÇ║ Compatibilidad Safari Mobile ÔÇ║ deber├¡a manejar CSS Grid y Flexbox correctamente 

    Error: browserType.launch: Executable doesn't exist at C:\Users\conej\AppData\Local\ms-playwright\chromium_headless_shell-1200\chrome-headless-shell-win64\chrome-headless-shell.exe
    ÔòöÔòÉÔòÉÔòÉÔòÉÔòÉÔòÉÔòÉÔòÉÔòÉÔòÉÔòÉÔòÉÔòÉÔòÉÔòÉÔòÉÔòÉÔòÉÔòÉÔòÉÔòÉÔòÉÔòÉÔòÉÔòÉÔòÉÔòÉÔòÉÔòÉÔòÉÔòÉÔòÉÔòÉÔòÉÔòÉÔòÉÔòÉÔòÉÔòÉÔòÉÔòÉÔòÉÔòÉÔòÉÔòÉÔòÉÔòÉÔòÉÔòÉÔòÉÔòÉÔòÉÔòÉÔòÉÔòÉÔòÉÔòÉÔòÉÔòÉÔòÉÔòÉÔòÉÔòÉÔòÉÔòÉÔòÉÔòÉÔòÉÔòÉÔòÉÔòÉÔòÉÔòÉÔòù
    Ôòæ Looks like Playwright Test or Playwright was just installed or updated. Ôòæ
    Ôòæ Please run the following command to download new browsers:              Ôòæ
    Ôòæ                                                                         Ôòæ
    Ôòæ     npx playwright install                                              Ôòæ
    Ôòæ                                                                         Ôòæ
    Ôòæ <3 Playwright Team                                                      Ôòæ
    ÔòÜÔòÉÔòÉÔòÉÔòÉÔòÉÔòÉÔòÉÔòÉÔòÉÔòÉÔòÉÔòÉÔòÉÔòÉÔòÉÔòÉÔòÉÔòÉÔòÉÔòÉÔòÉÔòÉÔòÉÔòÉÔòÉÔòÉÔòÉÔòÉÔòÉÔòÉÔòÉÔòÉÔòÉÔòÉÔòÉÔòÉÔòÉÔòÉÔòÉÔòÉÔòÉÔòÉÔòÉÔòÉÔòÉÔòÉÔòÉÔòÉÔòÉÔòÉÔòÉÔòÉÔòÉÔòÉÔòÉÔòÉÔòÉÔòÉÔòÉÔòÉÔòÉÔòÉÔòÉÔòÉÔòÉÔòÉÔòÉÔòÉÔòÉÔòÉÔòÉÔòÉÔòÉÔòØ


[1A[2K[233/580] [chromium] ÔÇ║ src\tests\e2e\cross-browser.spec.ts:67:5 ÔÇ║ Compatibilidad Safari Mobile ÔÇ║ deber├¡a soportar caracter├¡sticas CSS modernas
[1A[2K  233) [chromium] ÔÇ║ src\tests\e2e\cross-browser.spec.ts:67:5 ÔÇ║ Compatibilidad Safari Mobile ÔÇ║ deber├¡a soportar caracter├¡sticas CSS modernas 

    Error: browserType.launch: Executable doesn't exist at C:\Users\conej\AppData\Local\ms-playwright\chromium_headless_shell-1200\chrome-headless-shell-win64\chrome-headless-shell.exe
    ÔòöÔòÉÔòÉÔòÉÔòÉÔòÉÔòÉÔòÉÔòÉÔòÉÔòÉÔòÉÔòÉÔòÉÔòÉÔòÉÔòÉÔòÉÔòÉÔòÉÔòÉÔòÉÔòÉÔòÉÔòÉÔòÉÔòÉÔòÉÔòÉÔòÉÔòÉÔòÉÔòÉÔòÉÔòÉÔòÉÔòÉÔòÉÔòÉÔòÉÔòÉÔòÉÔòÉÔòÉÔòÉÔòÉÔòÉÔòÉÔòÉÔòÉÔòÉÔòÉÔòÉÔòÉÔòÉÔòÉÔòÉÔòÉÔòÉÔòÉÔòÉÔòÉÔòÉÔòÉÔòÉÔòÉÔòÉÔòÉÔòÉÔòÉÔòÉÔòÉÔòÉÔòÉÔòù
    Ôòæ Looks like Playwright Test or Playwright was just installed or updated. Ôòæ
    Ôòæ Please run the following command to download new browsers:              Ôòæ
    Ôòæ                                                                         Ôòæ
    Ôòæ     npx playwright install                                              Ôòæ
    Ôòæ                                                                         Ôòæ
    Ôòæ <3 Playwright Team                                                      Ôòæ
    ÔòÜÔòÉÔòÉÔòÉÔòÉÔòÉÔòÉÔòÉÔòÉÔòÉÔòÉÔòÉÔòÉÔòÉÔòÉÔòÉÔòÉÔòÉÔòÉÔòÉÔòÉÔòÉÔòÉÔòÉÔòÉÔòÉÔòÉÔòÉÔòÉÔòÉÔòÉÔòÉÔòÉÔòÉÔòÉÔòÉÔòÉÔòÉÔòÉÔòÉÔòÉÔòÉÔòÉÔòÉÔòÉÔòÉÔòÉÔòÉÔòÉÔòÉÔòÉÔòÉÔòÉÔòÉÔòÉÔòÉÔòÉÔòÉÔòÉÔòÉÔòÉÔòÉÔòÉÔòÉÔòÉÔòÉÔòÉÔòÉÔòÉÔòÉÔòÉÔòÉÔòÉÔòÉÔòØ


[1A[2K[234/580] [chromium] ÔÇ║ src\tests\e2e\cross-browser.spec.ts:89:5 ÔÇ║ Compatibilidad Safari Mobile ÔÇ║ deber├¡a funcionar la navegaci├│n t├íctil en m├│viles
[1A[2K[235/580] [chromium] ÔÇ║ src\tests\e2e\cross-browser.spec.ts:104:5 ÔÇ║ Compatibilidad Safari Mobile ÔÇ║ deber├¡a manejar eventos de JavaScript correctamente
[1A[2K[236/580] [chromium] ÔÇ║ src\tests\e2e\cross-browser.spec.ts:121:5 ÔÇ║ Compatibilidad Safari Mobile ÔÇ║ deber├¡a cargar fuentes web correctamente
[1A[2K  234) [chromium] ÔÇ║ src\tests\e2e\cross-browser.spec.ts:89:5 ÔÇ║ Compatibilidad Safari Mobile ÔÇ║ deber├¡a funcionar la navegaci├│n t├íctil en m├│viles 

    Error: browserType.launch: Executable doesn't exist at C:\Users\conej\AppData\Local\ms-playwright\chromium_headless_shell-1200\chrome-headless-shell-win64\chrome-headless-shell.exe
    ÔòöÔòÉÔòÉÔòÉÔòÉÔòÉÔòÉÔòÉÔòÉÔòÉÔòÉÔòÉÔòÉÔòÉÔòÉÔòÉÔòÉÔòÉÔòÉÔòÉÔòÉÔòÉÔòÉÔòÉÔòÉÔòÉÔòÉÔòÉÔòÉÔòÉÔòÉÔòÉÔòÉÔòÉÔòÉÔòÉÔòÉÔòÉÔòÉÔòÉÔòÉÔòÉÔòÉÔòÉÔòÉÔòÉÔòÉÔòÉÔòÉÔòÉÔòÉÔòÉÔòÉÔòÉÔòÉÔòÉÔòÉÔòÉÔòÉÔòÉÔòÉÔòÉÔòÉÔòÉÔòÉÔòÉÔòÉÔòÉÔòÉÔòÉÔòÉÔòÉÔòÉÔòÉÔòù
    Ôòæ Looks like Playwright Test or Playwright was just installed or updated. Ôòæ
    Ôòæ Please run the following command to download new browsers:              Ôòæ
    Ôòæ                                                                         Ôòæ
    Ôòæ     npx playwright install                                              Ôòæ
    Ôòæ                                                                         Ôòæ
    Ôòæ <3 Playwright Team                                                      Ôòæ
    ÔòÜÔòÉÔòÉÔòÉÔòÉÔòÉÔòÉÔòÉÔòÉÔòÉÔòÉÔòÉÔòÉÔòÉÔòÉÔòÉÔòÉÔòÉÔòÉÔòÉÔòÉÔòÉÔòÉÔòÉÔòÉÔòÉÔòÉÔòÉÔòÉÔòÉÔòÉÔòÉÔòÉÔòÉÔòÉÔòÉÔòÉÔòÉÔòÉÔòÉÔòÉÔòÉÔòÉÔòÉÔòÉÔòÉÔòÉÔòÉÔòÉÔòÉÔòÉÔòÉÔòÉÔòÉÔòÉÔòÉÔòÉÔòÉÔòÉÔòÉÔòÉÔòÉÔòÉÔòÉÔòÉÔòÉÔòÉÔòÉÔòÉÔòÉÔòÉÔòÉÔòÉÔòÉÔòØ


[1A[2K  235) [chromium] ÔÇ║ src\tests\e2e\cross-browser.spec.ts:104:5 ÔÇ║ Compatibilidad Safari Mobile ÔÇ║ deber├¡a manejar eventos de JavaScript correctamente 

    Error: browserType.launch: Executable doesn't exist at C:\Users\conej\AppData\Local\ms-playwright\chromium_headless_shell-1200\chrome-headless-shell-win64\chrome-headless-shell.exe
    ÔòöÔòÉÔòÉÔòÉÔòÉÔòÉÔòÉÔòÉÔòÉÔòÉÔòÉÔòÉÔòÉÔòÉÔòÉÔòÉÔòÉÔòÉÔòÉÔòÉÔòÉÔòÉÔòÉÔòÉÔòÉÔòÉÔòÉÔòÉÔòÉÔòÉÔòÉÔòÉÔòÉÔòÉÔòÉÔòÉÔòÉÔòÉÔòÉÔòÉÔòÉÔòÉÔòÉÔòÉÔòÉÔòÉÔòÉÔòÉÔòÉÔòÉÔòÉÔòÉÔòÉÔòÉÔòÉÔòÉÔòÉÔòÉÔòÉÔòÉÔòÉÔòÉÔòÉÔòÉÔòÉÔòÉÔòÉÔòÉÔòÉÔòÉÔòÉÔòÉÔòÉÔòÉÔòù
    Ôòæ Looks like Playwright Test or Playwright was just installed or updated. Ôòæ
    Ôòæ Please run the following command to download new browsers:              Ôòæ
    Ôòæ                                                                         Ôòæ
    Ôòæ     npx playwright install                                              Ôòæ
    Ôòæ                                                                         Ôòæ
    Ôòæ <3 Playwright Team                                                      Ôòæ
    ÔòÜÔòÉÔòÉÔòÉÔòÉÔòÉÔòÉÔòÉÔòÉÔòÉÔòÉÔòÉÔòÉÔòÉÔòÉÔòÉÔòÉÔòÉÔòÉÔòÉÔòÉÔòÉÔòÉÔòÉÔòÉÔòÉÔòÉÔòÉÔòÉÔòÉÔòÉÔòÉÔòÉÔòÉÔòÉÔòÉÔòÉÔòÉÔòÉÔòÉÔòÉÔòÉÔòÉÔòÉÔòÉÔòÉÔòÉÔòÉÔòÉÔòÉÔòÉÔòÉÔòÉÔòÉÔòÉÔòÉÔòÉÔòÉÔòÉÔòÉÔòÉÔòÉÔòÉÔòÉÔòÉÔòÉÔòÉÔòÉÔòÉÔòÉÔòÉÔòÉÔòÉÔòÉÔòØ


[1A[2K  236) [chromium] ÔÇ║ src\tests\e2e\cross-browser.spec.ts:121:5 ÔÇ║ Compatibilidad Safari Mobile ÔÇ║ deber├¡a cargar fuentes web correctamente 

    Error: browserType.launch: Executable doesn't exist at C:\Users\conej\AppData\Local\ms-playwright\chromium_headless_shell-1200\chrome-headless-shell-win64\chrome-headless-shell.exe
    ÔòöÔòÉÔòÉÔòÉÔòÉÔòÉÔòÉÔòÉÔòÉÔòÉÔòÉÔòÉÔòÉÔòÉÔòÉÔòÉÔòÉÔòÉÔòÉÔòÉÔòÉÔòÉÔòÉÔòÉÔòÉÔòÉÔòÉÔòÉÔòÉÔòÉÔòÉÔòÉÔòÉÔòÉÔòÉÔòÉÔòÉÔòÉÔòÉÔòÉÔòÉÔòÉÔòÉÔòÉÔòÉÔòÉÔòÉÔòÉÔòÉÔòÉÔòÉÔòÉÔòÉÔòÉÔòÉÔòÉÔòÉÔòÉÔòÉÔòÉÔòÉÔòÉÔòÉÔòÉÔòÉÔòÉÔòÉÔòÉÔòÉÔòÉÔòÉÔòÉÔòÉÔòÉÔòù
    Ôòæ Looks like Playwright Test or Playwright was just installed or updated. Ôòæ
    Ôòæ Please run the following command to download new browsers:              Ôòæ
    Ôòæ                                                                         Ôòæ
    Ôòæ     npx playwright install                                              Ôòæ
    Ôòæ                                                                         Ôòæ
    Ôòæ <3 Playwright Team                                                      Ôòæ
    ÔòÜÔòÉÔòÉÔòÉÔòÉÔòÉÔòÉÔòÉÔòÉÔòÉÔòÉÔòÉÔòÉÔòÉÔòÉÔòÉÔòÉÔòÉÔòÉÔòÉÔòÉÔòÉÔòÉÔòÉÔòÉÔòÉÔòÉÔòÉÔòÉÔòÉÔòÉÔòÉÔòÉÔòÉÔòÉÔòÉÔòÉÔòÉÔòÉÔòÉÔòÉÔòÉÔòÉÔòÉÔòÉÔòÉÔòÉÔòÉÔòÉÔòÉÔòÉÔòÉÔòÉÔòÉÔòÉÔòÉÔòÉÔòÉÔòÉÔòÉÔòÉÔòÉÔòÉÔòÉÔòÉÔòÉÔòÉÔòÉÔòÉÔòÉÔòÉÔòÉÔòÉÔòÉÔòØ


[1A[2K[237/580] [chromium] ÔÇ║ src\tests\e2e\cross-browser.spec.ts:135:5 ÔÇ║ Compatibilidad Safari Mobile ÔÇ║ deber├¡a soportar animaciones CSS
[1A[2K[238/580] [chromium] ÔÇ║ src\tests\e2e\cross-browser.spec.ts:149:5 ÔÇ║ Compatibilidad Safari Mobile ÔÇ║ deber├¡a manejar media queries responsive
[1A[2K  237) [chromium] ÔÇ║ src\tests\e2e\cross-browser.spec.ts:135:5 ÔÇ║ Compatibilidad Safari Mobile ÔÇ║ deber├¡a soportar animaciones CSS 

    Error: browserType.launch: Executable doesn't exist at C:\Users\conej\AppData\Local\ms-playwright\chromium_headless_shell-1200\chrome-headless-shell-win64\chrome-headless-shell.exe
    ÔòöÔòÉÔòÉÔòÉÔòÉÔòÉÔòÉÔòÉÔòÉÔòÉÔòÉÔòÉÔòÉÔòÉÔòÉÔòÉÔòÉÔòÉÔòÉÔòÉÔòÉÔòÉÔòÉÔòÉÔòÉÔòÉÔòÉÔòÉÔòÉÔòÉÔòÉÔòÉÔòÉÔòÉÔòÉÔòÉÔòÉÔòÉÔòÉÔòÉÔòÉÔòÉÔòÉÔòÉÔòÉÔòÉÔòÉÔòÉÔòÉÔòÉÔòÉÔòÉÔòÉÔòÉÔòÉÔòÉÔòÉÔòÉÔòÉÔòÉÔòÉÔòÉÔòÉÔòÉÔòÉÔòÉÔòÉÔòÉÔòÉÔòÉÔòÉÔòÉÔòÉÔòÉÔòù
    Ôòæ Looks like Playwright Test or Playwright was just installed or updated. Ôòæ
    Ôòæ Please run the following command to download new browsers:              Ôòæ
    Ôòæ                                                                         Ôòæ
    Ôòæ     npx playwright install                                              Ôòæ
    Ôòæ                                                                         Ôòæ
    Ôòæ <3 Playwright Team                                                      Ôòæ
    ÔòÜÔòÉÔòÉÔòÉÔòÉÔòÉÔòÉÔòÉÔòÉÔòÉÔòÉÔòÉÔòÉÔòÉÔòÉÔòÉÔòÉÔòÉÔòÉÔòÉÔòÉÔòÉÔòÉÔòÉÔòÉÔòÉÔòÉÔòÉÔòÉÔòÉÔòÉÔòÉÔòÉÔòÉÔòÉÔòÉÔòÉÔòÉÔòÉÔòÉÔòÉÔòÉÔòÉÔòÉÔòÉÔòÉÔòÉÔòÉÔòÉÔòÉÔòÉÔòÉÔòÉÔòÉÔòÉÔòÉÔòÉÔòÉÔòÉÔòÉÔòÉÔòÉÔòÉÔòÉÔòÉÔòÉÔòÉÔòÉÔòÉÔòÉÔòÉÔòÉÔòÉÔòÉÔòØ


[1A[2K  238) [chromium] ÔÇ║ src\tests\e2e\cross-browser.spec.ts:149:5 ÔÇ║ Compatibilidad Safari Mobile ÔÇ║ deber├¡a manejar media queries responsive 

    Error: browserType.launch: Executable doesn't exist at C:\Users\conej\AppData\Local\ms-playwright\chromium_headless_shell-1200\chrome-headless-shell-win64\chrome-headless-shell.exe
    ÔòöÔòÉÔòÉÔòÉÔòÉÔòÉÔòÉÔòÉÔòÉÔòÉÔòÉÔòÉÔòÉÔòÉÔòÉÔòÉÔòÉÔòÉÔòÉÔòÉÔòÉÔòÉÔòÉÔòÉÔòÉÔòÉÔòÉÔòÉÔòÉÔòÉÔòÉÔòÉÔòÉÔòÉÔòÉÔòÉÔòÉÔòÉÔòÉÔòÉÔòÉÔòÉÔòÉÔòÉÔòÉÔòÉÔòÉÔòÉÔòÉÔòÉÔòÉÔòÉÔòÉÔòÉÔòÉÔòÉÔòÉÔòÉÔòÉÔòÉÔòÉÔòÉÔòÉÔòÉÔòÉÔòÉÔòÉÔòÉÔòÉÔòÉÔòÉÔòÉÔòÉÔòÉÔòù
    Ôòæ Looks like Playwright Test or Playwright was just installed or updated. Ôòæ
    Ôòæ Please run the following command to download new browsers:              Ôòæ
    Ôòæ                                                                         Ôòæ
    Ôòæ     npx playwright install                                              Ôòæ
    Ôòæ                                                                         Ôòæ
    Ôòæ <3 Playwright Team                                                      Ôòæ
    ÔòÜÔòÉÔòÉÔòÉÔòÉÔòÉÔòÉÔòÉÔòÉÔòÉÔòÉÔòÉÔòÉÔòÉÔòÉÔòÉÔòÉÔòÉÔòÉÔòÉÔòÉÔòÉÔòÉÔòÉÔòÉÔòÉÔòÉÔòÉÔòÉÔòÉÔòÉÔòÉÔòÉÔòÉÔòÉÔòÉÔòÉÔòÉÔòÉÔòÉÔòÉÔòÉÔòÉÔòÉÔòÉÔòÉÔòÉÔòÉÔòÉÔòÉÔòÉÔòÉÔòÉÔòÉÔòÉÔòÉÔòÉÔòÉÔòÉÔòÉÔòÉÔòÉÔòÉÔòÉÔòÉÔòÉÔòÉÔòÉÔòÉÔòÉÔòÉÔòÉÔòÉÔòÉÔòØ


[1A[2K[239/580] [chromium] ÔÇ║ src\tests\e2e\cross-browser.spec.ts:167:5 ÔÇ║ Compatibilidad Safari Mobile ÔÇ║ deber├¡a funcionar localStorage y sessionStorage
[1A[2K  239) [chromium] ÔÇ║ src\tests\e2e\cross-browser.spec.ts:167:5 ÔÇ║ Compatibilidad Safari Mobile ÔÇ║ deber├¡a funcionar localStorage y sessionStorage 

    Error: browserType.launch: Executable doesn't exist at C:\Users\conej\AppData\Local\ms-playwright\chromium_headless_shell-1200\chrome-headless-shell-win64\chrome-headless-shell.exe
    ÔòöÔòÉÔòÉÔòÉÔòÉÔòÉÔòÉÔòÉÔòÉÔòÉÔòÉÔòÉÔòÉÔòÉÔòÉÔòÉÔòÉÔòÉÔòÉÔòÉÔòÉÔòÉÔòÉÔòÉÔòÉÔòÉÔòÉÔòÉÔòÉÔòÉÔòÉÔòÉÔòÉÔòÉÔòÉÔòÉÔòÉÔòÉÔòÉÔòÉÔòÉÔòÉÔòÉÔòÉÔòÉÔòÉÔòÉÔòÉÔòÉÔòÉÔòÉÔòÉÔòÉÔòÉÔòÉÔòÉÔòÉÔòÉÔòÉÔòÉÔòÉÔòÉÔòÉÔòÉÔòÉÔòÉÔòÉÔòÉÔòÉÔòÉÔòÉÔòÉÔòÉÔòÉÔòù
    Ôòæ Looks like Playwright Test or Playwright was just installed or updated. Ôòæ
    Ôòæ Please run the following command to download new browsers:              Ôòæ
    Ôòæ                                                                         Ôòæ
    Ôòæ     npx playwright install                                              Ôòæ
    Ôòæ                                                                         Ôòæ
    Ôòæ <3 Playwright Team                                                      Ôòæ
    ÔòÜÔòÉÔòÉÔòÉÔòÉÔòÉÔòÉÔòÉÔòÉÔòÉÔòÉÔòÉÔòÉÔòÉÔòÉÔòÉÔòÉÔòÉÔòÉÔòÉÔòÉÔòÉÔòÉÔòÉÔòÉÔòÉÔòÉÔòÉÔòÉÔòÉÔòÉÔòÉÔòÉÔòÉÔòÉÔòÉÔòÉÔòÉÔòÉÔòÉÔòÉÔòÉÔòÉÔòÉÔòÉÔòÉÔòÉÔòÉÔòÉÔòÉÔòÉÔòÉÔòÉÔòÉÔòÉÔòÉÔòÉÔòÉÔòÉÔòÉÔòÉÔòÉÔòÉÔòÉÔòÉÔòÉÔòÉÔòÉÔòÉÔòÉÔòÉÔòÉÔòÉÔòÉÔòØ


[1A[2K[240/580] [chromium] ÔÇ║ src\tests\e2e\cross-browser.spec.ts:199:5 ÔÇ║ Compatibilidad Safari Mobile ÔÇ║ deber├¡a soportar APIs modernas del navegador
[1A[2K  240) [chromium] ÔÇ║ src\tests\e2e\cross-browser.spec.ts:199:5 ÔÇ║ Compatibilidad Safari Mobile ÔÇ║ deber├¡a soportar APIs modernas del navegador 

    Error: browserType.launch: Executable doesn't exist at C:\Users\conej\AppData\Local\ms-playwright\chromium_headless_shell-1200\chrome-headless-shell-win64\chrome-headless-shell.exe
    ÔòöÔòÉÔòÉÔòÉÔòÉÔòÉÔòÉÔòÉÔòÉÔòÉÔòÉÔòÉÔòÉÔòÉÔòÉÔòÉÔòÉÔòÉÔòÉÔòÉÔòÉÔòÉÔòÉÔòÉÔòÉÔòÉÔòÉÔòÉÔòÉÔòÉÔòÉÔòÉÔòÉÔòÉÔòÉÔòÉÔòÉÔòÉÔòÉÔòÉÔòÉÔòÉÔòÉÔòÉÔòÉÔòÉÔòÉÔòÉÔòÉÔòÉÔòÉÔòÉÔòÉÔòÉÔòÉÔòÉÔòÉÔòÉÔòÉÔòÉÔòÉÔòÉÔòÉÔòÉÔòÉÔòÉÔòÉÔòÉÔòÉÔòÉÔòÉÔòÉÔòÉÔòÉÔòù
    Ôòæ Looks like Playwright Test or Playwright was just installed or updated. Ôòæ
    Ôòæ Please run the following command to download new browsers:              Ôòæ
    Ôòæ                                                                         Ôòæ
    Ôòæ     npx playwright install                                              Ôòæ
    Ôòæ                                                                         Ôòæ
    Ôòæ <3 Playwright Team                                                      Ôòæ
    ÔòÜÔòÉÔòÉÔòÉÔòÉÔòÉÔòÉÔòÉÔòÉÔòÉÔòÉÔòÉÔòÉÔòÉÔòÉÔòÉÔòÉÔòÉÔòÉÔòÉÔòÉÔòÉÔòÉÔòÉÔòÉÔòÉÔòÉÔòÉÔòÉÔòÉÔòÉÔòÉÔòÉÔòÉÔòÉÔòÉÔòÉÔòÉÔòÉÔòÉÔòÉÔòÉÔòÉÔòÉÔòÉÔòÉÔòÉÔòÉÔòÉÔòÉÔòÉÔòÉÔòÉÔòÉÔòÉÔòÉÔòÉÔòÉÔòÉÔòÉÔòÉÔòÉÔòÉÔòÉÔòÉÔòÉÔòÉÔòÉÔòÉÔòÉÔòÉÔòÉÔòÉÔòÉÔòØ


[1A[2K[241/580] [chromium] ÔÇ║ src\tests\e2e\cross-browser.spec.ts:221:5 ÔÇ║ Compatibilidad Safari Mobile ÔÇ║ deber├¡a manejar errores de red graciosamente
[1A[2K  241) [chromium] ÔÇ║ src\tests\e2e\cross-browser.spec.ts:221:5 ÔÇ║ Compatibilidad Safari Mobile ÔÇ║ deber├¡a manejar errores de red graciosamente 

    Error: browserType.launch: Executable doesn't exist at C:\Users\conej\AppData\Local\ms-playwright\chromium_headless_shell-1200\chrome-headless-shell-win64\chrome-headless-shell.exe
    ÔòöÔòÉÔòÉÔòÉÔòÉÔòÉÔòÉÔòÉÔòÉÔòÉÔòÉÔòÉÔòÉÔòÉÔòÉÔòÉÔòÉÔòÉÔòÉÔòÉÔòÉÔòÉÔòÉÔòÉÔòÉÔòÉÔòÉÔòÉÔòÉÔòÉÔòÉÔòÉÔòÉÔòÉÔòÉÔòÉÔòÉÔòÉÔòÉÔòÉÔòÉÔòÉÔòÉÔòÉÔòÉÔòÉÔòÉÔòÉÔòÉÔòÉÔòÉÔòÉÔòÉÔòÉÔòÉÔòÉÔòÉÔòÉÔòÉÔòÉÔòÉÔòÉÔòÉÔòÉÔòÉÔòÉÔòÉÔòÉÔòÉÔòÉÔòÉÔòÉÔòÉÔòÉÔòù
    Ôòæ Looks like Playwright Test or Playwright was just installed or updated. Ôòæ
    Ôòæ Please run the following command to download new browsers:              Ôòæ
    Ôòæ                                                                         Ôòæ
    Ôòæ     npx playwright install                                              Ôòæ
    Ôòæ                                                                         Ôòæ
    Ôòæ <3 Playwright Team                                                      Ôòæ
    ÔòÜÔòÉÔòÉÔòÉÔòÉÔòÉÔòÉÔòÉÔòÉÔòÉÔòÉÔòÉÔòÉÔòÉÔòÉÔòÉÔòÉÔòÉÔòÉÔòÉÔòÉÔòÉÔòÉÔòÉÔòÉÔòÉÔòÉÔòÉÔòÉÔòÉÔòÉÔòÉÔòÉÔòÉÔòÉÔòÉÔòÉÔòÉÔòÉÔòÉÔòÉÔòÉÔòÉÔòÉÔòÉÔòÉÔòÉÔòÉÔòÉÔòÉÔòÉÔòÉÔòÉÔòÉÔòÉÔòÉÔòÉÔòÉÔòÉÔòÉÔòÉÔòÉÔòÉÔòÉÔòÉÔòÉÔòÉÔòÉÔòÉÔòÉÔòÉÔòÉÔòÉÔòÉÔòØ


[1A[2K[242/580] [chromium] ÔÇ║ src\tests\e2e\cross-browser.spec.ts:234:5 ÔÇ║ Compatibilidad Safari Mobile ÔÇ║ deber├¡a funcionar con diferentes resoluciones de pantalla
[1A[2K[243/580] [chromium] ÔÇ║ src\tests\e2e\cross-browser.spec.ts:258:5 ÔÇ║ Compatibilidad Safari Mobile ÔÇ║ deber├¡a soportar modo oscuro/claro del sistema
[1A[2K[244/580] [chromium] ÔÇ║ src\tests\e2e\cross-browser.spec.ts:278:5 ÔÇ║ Compatibilidad Safari Mobile ÔÇ║ deber├¡a funcionar con diferentes configuraciones de accesibilidad
[1A[2K  242) [chromium] ÔÇ║ src\tests\e2e\cross-browser.spec.ts:234:5 ÔÇ║ Compatibilidad Safari Mobile ÔÇ║ deber├¡a funcionar con diferentes resoluciones de pantalla 

    Error: browserType.launch: Executable doesn't exist at C:\Users\conej\AppData\Local\ms-playwright\chromium_headless_shell-1200\chrome-headless-shell-win64\chrome-headless-shell.exe
    ÔòöÔòÉÔòÉÔòÉÔòÉÔòÉÔòÉÔòÉÔòÉÔòÉÔòÉÔòÉÔòÉÔòÉÔòÉÔòÉÔòÉÔòÉÔòÉÔòÉÔòÉÔòÉÔòÉÔòÉÔòÉÔòÉÔòÉÔòÉÔòÉÔòÉÔòÉÔòÉÔòÉÔòÉÔòÉÔòÉÔòÉÔòÉÔòÉÔòÉÔòÉÔòÉÔòÉÔòÉÔòÉÔòÉÔòÉÔòÉÔòÉÔòÉÔòÉÔòÉÔòÉÔòÉÔòÉÔòÉÔòÉÔòÉÔòÉÔòÉÔòÉÔòÉÔòÉÔòÉÔòÉÔòÉÔòÉÔòÉÔòÉÔòÉÔòÉÔòÉÔòÉÔòÉÔòù
    Ôòæ Looks like Playwright Test or Playwright was just installed or updated. Ôòæ
    Ôòæ Please run the following command to download new browsers:              Ôòæ
    Ôòæ                                                                         Ôòæ
    Ôòæ     npx playwright install                                              Ôòæ
    Ôòæ                                                                         Ôòæ
    Ôòæ <3 Playwright Team                                                      Ôòæ
    ÔòÜÔòÉÔòÉÔòÉÔòÉÔòÉÔòÉÔòÉÔòÉÔòÉÔòÉÔòÉÔòÉÔòÉÔòÉÔòÉÔòÉÔòÉÔòÉÔòÉÔòÉÔòÉÔòÉÔòÉÔòÉÔòÉÔòÉÔòÉÔòÉÔòÉÔòÉÔòÉÔòÉÔòÉÔòÉÔòÉÔòÉÔòÉÔòÉÔòÉÔòÉÔòÉÔòÉÔòÉÔòÉÔòÉÔòÉÔòÉÔòÉÔòÉÔòÉÔòÉÔòÉÔòÉÔòÉÔòÉÔòÉÔòÉÔòÉÔòÉÔòÉÔòÉÔòÉÔòÉÔòÉÔòÉÔòÉÔòÉÔòÉÔòÉÔòÉÔòÉÔòÉÔòÉÔòØ


[1A[2K  243) [chromium] ÔÇ║ src\tests\e2e\cross-browser.spec.ts:258:5 ÔÇ║ Compatibilidad Safari Mobile ÔÇ║ deber├¡a soportar modo oscuro/claro del sistema 

    Error: browserType.launch: Executable doesn't exist at C:\Users\conej\AppData\Local\ms-playwright\chromium_headless_shell-1200\chrome-headless-shell-win64\chrome-headless-shell.exe
    ÔòöÔòÉÔòÉÔòÉÔòÉÔòÉÔòÉÔòÉÔòÉÔòÉÔòÉÔòÉÔòÉÔòÉÔòÉÔòÉÔòÉÔòÉÔòÉÔòÉÔòÉÔòÉÔòÉÔòÉÔòÉÔòÉÔòÉÔòÉÔòÉÔòÉÔòÉÔòÉÔòÉÔòÉÔòÉÔòÉÔòÉÔòÉÔòÉÔòÉÔòÉÔòÉÔòÉÔòÉÔòÉÔòÉÔòÉÔòÉÔòÉÔòÉÔòÉÔòÉÔòÉÔòÉÔòÉÔòÉÔòÉÔòÉÔòÉÔòÉÔòÉÔòÉÔòÉÔòÉÔòÉÔòÉÔòÉÔòÉÔòÉÔòÉÔòÉÔòÉÔòÉÔòÉÔòù
    Ôòæ Looks like Playwright Test or Playwright was just installed or updated. Ôòæ
    Ôòæ Please run the following command to download new browsers:              Ôòæ
    Ôòæ                                                                         Ôòæ
    Ôòæ     npx playwright install                                              Ôòæ
    Ôòæ                                                                         Ôòæ
    Ôòæ <3 Playwright Team                                                      Ôòæ
    ÔòÜÔòÉÔòÉÔòÉÔòÉÔòÉÔòÉÔòÉÔòÉÔòÉÔòÉÔòÉÔòÉÔòÉÔòÉÔòÉÔòÉÔòÉÔòÉÔòÉÔòÉÔòÉÔòÉÔòÉÔòÉÔòÉÔòÉÔòÉÔòÉÔòÉÔòÉÔòÉÔòÉÔòÉÔòÉÔòÉÔòÉÔòÉÔòÉÔòÉÔòÉÔòÉÔòÉÔòÉÔòÉÔòÉÔòÉÔòÉÔòÉÔòÉÔòÉÔòÉÔòÉÔòÉÔòÉÔòÉÔòÉÔòÉÔòÉÔòÉÔòÉÔòÉÔòÉÔòÉÔòÉÔòÉÔòÉÔòÉÔòÉÔòÉÔòÉÔòÉÔòÉÔòÉÔòØ


[1A[2K  244) [chromium] ÔÇ║ src\tests\e2e\cross-browser.spec.ts:278:5 ÔÇ║ Compatibilidad Safari Mobile ÔÇ║ deber├¡a funcionar con diferentes configuraciones de accesibilidad 

    Error: browserType.launch: Executable doesn't exist at C:\Users\conej\AppData\Local\ms-playwright\chromium_headless_shell-1200\chrome-headless-shell-win64\chrome-headless-shell.exe
    ÔòöÔòÉÔòÉÔòÉÔòÉÔòÉÔòÉÔòÉÔòÉÔòÉÔòÉÔòÉÔòÉÔòÉÔòÉÔòÉÔòÉÔòÉÔòÉÔòÉÔòÉÔòÉÔòÉÔòÉÔòÉÔòÉÔòÉÔòÉÔòÉÔòÉÔòÉÔòÉÔòÉÔòÉÔòÉÔòÉÔòÉÔòÉÔòÉÔòÉÔòÉÔòÉÔòÉÔòÉÔòÉÔòÉÔòÉÔòÉÔòÉÔòÉÔòÉÔòÉÔòÉÔòÉÔòÉÔòÉÔòÉÔòÉÔòÉÔòÉÔòÉÔòÉÔòÉÔòÉÔòÉÔòÉÔòÉÔòÉÔòÉÔòÉÔòÉÔòÉÔòÉÔòÉÔòù
    Ôòæ Looks like Playwright Test or Playwright was just installed or updated. Ôòæ
    Ôòæ Please run the following command to download new browsers:              Ôòæ
    Ôòæ                                                                         Ôòæ
    Ôòæ     npx playwright install                                              Ôòæ
    Ôòæ                                                                         Ôòæ
    Ôòæ <3 Playwright Team                                                      Ôòæ
    ÔòÜÔòÉÔòÉÔòÉÔòÉÔòÉÔòÉÔòÉÔòÉÔòÉÔòÉÔòÉÔòÉÔòÉÔòÉÔòÉÔòÉÔòÉÔòÉÔòÉÔòÉÔòÉÔòÉÔòÉÔòÉÔòÉÔòÉÔòÉÔòÉÔòÉÔòÉÔòÉÔòÉÔòÉÔòÉÔòÉÔòÉÔòÉÔòÉÔòÉÔòÉÔòÉÔòÉÔòÉÔòÉÔòÉÔòÉÔòÉÔòÉÔòÉÔòÉÔòÉÔòÉÔòÉÔòÉÔòÉÔòÉÔòÉÔòÉÔòÉÔòÉÔòÉÔòÉÔòÉÔòÉÔòÉÔòÉÔòÉÔòÉÔòÉÔòÉÔòÉÔòÉÔòÉÔòØ


[1A[2K[245/580] [chromium] ÔÇ║ src\tests\e2e\cross-browser.spec.ts:302:3 ÔÇ║ Verificaci├│n de caracter├¡sticas del navegador ÔÇ║ deber├¡a detectar caracter├¡sticas soportadas
[1A[2K[246/580] [chromium] ÔÇ║ src\tests\e2e\demo-flow.spec.ts:16:3 ÔÇ║ Flujo Demo Completo ÔÇ║ debe cargar la p├ígina principal correctamente
[1A[2K  245) [chromium] ÔÇ║ src\tests\e2e\cross-browser.spec.ts:302:3 ÔÇ║ Verificaci├│n de caracter├¡sticas del navegador ÔÇ║ deber├¡a detectar caracter├¡sticas soportadas 

    Error: browserType.launch: Executable doesn't exist at C:\Users\conej\AppData\Local\ms-playwright\chromium_headless_shell-1200\chrome-headless-shell-win64\chrome-headless-shell.exe
    ÔòöÔòÉÔòÉÔòÉÔòÉÔòÉÔòÉÔòÉÔòÉÔòÉÔòÉÔòÉÔòÉÔòÉÔòÉÔòÉÔòÉÔòÉÔòÉÔòÉÔòÉÔòÉÔòÉÔòÉÔòÉÔòÉÔòÉÔòÉÔòÉÔòÉÔòÉÔòÉÔòÉÔòÉÔòÉÔòÉÔòÉÔòÉÔòÉÔòÉÔòÉÔòÉÔòÉÔòÉÔòÉÔòÉÔòÉÔòÉÔòÉÔòÉÔòÉÔòÉÔòÉÔòÉÔòÉÔòÉÔòÉÔòÉÔòÉÔòÉÔòÉÔòÉÔòÉÔòÉÔòÉÔòÉÔòÉÔòÉÔòÉÔòÉÔòÉÔòÉÔòÉÔòÉÔòù
    Ôòæ Looks like Playwright Test or Playwright was just installed or updated. Ôòæ
    Ôòæ Please run the following command to download new browsers:              Ôòæ
    Ôòæ                                                                         Ôòæ
    Ôòæ     npx playwright install                                              Ôòæ
    Ôòæ                                                                         Ôòæ
    Ôòæ <3 Playwright Team                                                      Ôòæ
    ÔòÜÔòÉÔòÉÔòÉÔòÉÔòÉÔòÉÔòÉÔòÉÔòÉÔòÉÔòÉÔòÉÔòÉÔòÉÔòÉÔòÉÔòÉÔòÉÔòÉÔòÉÔòÉÔòÉÔòÉÔòÉÔòÉÔòÉÔòÉÔòÉÔòÉÔòÉÔòÉÔòÉÔòÉÔòÉÔòÉÔòÉÔòÉÔòÉÔòÉÔòÉÔòÉÔòÉÔòÉÔòÉÔòÉÔòÉÔòÉÔòÉÔòÉÔòÉÔòÉÔòÉÔòÉÔòÉÔòÉÔòÉÔòÉÔòÉÔòÉÔòÉÔòÉÔòÉÔòÉÔòÉÔòÉÔòÉÔòÉÔòÉÔòÉÔòÉÔòÉÔòÉÔòÉÔòØ


[1A[2K  246) [chromium] ÔÇ║ src\tests\e2e\demo-flow.spec.ts:16:3 ÔÇ║ Flujo Demo Completo ÔÇ║ debe cargar la p├ígina principal correctamente 

    Error: browserType.launch: Executable doesn't exist at C:\Users\conej\AppData\Local\ms-playwright\chromium_headless_shell-1200\chrome-headless-shell-win64\chrome-headless-shell.exe
    ÔòöÔòÉÔòÉÔòÉÔòÉÔòÉÔòÉÔòÉÔòÉÔòÉÔòÉÔòÉÔòÉÔòÉÔòÉÔòÉÔòÉÔòÉÔòÉÔòÉÔòÉÔòÉÔòÉÔòÉÔòÉÔòÉÔòÉÔòÉÔòÉÔòÉÔòÉÔòÉÔòÉÔòÉÔòÉÔòÉÔòÉÔòÉÔòÉÔòÉÔòÉÔòÉÔòÉÔòÉÔòÉÔòÉÔòÉÔòÉÔòÉÔòÉÔòÉÔòÉÔòÉÔòÉÔòÉÔòÉÔòÉÔòÉÔòÉÔòÉÔòÉÔòÉÔòÉÔòÉÔòÉÔòÉÔòÉÔòÉÔòÉÔòÉÔòÉÔòÉÔòÉÔòÉÔòù
    Ôòæ Looks like Playwright Test or Playwright was just installed or updated. Ôòæ
    Ôòæ Please run the following command to download new browsers:              Ôòæ
    Ôòæ                                                                         Ôòæ
    Ôòæ     npx playwright install                                              Ôòæ
    Ôòæ                                                                         Ôòæ
    Ôòæ <3 Playwright Team                                                      Ôòæ
    ÔòÜÔòÉÔòÉÔòÉÔòÉÔòÉÔòÉÔòÉÔòÉÔòÉÔòÉÔòÉÔòÉÔòÉÔòÉÔòÉÔòÉÔòÉÔòÉÔòÉÔòÉÔòÉÔòÉÔòÉÔòÉÔòÉÔòÉÔòÉÔòÉÔòÉÔòÉÔòÉÔòÉÔòÉÔòÉÔòÉÔòÉÔòÉÔòÉÔòÉÔòÉÔòÉÔòÉÔòÉÔòÉÔòÉÔòÉÔòÉÔòÉÔòÉÔòÉÔòÉÔòÉÔòÉÔòÉÔòÉÔòÉÔòÉÔòÉÔòÉÔòÉÔòÉÔòÉÔòÉÔòÉÔòÉÔòÉÔòÉÔòÉÔòÉÔòÉÔòÉÔòÉÔòÉÔòØ


[1A[2K[247/580] [chromium] ÔÇ║ src\tests\e2e\demo-flow.spec.ts:25:3 ÔÇ║ Flujo Demo Completo ÔÇ║ debe navegar a la ruta /demo
[1A[2K  247) [chromium] ÔÇ║ src\tests\e2e\demo-flow.spec.ts:25:3 ÔÇ║ Flujo Demo Completo ÔÇ║ debe navegar a la ruta /demo 

    Error: browserType.launch: Executable doesn't exist at C:\Users\conej\AppData\Local\ms-playwright\chromium_headless_shell-1200\chrome-headless-shell-win64\chrome-headless-shell.exe
    ÔòöÔòÉÔòÉÔòÉÔòÉÔòÉÔòÉÔòÉÔòÉÔòÉÔòÉÔòÉÔòÉÔòÉÔòÉÔòÉÔòÉÔòÉÔòÉÔòÉÔòÉÔòÉÔòÉÔòÉÔòÉÔòÉÔòÉÔòÉÔòÉÔòÉÔòÉÔòÉÔòÉÔòÉÔòÉÔòÉÔòÉÔòÉÔòÉÔòÉÔòÉÔòÉÔòÉÔòÉÔòÉÔòÉÔòÉÔòÉÔòÉÔòÉÔòÉÔòÉÔòÉÔòÉÔòÉÔòÉÔòÉÔòÉÔòÉÔòÉÔòÉÔòÉÔòÉÔòÉÔòÉÔòÉÔòÉÔòÉÔòÉÔòÉÔòÉÔòÉÔòÉÔòÉÔòù
    Ôòæ Looks like Playwright Test or Playwright was just installed or updated. Ôòæ
    Ôòæ Please run the following command to download new browsers:              Ôòæ
    Ôòæ                                                                         Ôòæ
    Ôòæ     npx playwright install                                              Ôòæ
    Ôòæ                                                                         Ôòæ
    Ôòæ <3 Playwright Team                                                      Ôòæ
    ÔòÜÔòÉÔòÉÔòÉÔòÉÔòÉÔòÉÔòÉÔòÉÔòÉÔòÉÔòÉÔòÉÔòÉÔòÉÔòÉÔòÉÔòÉÔòÉÔòÉÔòÉÔòÉÔòÉÔòÉÔòÉÔòÉÔòÉÔòÉÔòÉÔòÉÔòÉÔòÉÔòÉÔòÉÔòÉÔòÉÔòÉÔòÉÔòÉÔòÉÔòÉÔòÉÔòÉÔòÉÔòÉÔòÉÔòÉÔòÉÔòÉÔòÉÔòÉÔòÉÔòÉÔòÉÔòÉÔòÉÔòÉÔòÉÔòÉÔòÉÔòÉÔòÉÔòÉÔòÉÔòÉÔòÉÔòÉÔòÉÔòÉÔòÉÔòÉÔòÉÔòÉÔòÉÔòØ


[1A[2K[248/580] [chromium] ÔÇ║ src\tests\e2e\demo-flow.spec.ts:41:3 ÔÇ║ Flujo Demo Completo ÔÇ║ debe mostrar el selector de tipo de cuenta demo
[1A[2K  248) [chromium] ÔÇ║ src\tests\e2e\demo-flow.spec.ts:41:3 ÔÇ║ Flujo Demo Completo ÔÇ║ debe mostrar el selector de tipo de cuenta demo 

    Error: browserType.launch: Executable doesn't exist at C:\Users\conej\AppData\Local\ms-playwright\chromium_headless_shell-1200\chrome-headless-shell-win64\chrome-headless-shell.exe
    ÔòöÔòÉÔòÉÔòÉÔòÉÔòÉÔòÉÔòÉÔòÉÔòÉÔòÉÔòÉÔòÉÔòÉÔòÉÔòÉÔòÉÔòÉÔòÉÔòÉÔòÉÔòÉÔòÉÔòÉÔòÉÔòÉÔòÉÔòÉÔòÉÔòÉÔòÉÔòÉÔòÉÔòÉÔòÉÔòÉÔòÉÔòÉÔòÉÔòÉÔòÉÔòÉÔòÉÔòÉÔòÉÔòÉÔòÉÔòÉÔòÉÔòÉÔòÉÔòÉÔòÉÔòÉÔòÉÔòÉÔòÉÔòÉÔòÉÔòÉÔòÉÔòÉÔòÉÔòÉÔòÉÔòÉÔòÉÔòÉÔòÉÔòÉÔòÉÔòÉÔòÉÔòÉÔòù
    Ôòæ Looks like Playwright Test or Playwright was just installed or updated. Ôòæ
    Ôòæ Please run the following command to download new browsers:              Ôòæ
    Ôòæ                                                                         Ôòæ
    Ôòæ     npx playwright install                                              Ôòæ
    Ôòæ                                                                         Ôòæ
    Ôòæ <3 Playwright Team                                                      Ôòæ
    ÔòÜÔòÉÔòÉÔòÉÔòÉÔòÉÔòÉÔòÉÔòÉÔòÉÔòÉÔòÉÔòÉÔòÉÔòÉÔòÉÔòÉÔòÉÔòÉÔòÉÔòÉÔòÉÔòÉÔòÉÔòÉÔòÉÔòÉÔòÉÔòÉÔòÉÔòÉÔòÉÔòÉÔòÉÔòÉÔòÉÔòÉÔòÉÔòÉÔòÉÔòÉÔòÉÔòÉÔòÉÔòÉÔòÉÔòÉÔòÉÔòÉÔòÉÔòÉÔòÉÔòÉÔòÉÔòÉÔòÉÔòÉÔòÉÔòÉÔòÉÔòÉÔòÉÔòÉÔòÉÔòÉÔòÉÔòÉÔòÉÔòÉÔòÉÔòÉÔòÉÔòÉÔòÉÔòØ


[1A[2K[249/580] [chromium] ÔÇ║ src\tests\e2e\demo-flow.spec.ts:57:3 ÔÇ║ Flujo Demo Completo ÔÇ║ debe permitir seleccionar modo Single
[1A[2K  249) [chromium] ÔÇ║ src\tests\e2e\demo-flow.spec.ts:57:3 ÔÇ║ Flujo Demo Completo ÔÇ║ debe permitir seleccionar modo Single 

    Error: browserType.launch: Executable doesn't exist at C:\Users\conej\AppData\Local\ms-playwright\chromium_headless_shell-1200\chrome-headless-shell-win64\chrome-headless-shell.exe
    ÔòöÔòÉÔòÉÔòÉÔòÉÔòÉÔòÉÔòÉÔòÉÔòÉÔòÉÔòÉÔòÉÔòÉÔòÉÔòÉÔòÉÔòÉÔòÉÔòÉÔòÉÔòÉÔòÉÔòÉÔòÉÔòÉÔòÉÔòÉÔòÉÔòÉÔòÉÔòÉÔòÉÔòÉÔòÉÔòÉÔòÉÔòÉÔòÉÔòÉÔòÉÔòÉÔòÉÔòÉÔòÉÔòÉÔòÉÔòÉÔòÉÔòÉÔòÉÔòÉÔòÉÔòÉÔòÉÔòÉÔòÉÔòÉÔòÉÔòÉÔòÉÔòÉÔòÉÔòÉÔòÉÔòÉÔòÉÔòÉÔòÉÔòÉÔòÉÔòÉÔòÉÔòÉÔòù
    Ôòæ Looks like Playwright Test or Playwright was just installed or updated. Ôòæ
    Ôòæ Please run the following command to download new browsers:              Ôòæ
    Ôòæ                                                                         Ôòæ
    Ôòæ     npx playwright install                                              Ôòæ
    Ôòæ                                                                         Ôòæ
    Ôòæ <3 Playwright Team                                                      Ôòæ
    ÔòÜÔòÉÔòÉÔòÉÔòÉÔòÉÔòÉÔòÉÔòÉÔòÉÔòÉÔòÉÔòÉÔòÉÔòÉÔòÉÔòÉÔòÉÔòÉÔòÉÔòÉÔòÉÔòÉÔòÉÔòÉÔòÉÔòÉÔòÉÔòÉÔòÉÔòÉÔòÉÔòÉÔòÉÔòÉÔòÉÔòÉÔòÉÔòÉÔòÉÔòÉÔòÉÔòÉÔòÉÔòÉÔòÉÔòÉÔòÉÔòÉÔòÉÔòÉÔòÉÔòÉÔòÉÔòÉÔòÉÔòÉÔòÉÔòÉÔòÉÔòÉÔòÉÔòÉÔòÉÔòÉÔòÉÔòÉÔòÉÔòÉÔòÉÔòÉÔòÉÔòÉÔòÉÔòØ


[1A[2K[250/580] [chromium] ÔÇ║ src\tests\e2e\demo-flow.spec.ts:88:3 ÔÇ║ Flujo Demo Completo ÔÇ║ debe permitir seleccionar modo Pareja
[1A[2K[251/580] [chromium] ÔÇ║ src\tests\e2e\demo-flow.spec.ts:125:3 ÔÇ║ Flujo de Registro con Tel├®fono MX ÔÇ║ debe mostrar el formulario de registro
[1A[2K  250) [chromium] ÔÇ║ src\tests\e2e\demo-flow.spec.ts:88:3 ÔÇ║ Flujo Demo Completo ÔÇ║ debe permitir seleccionar modo Pareja 

    Error: browserType.launch: Executable doesn't exist at C:\Users\conej\AppData\Local\ms-playwright\chromium_headless_shell-1200\chrome-headless-shell-win64\chrome-headless-shell.exe
    ÔòöÔòÉÔòÉÔòÉÔòÉÔòÉÔòÉÔòÉÔòÉÔòÉÔòÉÔòÉÔòÉÔòÉÔòÉÔòÉÔòÉÔòÉÔòÉÔòÉÔòÉÔòÉÔòÉÔòÉÔòÉÔòÉÔòÉÔòÉÔòÉÔòÉÔòÉÔòÉÔòÉÔòÉÔòÉÔòÉÔòÉÔòÉÔòÉÔòÉÔòÉÔòÉÔòÉÔòÉÔòÉÔòÉÔòÉÔòÉÔòÉÔòÉÔòÉÔòÉÔòÉÔòÉÔòÉÔòÉÔòÉÔòÉÔòÉÔòÉÔòÉÔòÉÔòÉÔòÉÔòÉÔòÉÔòÉÔòÉÔòÉÔòÉÔòÉÔòÉÔòÉÔòÉÔòù
    Ôòæ Looks like Playwright Test or Playwright was just installed or updated. Ôòæ
    Ôòæ Please run the following command to download new browsers:              Ôòæ
    Ôòæ                                                                         Ôòæ
    Ôòæ     npx playwright install                                              Ôòæ
    Ôòæ                                                                         Ôòæ
    Ôòæ <3 Playwright Team                                                      Ôòæ
    ÔòÜÔòÉÔòÉÔòÉÔòÉÔòÉÔòÉÔòÉÔòÉÔòÉÔòÉÔòÉÔòÉÔòÉÔòÉÔòÉÔòÉÔòÉÔòÉÔòÉÔòÉÔòÉÔòÉÔòÉÔòÉÔòÉÔòÉÔòÉÔòÉÔòÉÔòÉÔòÉÔòÉÔòÉÔòÉÔòÉÔòÉÔòÉÔòÉÔòÉÔòÉÔòÉÔòÉÔòÉÔòÉÔòÉÔòÉÔòÉÔòÉÔòÉÔòÉÔòÉÔòÉÔòÉÔòÉÔòÉÔòÉÔòÉÔòÉÔòÉÔòÉÔòÉÔòÉÔòÉÔòÉÔòÉÔòÉÔòÉÔòÉÔòÉÔòÉÔòÉÔòÉÔòÉÔòØ


[1A[2K[252/580] [chromium] ÔÇ║ src\tests\e2e\demo-flow.spec.ts:139:3 ÔÇ║ Flujo de Registro con Tel├®fono MX ÔÇ║ debe validar campo de tel├®fono mexicano
[1A[2K  251) [chromium] ÔÇ║ src\tests\e2e\demo-flow.spec.ts:125:3 ÔÇ║ Flujo de Registro con Tel├®fono MX ÔÇ║ debe mostrar el formulario de registro 

    Error: browserType.launch: Executable doesn't exist at C:\Users\conej\AppData\Local\ms-playwright\chromium_headless_shell-1200\chrome-headless-shell-win64\chrome-headless-shell.exe
    ÔòöÔòÉÔòÉÔòÉÔòÉÔòÉÔòÉÔòÉÔòÉÔòÉÔòÉÔòÉÔòÉÔòÉÔòÉÔòÉÔòÉÔòÉÔòÉÔòÉÔòÉÔòÉÔòÉÔòÉÔòÉÔòÉÔòÉÔòÉÔòÉÔòÉÔòÉÔòÉÔòÉÔòÉÔòÉÔòÉÔòÉÔòÉÔòÉÔòÉÔòÉÔòÉÔòÉÔòÉÔòÉÔòÉÔòÉÔòÉÔòÉÔòÉÔòÉÔòÉÔòÉÔòÉÔòÉÔòÉÔòÉÔòÉÔòÉÔòÉÔòÉÔòÉÔòÉÔòÉÔòÉÔòÉÔòÉÔòÉÔòÉÔòÉÔòÉÔòÉÔòÉÔòÉÔòù
    Ôòæ Looks like Playwright Test or Playwright was just installed or updated. Ôòæ
    Ôòæ Please run the following command to download new browsers:              Ôòæ
    Ôòæ                                                                         Ôòæ
    Ôòæ     npx playwright install                                              Ôòæ
    Ôòæ                                                                         Ôòæ
    Ôòæ <3 Playwright Team                                                      Ôòæ
    ÔòÜÔòÉÔòÉÔòÉÔòÉÔòÉÔòÉÔòÉÔòÉÔòÉÔòÉÔòÉÔòÉÔòÉÔòÉÔòÉÔòÉÔòÉÔòÉÔòÉÔòÉÔòÉÔòÉÔòÉÔòÉÔòÉÔòÉÔòÉÔòÉÔòÉÔòÉÔòÉÔòÉÔòÉÔòÉÔòÉÔòÉÔòÉÔòÉÔòÉÔòÉÔòÉÔòÉÔòÉÔòÉÔòÉÔòÉÔòÉÔòÉÔòÉÔòÉÔòÉÔòÉÔòÉÔòÉÔòÉÔòÉÔòÉÔòÉÔòÉÔòÉÔòÉÔòÉÔòÉÔòÉÔòÉÔòÉÔòÉÔòÉÔòÉÔòÉÔòÉÔòÉÔòÉÔòØ


[1A[2K  252) [chromium] ÔÇ║ src\tests\e2e\demo-flow.spec.ts:139:3 ÔÇ║ Flujo de Registro con Tel├®fono MX ÔÇ║ debe validar campo de tel├®fono mexicano 

    Error: browserType.launch: Executable doesn't exist at C:\Users\conej\AppData\Local\ms-playwright\chromium_headless_shell-1200\chrome-headless-shell-win64\chrome-headless-shell.exe
    ÔòöÔòÉÔòÉÔòÉÔòÉÔòÉÔòÉÔòÉÔòÉÔòÉÔòÉÔòÉÔòÉÔòÉÔòÉÔòÉÔòÉÔòÉÔòÉÔòÉÔòÉÔòÉÔòÉÔòÉÔòÉÔòÉÔòÉÔòÉÔòÉÔòÉÔòÉÔòÉÔòÉÔòÉÔòÉÔòÉÔòÉÔòÉÔòÉÔòÉÔòÉÔòÉÔòÉÔòÉÔòÉÔòÉÔòÉÔòÉÔòÉÔòÉÔòÉÔòÉÔòÉÔòÉÔòÉÔòÉÔòÉÔòÉÔòÉÔòÉÔòÉÔòÉÔòÉÔòÉÔòÉÔòÉÔòÉÔòÉÔòÉÔòÉÔòÉÔòÉÔòÉÔòÉÔòù
    Ôòæ Looks like Playwright Test or Playwright was just installed or updated. Ôòæ
    Ôòæ Please run the following command to download new browsers:              Ôòæ
    Ôòæ                                                                         Ôòæ
    Ôòæ     npx playwright install                                              Ôòæ
    Ôòæ                                                                         Ôòæ
    Ôòæ <3 Playwright Team                                                      Ôòæ
    ÔòÜÔòÉÔòÉÔòÉÔòÉÔòÉÔòÉÔòÉÔòÉÔòÉÔòÉÔòÉÔòÉÔòÉÔòÉÔòÉÔòÉÔòÉÔòÉÔòÉÔòÉÔòÉÔòÉÔòÉÔòÉÔòÉÔòÉÔòÉÔòÉÔòÉÔòÉÔòÉÔòÉÔòÉÔòÉÔòÉÔòÉÔòÉÔòÉÔòÉÔòÉÔòÉÔòÉÔòÉÔòÉÔòÉÔòÉÔòÉÔòÉÔòÉÔòÉÔòÉÔòÉÔòÉÔòÉÔòÉÔòÉÔòÉÔòÉÔòÉÔòÉÔòÉÔòÉÔòÉÔòÉÔòÉÔòÉÔòÉÔòÉÔòÉÔòÉÔòÉÔòÉÔòÉÔòØ


[1A[2K[253/580] [chromium] ÔÇ║ src\tests\e2e\demo-flow.spec.ts:169:3 ÔÇ║ Flujo de Registro con Tel├®fono MX ÔÇ║ debe mostrar error con tel├®fono inv├ílido
[1A[2K[254/580] [chromium] ÔÇ║ src\tests\e2e\demo-flow.spec.ts:201:3 ÔÇ║ Navegaci├│n Condicional ÔÇ║ debe mostrar Navigation solo cuando hay perfil activo
[1A[2K  253) [chromium] ÔÇ║ src\tests\e2e\demo-flow.spec.ts:169:3 ÔÇ║ Flujo de Registro con Tel├®fono MX ÔÇ║ debe mostrar error con tel├®fono inv├ílido 

    Error: browserType.launch: Executable doesn't exist at C:\Users\conej\AppData\Local\ms-playwright\chromium_headless_shell-1200\chrome-headless-shell-win64\chrome-headless-shell.exe
    ÔòöÔòÉÔòÉÔòÉÔòÉÔòÉÔòÉÔòÉÔòÉÔòÉÔòÉÔòÉÔòÉÔòÉÔòÉÔòÉÔòÉÔòÉÔòÉÔòÉÔòÉÔòÉÔòÉÔòÉÔòÉÔòÉÔòÉÔòÉÔòÉÔòÉÔòÉÔòÉÔòÉÔòÉÔòÉÔòÉÔòÉÔòÉÔòÉÔòÉÔòÉÔòÉÔòÉÔòÉÔòÉÔòÉÔòÉÔòÉÔòÉÔòÉÔòÉÔòÉÔòÉÔòÉÔòÉÔòÉÔòÉÔòÉÔòÉÔòÉÔòÉÔòÉÔòÉÔòÉÔòÉÔòÉÔòÉÔòÉÔòÉÔòÉÔòÉÔòÉÔòÉÔòÉÔòù
    Ôòæ Looks like Playwright Test or Playwright was just installed or updated. Ôòæ
    Ôòæ Please run the following command to download new browsers:              Ôòæ
    Ôòæ                                                                         Ôòæ
    Ôòæ     npx playwright install                                              Ôòæ
    Ôòæ                                                                         Ôòæ
    Ôòæ <3 Playwright Team                                                      Ôòæ
    ÔòÜÔòÉÔòÉÔòÉÔòÉÔòÉÔòÉÔòÉÔòÉÔòÉÔòÉÔòÉÔòÉÔòÉÔòÉÔòÉÔòÉÔòÉÔòÉÔòÉÔòÉÔòÉÔòÉÔòÉÔòÉÔòÉÔòÉÔòÉÔòÉÔòÉÔòÉÔòÉÔòÉÔòÉÔòÉÔòÉÔòÉÔòÉÔòÉÔòÉÔòÉÔòÉÔòÉÔòÉÔòÉÔòÉÔòÉÔòÉÔòÉÔòÉÔòÉÔòÉÔòÉÔòÉÔòÉÔòÉÔòÉÔòÉÔòÉÔòÉÔòÉÔòÉÔòÉÔòÉÔòÉÔòÉÔòÉÔòÉÔòÉÔòÉÔòÉÔòÉÔòÉÔòÉÔòØ


[1A[2K  254) [chromium] ÔÇ║ src\tests\e2e\demo-flow.spec.ts:201:3 ÔÇ║ Navegaci├│n Condicional ÔÇ║ debe mostrar Navigation solo cuando hay perfil activo 

    Error: browserType.launch: Executable doesn't exist at C:\Users\conej\AppData\Local\ms-playwright\chromium_headless_shell-1200\chrome-headless-shell-win64\chrome-headless-shell.exe
    ÔòöÔòÉÔòÉÔòÉÔòÉÔòÉÔòÉÔòÉÔòÉÔòÉÔòÉÔòÉÔòÉÔòÉÔòÉÔòÉÔòÉÔòÉÔòÉÔòÉÔòÉÔòÉÔòÉÔòÉÔòÉÔòÉÔòÉÔòÉÔòÉÔòÉÔòÉÔòÉÔòÉÔòÉÔòÉÔòÉÔòÉÔòÉÔòÉÔòÉÔòÉÔòÉÔòÉÔòÉÔòÉÔòÉÔòÉÔòÉÔòÉÔòÉÔòÉÔòÉÔòÉÔòÉÔòÉÔòÉÔòÉÔòÉÔòÉÔòÉÔòÉÔòÉÔòÉÔòÉÔòÉÔòÉÔòÉÔòÉÔòÉÔòÉÔòÉÔòÉÔòÉÔòÉÔòù
    Ôòæ Looks like Playwright Test or Playwright was just installed or updated. Ôòæ
    Ôòæ Please run the following command to download new browsers:              Ôòæ
    Ôòæ                                                                         Ôòæ
    Ôòæ     npx playwright install                                              Ôòæ
    Ôòæ                                                                         Ôòæ
    Ôòæ <3 Playwright Team                                                      Ôòæ
    ÔòÜÔòÉÔòÉÔòÉÔòÉÔòÉÔòÉÔòÉÔòÉÔòÉÔòÉÔòÉÔòÉÔòÉÔòÉÔòÉÔòÉÔòÉÔòÉÔòÉÔòÉÔòÉÔòÉÔòÉÔòÉÔòÉÔòÉÔòÉÔòÉÔòÉÔòÉÔòÉÔòÉÔòÉÔòÉÔòÉÔòÉÔòÉÔòÉÔòÉÔòÉÔòÉÔòÉÔòÉÔòÉÔòÉÔòÉÔòÉÔòÉÔòÉÔòÉÔòÉÔòÉÔòÉÔòÉÔòÉÔòÉÔòÉÔòÉÔòÉÔòÉÔòÉÔòÉÔòÉÔòÉÔòÉÔòÉÔòÉÔòÉÔòÉÔòÉÔòÉÔòÉÔòÉÔòØ


[1A[2K[255/580] [chromium] ÔÇ║ src\tests\e2e\full-user-journey.spec.ts:66:3 ÔÇ║ PASO 1: Registro/Login ÔÇ║ Debe permitir login exitoso
[1A[2K  255) [chromium] ÔÇ║ src\tests\e2e\full-user-journey.spec.ts:66:3 ÔÇ║ PASO 1: Registro/Login ÔÇ║ Debe permitir login exitoso 

    Error: browserType.launch: Executable doesn't exist at C:\Users\conej\AppData\Local\ms-playwright\chromium_headless_shell-1200\chrome-headless-shell-win64\chrome-headless-shell.exe
    ÔòöÔòÉÔòÉÔòÉÔòÉÔòÉÔòÉÔòÉÔòÉÔòÉÔòÉÔòÉÔòÉÔòÉÔòÉÔòÉÔòÉÔòÉÔòÉÔòÉÔòÉÔòÉÔòÉÔòÉÔòÉÔòÉÔòÉÔòÉÔòÉÔòÉÔòÉÔòÉÔòÉÔòÉÔòÉÔòÉÔòÉÔòÉÔòÉÔòÉÔòÉÔòÉÔòÉÔòÉÔòÉÔòÉÔòÉÔòÉÔòÉÔòÉÔòÉÔòÉÔòÉÔòÉÔòÉÔòÉÔòÉÔòÉÔòÉÔòÉÔòÉÔòÉÔòÉÔòÉÔòÉÔòÉÔòÉÔòÉÔòÉÔòÉÔòÉÔòÉÔòÉÔòÉÔòù
    Ôòæ Looks like Playwright Test or Playwright was just installed or updated. Ôòæ
    Ôòæ Please run the following command to download new browsers:              Ôòæ
    Ôòæ                                                                         Ôòæ
    Ôòæ     npx playwright install                                              Ôòæ
    Ôòæ                                                                         Ôòæ
    Ôòæ <3 Playwright Team                                                      Ôòæ
    ÔòÜÔòÉÔòÉÔòÉÔòÉÔòÉÔòÉÔòÉÔòÉÔòÉÔòÉÔòÉÔòÉÔòÉÔòÉÔòÉÔòÉÔòÉÔòÉÔòÉÔòÉÔòÉÔòÉÔòÉÔòÉÔòÉÔòÉÔòÉÔòÉÔòÉÔòÉÔòÉÔòÉÔòÉÔòÉÔòÉÔòÉÔòÉÔòÉÔòÉÔòÉÔòÉÔòÉÔòÉÔòÉÔòÉÔòÉÔòÉÔòÉÔòÉÔòÉÔòÉÔòÉÔòÉÔòÉÔòÉÔòÉÔòÉÔòÉÔòÉÔòÉÔòÉÔòÉÔòÉÔòÉÔòÉÔòÉÔòÉÔòÉÔòÉÔòÉÔòÉÔòÉÔòÉÔòØ


[1A[2K[256/580] [chromium] ÔÇ║ src\tests\e2e\full-user-journey.spec.ts:93:3 ÔÇ║ PASO 2: Matching (Descubrir) ÔÇ║ Debe cargar tarjetas de matching sin skeletons
[1A[2K  256) [chromium] ÔÇ║ src\tests\e2e\full-user-journey.spec.ts:93:3 ÔÇ║ PASO 2: Matching (Descubrir) ÔÇ║ Debe cargar tarjetas de matching sin skeletons 

    Error: browserType.launch: Executable doesn't exist at C:\Users\conej\AppData\Local\ms-playwright\chromium_headless_shell-1200\chrome-headless-shell-win64\chrome-headless-shell.exe
    ÔòöÔòÉÔòÉÔòÉÔòÉÔòÉÔòÉÔòÉÔòÉÔòÉÔòÉÔòÉÔòÉÔòÉÔòÉÔòÉÔòÉÔòÉÔòÉÔòÉÔòÉÔòÉÔòÉÔòÉÔòÉÔòÉÔòÉÔòÉÔòÉÔòÉÔòÉÔòÉÔòÉÔòÉÔòÉÔòÉÔòÉÔòÉÔòÉÔòÉÔòÉÔòÉÔòÉÔòÉÔòÉÔòÉÔòÉÔòÉÔòÉÔòÉÔòÉÔòÉÔòÉÔòÉÔòÉÔòÉÔòÉÔòÉÔòÉÔòÉÔòÉÔòÉÔòÉÔòÉÔòÉÔòÉÔòÉÔòÉÔòÉÔòÉÔòÉÔòÉÔòÉÔòÉÔòù
    Ôòæ Looks like Playwright Test or Playwright was just installed or updated. Ôòæ
    Ôòæ Please run the following command to download new browsers:              Ôòæ
    Ôòæ                                                                         Ôòæ
    Ôòæ     npx playwright install                                              Ôòæ
    Ôòæ                                                                         Ôòæ
    Ôòæ <3 Playwright Team                                                      Ôòæ
    ÔòÜÔòÉÔòÉÔòÉÔòÉÔòÉÔòÉÔòÉÔòÉÔòÉÔòÉÔòÉÔòÉÔòÉÔòÉÔòÉÔòÉÔòÉÔòÉÔòÉÔòÉÔòÉÔòÉÔòÉÔòÉÔòÉÔòÉÔòÉÔòÉÔòÉÔòÉÔòÉÔòÉÔòÉÔòÉÔòÉÔòÉÔòÉÔòÉÔòÉÔòÉÔòÉÔòÉÔòÉÔòÉÔòÉÔòÉÔòÉÔòÉÔòÉÔòÉÔòÉÔòÉÔòÉÔòÉÔòÉÔòÉÔòÉÔòÉÔòÉÔòÉÔòÉÔòÉÔòÉÔòÉÔòÉÔòÉÔòÉÔòÉÔòÉÔòÉÔòÉÔòÉÔòÉÔòØ


[1A[2K[257/580] [chromium] ÔÇ║ src\tests\e2e\full-user-journey.spec.ts:118:3 ÔÇ║ PASO 2: Matching (Descubrir) ÔÇ║ Debe permitir dar Like a un perfil
[1A[2K  257) [chromium] ÔÇ║ src\tests\e2e\full-user-journey.spec.ts:118:3 ÔÇ║ PASO 2: Matching (Descubrir) ÔÇ║ Debe permitir dar Like a un perfil 

    Error: browserType.launch: Executable doesn't exist at C:\Users\conej\AppData\Local\ms-playwright\chromium_headless_shell-1200\chrome-headless-shell-win64\chrome-headless-shell.exe
    ÔòöÔòÉÔòÉÔòÉÔòÉÔòÉÔòÉÔòÉÔòÉÔòÉÔòÉÔòÉÔòÉÔòÉÔòÉÔòÉÔòÉÔòÉÔòÉÔòÉÔòÉÔòÉÔòÉÔòÉÔòÉÔòÉÔòÉÔòÉÔòÉÔòÉÔòÉÔòÉÔòÉÔòÉÔòÉÔòÉÔòÉÔòÉÔòÉÔòÉÔòÉÔòÉÔòÉÔòÉÔòÉÔòÉÔòÉÔòÉÔòÉÔòÉÔòÉÔòÉÔòÉÔòÉÔòÉÔòÉÔòÉÔòÉÔòÉÔòÉÔòÉÔòÉÔòÉÔòÉÔòÉÔòÉÔòÉÔòÉÔòÉÔòÉÔòÉÔòÉÔòÉÔòÉÔòù
    Ôòæ Looks like Playwright Test or Playwright was just installed or updated. Ôòæ
    Ôòæ Please run the following command to download new browsers:              Ôòæ
    Ôòæ                                                                         Ôòæ
    Ôòæ     npx playwright install                                              Ôòæ
    Ôòæ                                                                         Ôòæ
    Ôòæ <3 Playwright Team                                                      Ôòæ
    ÔòÜÔòÉÔòÉÔòÉÔòÉÔòÉÔòÉÔòÉÔòÉÔòÉÔòÉÔòÉÔòÉÔòÉÔòÉÔòÉÔòÉÔòÉÔòÉÔòÉÔòÉÔòÉÔòÉÔòÉÔòÉÔòÉÔòÉÔòÉÔòÉÔòÉÔòÉÔòÉÔòÉÔòÉÔòÉÔòÉÔòÉÔòÉÔòÉÔòÉÔòÉÔòÉÔòÉÔòÉÔòÉÔòÉÔòÉÔòÉÔòÉÔòÉÔòÉÔòÉÔòÉÔòÉÔòÉÔòÉÔòÉÔòÉÔòÉÔòÉÔòÉÔòÉÔòÉÔòÉÔòÉÔòÉÔòÉÔòÉÔòÉÔòÉÔòÉÔòÉÔòÉÔòÉÔòØ


[1A[2K[258/580] [chromium] ÔÇ║ src\tests\e2e\full-user-journey.spec.ts:143:3 ÔÇ║ PASO 3: Staking (Transacci├│n) ÔÇ║ Debe permitir iniciar staking
[1A[2K  258) [chromium] ÔÇ║ src\tests\e2e\full-user-journey.spec.ts:143:3 ÔÇ║ PASO 3: Staking (Transacci├│n) ÔÇ║ Debe permitir iniciar staking 

    Error: browserType.launch: Executable doesn't exist at C:\Users\conej\AppData\Local\ms-playwright\chromium_headless_shell-1200\chrome-headless-shell-win64\chrome-headless-shell.exe
    ÔòöÔòÉÔòÉÔòÉÔòÉÔòÉÔòÉÔòÉÔòÉÔòÉÔòÉÔòÉÔòÉÔòÉÔòÉÔòÉÔòÉÔòÉÔòÉÔòÉÔòÉÔòÉÔòÉÔòÉÔòÉÔòÉÔòÉÔòÉÔòÉÔòÉÔòÉÔòÉÔòÉÔòÉÔòÉÔòÉÔòÉÔòÉÔòÉÔòÉÔòÉÔòÉÔòÉÔòÉÔòÉÔòÉÔòÉÔòÉÔòÉÔòÉÔòÉÔòÉÔòÉÔòÉÔòÉÔòÉÔòÉÔòÉÔòÉÔòÉÔòÉÔòÉÔòÉÔòÉÔòÉÔòÉÔòÉÔòÉÔòÉÔòÉÔòÉÔòÉÔòÉÔòÉÔòù
    Ôòæ Looks like Playwright Test or Playwright was just installed or updated. Ôòæ
    Ôòæ Please run the following command to download new browsers:              Ôòæ
    Ôòæ                                                                         Ôòæ
    Ôòæ     npx playwright install                                              Ôòæ
    Ôòæ                                                                         Ôòæ
    Ôòæ <3 Playwright Team                                                      Ôòæ
    ÔòÜÔòÉÔòÉÔòÉÔòÉÔòÉÔòÉÔòÉÔòÉÔòÉÔòÉÔòÉÔòÉÔòÉÔòÉÔòÉÔòÉÔòÉÔòÉÔòÉÔòÉÔòÉÔòÉÔòÉÔòÉÔòÉÔòÉÔòÉÔòÉÔòÉÔòÉÔòÉÔòÉÔòÉÔòÉÔòÉÔòÉÔòÉÔòÉÔòÉÔòÉÔòÉÔòÉÔòÉÔòÉÔòÉÔòÉÔòÉÔòÉÔòÉÔòÉÔòÉÔòÉÔòÉÔòÉÔòÉÔòÉÔòÉÔòÉÔòÉÔòÉÔòÉÔòÉÔòÉÔòÉÔòÉÔòÉÔòÉÔòÉÔòÉÔòÉÔòÉÔòÉÔòÉÔòØ


[1A[2K[259/580] [chromium] ÔÇ║ src\tests\e2e\full-user-journey.spec.ts:178:3 ÔÇ║ PASO 4: Simulaci├│n de Error ÔÇ║ Debe manejar error de staking (500)
[1A[2K[260/580] [chromium] ÔÇ║ src\tests\e2e\full-user-journey.spec.ts:209:3 ÔÇ║ PASO 4: Simulaci├│n de Error ÔÇ║ Debe manejar error de fondos insuficientes
[1A[2K  259) [chromium] ÔÇ║ src\tests\e2e\full-user-journey.spec.ts:178:3 ÔÇ║ PASO 4: Simulaci├│n de Error ÔÇ║ Debe manejar error de staking (500) 

    Error: browserType.launch: Executable doesn't exist at C:\Users\conej\AppData\Local\ms-playwright\chromium_headless_shell-1200\chrome-headless-shell-win64\chrome-headless-shell.exe
    ÔòöÔòÉÔòÉÔòÉÔòÉÔòÉÔòÉÔòÉÔòÉÔòÉÔòÉÔòÉÔòÉÔòÉÔòÉÔòÉÔòÉÔòÉÔòÉÔòÉÔòÉÔòÉÔòÉÔòÉÔòÉÔòÉÔòÉÔòÉÔòÉÔòÉÔòÉÔòÉÔòÉÔòÉÔòÉÔòÉÔòÉÔòÉÔòÉÔòÉÔòÉÔòÉÔòÉÔòÉÔòÉÔòÉÔòÉÔòÉÔòÉÔòÉÔòÉÔòÉÔòÉÔòÉÔòÉÔòÉÔòÉÔòÉÔòÉÔòÉÔòÉÔòÉÔòÉÔòÉÔòÉÔòÉÔòÉÔòÉÔòÉÔòÉÔòÉÔòÉÔòÉÔòÉÔòù
    Ôòæ Looks like Playwright Test or Playwright was just installed or updated. Ôòæ
    Ôòæ Please run the following command to download new browsers:              Ôòæ
    Ôòæ                                                                         Ôòæ
    Ôòæ     npx playwright install                                              Ôòæ
    Ôòæ                                                                         Ôòæ
    Ôòæ <3 Playwright Team                                                      Ôòæ
    ÔòÜÔòÉÔòÉÔòÉÔòÉÔòÉÔòÉÔòÉÔòÉÔòÉÔòÉÔòÉÔòÉÔòÉÔòÉÔòÉÔòÉÔòÉÔòÉÔòÉÔòÉÔòÉÔòÉÔòÉÔòÉÔòÉÔòÉÔòÉÔòÉÔòÉÔòÉÔòÉÔòÉÔòÉÔòÉÔòÉÔòÉÔòÉÔòÉÔòÉÔòÉÔòÉÔòÉÔòÉÔòÉÔòÉÔòÉÔòÉÔòÉÔòÉÔòÉÔòÉÔòÉÔòÉÔòÉÔòÉÔòÉÔòÉÔòÉÔòÉÔòÉÔòÉÔòÉÔòÉÔòÉÔòÉÔòÉÔòÉÔòÉÔòÉÔòÉÔòÉÔòÉÔòÉÔòØ


[1A[2K  260) [chromium] ÔÇ║ src\tests\e2e\full-user-journey.spec.ts:209:3 ÔÇ║ PASO 4: Simulaci├│n de Error ÔÇ║ Debe manejar error de fondos insuficientes 

    Error: browserType.launch: Executable doesn't exist at C:\Users\conej\AppData\Local\ms-playwright\chromium_headless_shell-1200\chrome-headless-shell-win64\chrome-headless-shell.exe
    ÔòöÔòÉÔòÉÔòÉÔòÉÔòÉÔòÉÔòÉÔòÉÔòÉÔòÉÔòÉÔòÉÔòÉÔòÉÔòÉÔòÉÔòÉÔòÉÔòÉÔòÉÔòÉÔòÉÔòÉÔòÉÔòÉÔòÉÔòÉÔòÉÔòÉÔòÉÔòÉÔòÉÔòÉÔòÉÔòÉÔòÉÔòÉÔòÉÔòÉÔòÉÔòÉÔòÉÔòÉÔòÉÔòÉÔòÉÔòÉÔòÉÔòÉÔòÉÔòÉÔòÉÔòÉÔòÉÔòÉÔòÉÔòÉÔòÉÔòÉÔòÉÔòÉÔòÉÔòÉÔòÉÔòÉÔòÉÔòÉÔòÉÔòÉÔòÉÔòÉÔòÉÔòÉÔòù
    Ôòæ Looks like Playwright Test or Playwright was just installed or updated. Ôòæ
    Ôòæ Please run the following command to download new browsers:              Ôòæ
    Ôòæ                                                                         Ôòæ
    Ôòæ     npx playwright install                                              Ôòæ
    Ôòæ                                                                         Ôòæ
    Ôòæ <3 Playwright Team                                                      Ôòæ
    ÔòÜÔòÉÔòÉÔòÉÔòÉÔòÉÔòÉÔòÉÔòÉÔòÉÔòÉÔòÉÔòÉÔòÉÔòÉÔòÉÔòÉÔòÉÔòÉÔòÉÔòÉÔòÉÔòÉÔòÉÔòÉÔòÉÔòÉÔòÉÔòÉÔòÉÔòÉÔòÉÔòÉÔòÉÔòÉÔòÉÔòÉÔòÉÔòÉÔòÉÔòÉÔòÉÔòÉÔòÉÔòÉÔòÉÔòÉÔòÉÔòÉÔòÉÔòÉÔòÉÔòÉÔòÉÔòÉÔòÉÔòÉÔòÉÔòÉÔòÉÔòÉÔòÉÔòÉÔòÉÔòÉÔòÉÔòÉÔòÉÔòÉÔòÉÔòÉÔòÉÔòÉÔòÉÔòØ


[1A[2K[261/580] [chromium] ÔÇ║ src\tests\e2e\full-user-journey.spec.ts:251:3 ÔÇ║ PASO 5: Recuperaci├│n v├¡a Chatbot ÔÇ║ Debe abrir chatbot con soluci├│n precargada
[1A[2K[262/580] [chromium] ÔÇ║ src\tests\e2e\full-user-journey.spec.ts:289:3 ÔÇ║ PASO 5: Recuperaci├│n v├¡a Chatbot ÔÇ║ Debe recibir respuesta del chatbot con soluci├│n
[1A[2K  261) [chromium] ÔÇ║ src\tests\e2e\full-user-journey.spec.ts:251:3 ÔÇ║ PASO 5: Recuperaci├│n v├¡a Chatbot ÔÇ║ Debe abrir chatbot con soluci├│n precargada 

    Error: browserType.launch: Executable doesn't exist at C:\Users\conej\AppData\Local\ms-playwright\chromium_headless_shell-1200\chrome-headless-shell-win64\chrome-headless-shell.exe
    ÔòöÔòÉÔòÉÔòÉÔòÉÔòÉÔòÉÔòÉÔòÉÔòÉÔòÉÔòÉÔòÉÔòÉÔòÉÔòÉÔòÉÔòÉÔòÉÔòÉÔòÉÔòÉÔòÉÔòÉÔòÉÔòÉÔòÉÔòÉÔòÉÔòÉÔòÉÔòÉÔòÉÔòÉÔòÉÔòÉÔòÉÔòÉÔòÉÔòÉÔòÉÔòÉÔòÉÔòÉÔòÉÔòÉÔòÉÔòÉÔòÉÔòÉÔòÉÔòÉÔòÉÔòÉÔòÉÔòÉÔòÉÔòÉÔòÉÔòÉÔòÉÔòÉÔòÉÔòÉÔòÉÔòÉÔòÉÔòÉÔòÉÔòÉÔòÉÔòÉÔòÉÔòÉÔòù
    Ôòæ Looks like Playwright Test or Playwright was just installed or updated. Ôòæ
    Ôòæ Please run the following command to download new browsers:              Ôòæ
    Ôòæ                                                                         Ôòæ
    Ôòæ     npx playwright install                                              Ôòæ
    Ôòæ                                                                         Ôòæ
    Ôòæ <3 Playwright Team                                                      Ôòæ
    ÔòÜÔòÉÔòÉÔòÉÔòÉÔòÉÔòÉÔòÉÔòÉÔòÉÔòÉÔòÉÔòÉÔòÉÔòÉÔòÉÔòÉÔòÉÔòÉÔòÉÔòÉÔòÉÔòÉÔòÉÔòÉÔòÉÔòÉÔòÉÔòÉÔòÉÔòÉÔòÉÔòÉÔòÉÔòÉÔòÉÔòÉÔòÉÔòÉÔòÉÔòÉÔòÉÔòÉÔòÉÔòÉÔòÉÔòÉÔòÉÔòÉÔòÉÔòÉÔòÉÔòÉÔòÉÔòÉÔòÉÔòÉÔòÉÔòÉÔòÉÔòÉÔòÉÔòÉÔòÉÔòÉÔòÉÔòÉÔòÉÔòÉÔòÉÔòÉÔòÉÔòÉÔòÉÔòØ


[1A[2K  262) [chromium] ÔÇ║ src\tests\e2e\full-user-journey.spec.ts:289:3 ÔÇ║ PASO 5: Recuperaci├│n v├¡a Chatbot ÔÇ║ Debe recibir respuesta del chatbot con soluci├│n 

    Error: browserType.launch: Executable doesn't exist at C:\Users\conej\AppData\Local\ms-playwright\chromium_headless_shell-1200\chrome-headless-shell-win64\chrome-headless-shell.exe
    ÔòöÔòÉÔòÉÔòÉÔòÉÔòÉÔòÉÔòÉÔòÉÔòÉÔòÉÔòÉÔòÉÔòÉÔòÉÔòÉÔòÉÔòÉÔòÉÔòÉÔòÉÔòÉÔòÉÔòÉÔòÉÔòÉÔòÉÔòÉÔòÉÔòÉÔòÉÔòÉÔòÉÔòÉÔòÉÔòÉÔòÉÔòÉÔòÉÔòÉÔòÉÔòÉÔòÉÔòÉÔòÉÔòÉÔòÉÔòÉÔòÉÔòÉÔòÉÔòÉÔòÉÔòÉÔòÉÔòÉÔòÉÔòÉÔòÉÔòÉÔòÉÔòÉÔòÉÔòÉÔòÉÔòÉÔòÉÔòÉÔòÉÔòÉÔòÉÔòÉÔòÉÔòÉÔòù
    Ôòæ Looks like Playwright Test or Playwright was just installed or updated. Ôòæ
    Ôòæ Please run the following command to download new browsers:              Ôòæ
    Ôòæ                                                                         Ôòæ
    Ôòæ     npx playwright install                                              Ôòæ
    Ôòæ                                                                         Ôòæ
    Ôòæ <3 Playwright Team                                                      Ôòæ
    ÔòÜÔòÉÔòÉÔòÉÔòÉÔòÉÔòÉÔòÉÔòÉÔòÉÔòÉÔòÉÔòÉÔòÉÔòÉÔòÉÔòÉÔòÉÔòÉÔòÉÔòÉÔòÉÔòÉÔòÉÔòÉÔòÉÔòÉÔòÉÔòÉÔòÉÔòÉÔòÉÔòÉÔòÉÔòÉÔòÉÔòÉÔòÉÔòÉÔòÉÔòÉÔòÉÔòÉÔòÉÔòÉÔòÉÔòÉÔòÉÔòÉÔòÉÔòÉÔòÉÔòÉÔòÉÔòÉÔòÉÔòÉÔòÉÔòÉÔòÉÔòÉÔòÉÔòÉÔòÉÔòÉÔòÉÔòÉÔòÉÔòÉÔòÉÔòÉÔòÉÔòÉÔòÉÔòØ


[1A[2K[263/580] [chromium] ÔÇ║ src\tests\e2e\full-user-journey.spec.ts:324:3 ÔÇ║ Flujo Completo (Happy Path) ÔÇ║ Usuario completa todo el flujo sin errores
[1A[2K  263) [chromium] ÔÇ║ src\tests\e2e\full-user-journey.spec.ts:324:3 ÔÇ║ Flujo Completo (Happy Path) ÔÇ║ Usuario completa todo el flujo sin errores 

    Error: browserType.launch: Executable doesn't exist at C:\Users\conej\AppData\Local\ms-playwright\chromium_headless_shell-1200\chrome-headless-shell-win64\chrome-headless-shell.exe
    ÔòöÔòÉÔòÉÔòÉÔòÉÔòÉÔòÉÔòÉÔòÉÔòÉÔòÉÔòÉÔòÉÔòÉÔòÉÔòÉÔòÉÔòÉÔòÉÔòÉÔòÉÔòÉÔòÉÔòÉÔòÉÔòÉÔòÉÔòÉÔòÉÔòÉÔòÉÔòÉÔòÉÔòÉÔòÉÔòÉÔòÉÔòÉÔòÉÔòÉÔòÉÔòÉÔòÉÔòÉÔòÉÔòÉÔòÉÔòÉÔòÉÔòÉÔòÉÔòÉÔòÉÔòÉÔòÉÔòÉÔòÉÔòÉÔòÉÔòÉÔòÉÔòÉÔòÉÔòÉÔòÉÔòÉÔòÉÔòÉÔòÉÔòÉÔòÉÔòÉÔòÉÔòÉÔòù
    Ôòæ Looks like Playwright Test or Playwright was just installed or updated. Ôòæ
    Ôòæ Please run the following command to download new browsers:              Ôòæ
    Ôòæ                                                                         Ôòæ
    Ôòæ     npx playwright install                                              Ôòæ
    Ôòæ                                                                         Ôòæ
    Ôòæ <3 Playwright Team                                                      Ôòæ
    ÔòÜÔòÉÔòÉÔòÉÔòÉÔòÉÔòÉÔòÉÔòÉÔòÉÔòÉÔòÉÔòÉÔòÉÔòÉÔòÉÔòÉÔòÉÔòÉÔòÉÔòÉÔòÉÔòÉÔòÉÔòÉÔòÉÔòÉÔòÉÔòÉÔòÉÔòÉÔòÉÔòÉÔòÉÔòÉÔòÉÔòÉÔòÉÔòÉÔòÉÔòÉÔòÉÔòÉÔòÉÔòÉÔòÉÔòÉÔòÉÔòÉÔòÉÔòÉÔòÉÔòÉÔòÉÔòÉÔòÉÔòÉÔòÉÔòÉÔòÉÔòÉÔòÉÔòÉÔòÉÔòÉÔòÉÔòÉÔòÉÔòÉÔòÉÔòÉÔòÉÔòÉÔòÉÔòØ


[1A[2K[264/580] [chromium] ÔÇ║ src\tests\e2e\galleries.spec.ts:14:3 ÔÇ║ Galer├¡as - Upload Foto P├║blica ÔÇ║ debe tener secci├│n de galer├¡a en perfil
[1A[2K  264) [chromium] ÔÇ║ src\tests\e2e\galleries.spec.ts:14:3 ÔÇ║ Galer├¡as - Upload Foto P├║blica ÔÇ║ debe tener secci├│n de galer├¡a en perfil 

    Error: browserType.launch: Executable doesn't exist at C:\Users\conej\AppData\Local\ms-playwright\chromium_headless_shell-1200\chrome-headless-shell-win64\chrome-headless-shell.exe
    ÔòöÔòÉÔòÉÔòÉÔòÉÔòÉÔòÉÔòÉÔòÉÔòÉÔòÉÔòÉÔòÉÔòÉÔòÉÔòÉÔòÉÔòÉÔòÉÔòÉÔòÉÔòÉÔòÉÔòÉÔòÉÔòÉÔòÉÔòÉÔòÉÔòÉÔòÉÔòÉÔòÉÔòÉÔòÉÔòÉÔòÉÔòÉÔòÉÔòÉÔòÉÔòÉÔòÉÔòÉÔòÉÔòÉÔòÉÔòÉÔòÉÔòÉÔòÉÔòÉÔòÉÔòÉÔòÉÔòÉÔòÉÔòÉÔòÉÔòÉÔòÉÔòÉÔòÉÔòÉÔòÉÔòÉÔòÉÔòÉÔòÉÔòÉÔòÉÔòÉÔòÉÔòÉÔòù
    Ôòæ Looks like Playwright Test or Playwright was just installed or updated. Ôòæ
    Ôòæ Please run the following command to download new browsers:              Ôòæ
    Ôòæ                                                                         Ôòæ
    Ôòæ     npx playwright install                                              Ôòæ
    Ôòæ                                                                         Ôòæ
    Ôòæ <3 Playwright Team                                                      Ôòæ
    ÔòÜÔòÉÔòÉÔòÉÔòÉÔòÉÔòÉÔòÉÔòÉÔòÉÔòÉÔòÉÔòÉÔòÉÔòÉÔòÉÔòÉÔòÉÔòÉÔòÉÔòÉÔòÉÔòÉÔòÉÔòÉÔòÉÔòÉÔòÉÔòÉÔòÉÔòÉÔòÉÔòÉÔòÉÔòÉÔòÉÔòÉÔòÉÔòÉÔòÉÔòÉÔòÉÔòÉÔòÉÔòÉÔòÉÔòÉÔòÉÔòÉÔòÉÔòÉÔòÉÔòÉÔòÉÔòÉÔòÉÔòÉÔòÉÔòÉÔòÉÔòÉÔòÉÔòÉÔòÉÔòÉÔòÉÔòÉÔòÉÔòÉÔòÉÔòÉÔòÉÔòÉÔòÉÔòØ


[1A[2K[265/580] [chromium] ÔÇ║ src\tests\e2e\galleries.spec.ts:19:3 ÔÇ║ Galer├¡as - Upload Foto P├║blica ÔÇ║ debe tener bot├│n para subir foto
[1A[2K  265) [chromium] ÔÇ║ src\tests\e2e\galleries.spec.ts:19:3 ÔÇ║ Galer├¡as - Upload Foto P├║blica ÔÇ║ debe tener bot├│n para subir foto 

    Error: browserType.launch: Executable doesn't exist at C:\Users\conej\AppData\Local\ms-playwright\chromium_headless_shell-1200\chrome-headless-shell-win64\chrome-headless-shell.exe
    ÔòöÔòÉÔòÉÔòÉÔòÉÔòÉÔòÉÔòÉÔòÉÔòÉÔòÉÔòÉÔòÉÔòÉÔòÉÔòÉÔòÉÔòÉÔòÉÔòÉÔòÉÔòÉÔòÉÔòÉÔòÉÔòÉÔòÉÔòÉÔòÉÔòÉÔòÉÔòÉÔòÉÔòÉÔòÉÔòÉÔòÉÔòÉÔòÉÔòÉÔòÉÔòÉÔòÉÔòÉÔòÉÔòÉÔòÉÔòÉÔòÉÔòÉÔòÉÔòÉÔòÉÔòÉÔòÉÔòÉÔòÉÔòÉÔòÉÔòÉÔòÉÔòÉÔòÉÔòÉÔòÉÔòÉÔòÉÔòÉÔòÉÔòÉÔòÉÔòÉÔòÉÔòÉÔòù
    Ôòæ Looks like Playwright Test or Playwright was just installed or updated. Ôòæ
    Ôòæ Please run the following command to download new browsers:              Ôòæ
    Ôòæ                                                                         Ôòæ
    Ôòæ     npx playwright install                                              Ôòæ
    Ôòæ                                                                         Ôòæ
    Ôòæ <3 Playwright Team                                                      Ôòæ
    ÔòÜÔòÉÔòÉÔòÉÔòÉÔòÉÔòÉÔòÉÔòÉÔòÉÔòÉÔòÉÔòÉÔòÉÔòÉÔòÉÔòÉÔòÉÔòÉÔòÉÔòÉÔòÉÔòÉÔòÉÔòÉÔòÉÔòÉÔòÉÔòÉÔòÉÔòÉÔòÉÔòÉÔòÉÔòÉÔòÉÔòÉÔòÉÔòÉÔòÉÔòÉÔòÉÔòÉÔòÉÔòÉÔòÉÔòÉÔòÉÔòÉÔòÉÔòÉÔòÉÔòÉÔòÉÔòÉÔòÉÔòÉÔòÉÔòÉÔòÉÔòÉÔòÉÔòÉÔòÉÔòÉÔòÉÔòÉÔòÉÔòÉÔòÉÔòÉÔòÉÔòÉÔòÉÔòØ


[1A[2K[266/580] [chromium] ÔÇ║ src\tests\e2e\galleries.spec.ts:24:3 ÔÇ║ Galer├¡as - Upload Foto P├║blica ÔÇ║ debe validar formato de imagen (jpg, png, webp)
[1A[2K  266) [chromium] ÔÇ║ src\tests\e2e\galleries.spec.ts:24:3 ÔÇ║ Galer├¡as - Upload Foto P├║blica ÔÇ║ debe validar formato de imagen (jpg, png, webp) 

    Error: browserType.launch: Executable doesn't exist at C:\Users\conej\AppData\Local\ms-playwright\chromium_headless_shell-1200\chrome-headless-shell-win64\chrome-headless-shell.exe
    ÔòöÔòÉÔòÉÔòÉÔòÉÔòÉÔòÉÔòÉÔòÉÔòÉÔòÉÔòÉÔòÉÔòÉÔòÉÔòÉÔòÉÔòÉÔòÉÔòÉÔòÉÔòÉÔòÉÔòÉÔòÉÔòÉÔòÉÔòÉÔòÉÔòÉÔòÉÔòÉÔòÉÔòÉÔòÉÔòÉÔòÉÔòÉÔòÉÔòÉÔòÉÔòÉÔòÉÔòÉÔòÉÔòÉÔòÉÔòÉÔòÉÔòÉÔòÉÔòÉÔòÉÔòÉÔòÉÔòÉÔòÉÔòÉÔòÉÔòÉÔòÉÔòÉÔòÉÔòÉÔòÉÔòÉÔòÉÔòÉÔòÉÔòÉÔòÉÔòÉÔòÉÔòÉÔòù
    Ôòæ Looks like Playwright Test or Playwright was just installed or updated. Ôòæ
    Ôòæ Please run the following command to download new browsers:              Ôòæ
    Ôòæ                                                                         Ôòæ
    Ôòæ     npx playwright install                                              Ôòæ
    Ôòæ                                                                         Ôòæ
    Ôòæ <3 Playwright Team                                                      Ôòæ
    ÔòÜÔòÉÔòÉÔòÉÔòÉÔòÉÔòÉÔòÉÔòÉÔòÉÔòÉÔòÉÔòÉÔòÉÔòÉÔòÉÔòÉÔòÉÔòÉÔòÉÔòÉÔòÉÔòÉÔòÉÔòÉÔòÉÔòÉÔòÉÔòÉÔòÉÔòÉÔòÉÔòÉÔòÉÔòÉÔòÉÔòÉÔòÉÔòÉÔòÉÔòÉÔòÉÔòÉÔòÉÔòÉÔòÉÔòÉÔòÉÔòÉÔòÉÔòÉÔòÉÔòÉÔòÉÔòÉÔòÉÔòÉÔòÉÔòÉÔòÉÔòÉÔòÉÔòÉÔòÉÔòÉÔòÉÔòÉÔòÉÔòÉÔòÉÔòÉÔòÉÔòÉÔòÉÔòØ


[1A[2K[267/580] [chromium] ÔÇ║ src\tests\e2e\galleries.spec.ts:39:3 ÔÇ║ Galer├¡as - Upload Foto Privada ÔÇ║ debe poder marcar foto como privada
[1A[2K[268/580] [chromium] ÔÇ║ src\tests\e2e\galleries.spec.ts:44:3 ÔÇ║ Galer├¡as - Upload Foto Privada ÔÇ║ debe poder establecer precio en tokens para foto privada
[1A[2K  267) [chromium] ÔÇ║ src\tests\e2e\galleries.spec.ts:39:3 ÔÇ║ Galer├¡as - Upload Foto Privada ÔÇ║ debe poder marcar foto como privada 

    Error: browserType.launch: Executable doesn't exist at C:\Users\conej\AppData\Local\ms-playwright\chromium_headless_shell-1200\chrome-headless-shell-win64\chrome-headless-shell.exe
    ÔòöÔòÉÔòÉÔòÉÔòÉÔòÉÔòÉÔòÉÔòÉÔòÉÔòÉÔòÉÔòÉÔòÉÔòÉÔòÉÔòÉÔòÉÔòÉÔòÉÔòÉÔòÉÔòÉÔòÉÔòÉÔòÉÔòÉÔòÉÔòÉÔòÉÔòÉÔòÉÔòÉÔòÉÔòÉÔòÉÔòÉÔòÉÔòÉÔòÉÔòÉÔòÉÔòÉÔòÉÔòÉÔòÉÔòÉÔòÉÔòÉÔòÉÔòÉÔòÉÔòÉÔòÉÔòÉÔòÉÔòÉÔòÉÔòÉÔòÉÔòÉÔòÉÔòÉÔòÉÔòÉÔòÉÔòÉÔòÉÔòÉÔòÉÔòÉÔòÉÔòÉÔòÉÔòù
    Ôòæ Looks like Playwright Test or Playwright was just installed or updated. Ôòæ
    Ôòæ Please run the following command to download new browsers:              Ôòæ
    Ôòæ                                                                         Ôòæ
    Ôòæ     npx playwright install                                              Ôòæ
    Ôòæ                                                                         Ôòæ
    Ôòæ <3 Playwright Team                                                      Ôòæ
    ÔòÜÔòÉÔòÉÔòÉÔòÉÔòÉÔòÉÔòÉÔòÉÔòÉÔòÉÔòÉÔòÉÔòÉÔòÉÔòÉÔòÉÔòÉÔòÉÔòÉÔòÉÔòÉÔòÉÔòÉÔòÉÔòÉÔòÉÔòÉÔòÉÔòÉÔòÉÔòÉÔòÉÔòÉÔòÉÔòÉÔòÉÔòÉÔòÉÔòÉÔòÉÔòÉÔòÉÔòÉÔòÉÔòÉÔòÉÔòÉÔòÉÔòÉÔòÉÔòÉÔòÉÔòÉÔòÉÔòÉÔòÉÔòÉÔòÉÔòÉÔòÉÔòÉÔòÉÔòÉÔòÉÔòÉÔòÉÔòÉÔòÉÔòÉÔòÉÔòÉÔòÉÔòÉÔòØ


[1A[2K  268) [chromium] ÔÇ║ src\tests\e2e\galleries.spec.ts:44:3 ÔÇ║ Galer├¡as - Upload Foto Privada ÔÇ║ debe poder establecer precio en tokens para foto privada 

    Error: browserType.launch: Executable doesn't exist at C:\Users\conej\AppData\Local\ms-playwright\chromium_headless_shell-1200\chrome-headless-shell-win64\chrome-headless-shell.exe
    ÔòöÔòÉÔòÉÔòÉÔòÉÔòÉÔòÉÔòÉÔòÉÔòÉÔòÉÔòÉÔòÉÔòÉÔòÉÔòÉÔòÉÔòÉÔòÉÔòÉÔòÉÔòÉÔòÉÔòÉÔòÉÔòÉÔòÉÔòÉÔòÉÔòÉÔòÉÔòÉÔòÉÔòÉÔòÉÔòÉÔòÉÔòÉÔòÉÔòÉÔòÉÔòÉÔòÉÔòÉÔòÉÔòÉÔòÉÔòÉÔòÉÔòÉÔòÉÔòÉÔòÉÔòÉÔòÉÔòÉÔòÉÔòÉÔòÉÔòÉÔòÉÔòÉÔòÉÔòÉÔòÉÔòÉÔòÉÔòÉÔòÉÔòÉÔòÉÔòÉÔòÉÔòÉÔòù
    Ôòæ Looks like Playwright Test or Playwright was just installed or updated. Ôòæ
    Ôòæ Please run the following command to download new browsers:              Ôòæ
    Ôòæ                                                                         Ôòæ
    Ôòæ     npx playwright install                                              Ôòæ
    Ôòæ                                                                         Ôòæ
    Ôòæ <3 Playwright Team                                                      Ôòæ
    ÔòÜÔòÉÔòÉÔòÉÔòÉÔòÉÔòÉÔòÉÔòÉÔòÉÔòÉÔòÉÔòÉÔòÉÔòÉÔòÉÔòÉÔòÉÔòÉÔòÉÔòÉÔòÉÔòÉÔòÉÔòÉÔòÉÔòÉÔòÉÔòÉÔòÉÔòÉÔòÉÔòÉÔòÉÔòÉÔòÉÔòÉÔòÉÔòÉÔòÉÔòÉÔòÉÔòÉÔòÉÔòÉÔòÉÔòÉÔòÉÔòÉÔòÉÔòÉÔòÉÔòÉÔòÉÔòÉÔòÉÔòÉÔòÉÔòÉÔòÉÔòÉÔòÉÔòÉÔòÉÔòÉÔòÉÔòÉÔòÉÔòÉÔòÉÔòÉÔòÉÔòÉÔòÉÔòØ


[1A[2K[269/580] [chromium] ÔÇ║ src\tests\e2e\galleries.spec.ts:49:3 ÔÇ║ Galer├¡as - Upload Foto Privada ÔÇ║ debe mostrar precio sugerido (90 CMPX)
[1A[2K[270/580] [chromium] ÔÇ║ src\tests\e2e\galleries.spec.ts:61:3 ÔÇ║ Galer├¡as - Pagar para Ver ÔÇ║ debe mostrar candado en fotos privadas
[1A[2K  269) [chromium] ÔÇ║ src\tests\e2e\galleries.spec.ts:49:3 ÔÇ║ Galer├¡as - Upload Foto Privada ÔÇ║ debe mostrar precio sugerido (90 CMPX) 

    Error: browserType.launch: Executable doesn't exist at C:\Users\conej\AppData\Local\ms-playwright\chromium_headless_shell-1200\chrome-headless-shell-win64\chrome-headless-shell.exe
    ÔòöÔòÉÔòÉÔòÉÔòÉÔòÉÔòÉÔòÉÔòÉÔòÉÔòÉÔòÉÔòÉÔòÉÔòÉÔòÉÔòÉÔòÉÔòÉÔòÉÔòÉÔòÉÔòÉÔòÉÔòÉÔòÉÔòÉÔòÉÔòÉÔòÉÔòÉÔòÉÔòÉÔòÉÔòÉÔòÉÔòÉÔòÉÔòÉÔòÉÔòÉÔòÉÔòÉÔòÉÔòÉÔòÉÔòÉÔòÉÔòÉÔòÉÔòÉÔòÉÔòÉÔòÉÔòÉÔòÉÔòÉÔòÉÔòÉÔòÉÔòÉÔòÉÔòÉÔòÉÔòÉÔòÉÔòÉÔòÉÔòÉÔòÉÔòÉÔòÉÔòÉÔòÉÔòù
    Ôòæ Looks like Playwright Test or Playwright was just installed or updated. Ôòæ
    Ôòæ Please run the following command to download new browsers:              Ôòæ
    Ôòæ                                                                         Ôòæ
    Ôòæ     npx playwright install                                              Ôòæ
    Ôòæ                                                                         Ôòæ
    Ôòæ <3 Playwright Team                                                      Ôòæ
    ÔòÜÔòÉÔòÉÔòÉÔòÉÔòÉÔòÉÔòÉÔòÉÔòÉÔòÉÔòÉÔòÉÔòÉÔòÉÔòÉÔòÉÔòÉÔòÉÔòÉÔòÉÔòÉÔòÉÔòÉÔòÉÔòÉÔòÉÔòÉÔòÉÔòÉÔòÉÔòÉÔòÉÔòÉÔòÉÔòÉÔòÉÔòÉÔòÉÔòÉÔòÉÔòÉÔòÉÔòÉÔòÉÔòÉÔòÉÔòÉÔòÉÔòÉÔòÉÔòÉÔòÉÔòÉÔòÉÔòÉÔòÉÔòÉÔòÉÔòÉÔòÉÔòÉÔòÉÔòÉÔòÉÔòÉÔòÉÔòÉÔòÉÔòÉÔòÉÔòÉÔòÉÔòÉÔòØ


[1A[2K  270) [chromium] ÔÇ║ src\tests\e2e\galleries.spec.ts:61:3 ÔÇ║ Galer├¡as - Pagar para Ver ÔÇ║ debe mostrar candado en fotos privadas 

    Error: browserType.launch: Executable doesn't exist at C:\Users\conej\AppData\Local\ms-playwright\chromium_headless_shell-1200\chrome-headless-shell-win64\chrome-headless-shell.exe
    ÔòöÔòÉÔòÉÔòÉÔòÉÔòÉÔòÉÔòÉÔòÉÔòÉÔòÉÔòÉÔòÉÔòÉÔòÉÔòÉÔòÉÔòÉÔòÉÔòÉÔòÉÔòÉÔòÉÔòÉÔòÉÔòÉÔòÉÔòÉÔòÉÔòÉÔòÉÔòÉÔòÉÔòÉÔòÉÔòÉÔòÉÔòÉÔòÉÔòÉÔòÉÔòÉÔòÉÔòÉÔòÉÔòÉÔòÉÔòÉÔòÉÔòÉÔòÉÔòÉÔòÉÔòÉÔòÉÔòÉÔòÉÔòÉÔòÉÔòÉÔòÉÔòÉÔòÉÔòÉÔòÉÔòÉÔòÉÔòÉÔòÉÔòÉÔòÉÔòÉÔòÉÔòÉÔòù
    Ôòæ Looks like Playwright Test or Playwright was just installed or updated. Ôòæ
    Ôòæ Please run the following command to download new browsers:              Ôòæ
    Ôòæ                                                                         Ôòæ
    Ôòæ     npx playwright install                                              Ôòæ
    Ôòæ                                                                         Ôòæ
    Ôòæ <3 Playwright Team                                                      Ôòæ
    ÔòÜÔòÉÔòÉÔòÉÔòÉÔòÉÔòÉÔòÉÔòÉÔòÉÔòÉÔòÉÔòÉÔòÉÔòÉÔòÉÔòÉÔòÉÔòÉÔòÉÔòÉÔòÉÔòÉÔòÉÔòÉÔòÉÔòÉÔòÉÔòÉÔòÉÔòÉÔòÉÔòÉÔòÉÔòÉÔòÉÔòÉÔòÉÔòÉÔòÉÔòÉÔòÉÔòÉÔòÉÔòÉÔòÉÔòÉÔòÉÔòÉÔòÉÔòÉÔòÉÔòÉÔòÉÔòÉÔòÉÔòÉÔòÉÔòÉÔòÉÔòÉÔòÉÔòÉÔòÉÔòÉÔòÉÔòÉÔòÉÔòÉÔòÉÔòÉÔòÉÔòÉÔòÉÔòØ


[1A[2K[271/580] [chromium] ÔÇ║ src\tests\e2e\galleries.spec.ts:66:3 ÔÇ║ Galer├¡as - Pagar para Ver ÔÇ║ debe mostrar precio al hacer click en foto privada
[1A[2K  271) [chromium] ÔÇ║ src\tests\e2e\galleries.spec.ts:66:3 ÔÇ║ Galer├¡as - Pagar para Ver ÔÇ║ debe mostrar precio al hacer click en foto privada 

    Error: browserType.launch: Executable doesn't exist at C:\Users\conej\AppData\Local\ms-playwright\chromium_headless_shell-1200\chrome-headless-shell-win64\chrome-headless-shell.exe
    ÔòöÔòÉÔòÉÔòÉÔòÉÔòÉÔòÉÔòÉÔòÉÔòÉÔòÉÔòÉÔòÉÔòÉÔòÉÔòÉÔòÉÔòÉÔòÉÔòÉÔòÉÔòÉÔòÉÔòÉÔòÉÔòÉÔòÉÔòÉÔòÉÔòÉÔòÉÔòÉÔòÉÔòÉÔòÉÔòÉÔòÉÔòÉÔòÉÔòÉÔòÉÔòÉÔòÉÔòÉÔòÉÔòÉÔòÉÔòÉÔòÉÔòÉÔòÉÔòÉÔòÉÔòÉÔòÉÔòÉÔòÉÔòÉÔòÉÔòÉÔòÉÔòÉÔòÉÔòÉÔòÉÔòÉÔòÉÔòÉÔòÉÔòÉÔòÉÔòÉÔòÉÔòÉÔòù
    Ôòæ Looks like Playwright Test or Playwright was just installed or updated. Ôòæ
    Ôòæ Please run the following command to download new browsers:              Ôòæ
    Ôòæ                                                                         Ôòæ
    Ôòæ     npx playwright install                                              Ôòæ
    Ôòæ                                                                         Ôòæ
    Ôòæ <3 Playwright Team                                                      Ôòæ
    ÔòÜÔòÉÔòÉÔòÉÔòÉÔòÉÔòÉÔòÉÔòÉÔòÉÔòÉÔòÉÔòÉÔòÉÔòÉÔòÉÔòÉÔòÉÔòÉÔòÉÔòÉÔòÉÔòÉÔòÉÔòÉÔòÉÔòÉÔòÉÔòÉÔòÉÔòÉÔòÉÔòÉÔòÉÔòÉÔòÉÔòÉÔòÉÔòÉÔòÉÔòÉÔòÉÔòÉÔòÉÔòÉÔòÉÔòÉÔòÉÔòÉÔòÉÔòÉÔòÉÔòÉÔòÉÔòÉÔòÉÔòÉÔòÉÔòÉÔòÉÔòÉÔòÉÔòÉÔòÉÔòÉÔòÉÔòÉÔòÉÔòÉÔòÉÔòÉÔòÉÔòÉÔòÉÔòØ


[1A[2K[272/580] [chromium] ÔÇ║ src\tests\e2e\galleries.spec.ts:76:3 ÔÇ║ Galer├¡as - Pagar para Ver ÔÇ║ debe confirmar antes de comprar acceso
[1A[2K  272) [chromium] ÔÇ║ src\tests\e2e\galleries.spec.ts:76:3 ÔÇ║ Galer├¡as - Pagar para Ver ÔÇ║ debe confirmar antes de comprar acceso 

    Error: browserType.launch: Executable doesn't exist at C:\Users\conej\AppData\Local\ms-playwright\chromium_headless_shell-1200\chrome-headless-shell-win64\chrome-headless-shell.exe
    ÔòöÔòÉÔòÉÔòÉÔòÉÔòÉÔòÉÔòÉÔòÉÔòÉÔòÉÔòÉÔòÉÔòÉÔòÉÔòÉÔòÉÔòÉÔòÉÔòÉÔòÉÔòÉÔòÉÔòÉÔòÉÔòÉÔòÉÔòÉÔòÉÔòÉÔòÉÔòÉÔòÉÔòÉÔòÉÔòÉÔòÉÔòÉÔòÉÔòÉÔòÉÔòÉÔòÉÔòÉÔòÉÔòÉÔòÉÔòÉÔòÉÔòÉÔòÉÔòÉÔòÉÔòÉÔòÉÔòÉÔòÉÔòÉÔòÉÔòÉÔòÉÔòÉÔòÉÔòÉÔòÉÔòÉÔòÉÔòÉÔòÉÔòÉÔòÉÔòÉÔòÉÔòÉÔòù
    Ôòæ Looks like Playwright Test or Playwright was just installed or updated. Ôòæ
    Ôòæ Please run the following command to download new browsers:              Ôòæ
    Ôòæ                                                                         Ôòæ
    Ôòæ     npx playwright install                                              Ôòæ
    Ôòæ                                                                         Ôòæ
    Ôòæ <3 Playwright Team                                                      Ôòæ
    ÔòÜÔòÉÔòÉÔòÉÔòÉÔòÉÔòÉÔòÉÔòÉÔòÉÔòÉÔòÉÔòÉÔòÉÔòÉÔòÉÔòÉÔòÉÔòÉÔòÉÔòÉÔòÉÔòÉÔòÉÔòÉÔòÉÔòÉÔòÉÔòÉÔòÉÔòÉÔòÉÔòÉÔòÉÔòÉÔòÉÔòÉÔòÉÔòÉÔòÉÔòÉÔòÉÔòÉÔòÉÔòÉÔòÉÔòÉÔòÉÔòÉÔòÉÔòÉÔòÉÔòÉÔòÉÔòÉÔòÉÔòÉÔòÉÔòÉÔòÉÔòÉÔòÉÔòÉÔòÉÔòÉÔòÉÔòÉÔòÉÔòÉÔòÉÔòÉÔòÉÔòÉÔòÉÔòØ


[1A[2K[273/580] [chromium] ÔÇ║ src\tests\e2e\galleries.spec.ts:93:3 ÔÇ║ Galer├¡as - Comisiones ÔÇ║ debe mostrar informaci├│n de comisi├│n (90% creador)
[1A[2K  273) [chromium] ÔÇ║ src\tests\e2e\galleries.spec.ts:93:3 ÔÇ║ Galer├¡as - Comisiones ÔÇ║ debe mostrar informaci├│n de comisi├│n (90% creador) 

    Error: browserType.launch: Executable doesn't exist at C:\Users\conej\AppData\Local\ms-playwright\chromium_headless_shell-1200\chrome-headless-shell-win64\chrome-headless-shell.exe
    ÔòöÔòÉÔòÉÔòÉÔòÉÔòÉÔòÉÔòÉÔòÉÔòÉÔòÉÔòÉÔòÉÔòÉÔòÉÔòÉÔòÉÔòÉÔòÉÔòÉÔòÉÔòÉÔòÉÔòÉÔòÉÔòÉÔòÉÔòÉÔòÉÔòÉÔòÉÔòÉÔòÉÔòÉÔòÉÔòÉÔòÉÔòÉÔòÉÔòÉÔòÉÔòÉÔòÉÔòÉÔòÉÔòÉÔòÉÔòÉÔòÉÔòÉÔòÉÔòÉÔòÉÔòÉÔòÉÔòÉÔòÉÔòÉÔòÉÔòÉÔòÉÔòÉÔòÉÔòÉÔòÉÔòÉÔòÉÔòÉÔòÉÔòÉÔòÉÔòÉÔòÉÔòÉÔòù
    Ôòæ Looks like Playwright Test or Playwright was just installed or updated. Ôòæ
    Ôòæ Please run the following command to download new browsers:              Ôòæ
    Ôòæ                                                                         Ôòæ
    Ôòæ     npx playwright install                                              Ôòæ
    Ôòæ                                                                         Ôòæ
    Ôòæ <3 Playwright Team                                                      Ôòæ
    ÔòÜÔòÉÔòÉÔòÉÔòÉÔòÉÔòÉÔòÉÔòÉÔòÉÔòÉÔòÉÔòÉÔòÉÔòÉÔòÉÔòÉÔòÉÔòÉÔòÉÔòÉÔòÉÔòÉÔòÉÔòÉÔòÉÔòÉÔòÉÔòÉÔòÉÔòÉÔòÉÔòÉÔòÉÔòÉÔòÉÔòÉÔòÉÔòÉÔòÉÔòÉÔòÉÔòÉÔòÉÔòÉÔòÉÔòÉÔòÉÔòÉÔòÉÔòÉÔòÉÔòÉÔòÉÔòÉÔòÉÔòÉÔòÉÔòÉÔòÉÔòÉÔòÉÔòÉÔòÉÔòÉÔòÉÔòÉÔòÉÔòÉÔòÉÔòÉÔòÉÔòÉÔòÉÔòØ


[1A[2K[274/580] [chromium] ÔÇ║ src\tests\e2e\galleries.spec.ts:98:3 ÔÇ║ Galer├¡as - Comisiones ÔÇ║ debe mostrar historial de ganancias por galer├¡a
[1A[2K  274) [chromium] ÔÇ║ src\tests\e2e\galleries.spec.ts:98:3 ÔÇ║ Galer├¡as - Comisiones ÔÇ║ debe mostrar historial de ganancias por galer├¡a 

    Error: browserType.launch: Executable doesn't exist at C:\Users\conej\AppData\Local\ms-playwright\chromium_headless_shell-1200\chrome-headless-shell-win64\chrome-headless-shell.exe
    ÔòöÔòÉÔòÉÔòÉÔòÉÔòÉÔòÉÔòÉÔòÉÔòÉÔòÉÔòÉÔòÉÔòÉÔòÉÔòÉÔòÉÔòÉÔòÉÔòÉÔòÉÔòÉÔòÉÔòÉÔòÉÔòÉÔòÉÔòÉÔòÉÔòÉÔòÉÔòÉÔòÉÔòÉÔòÉÔòÉÔòÉÔòÉÔòÉÔòÉÔòÉÔòÉÔòÉÔòÉÔòÉÔòÉÔòÉÔòÉÔòÉÔòÉÔòÉÔòÉÔòÉÔòÉÔòÉÔòÉÔòÉÔòÉÔòÉÔòÉÔòÉÔòÉÔòÉÔòÉÔòÉÔòÉÔòÉÔòÉÔòÉÔòÉÔòÉÔòÉÔòÉÔòÉÔòù
    Ôòæ Looks like Playwright Test or Playwright was just installed or updated. Ôòæ
    Ôòæ Please run the following command to download new browsers:              Ôòæ
    Ôòæ                                                                         Ôòæ
    Ôòæ     npx playwright install                                              Ôòæ
    Ôòæ                                                                         Ôòæ
    Ôòæ <3 Playwright Team                                                      Ôòæ
    ÔòÜÔòÉÔòÉÔòÉÔòÉÔòÉÔòÉÔòÉÔòÉÔòÉÔòÉÔòÉÔòÉÔòÉÔòÉÔòÉÔòÉÔòÉÔòÉÔòÉÔòÉÔòÉÔòÉÔòÉÔòÉÔòÉÔòÉÔòÉÔòÉÔòÉÔòÉÔòÉÔòÉÔòÉÔòÉÔòÉÔòÉÔòÉÔòÉÔòÉÔòÉÔòÉÔòÉÔòÉÔòÉÔòÉÔòÉÔòÉÔòÉÔòÉÔòÉÔòÉÔòÉÔòÉÔòÉÔòÉÔòÉÔòÉÔòÉÔòÉÔòÉÔòÉÔòÉÔòÉÔòÉÔòÉÔòÉÔòÉÔòÉÔòÉÔòÉÔòÉÔòÉÔòÉÔòØ


[1A[2K[275/580] [chromium] ÔÇ║ src\tests\e2e\galleries.spec.ts:103:3 ÔÇ║ Galer├¡as - Comisiones ÔÇ║ debe calcular ganancia neta despu├®s de comisi├│n
[1A[2K[276/580] [chromium] ÔÇ║ src\tests\e2e\galleries.spec.ts:115:3 ÔÇ║ Galer├¡as - Watermark IA ÔÇ║ debe aplicar watermark autom├íticamente
[1A[2K  275) [chromium] ÔÇ║ src\tests\e2e\galleries.spec.ts:103:3 ÔÇ║ Galer├¡as - Comisiones ÔÇ║ debe calcular ganancia neta despu├®s de comisi├│n 

    Error: browserType.launch: Executable doesn't exist at C:\Users\conej\AppData\Local\ms-playwright\chromium_headless_shell-1200\chrome-headless-shell-win64\chrome-headless-shell.exe
    ÔòöÔòÉÔòÉÔòÉÔòÉÔòÉÔòÉÔòÉÔòÉÔòÉÔòÉÔòÉÔòÉÔòÉÔòÉÔòÉÔòÉÔòÉÔòÉÔòÉÔòÉÔòÉÔòÉÔòÉÔòÉÔòÉÔòÉÔòÉÔòÉÔòÉÔòÉÔòÉÔòÉÔòÉÔòÉÔòÉÔòÉÔòÉÔòÉÔòÉÔòÉÔòÉÔòÉÔòÉÔòÉÔòÉÔòÉÔòÉÔòÉÔòÉÔòÉÔòÉÔòÉÔòÉÔòÉÔòÉÔòÉÔòÉÔòÉÔòÉÔòÉÔòÉÔòÉÔòÉÔòÉÔòÉÔòÉÔòÉÔòÉÔòÉÔòÉÔòÉÔòÉÔòÉÔòù
    Ôòæ Looks like Playwright Test or Playwright was just installed or updated. Ôòæ
    Ôòæ Please run the following command to download new browsers:              Ôòæ
    Ôòæ                                                                         Ôòæ
    Ôòæ     npx playwright install                                              Ôòæ
    Ôòæ                                                                         Ôòæ
    Ôòæ <3 Playwright Team                                                      Ôòæ
    ÔòÜÔòÉÔòÉÔòÉÔòÉÔòÉÔòÉÔòÉÔòÉÔòÉÔòÉÔòÉÔòÉÔòÉÔòÉÔòÉÔòÉÔòÉÔòÉÔòÉÔòÉÔòÉÔòÉÔòÉÔòÉÔòÉÔòÉÔòÉÔòÉÔòÉÔòÉÔòÉÔòÉÔòÉÔòÉÔòÉÔòÉÔòÉÔòÉÔòÉÔòÉÔòÉÔòÉÔòÉÔòÉÔòÉÔòÉÔòÉÔòÉÔòÉÔòÉÔòÉÔòÉÔòÉÔòÉÔòÉÔòÉÔòÉÔòÉÔòÉÔòÉÔòÉÔòÉÔòÉÔòÉÔòÉÔòÉÔòÉÔòÉÔòÉÔòÉÔòÉÔòÉÔòÉÔòØ


[1A[2K  276) [chromium] ÔÇ║ src\tests\e2e\galleries.spec.ts:115:3 ÔÇ║ Galer├¡as - Watermark IA ÔÇ║ debe aplicar watermark autom├íticamente 

    Error: browserType.launch: Executable doesn't exist at C:\Users\conej\AppData\Local\ms-playwright\chromium_headless_shell-1200\chrome-headless-shell-win64\chrome-headless-shell.exe
    ÔòöÔòÉÔòÉÔòÉÔòÉÔòÉÔòÉÔòÉÔòÉÔòÉÔòÉÔòÉÔòÉÔòÉÔòÉÔòÉÔòÉÔòÉÔòÉÔòÉÔòÉÔòÉÔòÉÔòÉÔòÉÔòÉÔòÉÔòÉÔòÉÔòÉÔòÉÔòÉÔòÉÔòÉÔòÉÔòÉÔòÉÔòÉÔòÉÔòÉÔòÉÔòÉÔòÉÔòÉÔòÉÔòÉÔòÉÔòÉÔòÉÔòÉÔòÉÔòÉÔòÉÔòÉÔòÉÔòÉÔòÉÔòÉÔòÉÔòÉÔòÉÔòÉÔòÉÔòÉÔòÉÔòÉÔòÉÔòÉÔòÉÔòÉÔòÉÔòÉÔòÉÔòÉÔòù
    Ôòæ Looks like Playwright Test or Playwright was just installed or updated. Ôòæ
    Ôòæ Please run the following command to download new browsers:              Ôòæ
    Ôòæ                                                                         Ôòæ
    Ôòæ     npx playwright install                                              Ôòæ
    Ôòæ                                                                         Ôòæ
    Ôòæ <3 Playwright Team                                                      Ôòæ
    ÔòÜÔòÉÔòÉÔòÉÔòÉÔòÉÔòÉÔòÉÔòÉÔòÉÔòÉÔòÉÔòÉÔòÉÔòÉÔòÉÔòÉÔòÉÔòÉÔòÉÔòÉÔòÉÔòÉÔòÉÔòÉÔòÉÔòÉÔòÉÔòÉÔòÉÔòÉÔòÉÔòÉÔòÉÔòÉÔòÉÔòÉÔòÉÔòÉÔòÉÔòÉÔòÉÔòÉÔòÉÔòÉÔòÉÔòÉÔòÉÔòÉÔòÉÔòÉÔòÉÔòÉÔòÉÔòÉÔòÉÔòÉÔòÉÔòÉÔòÉÔòÉÔòÉÔòÉÔòÉÔòÉÔòÉÔòÉÔòÉÔòÉÔòÉÔòÉÔòÉÔòÉÔòÉÔòØ


[1A[2K[277/580] [chromium] ÔÇ║ src\tests\e2e\galleries.spec.ts:120:3 ÔÇ║ Galer├¡as - Watermark IA ÔÇ║ debe tener opci├│n de blur de caras/tatuajes
[1A[2K[278/580] [chromium] ÔÇ║ src\tests\e2e\galleries.spec.ts:132:3 ÔÇ║ Galer├¡as - Validaciones ÔÇ║ debe validar tama├▒o m├íximo (5MB)
[1A[2K  277) [chromium] ÔÇ║ src\tests\e2e\galleries.spec.ts:120:3 ÔÇ║ Galer├¡as - Watermark IA ÔÇ║ debe tener opci├│n de blur de caras/tatuajes 

    Error: browserType.launch: Executable doesn't exist at C:\Users\conej\AppData\Local\ms-playwright\chromium_headless_shell-1200\chrome-headless-shell-win64\chrome-headless-shell.exe
    ÔòöÔòÉÔòÉÔòÉÔòÉÔòÉÔòÉÔòÉÔòÉÔòÉÔòÉÔòÉÔòÉÔòÉÔòÉÔòÉÔòÉÔòÉÔòÉÔòÉÔòÉÔòÉÔòÉÔòÉÔòÉÔòÉÔòÉÔòÉÔòÉÔòÉÔòÉÔòÉÔòÉÔòÉÔòÉÔòÉÔòÉÔòÉÔòÉÔòÉÔòÉÔòÉÔòÉÔòÉÔòÉÔòÉÔòÉÔòÉÔòÉÔòÉÔòÉÔòÉÔòÉÔòÉÔòÉÔòÉÔòÉÔòÉÔòÉÔòÉÔòÉÔòÉÔòÉÔòÉÔòÉÔòÉÔòÉÔòÉÔòÉÔòÉÔòÉÔòÉÔòÉÔòÉÔòù
    Ôòæ Looks like Playwright Test or Playwright was just installed or updated. Ôòæ
    Ôòæ Please run the following command to download new browsers:              Ôòæ
    Ôòæ                                                                         Ôòæ
    Ôòæ     npx playwright install                                              Ôòæ
    Ôòæ                                                                         Ôòæ
    Ôòæ <3 Playwright Team                                                      Ôòæ
    ÔòÜÔòÉÔòÉÔòÉÔòÉÔòÉÔòÉÔòÉÔòÉÔòÉÔòÉÔòÉÔòÉÔòÉÔòÉÔòÉÔòÉÔòÉÔòÉÔòÉÔòÉÔòÉÔòÉÔòÉÔòÉÔòÉÔòÉÔòÉÔòÉÔòÉÔòÉÔòÉÔòÉÔòÉÔòÉÔòÉÔòÉÔòÉÔòÉÔòÉÔòÉÔòÉÔòÉÔòÉÔòÉÔòÉÔòÉÔòÉÔòÉÔòÉÔòÉÔòÉÔòÉÔòÉÔòÉÔòÉÔòÉÔòÉÔòÉÔòÉÔòÉÔòÉÔòÉÔòÉÔòÉÔòÉÔòÉÔòÉÔòÉÔòÉÔòÉÔòÉÔòÉÔòÉÔòØ


[1A[2K  278) [chromium] ÔÇ║ src\tests\e2e\galleries.spec.ts:132:3 ÔÇ║ Galer├¡as - Validaciones ÔÇ║ debe validar tama├▒o m├íximo (5MB) 

    Error: browserType.launch: Executable doesn't exist at C:\Users\conej\AppData\Local\ms-playwright\chromium_headless_shell-1200\chrome-headless-shell-win64\chrome-headless-shell.exe
    ÔòöÔòÉÔòÉÔòÉÔòÉÔòÉÔòÉÔòÉÔòÉÔòÉÔòÉÔòÉÔòÉÔòÉÔòÉÔòÉÔòÉÔòÉÔòÉÔòÉÔòÉÔòÉÔòÉÔòÉÔòÉÔòÉÔòÉÔòÉÔòÉÔòÉÔòÉÔòÉÔòÉÔòÉÔòÉÔòÉÔòÉÔòÉÔòÉÔòÉÔòÉÔòÉÔòÉÔòÉÔòÉÔòÉÔòÉÔòÉÔòÉÔòÉÔòÉÔòÉÔòÉÔòÉÔòÉÔòÉÔòÉÔòÉÔòÉÔòÉÔòÉÔòÉÔòÉÔòÉÔòÉÔòÉÔòÉÔòÉÔòÉÔòÉÔòÉÔòÉÔòÉÔòÉÔòù
    Ôòæ Looks like Playwright Test or Playwright was just installed or updated. Ôòæ
    Ôòæ Please run the following command to download new browsers:              Ôòæ
    Ôòæ                                                                         Ôòæ
    Ôòæ     npx playwright install                                              Ôòæ
    Ôòæ                                                                         Ôòæ
    Ôòæ <3 Playwright Team                                                      Ôòæ
    ÔòÜÔòÉÔòÉÔòÉÔòÉÔòÉÔòÉÔòÉÔòÉÔòÉÔòÉÔòÉÔòÉÔòÉÔòÉÔòÉÔòÉÔòÉÔòÉÔòÉÔòÉÔòÉÔòÉÔòÉÔòÉÔòÉÔòÉÔòÉÔòÉÔòÉÔòÉÔòÉÔòÉÔòÉÔòÉÔòÉÔòÉÔòÉÔòÉÔòÉÔòÉÔòÉÔòÉÔòÉÔòÉÔòÉÔòÉÔòÉÔòÉÔòÉÔòÉÔòÉÔòÉÔòÉÔòÉÔòÉÔòÉÔòÉÔòÉÔòÉÔòÉÔòÉÔòÉÔòÉÔòÉÔòÉÔòÉÔòÉÔòÉÔòÉÔòÉÔòÉÔòÉÔòÉÔòØ


[1A[2K[279/580] [chromium] ÔÇ║ src\tests\e2e\galleries.spec.ts:137:3 ÔÇ║ Galer├¡as - Validaciones ÔÇ║ debe validar cantidad m├íxima de fotos (50)
[1A[2K  279) [chromium] ÔÇ║ src\tests\e2e\galleries.spec.ts:137:3 ÔÇ║ Galer├¡as - Validaciones ÔÇ║ debe validar cantidad m├íxima de fotos (50) 

    Error: browserType.launch: Executable doesn't exist at C:\Users\conej\AppData\Local\ms-playwright\chromium_headless_shell-1200\chrome-headless-shell-win64\chrome-headless-shell.exe
    ÔòöÔòÉÔòÉÔòÉÔòÉÔòÉÔòÉÔòÉÔòÉÔòÉÔòÉÔòÉÔòÉÔòÉÔòÉÔòÉÔòÉÔòÉÔòÉÔòÉÔòÉÔòÉÔòÉÔòÉÔòÉÔòÉÔòÉÔòÉÔòÉÔòÉÔòÉÔòÉÔòÉÔòÉÔòÉÔòÉÔòÉÔòÉÔòÉÔòÉÔòÉÔòÉÔòÉÔòÉÔòÉÔòÉÔòÉÔòÉÔòÉÔòÉÔòÉÔòÉÔòÉÔòÉÔòÉÔòÉÔòÉÔòÉÔòÉÔòÉÔòÉÔòÉÔòÉÔòÉÔòÉÔòÉÔòÉÔòÉÔòÉÔòÉÔòÉÔòÉÔòÉÔòÉÔòù
    Ôòæ Looks like Playwright Test or Playwright was just installed or updated. Ôòæ
    Ôòæ Please run the following command to download new browsers:              Ôòæ
    Ôòæ                                                                         Ôòæ
    Ôòæ     npx playwright install                                              Ôòæ
    Ôòæ                                                                         Ôòæ
    Ôòæ <3 Playwright Team                                                      Ôòæ
    ÔòÜÔòÉÔòÉÔòÉÔòÉÔòÉÔòÉÔòÉÔòÉÔòÉÔòÉÔòÉÔòÉÔòÉÔòÉÔòÉÔòÉÔòÉÔòÉÔòÉÔòÉÔòÉÔòÉÔòÉÔòÉÔòÉÔòÉÔòÉÔòÉÔòÉÔòÉÔòÉÔòÉÔòÉÔòÉÔòÉÔòÉÔòÉÔòÉÔòÉÔòÉÔòÉÔòÉÔòÉÔòÉÔòÉÔòÉÔòÉÔòÉÔòÉÔòÉÔòÉÔòÉÔòÉÔòÉÔòÉÔòÉÔòÉÔòÉÔòÉÔòÉÔòÉÔòÉÔòÉÔòÉÔòÉÔòÉÔòÉÔòÉÔòÉÔòÉÔòÉÔòÉÔòÉÔòØ


[1A[2K[280/580] [chromium] ÔÇ║ src\tests\e2e\galleries.spec.ts:142:3 ÔÇ║ Galer├¡as - Validaciones ÔÇ║ debe mostrar preview antes de subir
[1A[2K  280) [chromium] ÔÇ║ src\tests\e2e\galleries.spec.ts:142:3 ÔÇ║ Galer├¡as - Validaciones ÔÇ║ debe mostrar preview antes de subir 

    Error: browserType.launch: Executable doesn't exist at C:\Users\conej\AppData\Local\ms-playwright\chromium_headless_shell-1200\chrome-headless-shell-win64\chrome-headless-shell.exe
    ÔòöÔòÉÔòÉÔòÉÔòÉÔòÉÔòÉÔòÉÔòÉÔòÉÔòÉÔòÉÔòÉÔòÉÔòÉÔòÉÔòÉÔòÉÔòÉÔòÉÔòÉÔòÉÔòÉÔòÉÔòÉÔòÉÔòÉÔòÉÔòÉÔòÉÔòÉÔòÉÔòÉÔòÉÔòÉÔòÉÔòÉÔòÉÔòÉÔòÉÔòÉÔòÉÔòÉÔòÉÔòÉÔòÉÔòÉÔòÉÔòÉÔòÉÔòÉÔòÉÔòÉÔòÉÔòÉÔòÉÔòÉÔòÉÔòÉÔòÉÔòÉÔòÉÔòÉÔòÉÔòÉÔòÉÔòÉÔòÉÔòÉÔòÉÔòÉÔòÉÔòÉÔòÉÔòù
    Ôòæ Looks like Playwright Test or Playwright was just installed or updated. Ôòæ
    Ôòæ Please run the following command to download new browsers:              Ôòæ
    Ôòæ                                                                         Ôòæ
    Ôòæ     npx playwright install                                              Ôòæ
    Ôòæ                                                                         Ôòæ
    Ôòæ <3 Playwright Team                                                      Ôòæ
    ÔòÜÔòÉÔòÉÔòÉÔòÉÔòÉÔòÉÔòÉÔòÉÔòÉÔòÉÔòÉÔòÉÔòÉÔòÉÔòÉÔòÉÔòÉÔòÉÔòÉÔòÉÔòÉÔòÉÔòÉÔòÉÔòÉÔòÉÔòÉÔòÉÔòÉÔòÉÔòÉÔòÉÔòÉÔòÉÔòÉÔòÉÔòÉÔòÉÔòÉÔòÉÔòÉÔòÉÔòÉÔòÉÔòÉÔòÉÔòÉÔòÉÔòÉÔòÉÔòÉÔòÉÔòÉÔòÉÔòÉÔòÉÔòÉÔòÉÔòÉÔòÉÔòÉÔòÉÔòÉÔòÉÔòÉÔòÉÔòÉÔòÉÔòÉÔòÉÔòÉÔòÉÔòÉÔòØ


[1A[2K[281/580] [chromium] ÔÇ║ src\tests\e2e\galleries.spec.ts:154:3 ÔÇ║ Galer├¡as - Eliminar Foto ÔÇ║ debe tener opci├│n para eliminar foto
[1A[2K  281) [chromium] ÔÇ║ src\tests\e2e\galleries.spec.ts:154:3 ÔÇ║ Galer├¡as - Eliminar Foto ÔÇ║ debe tener opci├│n para eliminar foto 

    Error: browserType.launch: Executable doesn't exist at C:\Users\conej\AppData\Local\ms-playwright\chromium_headless_shell-1200\chrome-headless-shell-win64\chrome-headless-shell.exe
    ÔòöÔòÉÔòÉÔòÉÔòÉÔòÉÔòÉÔòÉÔòÉÔòÉÔòÉÔòÉÔòÉÔòÉÔòÉÔòÉÔòÉÔòÉÔòÉÔòÉÔòÉÔòÉÔòÉÔòÉÔòÉÔòÉÔòÉÔòÉÔòÉÔòÉÔòÉÔòÉÔòÉÔòÉÔòÉÔòÉÔòÉÔòÉÔòÉÔòÉÔòÉÔòÉÔòÉÔòÉÔòÉÔòÉÔòÉÔòÉÔòÉÔòÉÔòÉÔòÉÔòÉÔòÉÔòÉÔòÉÔòÉÔòÉÔòÉÔòÉÔòÉÔòÉÔòÉÔòÉÔòÉÔòÉÔòÉÔòÉÔòÉÔòÉÔòÉÔòÉÔòÉÔòÉÔòù
    Ôòæ Looks like Playwright Test or Playwright was just installed or updated. Ôòæ
    Ôòæ Please run the following command to download new browsers:              Ôòæ
    Ôòæ                                                                         Ôòæ
    Ôòæ     npx playwright install                                              Ôòæ
    Ôòæ                                                                         Ôòæ
    Ôòæ <3 Playwright Team                                                      Ôòæ
    ÔòÜÔòÉÔòÉÔòÉÔòÉÔòÉÔòÉÔòÉÔòÉÔòÉÔòÉÔòÉÔòÉÔòÉÔòÉÔòÉÔòÉÔòÉÔòÉÔòÉÔòÉÔòÉÔòÉÔòÉÔòÉÔòÉÔòÉÔòÉÔòÉÔòÉÔòÉÔòÉÔòÉÔòÉÔòÉÔòÉÔòÉÔòÉÔòÉÔòÉÔòÉÔòÉÔòÉÔòÉÔòÉÔòÉÔòÉÔòÉÔòÉÔòÉÔòÉÔòÉÔòÉÔòÉÔòÉÔòÉÔòÉÔòÉÔòÉÔòÉÔòÉÔòÉÔòÉÔòÉÔòÉÔòÉÔòÉÔòÉÔòÉÔòÉÔòÉÔòÉÔòÉÔòÉÔòØ


[1A[2K[282/580] [chromium] ÔÇ║ src\tests\e2e\galleries.spec.ts:159:3 ÔÇ║ Galer├¡as - Eliminar Foto ÔÇ║ debe confirmar antes de eliminar
[1A[2K  282) [chromium] ÔÇ║ src\tests\e2e\galleries.spec.ts:159:3 ÔÇ║ Galer├¡as - Eliminar Foto ÔÇ║ debe confirmar antes de eliminar 

    Error: browserType.launch: Executable doesn't exist at C:\Users\conej\AppData\Local\ms-playwright\chromium_headless_shell-1200\chrome-headless-shell-win64\chrome-headless-shell.exe
    ÔòöÔòÉÔòÉÔòÉÔòÉÔòÉÔòÉÔòÉÔòÉÔòÉÔòÉÔòÉÔòÉÔòÉÔòÉÔòÉÔòÉÔòÉÔòÉÔòÉÔòÉÔòÉÔòÉÔòÉÔòÉÔòÉÔòÉÔòÉÔòÉÔòÉÔòÉÔòÉÔòÉÔòÉÔòÉÔòÉÔòÉÔòÉÔòÉÔòÉÔòÉÔòÉÔòÉÔòÉÔòÉÔòÉÔòÉÔòÉÔòÉÔòÉÔòÉÔòÉÔòÉÔòÉÔòÉÔòÉÔòÉÔòÉÔòÉÔòÉÔòÉÔòÉÔòÉÔòÉÔòÉÔòÉÔòÉÔòÉÔòÉÔòÉÔòÉÔòÉÔòÉÔòÉÔòù
    Ôòæ Looks like Playwright Test or Playwright was just installed or updated. Ôòæ
    Ôòæ Please run the following command to download new browsers:              Ôòæ
    Ôòæ                                                                         Ôòæ
    Ôòæ     npx playwright install                                              Ôòæ
    Ôòæ                                                                         Ôòæ
    Ôòæ <3 Playwright Team                                                      Ôòæ
    ÔòÜÔòÉÔòÉÔòÉÔòÉÔòÉÔòÉÔòÉÔòÉÔòÉÔòÉÔòÉÔòÉÔòÉÔòÉÔòÉÔòÉÔòÉÔòÉÔòÉÔòÉÔòÉÔòÉÔòÉÔòÉÔòÉÔòÉÔòÉÔòÉÔòÉÔòÉÔòÉÔòÉÔòÉÔòÉÔòÉÔòÉÔòÉÔòÉÔòÉÔòÉÔòÉÔòÉÔòÉÔòÉÔòÉÔòÉÔòÉÔòÉÔòÉÔòÉÔòÉÔòÉÔòÉÔòÉÔòÉÔòÉÔòÉÔòÉÔòÉÔòÉÔòÉÔòÉÔòÉÔòÉÔòÉÔòÉÔòÉÔòÉÔòÉÔòÉÔòÉÔòÉÔòÉÔòØ


[1A[2K[283/580] [chromium] ÔÇ║ src\tests\e2e\galleries.spec.ts:176:3 ÔÇ║ Galer├¡as - Ver P├║blica Gratis ÔÇ║ debe poder ver fotos p├║blicas sin pagar
[1A[2K[284/580] [chromium] ÔÇ║ src\tests\e2e\galleries.spec.ts:181:3 ÔÇ║ Galer├¡as - Ver P├║blica Gratis ÔÇ║ debe abrir foto en modal o vista completa
[1A[2K  283) [chromium] ÔÇ║ src\tests\e2e\galleries.spec.ts:176:3 ÔÇ║ Galer├¡as - Ver P├║blica Gratis ÔÇ║ debe poder ver fotos p├║blicas sin pagar 

    Error: browserType.launch: Executable doesn't exist at C:\Users\conej\AppData\Local\ms-playwright\chromium_headless_shell-1200\chrome-headless-shell-win64\chrome-headless-shell.exe
    ÔòöÔòÉÔòÉÔòÉÔòÉÔòÉÔòÉÔòÉÔòÉÔòÉÔòÉÔòÉÔòÉÔòÉÔòÉÔòÉÔòÉÔòÉÔòÉÔòÉÔòÉÔòÉÔòÉÔòÉÔòÉÔòÉÔòÉÔòÉÔòÉÔòÉÔòÉÔòÉÔòÉÔòÉÔòÉÔòÉÔòÉÔòÉÔòÉÔòÉÔòÉÔòÉÔòÉÔòÉÔòÉÔòÉÔòÉÔòÉÔòÉÔòÉÔòÉÔòÉÔòÉÔòÉÔòÉÔòÉÔòÉÔòÉÔòÉÔòÉÔòÉÔòÉÔòÉÔòÉÔòÉÔòÉÔòÉÔòÉÔòÉÔòÉÔòÉÔòÉÔòÉÔòÉÔòù
    Ôòæ Looks like Playwright Test or Playwright was just installed or updated. Ôòæ
    Ôòæ Please run the following command to download new browsers:              Ôòæ
    Ôòæ                                                                         Ôòæ
    Ôòæ     npx playwright install                                              Ôòæ
    Ôòæ                                                                         Ôòæ
    Ôòæ <3 Playwright Team                                                      Ôòæ
    ÔòÜÔòÉÔòÉÔòÉÔòÉÔòÉÔòÉÔòÉÔòÉÔòÉÔòÉÔòÉÔòÉÔòÉÔòÉÔòÉÔòÉÔòÉÔòÉÔòÉÔòÉÔòÉÔòÉÔòÉÔòÉÔòÉÔòÉÔòÉÔòÉÔòÉÔòÉÔòÉÔòÉÔòÉÔòÉÔòÉÔòÉÔòÉÔòÉÔòÉÔòÉÔòÉÔòÉÔòÉÔòÉÔòÉÔòÉÔòÉÔòÉÔòÉÔòÉÔòÉÔòÉÔòÉÔòÉÔòÉÔòÉÔòÉÔòÉÔòÉÔòÉÔòÉÔòÉÔòÉÔòÉÔòÉÔòÉÔòÉÔòÉÔòÉÔòÉÔòÉÔòÉÔòÉÔòØ


[1A[2K  284) [chromium] ÔÇ║ src\tests\e2e\galleries.spec.ts:181:3 ÔÇ║ Galer├¡as - Ver P├║blica Gratis ÔÇ║ debe abrir foto en modal o vista completa 

    Error: browserType.launch: Executable doesn't exist at C:\Users\conej\AppData\Local\ms-playwright\chromium_headless_shell-1200\chrome-headless-shell-win64\chrome-headless-shell.exe
    ÔòöÔòÉÔòÉÔòÉÔòÉÔòÉÔòÉÔòÉÔòÉÔòÉÔòÉÔòÉÔòÉÔòÉÔòÉÔòÉÔòÉÔòÉÔòÉÔòÉÔòÉÔòÉÔòÉÔòÉÔòÉÔòÉÔòÉÔòÉÔòÉÔòÉÔòÉÔòÉÔòÉÔòÉÔòÉÔòÉÔòÉÔòÉÔòÉÔòÉÔòÉÔòÉÔòÉÔòÉÔòÉÔòÉÔòÉÔòÉÔòÉÔòÉÔòÉÔòÉÔòÉÔòÉÔòÉÔòÉÔòÉÔòÉÔòÉÔòÉÔòÉÔòÉÔòÉÔòÉÔòÉÔòÉÔòÉÔòÉÔòÉÔòÉÔòÉÔòÉÔòÉÔòÉÔòù
    Ôòæ Looks like Playwright Test or Playwright was just installed or updated. Ôòæ
    Ôòæ Please run the following command to download new browsers:              Ôòæ
    Ôòæ                                                                         Ôòæ
    Ôòæ     npx playwright install                                              Ôòæ
    Ôòæ                                                                         Ôòæ
    Ôòæ <3 Playwright Team                                                      Ôòæ
    ÔòÜÔòÉÔòÉÔòÉÔòÉÔòÉÔòÉÔòÉÔòÉÔòÉÔòÉÔòÉÔòÉÔòÉÔòÉÔòÉÔòÉÔòÉÔòÉÔòÉÔòÉÔòÉÔòÉÔòÉÔòÉÔòÉÔòÉÔòÉÔòÉÔòÉÔòÉÔòÉÔòÉÔòÉÔòÉÔòÉÔòÉÔòÉÔòÉÔòÉÔòÉÔòÉÔòÉÔòÉÔòÉÔòÉÔòÉÔòÉÔòÉÔòÉÔòÉÔòÉÔòÉÔòÉÔòÉÔòÉÔòÉÔòÉÔòÉÔòÉÔòÉÔòÉÔòÉÔòÉÔòÉÔòÉÔòÉÔòÉÔòÉÔòÉÔòÉÔòÉÔòÉÔòÉÔòØ


[1A[2K[285/580] [chromium] ÔÇ║ src\tests\e2e\galleries.spec.ts:197:3 ÔÇ║ Galer├¡as - Reportar Contenido ÔÇ║ debe tener opci├│n para reportar foto
[1A[2K[286/580] [chromium] ÔÇ║ src\tests\e2e\galleries.spec.ts:202:3 ÔÇ║ Galer├¡as - Reportar Contenido ÔÇ║ debe mostrar razones de reporte (Ley Olimpia)
[1A[2K  285) [chromium] ÔÇ║ src\tests\e2e\galleries.spec.ts:197:3 ÔÇ║ Galer├¡as - Reportar Contenido ÔÇ║ debe tener opci├│n para reportar foto 

    Error: browserType.launch: Executable doesn't exist at C:\Users\conej\AppData\Local\ms-playwright\chromium_headless_shell-1200\chrome-headless-shell-win64\chrome-headless-shell.exe
    ÔòöÔòÉÔòÉÔòÉÔòÉÔòÉÔòÉÔòÉÔòÉÔòÉÔòÉÔòÉÔòÉÔòÉÔòÉÔòÉÔòÉÔòÉÔòÉÔòÉÔòÉÔòÉÔòÉÔòÉÔòÉÔòÉÔòÉÔòÉÔòÉÔòÉÔòÉÔòÉÔòÉÔòÉÔòÉÔòÉÔòÉÔòÉÔòÉÔòÉÔòÉÔòÉÔòÉÔòÉÔòÉÔòÉÔòÉÔòÉÔòÉÔòÉÔòÉÔòÉÔòÉÔòÉÔòÉÔòÉÔòÉÔòÉÔòÉÔòÉÔòÉÔòÉÔòÉÔòÉÔòÉÔòÉÔòÉÔòÉÔòÉÔòÉÔòÉÔòÉÔòÉÔòÉÔòù
    Ôòæ Looks like Playwright Test or Playwright was just installed or updated. Ôòæ
    Ôòæ Please run the following command to download new browsers:              Ôòæ
    Ôòæ                                                                         Ôòæ
    Ôòæ     npx playwright install                                              Ôòæ
    Ôòæ                                                                         Ôòæ
    Ôòæ <3 Playwright Team                                                      Ôòæ
    ÔòÜÔòÉÔòÉÔòÉÔòÉÔòÉÔòÉÔòÉÔòÉÔòÉÔòÉÔòÉÔòÉÔòÉÔòÉÔòÉÔòÉÔòÉÔòÉÔòÉÔòÉÔòÉÔòÉÔòÉÔòÉÔòÉÔòÉÔòÉÔòÉÔòÉÔòÉÔòÉÔòÉÔòÉÔòÉÔòÉÔòÉÔòÉÔòÉÔòÉÔòÉÔòÉÔòÉÔòÉÔòÉÔòÉÔòÉÔòÉÔòÉÔòÉÔòÉÔòÉÔòÉÔòÉÔòÉÔòÉÔòÉÔòÉÔòÉÔòÉÔòÉÔòÉÔòÉÔòÉÔòÉÔòÉÔòÉÔòÉÔòÉÔòÉÔòÉÔòÉÔòÉÔòÉÔòØ


[1A[2K  286) [chromium] ÔÇ║ src\tests\e2e\galleries.spec.ts:202:3 ÔÇ║ Galer├¡as - Reportar Contenido ÔÇ║ debe mostrar razones de reporte (Ley Olimpia) 

    Error: browserType.launch: Executable doesn't exist at C:\Users\conej\AppData\Local\ms-playwright\chromium_headless_shell-1200\chrome-headless-shell-win64\chrome-headless-shell.exe
    ÔòöÔòÉÔòÉÔòÉÔòÉÔòÉÔòÉÔòÉÔòÉÔòÉÔòÉÔòÉÔòÉÔòÉÔòÉÔòÉÔòÉÔòÉÔòÉÔòÉÔòÉÔòÉÔòÉÔòÉÔòÉÔòÉÔòÉÔòÉÔòÉÔòÉÔòÉÔòÉÔòÉÔòÉÔòÉÔòÉÔòÉÔòÉÔòÉÔòÉÔòÉÔòÉÔòÉÔòÉÔòÉÔòÉÔòÉÔòÉÔòÉÔòÉÔòÉÔòÉÔòÉÔòÉÔòÉÔòÉÔòÉÔòÉÔòÉÔòÉÔòÉÔòÉÔòÉÔòÉÔòÉÔòÉÔòÉÔòÉÔòÉÔòÉÔòÉÔòÉÔòÉÔòÉÔòù
    Ôòæ Looks like Playwright Test or Playwright was just installed or updated. Ôòæ
    Ôòæ Please run the following command to download new browsers:              Ôòæ
    Ôòæ                                                                         Ôòæ
    Ôòæ     npx playwright install                                              Ôòæ
    Ôòæ                                                                         Ôòæ
    Ôòæ <3 Playwright Team                                                      Ôòæ
    ÔòÜÔòÉÔòÉÔòÉÔòÉÔòÉÔòÉÔòÉÔòÉÔòÉÔòÉÔòÉÔòÉÔòÉÔòÉÔòÉÔòÉÔòÉÔòÉÔòÉÔòÉÔòÉÔòÉÔòÉÔòÉÔòÉÔòÉÔòÉÔòÉÔòÉÔòÉÔòÉÔòÉÔòÉÔòÉÔòÉÔòÉÔòÉÔòÉÔòÉÔòÉÔòÉÔòÉÔòÉÔòÉÔòÉÔòÉÔòÉÔòÉÔòÉÔòÉÔòÉÔòÉÔòÉÔòÉÔòÉÔòÉÔòÉÔòÉÔòÉÔòÉÔòÉÔòÉÔòÉÔòÉÔòÉÔòÉÔòÉÔòÉÔòÉÔòÉÔòÉÔòÉÔòÉÔòØ


[1A[2K[287/580] [chromium] ÔÇ║ src\tests\e2e\galleries.spec.ts:219:3 ÔÇ║ Galer├¡as - Comentarios en Fotos ÔÇ║ debe poder comentar en foto
[1A[2K  287) [chromium] ÔÇ║ src\tests\e2e\galleries.spec.ts:219:3 ÔÇ║ Galer├¡as - Comentarios en Fotos ÔÇ║ debe poder comentar en foto 

    Error: browserType.launch: Executable doesn't exist at C:\Users\conej\AppData\Local\ms-playwright\chromium_headless_shell-1200\chrome-headless-shell-win64\chrome-headless-shell.exe
    ÔòöÔòÉÔòÉÔòÉÔòÉÔòÉÔòÉÔòÉÔòÉÔòÉÔòÉÔòÉÔòÉÔòÉÔòÉÔòÉÔòÉÔòÉÔòÉÔòÉÔòÉÔòÉÔòÉÔòÉÔòÉÔòÉÔòÉÔòÉÔòÉÔòÉÔòÉÔòÉÔòÉÔòÉÔòÉÔòÉÔòÉÔòÉÔòÉÔòÉÔòÉÔòÉÔòÉÔòÉÔòÉÔòÉÔòÉÔòÉÔòÉÔòÉÔòÉÔòÉÔòÉÔòÉÔòÉÔòÉÔòÉÔòÉÔòÉÔòÉÔòÉÔòÉÔòÉÔòÉÔòÉÔòÉÔòÉÔòÉÔòÉÔòÉÔòÉÔòÉÔòÉÔòÉÔòù
    Ôòæ Looks like Playwright Test or Playwright was just installed or updated. Ôòæ
    Ôòæ Please run the following command to download new browsers:              Ôòæ
    Ôòæ                                                                         Ôòæ
    Ôòæ     npx playwright install                                              Ôòæ
    Ôòæ                                                                         Ôòæ
    Ôòæ <3 Playwright Team                                                      Ôòæ
    ÔòÜÔòÉÔòÉÔòÉÔòÉÔòÉÔòÉÔòÉÔòÉÔòÉÔòÉÔòÉÔòÉÔòÉÔòÉÔòÉÔòÉÔòÉÔòÉÔòÉÔòÉÔòÉÔòÉÔòÉÔòÉÔòÉÔòÉÔòÉÔòÉÔòÉÔòÉÔòÉÔòÉÔòÉÔòÉÔòÉÔòÉÔòÉÔòÉÔòÉÔòÉÔòÉÔòÉÔòÉÔòÉÔòÉÔòÉÔòÉÔòÉÔòÉÔòÉÔòÉÔòÉÔòÉÔòÉÔòÉÔòÉÔòÉÔòÉÔòÉÔòÉÔòÉÔòÉÔòÉÔòÉÔòÉÔòÉÔòÉÔòÉÔòÉÔòÉÔòÉÔòÉÔòÉÔòØ


[1A[2K[288/580] [chromium] ÔÇ║ src\tests\e2e\galleries.spec.ts:224:3 ÔÇ║ Galer├¡as - Comentarios en Fotos ÔÇ║ debe mostrar lista de comentarios
[1A[2K  288) [chromium] ÔÇ║ src\tests\e2e\galleries.spec.ts:224:3 ÔÇ║ Galer├¡as - Comentarios en Fotos ÔÇ║ debe mostrar lista de comentarios 

    Error: browserType.launch: Executable doesn't exist at C:\Users\conej\AppData\Local\ms-playwright\chromium_headless_shell-1200\chrome-headless-shell-win64\chrome-headless-shell.exe
    ÔòöÔòÉÔòÉÔòÉÔòÉÔòÉÔòÉÔòÉÔòÉÔòÉÔòÉÔòÉÔòÉÔòÉÔòÉÔòÉÔòÉÔòÉÔòÉÔòÉÔòÉÔòÉÔòÉÔòÉÔòÉÔòÉÔòÉÔòÉÔòÉÔòÉÔòÉÔòÉÔòÉÔòÉÔòÉÔòÉÔòÉÔòÉÔòÉÔòÉÔòÉÔòÉÔòÉÔòÉÔòÉÔòÉÔòÉÔòÉÔòÉÔòÉÔòÉÔòÉÔòÉÔòÉÔòÉÔòÉÔòÉÔòÉÔòÉÔòÉÔòÉÔòÉÔòÉÔòÉÔòÉÔòÉÔòÉÔòÉÔòÉÔòÉÔòÉÔòÉÔòÉÔòÉÔòù
    Ôòæ Looks like Playwright Test or Playwright was just installed or updated. Ôòæ
    Ôòæ Please run the following command to download new browsers:              Ôòæ
    Ôòæ                                                                         Ôòæ
    Ôòæ     npx playwright install                                              Ôòæ
    Ôòæ                                                                         Ôòæ
    Ôòæ <3 Playwright Team                                                      Ôòæ
    ÔòÜÔòÉÔòÉÔòÉÔòÉÔòÉÔòÉÔòÉÔòÉÔòÉÔòÉÔòÉÔòÉÔòÉÔòÉÔòÉÔòÉÔòÉÔòÉÔòÉÔòÉÔòÉÔòÉÔòÉÔòÉÔòÉÔòÉÔòÉÔòÉÔòÉÔòÉÔòÉÔòÉÔòÉÔòÉÔòÉÔòÉÔòÉÔòÉÔòÉÔòÉÔòÉÔòÉÔòÉÔòÉÔòÉÔòÉÔòÉÔòÉÔòÉÔòÉÔòÉÔòÉÔòÉÔòÉÔòÉÔòÉÔòÉÔòÉÔòÉÔòÉÔòÉÔòÉÔòÉÔòÉÔòÉÔòÉÔòÉÔòÉÔòÉÔòÉÔòÉÔòÉÔòÉÔòØ


[1A[2K[289/580] [chromium] ÔÇ║ src\tests\e2e\geolocation.spec.ts:13:5 ÔÇ║ Geolocation ÔÇ║ debe testear geo 1
[1A[2K[290/580] [chromium] ÔÇ║ src\tests\e2e\geolocation.spec.ts:13:5 ÔÇ║ Geolocation ÔÇ║ debe testear geo 2
[1A[2K  289) [chromium] ÔÇ║ src\tests\e2e\geolocation.spec.ts:13:5 ÔÇ║ Geolocation ÔÇ║ debe testear geo 1 ÔöÇÔöÇÔöÇÔöÇÔöÇÔöÇ

    Error: browserType.launch: Executable doesn't exist at C:\Users\conej\AppData\Local\ms-playwright\chromium_headless_shell-1200\chrome-headless-shell-win64\chrome-headless-shell.exe
    ÔòöÔòÉÔòÉÔòÉÔòÉÔòÉÔòÉÔòÉÔòÉÔòÉÔòÉÔòÉÔòÉÔòÉÔòÉÔòÉÔòÉÔòÉÔòÉÔòÉÔòÉÔòÉÔòÉÔòÉÔòÉÔòÉÔòÉÔòÉÔòÉÔòÉÔòÉÔòÉÔòÉÔòÉÔòÉÔòÉÔòÉÔòÉÔòÉÔòÉÔòÉÔòÉÔòÉÔòÉÔòÉÔòÉÔòÉÔòÉÔòÉÔòÉÔòÉÔòÉÔòÉÔòÉÔòÉÔòÉÔòÉÔòÉÔòÉÔòÉÔòÉÔòÉÔòÉÔòÉÔòÉÔòÉÔòÉÔòÉÔòÉÔòÉÔòÉÔòÉÔòÉÔòÉÔòù
    Ôòæ Looks like Playwright Test or Playwright was just installed or updated. Ôòæ
    Ôòæ Please run the following command to download new browsers:              Ôòæ
    Ôòæ                                                                         Ôòæ
    Ôòæ     npx playwright install                                              Ôòæ
    Ôòæ                                                                         Ôòæ
    Ôòæ <3 Playwright Team                                                      Ôòæ
    ÔòÜÔòÉÔòÉÔòÉÔòÉÔòÉÔòÉÔòÉÔòÉÔòÉÔòÉÔòÉÔòÉÔòÉÔòÉÔòÉÔòÉÔòÉÔòÉÔòÉÔòÉÔòÉÔòÉÔòÉÔòÉÔòÉÔòÉÔòÉÔòÉÔòÉÔòÉÔòÉÔòÉÔòÉÔòÉÔòÉÔòÉÔòÉÔòÉÔòÉÔòÉÔòÉÔòÉÔòÉÔòÉÔòÉÔòÉÔòÉÔòÉÔòÉÔòÉÔòÉÔòÉÔòÉÔòÉÔòÉÔòÉÔòÉÔòÉÔòÉÔòÉÔòÉÔòÉÔòÉÔòÉÔòÉÔòÉÔòÉÔòÉÔòÉÔòÉÔòÉÔòÉÔòÉÔòØ


[1A[2K  290) [chromium] ÔÇ║ src\tests\e2e\geolocation.spec.ts:13:5 ÔÇ║ Geolocation ÔÇ║ debe testear geo 2 ÔöÇÔöÇÔöÇÔöÇÔöÇÔöÇ

    Error: browserType.launch: Executable doesn't exist at C:\Users\conej\AppData\Local\ms-playwright\chromium_headless_shell-1200\chrome-headless-shell-win64\chrome-headless-shell.exe
    ÔòöÔòÉÔòÉÔòÉÔòÉÔòÉÔòÉÔòÉÔòÉÔòÉÔòÉÔòÉÔòÉÔòÉÔòÉÔòÉÔòÉÔòÉÔòÉÔòÉÔòÉÔòÉÔòÉÔòÉÔòÉÔòÉÔòÉÔòÉÔòÉÔòÉÔòÉÔòÉÔòÉÔòÉÔòÉÔòÉÔòÉÔòÉÔòÉÔòÉÔòÉÔòÉÔòÉÔòÉÔòÉÔòÉÔòÉÔòÉÔòÉÔòÉÔòÉÔòÉÔòÉÔòÉÔòÉÔòÉÔòÉÔòÉÔòÉÔòÉÔòÉÔòÉÔòÉÔòÉÔòÉÔòÉÔòÉÔòÉÔòÉÔòÉÔòÉÔòÉÔòÉÔòÉÔòù
    Ôòæ Looks like Playwright Test or Playwright was just installed or updated. Ôòæ
    Ôòæ Please run the following command to download new browsers:              Ôòæ
    Ôòæ                                                                         Ôòæ
    Ôòæ     npx playwright install                                              Ôòæ
    Ôòæ                                                                         Ôòæ
    Ôòæ <3 Playwright Team                                                      Ôòæ
    ÔòÜÔòÉÔòÉÔòÉÔòÉÔòÉÔòÉÔòÉÔòÉÔòÉÔòÉÔòÉÔòÉÔòÉÔòÉÔòÉÔòÉÔòÉÔòÉÔòÉÔòÉÔòÉÔòÉÔòÉÔòÉÔòÉÔòÉÔòÉÔòÉÔòÉÔòÉÔòÉÔòÉÔòÉÔòÉÔòÉÔòÉÔòÉÔòÉÔòÉÔòÉÔòÉÔòÉÔòÉÔòÉÔòÉÔòÉÔòÉÔòÉÔòÉÔòÉÔòÉÔòÉÔòÉÔòÉÔòÉÔòÉÔòÉÔòÉÔòÉÔòÉÔòÉÔòÉÔòÉÔòÉÔòÉÔòÉÔòÉÔòÉÔòÉÔòÉÔòÉÔòÉÔòÉÔòØ


[1A[2K[291/580] [chromium] ÔÇ║ src\tests\e2e\geolocation.spec.ts:13:5 ÔÇ║ Geolocation ÔÇ║ debe testear geo 3
[1A[2K[292/580] [chromium] ÔÇ║ src\tests\e2e\geolocation.spec.ts:13:5 ÔÇ║ Geolocation ÔÇ║ debe testear geo 4
[1A[2K  291) [chromium] ÔÇ║ src\tests\e2e\geolocation.spec.ts:13:5 ÔÇ║ Geolocation ÔÇ║ debe testear geo 3 ÔöÇÔöÇÔöÇÔöÇÔöÇÔöÇ

    Error: browserType.launch: Executable doesn't exist at C:\Users\conej\AppData\Local\ms-playwright\chromium_headless_shell-1200\chrome-headless-shell-win64\chrome-headless-shell.exe
    ÔòöÔòÉÔòÉÔòÉÔòÉÔòÉÔòÉÔòÉÔòÉÔòÉÔòÉÔòÉÔòÉÔòÉÔòÉÔòÉÔòÉÔòÉÔòÉÔòÉÔòÉÔòÉÔòÉÔòÉÔòÉÔòÉÔòÉÔòÉÔòÉÔòÉÔòÉÔòÉÔòÉÔòÉÔòÉÔòÉÔòÉÔòÉÔòÉÔòÉÔòÉÔòÉÔòÉÔòÉÔòÉÔòÉÔòÉÔòÉÔòÉÔòÉÔòÉÔòÉÔòÉÔòÉÔòÉÔòÉÔòÉÔòÉÔòÉÔòÉÔòÉÔòÉÔòÉÔòÉÔòÉÔòÉÔòÉÔòÉÔòÉÔòÉÔòÉÔòÉÔòÉÔòÉÔòù
    Ôòæ Looks like Playwright Test or Playwright was just installed or updated. Ôòæ
    Ôòæ Please run the following command to download new browsers:              Ôòæ
    Ôòæ                                                                         Ôòæ
    Ôòæ     npx playwright install                                              Ôòæ
    Ôòæ                                                                         Ôòæ
    Ôòæ <3 Playwright Team                                                      Ôòæ
    ÔòÜÔòÉÔòÉÔòÉÔòÉÔòÉÔòÉÔòÉÔòÉÔòÉÔòÉÔòÉÔòÉÔòÉÔòÉÔòÉÔòÉÔòÉÔòÉÔòÉÔòÉÔòÉÔòÉÔòÉÔòÉÔòÉÔòÉÔòÉÔòÉÔòÉÔòÉÔòÉÔòÉÔòÉÔòÉÔòÉÔòÉÔòÉÔòÉÔòÉÔòÉÔòÉÔòÉÔòÉÔòÉÔòÉÔòÉÔòÉÔòÉÔòÉÔòÉÔòÉÔòÉÔòÉÔòÉÔòÉÔòÉÔòÉÔòÉÔòÉÔòÉÔòÉÔòÉÔòÉÔòÉÔòÉÔòÉÔòÉÔòÉÔòÉÔòÉÔòÉÔòÉÔòÉÔòØ


[1A[2K  292) [chromium] ÔÇ║ src\tests\e2e\geolocation.spec.ts:13:5 ÔÇ║ Geolocation ÔÇ║ debe testear geo 4 ÔöÇÔöÇÔöÇÔöÇÔöÇÔöÇ

    Error: browserType.launch: Executable doesn't exist at C:\Users\conej\AppData\Local\ms-playwright\chromium_headless_shell-1200\chrome-headless-shell-win64\chrome-headless-shell.exe
    ÔòöÔòÉÔòÉÔòÉÔòÉÔòÉÔòÉÔòÉÔòÉÔòÉÔòÉÔòÉÔòÉÔòÉÔòÉÔòÉÔòÉÔòÉÔòÉÔòÉÔòÉÔòÉÔòÉÔòÉÔòÉÔòÉÔòÉÔòÉÔòÉÔòÉÔòÉÔòÉÔòÉÔòÉÔòÉÔòÉÔòÉÔòÉÔòÉÔòÉÔòÉÔòÉÔòÉÔòÉÔòÉÔòÉÔòÉÔòÉÔòÉÔòÉÔòÉÔòÉÔòÉÔòÉÔòÉÔòÉÔòÉÔòÉÔòÉÔòÉÔòÉÔòÉÔòÉÔòÉÔòÉÔòÉÔòÉÔòÉÔòÉÔòÉÔòÉÔòÉÔòÉÔòÉÔòù
    Ôòæ Looks like Playwright Test or Playwright was just installed or updated. Ôòæ
    Ôòæ Please run the following command to download new browsers:              Ôòæ
    Ôòæ                                                                         Ôòæ
    Ôòæ     npx playwright install                                              Ôòæ
    Ôòæ                                                                         Ôòæ
    Ôòæ <3 Playwright Team                                                      Ôòæ
    ÔòÜÔòÉÔòÉÔòÉÔòÉÔòÉÔòÉÔòÉÔòÉÔòÉÔòÉÔòÉÔòÉÔòÉÔòÉÔòÉÔòÉÔòÉÔòÉÔòÉÔòÉÔòÉÔòÉÔòÉÔòÉÔòÉÔòÉÔòÉÔòÉÔòÉÔòÉÔòÉÔòÉÔòÉÔòÉÔòÉÔòÉÔòÉÔòÉÔòÉÔòÉÔòÉÔòÉÔòÉÔòÉÔòÉÔòÉÔòÉÔòÉÔòÉÔòÉÔòÉÔòÉÔòÉÔòÉÔòÉÔòÉÔòÉÔòÉÔòÉÔòÉÔòÉÔòÉÔòÉÔòÉÔòÉÔòÉÔòÉÔòÉÔòÉÔòÉÔòÉÔòÉÔòÉÔòØ


[1A[2K[293/580] [chromium] ÔÇ║ src\tests\e2e\geolocation.spec.ts:13:5 ÔÇ║ Geolocation ÔÇ║ debe testear geo 5
[1A[2K[294/580] [chromium] ÔÇ║ src\tests\e2e\geolocation.spec.ts:13:5 ÔÇ║ Geolocation ÔÇ║ debe testear geo 6
[1A[2K  293) [chromium] ÔÇ║ src\tests\e2e\geolocation.spec.ts:13:5 ÔÇ║ Geolocation ÔÇ║ debe testear geo 5 ÔöÇÔöÇÔöÇÔöÇÔöÇÔöÇ

    Error: browserType.launch: Executable doesn't exist at C:\Users\conej\AppData\Local\ms-playwright\chromium_headless_shell-1200\chrome-headless-shell-win64\chrome-headless-shell.exe
    ÔòöÔòÉÔòÉÔòÉÔòÉÔòÉÔòÉÔòÉÔòÉÔòÉÔòÉÔòÉÔòÉÔòÉÔòÉÔòÉÔòÉÔòÉÔòÉÔòÉÔòÉÔòÉÔòÉÔòÉÔòÉÔòÉÔòÉÔòÉÔòÉÔòÉÔòÉÔòÉÔòÉÔòÉÔòÉÔòÉÔòÉÔòÉÔòÉÔòÉÔòÉÔòÉÔòÉÔòÉÔòÉÔòÉÔòÉÔòÉÔòÉÔòÉÔòÉÔòÉÔòÉÔòÉÔòÉÔòÉÔòÉÔòÉÔòÉÔòÉÔòÉÔòÉÔòÉÔòÉÔòÉÔòÉÔòÉÔòÉÔòÉÔòÉÔòÉÔòÉÔòÉÔòÉÔòù
    Ôòæ Looks like Playwright Test or Playwright was just installed or updated. Ôòæ
    Ôòæ Please run the following command to download new browsers:              Ôòæ
    Ôòæ                                                                         Ôòæ
    Ôòæ     npx playwright install                                              Ôòæ
    Ôòæ                                                                         Ôòæ
    Ôòæ <3 Playwright Team                                                      Ôòæ
    ÔòÜÔòÉÔòÉÔòÉÔòÉÔòÉÔòÉÔòÉÔòÉÔòÉÔòÉÔòÉÔòÉÔòÉÔòÉÔòÉÔòÉÔòÉÔòÉÔòÉÔòÉÔòÉÔòÉÔòÉÔòÉÔòÉÔòÉÔòÉÔòÉÔòÉÔòÉÔòÉÔòÉÔòÉÔòÉÔòÉÔòÉÔòÉÔòÉÔòÉÔòÉÔòÉÔòÉÔòÉÔòÉÔòÉÔòÉÔòÉÔòÉÔòÉÔòÉÔòÉÔòÉÔòÉÔòÉÔòÉÔòÉÔòÉÔòÉÔòÉÔòÉÔòÉÔòÉÔòÉÔòÉÔòÉÔòÉÔòÉÔòÉÔòÉÔòÉÔòÉÔòÉÔòÉÔòØ


[1A[2K  294) [chromium] ÔÇ║ src\tests\e2e\geolocation.spec.ts:13:5 ÔÇ║ Geolocation ÔÇ║ debe testear geo 6 ÔöÇÔöÇÔöÇÔöÇÔöÇÔöÇ

    Error: browserType.launch: Executable doesn't exist at C:\Users\conej\AppData\Local\ms-playwright\chromium_headless_shell-1200\chrome-headless-shell-win64\chrome-headless-shell.exe
    ÔòöÔòÉÔòÉÔòÉÔòÉÔòÉÔòÉÔòÉÔòÉÔòÉÔòÉÔòÉÔòÉÔòÉÔòÉÔòÉÔòÉÔòÉÔòÉÔòÉÔòÉÔòÉÔòÉÔòÉÔòÉÔòÉÔòÉÔòÉÔòÉÔòÉÔòÉÔòÉÔòÉÔòÉÔòÉÔòÉÔòÉÔòÉÔòÉÔòÉÔòÉÔòÉÔòÉÔòÉÔòÉÔòÉÔòÉÔòÉÔòÉÔòÉÔòÉÔòÉÔòÉÔòÉÔòÉÔòÉÔòÉÔòÉÔòÉÔòÉÔòÉÔòÉÔòÉÔòÉÔòÉÔòÉÔòÉÔòÉÔòÉÔòÉÔòÉÔòÉÔòÉÔòÉÔòù
    Ôòæ Looks like Playwright Test or Playwright was just installed or updated. Ôòæ
    Ôòæ Please run the following command to download new browsers:              Ôòæ
    Ôòæ                                                                         Ôòæ
    Ôòæ     npx playwright install                                              Ôòæ
    Ôòæ                                                                         Ôòæ
    Ôòæ <3 Playwright Team                                                      Ôòæ
    ÔòÜÔòÉÔòÉÔòÉÔòÉÔòÉÔòÉÔòÉÔòÉÔòÉÔòÉÔòÉÔòÉÔòÉÔòÉÔòÉÔòÉÔòÉÔòÉÔòÉÔòÉÔòÉÔòÉÔòÉÔòÉÔòÉÔòÉÔòÉÔòÉÔòÉÔòÉÔòÉÔòÉÔòÉÔòÉÔòÉÔòÉÔòÉÔòÉÔòÉÔòÉÔòÉÔòÉÔòÉÔòÉÔòÉÔòÉÔòÉÔòÉÔòÉÔòÉÔòÉÔòÉÔòÉÔòÉÔòÉÔòÉÔòÉÔòÉÔòÉÔòÉÔòÉÔòÉÔòÉÔòÉÔòÉÔòÉÔòÉÔòÉÔòÉÔòÉÔòÉÔòÉÔòÉÔòØ


[1A[2K[295/580] [chromium] ÔÇ║ src\tests\e2e\geolocation.spec.ts:13:5 ÔÇ║ Geolocation ÔÇ║ debe testear geo 7
[1A[2K  295) [chromium] ÔÇ║ src\tests\e2e\geolocation.spec.ts:13:5 ÔÇ║ Geolocation ÔÇ║ debe testear geo 7 ÔöÇÔöÇÔöÇÔöÇÔöÇÔöÇ

    Error: browserType.launch: Executable doesn't exist at C:\Users\conej\AppData\Local\ms-playwright\chromium_headless_shell-1200\chrome-headless-shell-win64\chrome-headless-shell.exe
    ÔòöÔòÉÔòÉÔòÉÔòÉÔòÉÔòÉÔòÉÔòÉÔòÉÔòÉÔòÉÔòÉÔòÉÔòÉÔòÉÔòÉÔòÉÔòÉÔòÉÔòÉÔòÉÔòÉÔòÉÔòÉÔòÉÔòÉÔòÉÔòÉÔòÉÔòÉÔòÉÔòÉÔòÉÔòÉÔòÉÔòÉÔòÉÔòÉÔòÉÔòÉÔòÉÔòÉÔòÉÔòÉÔòÉÔòÉÔòÉÔòÉÔòÉÔòÉÔòÉÔòÉÔòÉÔòÉÔòÉÔòÉÔòÉÔòÉÔòÉÔòÉÔòÉÔòÉÔòÉÔòÉÔòÉÔòÉÔòÉÔòÉÔòÉÔòÉÔòÉÔòÉÔòÉÔòù
    Ôòæ Looks like Playwright Test or Playwright was just installed or updated. Ôòæ
    Ôòæ Please run the following command to download new browsers:              Ôòæ
    Ôòæ                                                                         Ôòæ
    Ôòæ     npx playwright install                                              Ôòæ
    Ôòæ                                                                         Ôòæ
    Ôòæ <3 Playwright Team                                                      Ôòæ
    ÔòÜÔòÉÔòÉÔòÉÔòÉÔòÉÔòÉÔòÉÔòÉÔòÉÔòÉÔòÉÔòÉÔòÉÔòÉÔòÉÔòÉÔòÉÔòÉÔòÉÔòÉÔòÉÔòÉÔòÉÔòÉÔòÉÔòÉÔòÉÔòÉÔòÉÔòÉÔòÉÔòÉÔòÉÔòÉÔòÉÔòÉÔòÉÔòÉÔòÉÔòÉÔòÉÔòÉÔòÉÔòÉÔòÉÔòÉÔòÉÔòÉÔòÉÔòÉÔòÉÔòÉÔòÉÔòÉÔòÉÔòÉÔòÉÔòÉÔòÉÔòÉÔòÉÔòÉÔòÉÔòÉÔòÉÔòÉÔòÉÔòÉÔòÉÔòÉÔòÉÔòÉÔòÉÔòØ


[1A[2K[296/580] [chromium] ÔÇ║ src\tests\e2e\geolocation.spec.ts:13:5 ÔÇ║ Geolocation ÔÇ║ debe testear geo 8
[1A[2K  296) [chromium] ÔÇ║ src\tests\e2e\geolocation.spec.ts:13:5 ÔÇ║ Geolocation ÔÇ║ debe testear geo 8 ÔöÇÔöÇÔöÇÔöÇÔöÇÔöÇ

    Error: browserType.launch: Executable doesn't exist at C:\Users\conej\AppData\Local\ms-playwright\chromium_headless_shell-1200\chrome-headless-shell-win64\chrome-headless-shell.exe
    ÔòöÔòÉÔòÉÔòÉÔòÉÔòÉÔòÉÔòÉÔòÉÔòÉÔòÉÔòÉÔòÉÔòÉÔòÉÔòÉÔòÉÔòÉÔòÉÔòÉÔòÉÔòÉÔòÉÔòÉÔòÉÔòÉÔòÉÔòÉÔòÉÔòÉÔòÉÔòÉÔòÉÔòÉÔòÉÔòÉÔòÉÔòÉÔòÉÔòÉÔòÉÔòÉÔòÉÔòÉÔòÉÔòÉÔòÉÔòÉÔòÉÔòÉÔòÉÔòÉÔòÉÔòÉÔòÉÔòÉÔòÉÔòÉÔòÉÔòÉÔòÉÔòÉÔòÉÔòÉÔòÉÔòÉÔòÉÔòÉÔòÉÔòÉÔòÉÔòÉÔòÉÔòÉÔòù
    Ôòæ Looks like Playwright Test or Playwright was just installed or updated. Ôòæ
    Ôòæ Please run the following command to download new browsers:              Ôòæ
    Ôòæ                                                                         Ôòæ
    Ôòæ     npx playwright install                                              Ôòæ
    Ôòæ                                                                         Ôòæ
    Ôòæ <3 Playwright Team                                                      Ôòæ
    ÔòÜÔòÉÔòÉÔòÉÔòÉÔòÉÔòÉÔòÉÔòÉÔòÉÔòÉÔòÉÔòÉÔòÉÔòÉÔòÉÔòÉÔòÉÔòÉÔòÉÔòÉÔòÉÔòÉÔòÉÔòÉÔòÉÔòÉÔòÉÔòÉÔòÉÔòÉÔòÉÔòÉÔòÉÔòÉÔòÉÔòÉÔòÉÔòÉÔòÉÔòÉÔòÉÔòÉÔòÉÔòÉÔòÉÔòÉÔòÉÔòÉÔòÉÔòÉÔòÉÔòÉÔòÉÔòÉÔòÉÔòÉÔòÉÔòÉÔòÉÔòÉÔòÉÔòÉÔòÉÔòÉÔòÉÔòÉÔòÉÔòÉÔòÉÔòÉÔòÉÔòÉÔòÉÔòØ


[1A[2K[297/580] [chromium] ÔÇ║ src\tests\e2e\geolocation.spec.ts:13:5 ÔÇ║ Geolocation ÔÇ║ debe testear geo 9
[1A[2K[298/580] [chromium] ÔÇ║ src\tests\e2e\geolocation.spec.ts:13:5 ÔÇ║ Geolocation ÔÇ║ debe testear geo 10
[1A[2K  297) [chromium] ÔÇ║ src\tests\e2e\geolocation.spec.ts:13:5 ÔÇ║ Geolocation ÔÇ║ debe testear geo 9 ÔöÇÔöÇÔöÇÔöÇÔöÇÔöÇ

    Error: browserType.launch: Executable doesn't exist at C:\Users\conej\AppData\Local\ms-playwright\chromium_headless_shell-1200\chrome-headless-shell-win64\chrome-headless-shell.exe
    ÔòöÔòÉÔòÉÔòÉÔòÉÔòÉÔòÉÔòÉÔòÉÔòÉÔòÉÔòÉÔòÉÔòÉÔòÉÔòÉÔòÉÔòÉÔòÉÔòÉÔòÉÔòÉÔòÉÔòÉÔòÉÔòÉÔòÉÔòÉÔòÉÔòÉÔòÉÔòÉÔòÉÔòÉÔòÉÔòÉÔòÉÔòÉÔòÉÔòÉÔòÉÔòÉÔòÉÔòÉÔòÉÔòÉÔòÉÔòÉÔòÉÔòÉÔòÉÔòÉÔòÉÔòÉÔòÉÔòÉÔòÉÔòÉÔòÉÔòÉÔòÉÔòÉÔòÉÔòÉÔòÉÔòÉÔòÉÔòÉÔòÉÔòÉÔòÉÔòÉÔòÉÔòÉÔòù
    Ôòæ Looks like Playwright Test or Playwright was just installed or updated. Ôòæ
    Ôòæ Please run the following command to download new browsers:              Ôòæ
    Ôòæ                                                                         Ôòæ
    Ôòæ     npx playwright install                                              Ôòæ
    Ôòæ                                                                         Ôòæ
    Ôòæ <3 Playwright Team                                                      Ôòæ
    ÔòÜÔòÉÔòÉÔòÉÔòÉÔòÉÔòÉÔòÉÔòÉÔòÉÔòÉÔòÉÔòÉÔòÉÔòÉÔòÉÔòÉÔòÉÔòÉÔòÉÔòÉÔòÉÔòÉÔòÉÔòÉÔòÉÔòÉÔòÉÔòÉÔòÉÔòÉÔòÉÔòÉÔòÉÔòÉÔòÉÔòÉÔòÉÔòÉÔòÉÔòÉÔòÉÔòÉÔòÉÔòÉÔòÉÔòÉÔòÉÔòÉÔòÉÔòÉÔòÉÔòÉÔòÉÔòÉÔòÉÔòÉÔòÉÔòÉÔòÉÔòÉÔòÉÔòÉÔòÉÔòÉÔòÉÔòÉÔòÉÔòÉÔòÉÔòÉÔòÉÔòÉÔòÉÔòØ


[1A[2K  298) [chromium] ÔÇ║ src\tests\e2e\geolocation.spec.ts:13:5 ÔÇ║ Geolocation ÔÇ║ debe testear geo 10 ÔöÇÔöÇÔöÇÔöÇÔöÇ

    Error: browserType.launch: Executable doesn't exist at C:\Users\conej\AppData\Local\ms-playwright\chromium_headless_shell-1200\chrome-headless-shell-win64\chrome-headless-shell.exe
    ÔòöÔòÉÔòÉÔòÉÔòÉÔòÉÔòÉÔòÉÔòÉÔòÉÔòÉÔòÉÔòÉÔòÉÔòÉÔòÉÔòÉÔòÉÔòÉÔòÉÔòÉÔòÉÔòÉÔòÉÔòÉÔòÉÔòÉÔòÉÔòÉÔòÉÔòÉÔòÉÔòÉÔòÉÔòÉÔòÉÔòÉÔòÉÔòÉÔòÉÔòÉÔòÉÔòÉÔòÉÔòÉÔòÉÔòÉÔòÉÔòÉÔòÉÔòÉÔòÉÔòÉÔòÉÔòÉÔòÉÔòÉÔòÉÔòÉÔòÉÔòÉÔòÉÔòÉÔòÉÔòÉÔòÉÔòÉÔòÉÔòÉÔòÉÔòÉÔòÉÔòÉÔòÉÔòù
    Ôòæ Looks like Playwright Test or Playwright was just installed or updated. Ôòæ
    Ôòæ Please run the following command to download new browsers:              Ôòæ
    Ôòæ                                                                         Ôòæ
    Ôòæ     npx playwright install                                              Ôòæ
    Ôòæ                                                                         Ôòæ
    Ôòæ <3 Playwright Team                                                      Ôòæ
    ÔòÜÔòÉÔòÉÔòÉÔòÉÔòÉÔòÉÔòÉÔòÉÔòÉÔòÉÔòÉÔòÉÔòÉÔòÉÔòÉÔòÉÔòÉÔòÉÔòÉÔòÉÔòÉÔòÉÔòÉÔòÉÔòÉÔòÉÔòÉÔòÉÔòÉÔòÉÔòÉÔòÉÔòÉÔòÉÔòÉÔòÉÔòÉÔòÉÔòÉÔòÉÔòÉÔòÉÔòÉÔòÉÔòÉÔòÉÔòÉÔòÉÔòÉÔòÉÔòÉÔòÉÔòÉÔòÉÔòÉÔòÉÔòÉÔòÉÔòÉÔòÉÔòÉÔòÉÔòÉÔòÉÔòÉÔòÉÔòÉÔòÉÔòÉÔòÉÔòÉÔòÉÔòÉÔòØ


[1A[2K[299/580] [chromium] ÔÇ║ src\tests\e2e\geolocation.spec.ts:13:5 ÔÇ║ Geolocation ÔÇ║ debe testear geo 11
[1A[2K[300/580] [chromium] ÔÇ║ src\tests\e2e\geolocation.spec.ts:13:5 ÔÇ║ Geolocation ÔÇ║ debe testear geo 12
[1A[2K  299) [chromium] ÔÇ║ src\tests\e2e\geolocation.spec.ts:13:5 ÔÇ║ Geolocation ÔÇ║ debe testear geo 11 ÔöÇÔöÇÔöÇÔöÇÔöÇ

    Error: browserType.launch: Executable doesn't exist at C:\Users\conej\AppData\Local\ms-playwright\chromium_headless_shell-1200\chrome-headless-shell-win64\chrome-headless-shell.exe
    ÔòöÔòÉÔòÉÔòÉÔòÉÔòÉÔòÉÔòÉÔòÉÔòÉÔòÉÔòÉÔòÉÔòÉÔòÉÔòÉÔòÉÔòÉÔòÉÔòÉÔòÉÔòÉÔòÉÔòÉÔòÉÔòÉÔòÉÔòÉÔòÉÔòÉÔòÉÔòÉÔòÉÔòÉÔòÉÔòÉÔòÉÔòÉÔòÉÔòÉÔòÉÔòÉÔòÉÔòÉÔòÉÔòÉÔòÉÔòÉÔòÉÔòÉÔòÉÔòÉÔòÉÔòÉÔòÉÔòÉÔòÉÔòÉÔòÉÔòÉÔòÉÔòÉÔòÉÔòÉÔòÉÔòÉÔòÉÔòÉÔòÉÔòÉÔòÉÔòÉÔòÉÔòÉÔòù
    Ôòæ Looks like Playwright Test or Playwright was just installed or updated. Ôòæ
    Ôòæ Please run the following command to download new browsers:              Ôòæ
    Ôòæ                                                                         Ôòæ
    Ôòæ     npx playwright install                                              Ôòæ
    Ôòæ                                                                         Ôòæ
    Ôòæ <3 Playwright Team                                                      Ôòæ
    ÔòÜÔòÉÔòÉÔòÉÔòÉÔòÉÔòÉÔòÉÔòÉÔòÉÔòÉÔòÉÔòÉÔòÉÔòÉÔòÉÔòÉÔòÉÔòÉÔòÉÔòÉÔòÉÔòÉÔòÉÔòÉÔòÉÔòÉÔòÉÔòÉÔòÉÔòÉÔòÉÔòÉÔòÉÔòÉÔòÉÔòÉÔòÉÔòÉÔòÉÔòÉÔòÉÔòÉÔòÉÔòÉÔòÉÔòÉÔòÉÔòÉÔòÉÔòÉÔòÉÔòÉÔòÉÔòÉÔòÉÔòÉÔòÉÔòÉÔòÉÔòÉÔòÉÔòÉÔòÉÔòÉÔòÉÔòÉÔòÉÔòÉÔòÉÔòÉÔòÉÔòÉÔòÉÔòØ


[1A[2K  300) [chromium] ÔÇ║ src\tests\e2e\geolocation.spec.ts:13:5 ÔÇ║ Geolocation ÔÇ║ debe testear geo 12 ÔöÇÔöÇÔöÇÔöÇÔöÇ

    Error: browserType.launch: Executable doesn't exist at C:\Users\conej\AppData\Local\ms-playwright\chromium_headless_shell-1200\chrome-headless-shell-win64\chrome-headless-shell.exe
    ÔòöÔòÉÔòÉÔòÉÔòÉÔòÉÔòÉÔòÉÔòÉÔòÉÔòÉÔòÉÔòÉÔòÉÔòÉÔòÉÔòÉÔòÉÔòÉÔòÉÔòÉÔòÉÔòÉÔòÉÔòÉÔòÉÔòÉÔòÉÔòÉÔòÉÔòÉÔòÉÔòÉÔòÉÔòÉÔòÉÔòÉÔòÉÔòÉÔòÉÔòÉÔòÉÔòÉÔòÉÔòÉÔòÉÔòÉÔòÉÔòÉÔòÉÔòÉÔòÉÔòÉÔòÉÔòÉÔòÉÔòÉÔòÉÔòÉÔòÉÔòÉÔòÉÔòÉÔòÉÔòÉÔòÉÔòÉÔòÉÔòÉÔòÉÔòÉÔòÉÔòÉÔòÉÔòù
    Ôòæ Looks like Playwright Test or Playwright was just installed or updated. Ôòæ
    Ôòæ Please run the following command to download new browsers:              Ôòæ
    Ôòæ                                                                         Ôòæ
    Ôòæ     npx playwright install                                              Ôòæ
    Ôòæ                                                                         Ôòæ
    Ôòæ <3 Playwright Team                                                      Ôòæ
    ÔòÜÔòÉÔòÉÔòÉÔòÉÔòÉÔòÉÔòÉÔòÉÔòÉÔòÉÔòÉÔòÉÔòÉÔòÉÔòÉÔòÉÔòÉÔòÉÔòÉÔòÉÔòÉÔòÉÔòÉÔòÉÔòÉÔòÉÔòÉÔòÉÔòÉÔòÉÔòÉÔòÉÔòÉÔòÉÔòÉÔòÉÔòÉÔòÉÔòÉÔòÉÔòÉÔòÉÔòÉÔòÉÔòÉÔòÉÔòÉÔòÉÔòÉÔòÉÔòÉÔòÉÔòÉÔòÉÔòÉÔòÉÔòÉÔòÉÔòÉÔòÉÔòÉÔòÉÔòÉÔòÉÔòÉÔòÉÔòÉÔòÉÔòÉÔòÉÔòÉÔòÉÔòÉÔòØ


[1A[2K[301/580] [chromium] ÔÇ║ src\tests\e2e\geolocation.spec.ts:13:5 ÔÇ║ Geolocation ÔÇ║ debe testear geo 13
[1A[2K  301) [chromium] ÔÇ║ src\tests\e2e\geolocation.spec.ts:13:5 ÔÇ║ Geolocation ÔÇ║ debe testear geo 13 ÔöÇÔöÇÔöÇÔöÇÔöÇ

    Error: browserType.launch: Executable doesn't exist at C:\Users\conej\AppData\Local\ms-playwright\chromium_headless_shell-1200\chrome-headless-shell-win64\chrome-headless-shell.exe
    ÔòöÔòÉÔòÉÔòÉÔòÉÔòÉÔòÉÔòÉÔòÉÔòÉÔòÉÔòÉÔòÉÔòÉÔòÉÔòÉÔòÉÔòÉÔòÉÔòÉÔòÉÔòÉÔòÉÔòÉÔòÉÔòÉÔòÉÔòÉÔòÉÔòÉÔòÉÔòÉÔòÉÔòÉÔòÉÔòÉÔòÉÔòÉÔòÉÔòÉÔòÉÔòÉÔòÉÔòÉÔòÉÔòÉÔòÉÔòÉÔòÉÔòÉÔòÉÔòÉÔòÉÔòÉÔòÉÔòÉÔòÉÔòÉÔòÉÔòÉÔòÉÔòÉÔòÉÔòÉÔòÉÔòÉÔòÉÔòÉÔòÉÔòÉÔòÉÔòÉÔòÉÔòÉÔòù
    Ôòæ Looks like Playwright Test or Playwright was just installed or updated. Ôòæ
    Ôòæ Please run the following command to download new browsers:              Ôòæ
    Ôòæ                                                                         Ôòæ
    Ôòæ     npx playwright install                                              Ôòæ
    Ôòæ                                                                         Ôòæ
    Ôòæ <3 Playwright Team                                                      Ôòæ
    ÔòÜÔòÉÔòÉÔòÉÔòÉÔòÉÔòÉÔòÉÔòÉÔòÉÔòÉÔòÉÔòÉÔòÉÔòÉÔòÉÔòÉÔòÉÔòÉÔòÉÔòÉÔòÉÔòÉÔòÉÔòÉÔòÉÔòÉÔòÉÔòÉÔòÉÔòÉÔòÉÔòÉÔòÉÔòÉÔòÉÔòÉÔòÉÔòÉÔòÉÔòÉÔòÉÔòÉÔòÉÔòÉÔòÉÔòÉÔòÉÔòÉÔòÉÔòÉÔòÉÔòÉÔòÉÔòÉÔòÉÔòÉÔòÉÔòÉÔòÉÔòÉÔòÉÔòÉÔòÉÔòÉÔòÉÔòÉÔòÉÔòÉÔòÉÔòÉÔòÉÔòÉÔòÉÔòØ


[1A[2K[302/580] [chromium] ÔÇ║ src\tests\e2e\geolocation.spec.ts:13:5 ÔÇ║ Geolocation ÔÇ║ debe testear geo 14
[1A[2K[303/580] [chromium] ÔÇ║ src\tests\e2e\geolocation.spec.ts:13:5 ÔÇ║ Geolocation ÔÇ║ debe testear geo 15
[1A[2K  302) [chromium] ÔÇ║ src\tests\e2e\geolocation.spec.ts:13:5 ÔÇ║ Geolocation ÔÇ║ debe testear geo 14 ÔöÇÔöÇÔöÇÔöÇÔöÇ

    Error: browserType.launch: Executable doesn't exist at C:\Users\conej\AppData\Local\ms-playwright\chromium_headless_shell-1200\chrome-headless-shell-win64\chrome-headless-shell.exe
    ÔòöÔòÉÔòÉÔòÉÔòÉÔòÉÔòÉÔòÉÔòÉÔòÉÔòÉÔòÉÔòÉÔòÉÔòÉÔòÉÔòÉÔòÉÔòÉÔòÉÔòÉÔòÉÔòÉÔòÉÔòÉÔòÉÔòÉÔòÉÔòÉÔòÉÔòÉÔòÉÔòÉÔòÉÔòÉÔòÉÔòÉÔòÉÔòÉÔòÉÔòÉÔòÉÔòÉÔòÉÔòÉÔòÉÔòÉÔòÉÔòÉÔòÉÔòÉÔòÉÔòÉÔòÉÔòÉÔòÉÔòÉÔòÉÔòÉÔòÉÔòÉÔòÉÔòÉÔòÉÔòÉÔòÉÔòÉÔòÉÔòÉÔòÉÔòÉÔòÉÔòÉÔòÉÔòù
    Ôòæ Looks like Playwright Test or Playwright was just installed or updated. Ôòæ
    Ôòæ Please run the following command to download new browsers:              Ôòæ
    Ôòæ                                                                         Ôòæ
    Ôòæ     npx playwright install                                              Ôòæ
    Ôòæ                                                                         Ôòæ
    Ôòæ <3 Playwright Team                                                      Ôòæ
    ÔòÜÔòÉÔòÉÔòÉÔòÉÔòÉÔòÉÔòÉÔòÉÔòÉÔòÉÔòÉÔòÉÔòÉÔòÉÔòÉÔòÉÔòÉÔòÉÔòÉÔòÉÔòÉÔòÉÔòÉÔòÉÔòÉÔòÉÔòÉÔòÉÔòÉÔòÉÔòÉÔòÉÔòÉÔòÉÔòÉÔòÉÔòÉÔòÉÔòÉÔòÉÔòÉÔòÉÔòÉÔòÉÔòÉÔòÉÔòÉÔòÉÔòÉÔòÉÔòÉÔòÉÔòÉÔòÉÔòÉÔòÉÔòÉÔòÉÔòÉÔòÉÔòÉÔòÉÔòÉÔòÉÔòÉÔòÉÔòÉÔòÉÔòÉÔòÉÔòÉÔòÉÔòÉÔòØ


[1A[2K  303) [chromium] ÔÇ║ src\tests\e2e\geolocation.spec.ts:13:5 ÔÇ║ Geolocation ÔÇ║ debe testear geo 15 ÔöÇÔöÇÔöÇÔöÇÔöÇ

    Error: browserType.launch: Executable doesn't exist at C:\Users\conej\AppData\Local\ms-playwright\chromium_headless_shell-1200\chrome-headless-shell-win64\chrome-headless-shell.exe
    ÔòöÔòÉÔòÉÔòÉÔòÉÔòÉÔòÉÔòÉÔòÉÔòÉÔòÉÔòÉÔòÉÔòÉÔòÉÔòÉÔòÉÔòÉÔòÉÔòÉÔòÉÔòÉÔòÉÔòÉÔòÉÔòÉÔòÉÔòÉÔòÉÔòÉÔòÉÔòÉÔòÉÔòÉÔòÉÔòÉÔòÉÔòÉÔòÉÔòÉÔòÉÔòÉÔòÉÔòÉÔòÉÔòÉÔòÉÔòÉÔòÉÔòÉÔòÉÔòÉÔòÉÔòÉÔòÉÔòÉÔòÉÔòÉÔòÉÔòÉÔòÉÔòÉÔòÉÔòÉÔòÉÔòÉÔòÉÔòÉÔòÉÔòÉÔòÉÔòÉÔòÉÔòÉÔòù
    Ôòæ Looks like Playwright Test or Playwright was just installed or updated. Ôòæ
    Ôòæ Please run the following command to download new browsers:              Ôòæ
    Ôòæ                                                                         Ôòæ
    Ôòæ     npx playwright install                                              Ôòæ
    Ôòæ                                                                         Ôòæ
    Ôòæ <3 Playwright Team                                                      Ôòæ
    ÔòÜÔòÉÔòÉÔòÉÔòÉÔòÉÔòÉÔòÉÔòÉÔòÉÔòÉÔòÉÔòÉÔòÉÔòÉÔòÉÔòÉÔòÉÔòÉÔòÉÔòÉÔòÉÔòÉÔòÉÔòÉÔòÉÔòÉÔòÉÔòÉÔòÉÔòÉÔòÉÔòÉÔòÉÔòÉÔòÉÔòÉÔòÉÔòÉÔòÉÔòÉÔòÉÔòÉÔòÉÔòÉÔòÉÔòÉÔòÉÔòÉÔòÉÔòÉÔòÉÔòÉÔòÉÔòÉÔòÉÔòÉÔòÉÔòÉÔòÉÔòÉÔòÉÔòÉÔòÉÔòÉÔòÉÔòÉÔòÉÔòÉÔòÉÔòÉÔòÉÔòÉÔòÉÔòØ


[1A[2K[304/580] [chromium] ÔÇ║ src\tests\e2e\geolocation.spec.ts:13:5 ÔÇ║ Geolocation ÔÇ║ debe testear geo 16
[1A[2K  304) [chromium] ÔÇ║ src\tests\e2e\geolocation.spec.ts:13:5 ÔÇ║ Geolocation ÔÇ║ debe testear geo 16 ÔöÇÔöÇÔöÇÔöÇÔöÇ

    Error: browserType.launch: Executable doesn't exist at C:\Users\conej\AppData\Local\ms-playwright\chromium_headless_shell-1200\chrome-headless-shell-win64\chrome-headless-shell.exe
    ÔòöÔòÉÔòÉÔòÉÔòÉÔòÉÔòÉÔòÉÔòÉÔòÉÔòÉÔòÉÔòÉÔòÉÔòÉÔòÉÔòÉÔòÉÔòÉÔòÉÔòÉÔòÉÔòÉÔòÉÔòÉÔòÉÔòÉÔòÉÔòÉÔòÉÔòÉÔòÉÔòÉÔòÉÔòÉÔòÉÔòÉÔòÉÔòÉÔòÉÔòÉÔòÉÔòÉÔòÉÔòÉÔòÉÔòÉÔòÉÔòÉÔòÉÔòÉÔòÉÔòÉÔòÉÔòÉÔòÉÔòÉÔòÉÔòÉÔòÉÔòÉÔòÉÔòÉÔòÉÔòÉÔòÉÔòÉÔòÉÔòÉÔòÉÔòÉÔòÉÔòÉÔòÉÔòù
    Ôòæ Looks like Playwright Test or Playwright was just installed or updated. Ôòæ
    Ôòæ Please run the following command to download new browsers:              Ôòæ
    Ôòæ                                                                         Ôòæ
    Ôòæ     npx playwright install                                              Ôòæ
    Ôòæ                                                                         Ôòæ
    Ôòæ <3 Playwright Team                                                      Ôòæ
    ÔòÜÔòÉÔòÉÔòÉÔòÉÔòÉÔòÉÔòÉÔòÉÔòÉÔòÉÔòÉÔòÉÔòÉÔòÉÔòÉÔòÉÔòÉÔòÉÔòÉÔòÉÔòÉÔòÉÔòÉÔòÉÔòÉÔòÉÔòÉÔòÉÔòÉÔòÉÔòÉÔòÉÔòÉÔòÉÔòÉÔòÉÔòÉÔòÉÔòÉÔòÉÔòÉÔòÉÔòÉÔòÉÔòÉÔòÉÔòÉÔòÉÔòÉÔòÉÔòÉÔòÉÔòÉÔòÉÔòÉÔòÉÔòÉÔòÉÔòÉÔòÉÔòÉÔòÉÔòÉÔòÉÔòÉÔòÉÔòÉÔòÉÔòÉÔòÉÔòÉÔòÉÔòÉÔòØ


[1A[2K[305/580] [chromium] ÔÇ║ src\tests\e2e\geolocation.spec.ts:13:5 ÔÇ║ Geolocation ÔÇ║ debe testear geo 17
[1A[2K[306/580] [chromium] ÔÇ║ src\tests\e2e\geolocation.spec.ts:13:5 ÔÇ║ Geolocation ÔÇ║ debe testear geo 18
[1A[2K  305) [chromium] ÔÇ║ src\tests\e2e\geolocation.spec.ts:13:5 ÔÇ║ Geolocation ÔÇ║ debe testear geo 18 ÔöÇÔöÇÔöÇÔöÇÔöÇ

    Error: browserType.launch: Executable doesn't exist at C:\Users\conej\AppData\Local\ms-playwright\chromium_headless_shell-1200\chrome-headless-shell-win64\chrome-headless-shell.exe
    ÔòöÔòÉÔòÉÔòÉÔòÉÔòÉÔòÉÔòÉÔòÉÔòÉÔòÉÔòÉÔòÉÔòÉÔòÉÔòÉÔòÉÔòÉÔòÉÔòÉÔòÉÔòÉÔòÉÔòÉÔòÉÔòÉÔòÉÔòÉÔòÉÔòÉÔòÉÔòÉÔòÉÔòÉÔòÉÔòÉÔòÉÔòÉÔòÉÔòÉÔòÉÔòÉÔòÉÔòÉÔòÉÔòÉÔòÉÔòÉÔòÉÔòÉÔòÉÔòÉÔòÉÔòÉÔòÉÔòÉÔòÉÔòÉÔòÉÔòÉÔòÉÔòÉÔòÉÔòÉÔòÉÔòÉÔòÉÔòÉÔòÉÔòÉÔòÉÔòÉÔòÉÔòÉÔòù
    Ôòæ Looks like Playwright Test or Playwright was just installed or updated. Ôòæ
    Ôòæ Please run the following command to download new browsers:              Ôòæ
    Ôòæ                                                                         Ôòæ
    Ôòæ     npx playwright install                                              Ôòæ
    Ôòæ                                                                         Ôòæ
    Ôòæ <3 Playwright Team                                                      Ôòæ
    ÔòÜÔòÉÔòÉÔòÉÔòÉÔòÉÔòÉÔòÉÔòÉÔòÉÔòÉÔòÉÔòÉÔòÉÔòÉÔòÉÔòÉÔòÉÔòÉÔòÉÔòÉÔòÉÔòÉÔòÉÔòÉÔòÉÔòÉÔòÉÔòÉÔòÉÔòÉÔòÉÔòÉÔòÉÔòÉÔòÉÔòÉÔòÉÔòÉÔòÉÔòÉÔòÉÔòÉÔòÉÔòÉÔòÉÔòÉÔòÉÔòÉÔòÉÔòÉÔòÉÔòÉÔòÉÔòÉÔòÉÔòÉÔòÉÔòÉÔòÉÔòÉÔòÉÔòÉÔòÉÔòÉÔòÉÔòÉÔòÉÔòÉÔòÉÔòÉÔòÉÔòÉÔòÉÔòØ


[1A[2K  306) [chromium] ÔÇ║ src\tests\e2e\geolocation.spec.ts:13:5 ÔÇ║ Geolocation ÔÇ║ debe testear geo 17 ÔöÇÔöÇÔöÇÔöÇÔöÇ

    Error: browserType.launch: Executable doesn't exist at C:\Users\conej\AppData\Local\ms-playwright\chromium_headless_shell-1200\chrome-headless-shell-win64\chrome-headless-shell.exe
    ÔòöÔòÉÔòÉÔòÉÔòÉÔòÉÔòÉÔòÉÔòÉÔòÉÔòÉÔòÉÔòÉÔòÉÔòÉÔòÉÔòÉÔòÉÔòÉÔòÉÔòÉÔòÉÔòÉÔòÉÔòÉÔòÉÔòÉÔòÉÔòÉÔòÉÔòÉÔòÉÔòÉÔòÉÔòÉÔòÉÔòÉÔòÉÔòÉÔòÉÔòÉÔòÉÔòÉÔòÉÔòÉÔòÉÔòÉÔòÉÔòÉÔòÉÔòÉÔòÉÔòÉÔòÉÔòÉÔòÉÔòÉÔòÉÔòÉÔòÉÔòÉÔòÉÔòÉÔòÉÔòÉÔòÉÔòÉÔòÉÔòÉÔòÉÔòÉÔòÉÔòÉÔòÉÔòù
    Ôòæ Looks like Playwright Test or Playwright was just installed or updated. Ôòæ
    Ôòæ Please run the following command to download new browsers:              Ôòæ
    Ôòæ                                                                         Ôòæ
    Ôòæ     npx playwright install                                              Ôòæ
    Ôòæ                                                                         Ôòæ
    Ôòæ <3 Playwright Team                                                      Ôòæ
    ÔòÜÔòÉÔòÉÔòÉÔòÉÔòÉÔòÉÔòÉÔòÉÔòÉÔòÉÔòÉÔòÉÔòÉÔòÉÔòÉÔòÉÔòÉÔòÉÔòÉÔòÉÔòÉÔòÉÔòÉÔòÉÔòÉÔòÉÔòÉÔòÉÔòÉÔòÉÔòÉÔòÉÔòÉÔòÉÔòÉÔòÉÔòÉÔòÉÔòÉÔòÉÔòÉÔòÉÔòÉÔòÉÔòÉÔòÉÔòÉÔòÉÔòÉÔòÉÔòÉÔòÉÔòÉÔòÉÔòÉÔòÉÔòÉÔòÉÔòÉÔòÉÔòÉÔòÉÔòÉÔòÉÔòÉÔòÉÔòÉÔòÉÔòÉÔòÉÔòÉÔòÉÔòÉÔòØ


[1A[2K[307/580] [chromium] ÔÇ║ src\tests\e2e\geolocation.spec.ts:13:5 ÔÇ║ Geolocation ÔÇ║ debe testear geo 19
[1A[2K  307) [chromium] ÔÇ║ src\tests\e2e\geolocation.spec.ts:13:5 ÔÇ║ Geolocation ÔÇ║ debe testear geo 19 ÔöÇÔöÇÔöÇÔöÇÔöÇ

    Error: browserType.launch: Executable doesn't exist at C:\Users\conej\AppData\Local\ms-playwright\chromium_headless_shell-1200\chrome-headless-shell-win64\chrome-headless-shell.exe
    ÔòöÔòÉÔòÉÔòÉÔòÉÔòÉÔòÉÔòÉÔòÉÔòÉÔòÉÔòÉÔòÉÔòÉÔòÉÔòÉÔòÉÔòÉÔòÉÔòÉÔòÉÔòÉÔòÉÔòÉÔòÉÔòÉÔòÉÔòÉÔòÉÔòÉÔòÉÔòÉÔòÉÔòÉÔòÉÔòÉÔòÉÔòÉÔòÉÔòÉÔòÉÔòÉÔòÉÔòÉÔòÉÔòÉÔòÉÔòÉÔòÉÔòÉÔòÉÔòÉÔòÉÔòÉÔòÉÔòÉÔòÉÔòÉÔòÉÔòÉÔòÉÔòÉÔòÉÔòÉÔòÉÔòÉÔòÉÔòÉÔòÉÔòÉÔòÉÔòÉÔòÉÔòÉÔòù
    Ôòæ Looks like Playwright Test or Playwright was just installed or updated. Ôòæ
    Ôòæ Please run the following command to download new browsers:              Ôòæ
    Ôòæ                                                                         Ôòæ
    Ôòæ     npx playwright install                                              Ôòæ
    Ôòæ                                                                         Ôòæ
    Ôòæ <3 Playwright Team                                                      Ôòæ
    ÔòÜÔòÉÔòÉÔòÉÔòÉÔòÉÔòÉÔòÉÔòÉÔòÉÔòÉÔòÉÔòÉÔòÉÔòÉÔòÉÔòÉÔòÉÔòÉÔòÉÔòÉÔòÉÔòÉÔòÉÔòÉÔòÉÔòÉÔòÉÔòÉÔòÉÔòÉÔòÉÔòÉÔòÉÔòÉÔòÉÔòÉÔòÉÔòÉÔòÉÔòÉÔòÉÔòÉÔòÉÔòÉÔòÉÔòÉÔòÉÔòÉÔòÉÔòÉÔòÉÔòÉÔòÉÔòÉÔòÉÔòÉÔòÉÔòÉÔòÉÔòÉÔòÉÔòÉÔòÉÔòÉÔòÉÔòÉÔòÉÔòÉÔòÉÔòÉÔòÉÔòÉÔòÉÔòØ


[1A[2K[308/580] [chromium] ÔÇ║ src\tests\e2e\geolocation.spec.ts:13:5 ÔÇ║ Geolocation ÔÇ║ debe testear geo 20
[1A[2K  308) [chromium] ÔÇ║ src\tests\e2e\geolocation.spec.ts:13:5 ÔÇ║ Geolocation ÔÇ║ debe testear geo 20 ÔöÇÔöÇÔöÇÔöÇÔöÇ

    Error: browserType.launch: Executable doesn't exist at C:\Users\conej\AppData\Local\ms-playwright\chromium_headless_shell-1200\chrome-headless-shell-win64\chrome-headless-shell.exe
    ÔòöÔòÉÔòÉÔòÉÔòÉÔòÉÔòÉÔòÉÔòÉÔòÉÔòÉÔòÉÔòÉÔòÉÔòÉÔòÉÔòÉÔòÉÔòÉÔòÉÔòÉÔòÉÔòÉÔòÉÔòÉÔòÉÔòÉÔòÉÔòÉÔòÉÔòÉÔòÉÔòÉÔòÉÔòÉÔòÉÔòÉÔòÉÔòÉÔòÉÔòÉÔòÉÔòÉÔòÉÔòÉÔòÉÔòÉÔòÉÔòÉÔòÉÔòÉÔòÉÔòÉÔòÉÔòÉÔòÉÔòÉÔòÉÔòÉÔòÉÔòÉÔòÉÔòÉÔòÉÔòÉÔòÉÔòÉÔòÉÔòÉÔòÉÔòÉÔòÉÔòÉÔòÉÔòù
    Ôòæ Looks like Playwright Test or Playwright was just installed or updated. Ôòæ
    Ôòæ Please run the following command to download new browsers:              Ôòæ
    Ôòæ                                                                         Ôòæ
    Ôòæ     npx playwright install                                              Ôòæ
    Ôòæ                                                                         Ôòæ
    Ôòæ <3 Playwright Team                                                      Ôòæ
    ÔòÜÔòÉÔòÉÔòÉÔòÉÔòÉÔòÉÔòÉÔòÉÔòÉÔòÉÔòÉÔòÉÔòÉÔòÉÔòÉÔòÉÔòÉÔòÉÔòÉÔòÉÔòÉÔòÉÔòÉÔòÉÔòÉÔòÉÔòÉÔòÉÔòÉÔòÉÔòÉÔòÉÔòÉÔòÉÔòÉÔòÉÔòÉÔòÉÔòÉÔòÉÔòÉÔòÉÔòÉÔòÉÔòÉÔòÉÔòÉÔòÉÔòÉÔòÉÔòÉÔòÉÔòÉÔòÉÔòÉÔòÉÔòÉÔòÉÔòÉÔòÉÔòÉÔòÉÔòÉÔòÉÔòÉÔòÉÔòÉÔòÉÔòÉÔòÉÔòÉÔòÉÔòÉÔòØ


[1A[2K[309/580] [chromium] ÔÇ║ src\tests\e2e\images.spec.ts:14:3 ÔÇ║ Sistema de Im├ígenes ÔÇ║ debe mostrar galer├¡a de perfil
[1A[2K  309) [chromium] ÔÇ║ src\tests\e2e\images.spec.ts:14:3 ÔÇ║ Sistema de Im├ígenes ÔÇ║ debe mostrar galer├¡a de perfil 

    Error: browserType.launch: Executable doesn't exist at C:\Users\conej\AppData\Local\ms-playwright\chromium_headless_shell-1200\chrome-headless-shell-win64\chrome-headless-shell.exe
    ÔòöÔòÉÔòÉÔòÉÔòÉÔòÉÔòÉÔòÉÔòÉÔòÉÔòÉÔòÉÔòÉÔòÉÔòÉÔòÉÔòÉÔòÉÔòÉÔòÉÔòÉÔòÉÔòÉÔòÉÔòÉÔòÉÔòÉÔòÉÔòÉÔòÉÔòÉÔòÉÔòÉÔòÉÔòÉÔòÉÔòÉÔòÉÔòÉÔòÉÔòÉÔòÉÔòÉÔòÉÔòÉÔòÉÔòÉÔòÉÔòÉÔòÉÔòÉÔòÉÔòÉÔòÉÔòÉÔòÉÔòÉÔòÉÔòÉÔòÉÔòÉÔòÉÔòÉÔòÉÔòÉÔòÉÔòÉÔòÉÔòÉÔòÉÔòÉÔòÉÔòÉÔòÉÔòù
    Ôòæ Looks like Playwright Test or Playwright was just installed or updated. Ôòæ
    Ôòæ Please run the following command to download new browsers:              Ôòæ
    Ôòæ                                                                         Ôòæ
    Ôòæ     npx playwright install                                              Ôòæ
    Ôòæ                                                                         Ôòæ
    Ôòæ <3 Playwright Team                                                      Ôòæ
    ÔòÜÔòÉÔòÉÔòÉÔòÉÔòÉÔòÉÔòÉÔòÉÔòÉÔòÉÔòÉÔòÉÔòÉÔòÉÔòÉÔòÉÔòÉÔòÉÔòÉÔòÉÔòÉÔòÉÔòÉÔòÉÔòÉÔòÉÔòÉÔòÉÔòÉÔòÉÔòÉÔòÉÔòÉÔòÉÔòÉÔòÉÔòÉÔòÉÔòÉÔòÉÔòÉÔòÉÔòÉÔòÉÔòÉÔòÉÔòÉÔòÉÔòÉÔòÉÔòÉÔòÉÔòÉÔòÉÔòÉÔòÉÔòÉÔòÉÔòÉÔòÉÔòÉÔòÉÔòÉÔòÉÔòÉÔòÉÔòÉÔòÉÔòÉÔòÉÔòÉÔòÉÔòÉÔòØ


[1A[2K[310/580] [chromium] ÔÇ║ src\tests\e2e\images.spec.ts:22:3 ÔÇ║ Sistema de Im├ígenes ÔÇ║ debe subir imagen a galer├¡a personal
[1A[2K[311/580] [chromium] ÔÇ║ src\tests\e2e\images.spec.ts:45:3 ÔÇ║ Sistema de Im├ígenes ÔÇ║ debe configurar imagen como privada
[1A[2K  310) [chromium] ÔÇ║ src\tests\e2e\images.spec.ts:22:3 ÔÇ║ Sistema de Im├ígenes ÔÇ║ debe subir imagen a galer├¡a personal 

    Error: browserType.launch: Executable doesn't exist at C:\Users\conej\AppData\Local\ms-playwright\chromium_headless_shell-1200\chrome-headless-shell-win64\chrome-headless-shell.exe
    ÔòöÔòÉÔòÉÔòÉÔòÉÔòÉÔòÉÔòÉÔòÉÔòÉÔòÉÔòÉÔòÉÔòÉÔòÉÔòÉÔòÉÔòÉÔòÉÔòÉÔòÉÔòÉÔòÉÔòÉÔòÉÔòÉÔòÉÔòÉÔòÉÔòÉÔòÉÔòÉÔòÉÔòÉÔòÉÔòÉÔòÉÔòÉÔòÉÔòÉÔòÉÔòÉÔòÉÔòÉÔòÉÔòÉÔòÉÔòÉÔòÉÔòÉÔòÉÔòÉÔòÉÔòÉÔòÉÔòÉÔòÉÔòÉÔòÉÔòÉÔòÉÔòÉÔòÉÔòÉÔòÉÔòÉÔòÉÔòÉÔòÉÔòÉÔòÉÔòÉÔòÉÔòÉÔòù
    Ôòæ Looks like Playwright Test or Playwright was just installed or updated. Ôòæ
    Ôòæ Please run the following command to download new browsers:              Ôòæ
    Ôòæ                                                                         Ôòæ
    Ôòæ     npx playwright install                                              Ôòæ
    Ôòæ                                                                         Ôòæ
    Ôòæ <3 Playwright Team                                                      Ôòæ
    ÔòÜÔòÉÔòÉÔòÉÔòÉÔòÉÔòÉÔòÉÔòÉÔòÉÔòÉÔòÉÔòÉÔòÉÔòÉÔòÉÔòÉÔòÉÔòÉÔòÉÔòÉÔòÉÔòÉÔòÉÔòÉÔòÉÔòÉÔòÉÔòÉÔòÉÔòÉÔòÉÔòÉÔòÉÔòÉÔòÉÔòÉÔòÉÔòÉÔòÉÔòÉÔòÉÔòÉÔòÉÔòÉÔòÉÔòÉÔòÉÔòÉÔòÉÔòÉÔòÉÔòÉÔòÉÔòÉÔòÉÔòÉÔòÉÔòÉÔòÉÔòÉÔòÉÔòÉÔòÉÔòÉÔòÉÔòÉÔòÉÔòÉÔòÉÔòÉÔòÉÔòÉÔòÉÔòØ


[1A[2K  311) [chromium] ÔÇ║ src\tests\e2e\images.spec.ts:45:3 ÔÇ║ Sistema de Im├ígenes ÔÇ║ debe configurar imagen como privada 

    Error: browserType.launch: Executable doesn't exist at C:\Users\conej\AppData\Local\ms-playwright\chromium_headless_shell-1200\chrome-headless-shell-win64\chrome-headless-shell.exe
    ÔòöÔòÉÔòÉÔòÉÔòÉÔòÉÔòÉÔòÉÔòÉÔòÉÔòÉÔòÉÔòÉÔòÉÔòÉÔòÉÔòÉÔòÉÔòÉÔòÉÔòÉÔòÉÔòÉÔòÉÔòÉÔòÉÔòÉÔòÉÔòÉÔòÉÔòÉÔòÉÔòÉÔòÉÔòÉÔòÉÔòÉÔòÉÔòÉÔòÉÔòÉÔòÉÔòÉÔòÉÔòÉÔòÉÔòÉÔòÉÔòÉÔòÉÔòÉÔòÉÔòÉÔòÉÔòÉÔòÉÔòÉÔòÉÔòÉÔòÉÔòÉÔòÉÔòÉÔòÉÔòÉÔòÉÔòÉÔòÉÔòÉÔòÉÔòÉÔòÉÔòÉÔòÉÔòù
    Ôòæ Looks like Playwright Test or Playwright was just installed or updated. Ôòæ
    Ôòæ Please run the following command to download new browsers:              Ôòæ
    Ôòæ                                                                         Ôòæ
    Ôòæ     npx playwright install                                              Ôòæ
    Ôòæ                                                                         Ôòæ
    Ôòæ <3 Playwright Team                                                      Ôòæ
    ÔòÜÔòÉÔòÉÔòÉÔòÉÔòÉÔòÉÔòÉÔòÉÔòÉÔòÉÔòÉÔòÉÔòÉÔòÉÔòÉÔòÉÔòÉÔòÉÔòÉÔòÉÔòÉÔòÉÔòÉÔòÉÔòÉÔòÉÔòÉÔòÉÔòÉÔòÉÔòÉÔòÉÔòÉÔòÉÔòÉÔòÉÔòÉÔòÉÔòÉÔòÉÔòÉÔòÉÔòÉÔòÉÔòÉÔòÉÔòÉÔòÉÔòÉÔòÉÔòÉÔòÉÔòÉÔòÉÔòÉÔòÉÔòÉÔòÉÔòÉÔòÉÔòÉÔòÉÔòÉÔòÉÔòÉÔòÉÔòÉÔòÉÔòÉÔòÉÔòÉÔòÉÔòÉÔòØ


[1A[2K[312/580] [chromium] ÔÇ║ src\tests\e2e\images.spec.ts:64:3 ÔÇ║ Sistema de Im├ígenes ÔÇ║ debe eliminar imagen de galer├¡a
[1A[2K  312) [chromium] ÔÇ║ src\tests\e2e\images.spec.ts:64:3 ÔÇ║ Sistema de Im├ígenes ÔÇ║ debe eliminar imagen de galer├¡a 

    Error: browserType.launch: Executable doesn't exist at C:\Users\conej\AppData\Local\ms-playwright\chromium_headless_shell-1200\chrome-headless-shell-win64\chrome-headless-shell.exe
    ÔòöÔòÉÔòÉÔòÉÔòÉÔòÉÔòÉÔòÉÔòÉÔòÉÔòÉÔòÉÔòÉÔòÉÔòÉÔòÉÔòÉÔòÉÔòÉÔòÉÔòÉÔòÉÔòÉÔòÉÔòÉÔòÉÔòÉÔòÉÔòÉÔòÉÔòÉÔòÉÔòÉÔòÉÔòÉÔòÉÔòÉÔòÉÔòÉÔòÉÔòÉÔòÉÔòÉÔòÉÔòÉÔòÉÔòÉÔòÉÔòÉÔòÉÔòÉÔòÉÔòÉÔòÉÔòÉÔòÉÔòÉÔòÉÔòÉÔòÉÔòÉÔòÉÔòÉÔòÉÔòÉÔòÉÔòÉÔòÉÔòÉÔòÉÔòÉÔòÉÔòÉÔòÉÔòù
    Ôòæ Looks like Playwright Test or Playwright was just installed or updated. Ôòæ
    Ôòæ Please run the following command to download new browsers:              Ôòæ
    Ôòæ                                                                         Ôòæ
    Ôòæ     npx playwright install                                              Ôòæ
    Ôòæ                                                                         Ôòæ
    Ôòæ <3 Playwright Team                                                      Ôòæ
    ÔòÜÔòÉÔòÉÔòÉÔòÉÔòÉÔòÉÔòÉÔòÉÔòÉÔòÉÔòÉÔòÉÔòÉÔòÉÔòÉÔòÉÔòÉÔòÉÔòÉÔòÉÔòÉÔòÉÔòÉÔòÉÔòÉÔòÉÔòÉÔòÉÔòÉÔòÉÔòÉÔòÉÔòÉÔòÉÔòÉÔòÉÔòÉÔòÉÔòÉÔòÉÔòÉÔòÉÔòÉÔòÉÔòÉÔòÉÔòÉÔòÉÔòÉÔòÉÔòÉÔòÉÔòÉÔòÉÔòÉÔòÉÔòÉÔòÉÔòÉÔòÉÔòÉÔòÉÔòÉÔòÉÔòÉÔòÉÔòÉÔòÉÔòÉÔòÉÔòÉÔòÉÔòÉÔòØ


[1A[2K[313/580] [chromium] ÔÇ║ src\tests\e2e\images.spec.ts:80:3 ÔÇ║ Sistema de Im├ígenes ÔÇ║ debe ver im├ígenes p├║blicas de otros usuarios
[1A[2K[314/580] [chromium] ÔÇ║ src\tests\e2e\images.spec.ts:92:3 ÔÇ║ Sistema de Im├ígenes ÔÇ║ debe solicitar acceso a im├ígenes privadas
[1A[2K  313) [chromium] ÔÇ║ src\tests\e2e\images.spec.ts:92:3 ÔÇ║ Sistema de Im├ígenes ÔÇ║ debe solicitar acceso a im├ígenes privadas 

    Error: browserType.launch: Executable doesn't exist at C:\Users\conej\AppData\Local\ms-playwright\chromium_headless_shell-1200\chrome-headless-shell-win64\chrome-headless-shell.exe
    ÔòöÔòÉÔòÉÔòÉÔòÉÔòÉÔòÉÔòÉÔòÉÔòÉÔòÉÔòÉÔòÉÔòÉÔòÉÔòÉÔòÉÔòÉÔòÉÔòÉÔòÉÔòÉÔòÉÔòÉÔòÉÔòÉÔòÉÔòÉÔòÉÔòÉÔòÉÔòÉÔòÉÔòÉÔòÉÔòÉÔòÉÔòÉÔòÉÔòÉÔòÉÔòÉÔòÉÔòÉÔòÉÔòÉÔòÉÔòÉÔòÉÔòÉÔòÉÔòÉÔòÉÔòÉÔòÉÔòÉÔòÉÔòÉÔòÉÔòÉÔòÉÔòÉÔòÉÔòÉÔòÉÔòÉÔòÉÔòÉÔòÉÔòÉÔòÉÔòÉÔòÉÔòÉÔòù
    Ôòæ Looks like Playwright Test or Playwright was just installed or updated. Ôòæ
    Ôòæ Please run the following command to download new browsers:              Ôòæ
    Ôòæ                                                                         Ôòæ
    Ôòæ     npx playwright install                                              Ôòæ
    Ôòæ                                                                         Ôòæ
    Ôòæ <3 Playwright Team                                                      Ôòæ
    ÔòÜÔòÉÔòÉÔòÉÔòÉÔòÉÔòÉÔòÉÔòÉÔòÉÔòÉÔòÉÔòÉÔòÉÔòÉÔòÉÔòÉÔòÉÔòÉÔòÉÔòÉÔòÉÔòÉÔòÉÔòÉÔòÉÔòÉÔòÉÔòÉÔòÉÔòÉÔòÉÔòÉÔòÉÔòÉÔòÉÔòÉÔòÉÔòÉÔòÉÔòÉÔòÉÔòÉÔòÉÔòÉÔòÉÔòÉÔòÉÔòÉÔòÉÔòÉÔòÉÔòÉÔòÉÔòÉÔòÉÔòÉÔòÉÔòÉÔòÉÔòÉÔòÉÔòÉÔòÉÔòÉÔòÉÔòÉÔòÉÔòÉÔòÉÔòÉÔòÉÔòÉÔòÉÔòØ


[1A[2K  314) [chromium] ÔÇ║ src\tests\e2e\images.spec.ts:80:3 ÔÇ║ Sistema de Im├ígenes ÔÇ║ debe ver im├ígenes p├║blicas de otros usuarios 

    Error: browserType.launch: Executable doesn't exist at C:\Users\conej\AppData\Local\ms-playwright\chromium_headless_shell-1200\chrome-headless-shell-win64\chrome-headless-shell.exe
    ÔòöÔòÉÔòÉÔòÉÔòÉÔòÉÔòÉÔòÉÔòÉÔòÉÔòÉÔòÉÔòÉÔòÉÔòÉÔòÉÔòÉÔòÉÔòÉÔòÉÔòÉÔòÉÔòÉÔòÉÔòÉÔòÉÔòÉÔòÉÔòÉÔòÉÔòÉÔòÉÔòÉÔòÉÔòÉÔòÉÔòÉÔòÉÔòÉÔòÉÔòÉÔòÉÔòÉÔòÉÔòÉÔòÉÔòÉÔòÉÔòÉÔòÉÔòÉÔòÉÔòÉÔòÉÔòÉÔòÉÔòÉÔòÉÔòÉÔòÉÔòÉÔòÉÔòÉÔòÉÔòÉÔòÉÔòÉÔòÉÔòÉÔòÉÔòÉÔòÉÔòÉÔòÉÔòù
    Ôòæ Looks like Playwright Test or Playwright was just installed or updated. Ôòæ
    Ôòæ Please run the following command to download new browsers:              Ôòæ
    Ôòæ                                                                         Ôòæ
    Ôòæ     npx playwright install                                              Ôòæ
    Ôòæ                                                                         Ôòæ
    Ôòæ <3 Playwright Team                                                      Ôòæ
    ÔòÜÔòÉÔòÉÔòÉÔòÉÔòÉÔòÉÔòÉÔòÉÔòÉÔòÉÔòÉÔòÉÔòÉÔòÉÔòÉÔòÉÔòÉÔòÉÔòÉÔòÉÔòÉÔòÉÔòÉÔòÉÔòÉÔòÉÔòÉÔòÉÔòÉÔòÉÔòÉÔòÉÔòÉÔòÉÔòÉÔòÉÔòÉÔòÉÔòÉÔòÉÔòÉÔòÉÔòÉÔòÉÔòÉÔòÉÔòÉÔòÉÔòÉÔòÉÔòÉÔòÉÔòÉÔòÉÔòÉÔòÉÔòÉÔòÉÔòÉÔòÉÔòÉÔòÉÔòÉÔòÉÔòÉÔòÉÔòÉÔòÉÔòÉÔòÉÔòÉÔòÉÔòÉÔòØ


[1A[2K[315/580] [chromium] ÔÇ║ src\tests\e2e\images.spec.ts:111:3 ÔÇ║ Sistema de Im├ígenes ÔÇ║ debe aprobar solicitud de acceso a galer├¡a
[1A[2K[316/580] [chromium] ÔÇ║ src\tests\e2e\images.spec.ts:129:3 ÔÇ║ Sistema de Im├ígenes ÔÇ║ debe validar tipos de archivo permitidos
[1A[2K  315) [chromium] ÔÇ║ src\tests\e2e\images.spec.ts:111:3 ÔÇ║ Sistema de Im├ígenes ÔÇ║ debe aprobar solicitud de acceso a galer├¡a 

    Error: browserType.launch: Executable doesn't exist at C:\Users\conej\AppData\Local\ms-playwright\chromium_headless_shell-1200\chrome-headless-shell-win64\chrome-headless-shell.exe
    ÔòöÔòÉÔòÉÔòÉÔòÉÔòÉÔòÉÔòÉÔòÉÔòÉÔòÉÔòÉÔòÉÔòÉÔòÉÔòÉÔòÉÔòÉÔòÉÔòÉÔòÉÔòÉÔòÉÔòÉÔòÉÔòÉÔòÉÔòÉÔòÉÔòÉÔòÉÔòÉÔòÉÔòÉÔòÉÔòÉÔòÉÔòÉÔòÉÔòÉÔòÉÔòÉÔòÉÔòÉÔòÉÔòÉÔòÉÔòÉÔòÉÔòÉÔòÉÔòÉÔòÉÔòÉÔòÉÔòÉÔòÉÔòÉÔòÉÔòÉÔòÉÔòÉÔòÉÔòÉÔòÉÔòÉÔòÉÔòÉÔòÉÔòÉÔòÉÔòÉÔòÉÔòÉÔòù
    Ôòæ Looks like Playwright Test or Playwright was just installed or updated. Ôòæ
    Ôòæ Please run the following command to download new browsers:              Ôòæ
    Ôòæ                                                                         Ôòæ
    Ôòæ     npx playwright install                                              Ôòæ
    Ôòæ                                                                         Ôòæ
    Ôòæ <3 Playwright Team                                                      Ôòæ
    ÔòÜÔòÉÔòÉÔòÉÔòÉÔòÉÔòÉÔòÉÔòÉÔòÉÔòÉÔòÉÔòÉÔòÉÔòÉÔòÉÔòÉÔòÉÔòÉÔòÉÔòÉÔòÉÔòÉÔòÉÔòÉÔòÉÔòÉÔòÉÔòÉÔòÉÔòÉÔòÉÔòÉÔòÉÔòÉÔòÉÔòÉÔòÉÔòÉÔòÉÔòÉÔòÉÔòÉÔòÉÔòÉÔòÉÔòÉÔòÉÔòÉÔòÉÔòÉÔòÉÔòÉÔòÉÔòÉÔòÉÔòÉÔòÉÔòÉÔòÉÔòÉÔòÉÔòÉÔòÉÔòÉÔòÉÔòÉÔòÉÔòÉÔòÉÔòÉÔòÉÔòÉÔòÉÔòØ


[1A[2K  316) [chromium] ÔÇ║ src\tests\e2e\images.spec.ts:129:3 ÔÇ║ Sistema de Im├ígenes ÔÇ║ debe validar tipos de archivo permitidos 

    Error: browserType.launch: Executable doesn't exist at C:\Users\conej\AppData\Local\ms-playwright\chromium_headless_shell-1200\chrome-headless-shell-win64\chrome-headless-shell.exe
    ÔòöÔòÉÔòÉÔòÉÔòÉÔòÉÔòÉÔòÉÔòÉÔòÉÔòÉÔòÉÔòÉÔòÉÔòÉÔòÉÔòÉÔòÉÔòÉÔòÉÔòÉÔòÉÔòÉÔòÉÔòÉÔòÉÔòÉÔòÉÔòÉÔòÉÔòÉÔòÉÔòÉÔòÉÔòÉÔòÉÔòÉÔòÉÔòÉÔòÉÔòÉÔòÉÔòÉÔòÉÔòÉÔòÉÔòÉÔòÉÔòÉÔòÉÔòÉÔòÉÔòÉÔòÉÔòÉÔòÉÔòÉÔòÉÔòÉÔòÉÔòÉÔòÉÔòÉÔòÉÔòÉÔòÉÔòÉÔòÉÔòÉÔòÉÔòÉÔòÉÔòÉÔòÉÔòù
    Ôòæ Looks like Playwright Test or Playwright was just installed or updated. Ôòæ
    Ôòæ Please run the following command to download new browsers:              Ôòæ
    Ôòæ                                                                         Ôòæ
    Ôòæ     npx playwright install                                              Ôòæ
    Ôòæ                                                                         Ôòæ
    Ôòæ <3 Playwright Team                                                      Ôòæ
    ÔòÜÔòÉÔòÉÔòÉÔòÉÔòÉÔòÉÔòÉÔòÉÔòÉÔòÉÔòÉÔòÉÔòÉÔòÉÔòÉÔòÉÔòÉÔòÉÔòÉÔòÉÔòÉÔòÉÔòÉÔòÉÔòÉÔòÉÔòÉÔòÉÔòÉÔòÉÔòÉÔòÉÔòÉÔòÉÔòÉÔòÉÔòÉÔòÉÔòÉÔòÉÔòÉÔòÉÔòÉÔòÉÔòÉÔòÉÔòÉÔòÉÔòÉÔòÉÔòÉÔòÉÔòÉÔòÉÔòÉÔòÉÔòÉÔòÉÔòÉÔòÉÔòÉÔòÉÔòÉÔòÉÔòÉÔòÉÔòÉÔòÉÔòÉÔòÉÔòÉÔòÉÔòÉÔòØ


[1A[2K[317/580] [chromium] ÔÇ║ src\tests\e2e\images.spec.ts:145:3 ÔÇ║ Sistema de Im├ígenes ÔÇ║ debe validar tama├▒o m├íximo de archivo
[1A[2K[318/580] [chromium] ÔÇ║ src\tests\e2e\images.spec.ts:162:3 ÔÇ║ Sistema de Im├ígenes ÔÇ║ debe mostrar progreso de carga
[1A[2K[319/580] [chromium] ÔÇ║ src\tests\e2e\images.spec.ts:186:3 ÔÇ║ Sistema de Im├ígenes ÔÇ║ debe comprimir im├ígenes autom├íticamente
[1A[2K  317) [chromium] ÔÇ║ src\tests\e2e\images.spec.ts:145:3 ÔÇ║ Sistema de Im├ígenes ÔÇ║ debe validar tama├▒o m├íximo de archivo 

    Error: browserType.launch: Executable doesn't exist at C:\Users\conej\AppData\Local\ms-playwright\chromium_headless_shell-1200\chrome-headless-shell-win64\chrome-headless-shell.exe
    ÔòöÔòÉÔòÉÔòÉÔòÉÔòÉÔòÉÔòÉÔòÉÔòÉÔòÉÔòÉÔòÉÔòÉÔòÉÔòÉÔòÉÔòÉÔòÉÔòÉÔòÉÔòÉÔòÉÔòÉÔòÉÔòÉÔòÉÔòÉÔòÉÔòÉÔòÉÔòÉÔòÉÔòÉÔòÉÔòÉÔòÉÔòÉÔòÉÔòÉÔòÉÔòÉÔòÉÔòÉÔòÉÔòÉÔòÉÔòÉÔòÉÔòÉÔòÉÔòÉÔòÉÔòÉÔòÉÔòÉÔòÉÔòÉÔòÉÔòÉÔòÉÔòÉÔòÉÔòÉÔòÉÔòÉÔòÉÔòÉÔòÉÔòÉÔòÉÔòÉÔòÉÔòÉÔòù
    Ôòæ Looks like Playwright Test or Playwright was just installed or updated. Ôòæ
    Ôòæ Please run the following command to download new browsers:              Ôòæ
    Ôòæ                                                                         Ôòæ
    Ôòæ     npx playwright install                                              Ôòæ
    Ôòæ                                                                         Ôòæ
    Ôòæ <3 Playwright Team                                                      Ôòæ
    ÔòÜÔòÉÔòÉÔòÉÔòÉÔòÉÔòÉÔòÉÔòÉÔòÉÔòÉÔòÉÔòÉÔòÉÔòÉÔòÉÔòÉÔòÉÔòÉÔòÉÔòÉÔòÉÔòÉÔòÉÔòÉÔòÉÔòÉÔòÉÔòÉÔòÉÔòÉÔòÉÔòÉÔòÉÔòÉÔòÉÔòÉÔòÉÔòÉÔòÉÔòÉÔòÉÔòÉÔòÉÔòÉÔòÉÔòÉÔòÉÔòÉÔòÉÔòÉÔòÉÔòÉÔòÉÔòÉÔòÉÔòÉÔòÉÔòÉÔòÉÔòÉÔòÉÔòÉÔòÉÔòÉÔòÉÔòÉÔòÉÔòÉÔòÉÔòÉÔòÉÔòÉÔòÉÔòØ


[1A[2K  318) [chromium] ÔÇ║ src\tests\e2e\images.spec.ts:162:3 ÔÇ║ Sistema de Im├ígenes ÔÇ║ debe mostrar progreso de carga 

    Error: browserType.launch: Executable doesn't exist at C:\Users\conej\AppData\Local\ms-playwright\chromium_headless_shell-1200\chrome-headless-shell-win64\chrome-headless-shell.exe
    ÔòöÔòÉÔòÉÔòÉÔòÉÔòÉÔòÉÔòÉÔòÉÔòÉÔòÉÔòÉÔòÉÔòÉÔòÉÔòÉÔòÉÔòÉÔòÉÔòÉÔòÉÔòÉÔòÉÔòÉÔòÉÔòÉÔòÉÔòÉÔòÉÔòÉÔòÉÔòÉÔòÉÔòÉÔòÉÔòÉÔòÉÔòÉÔòÉÔòÉÔòÉÔòÉÔòÉÔòÉÔòÉÔòÉÔòÉÔòÉÔòÉÔòÉÔòÉÔòÉÔòÉÔòÉÔòÉÔòÉÔòÉÔòÉÔòÉÔòÉÔòÉÔòÉÔòÉÔòÉÔòÉÔòÉÔòÉÔòÉÔòÉÔòÉÔòÉÔòÉÔòÉÔòÉÔòù
    Ôòæ Looks like Playwright Test or Playwright was just installed or updated. Ôòæ
    Ôòæ Please run the following command to download new browsers:              Ôòæ
    Ôòæ                                                                         Ôòæ
    Ôòæ     npx playwright install                                              Ôòæ
    Ôòæ                                                                         Ôòæ
    Ôòæ <3 Playwright Team                                                      Ôòæ
    ÔòÜÔòÉÔòÉÔòÉÔòÉÔòÉÔòÉÔòÉÔòÉÔòÉÔòÉÔòÉÔòÉÔòÉÔòÉÔòÉÔòÉÔòÉÔòÉÔòÉÔòÉÔòÉÔòÉÔòÉÔòÉÔòÉÔòÉÔòÉÔòÉÔòÉÔòÉÔòÉÔòÉÔòÉÔòÉÔòÉÔòÉÔòÉÔòÉÔòÉÔòÉÔòÉÔòÉÔòÉÔòÉÔòÉÔòÉÔòÉÔòÉÔòÉÔòÉÔòÉÔòÉÔòÉÔòÉÔòÉÔòÉÔòÉÔòÉÔòÉÔòÉÔòÉÔòÉÔòÉÔòÉÔòÉÔòÉÔòÉÔòÉÔòÉÔòÉÔòÉÔòÉÔòÉÔòØ


[1A[2K  319) [chromium] ÔÇ║ src\tests\e2e\images.spec.ts:186:3 ÔÇ║ Sistema de Im├ígenes ÔÇ║ debe comprimir im├ígenes autom├íticamente 

    Error: browserType.launch: Executable doesn't exist at C:\Users\conej\AppData\Local\ms-playwright\chromium_headless_shell-1200\chrome-headless-shell-win64\chrome-headless-shell.exe
    ÔòöÔòÉÔòÉÔòÉÔòÉÔòÉÔòÉÔòÉÔòÉÔòÉÔòÉÔòÉÔòÉÔòÉÔòÉÔòÉÔòÉÔòÉÔòÉÔòÉÔòÉÔòÉÔòÉÔòÉÔòÉÔòÉÔòÉÔòÉÔòÉÔòÉÔòÉÔòÉÔòÉÔòÉÔòÉÔòÉÔòÉÔòÉÔòÉÔòÉÔòÉÔòÉÔòÉÔòÉÔòÉÔòÉÔòÉÔòÉÔòÉÔòÉÔòÉÔòÉÔòÉÔòÉÔòÉÔòÉÔòÉÔòÉÔòÉÔòÉÔòÉÔòÉÔòÉÔòÉÔòÉÔòÉÔòÉÔòÉÔòÉÔòÉÔòÉÔòÉÔòÉÔòÉÔòù
    Ôòæ Looks like Playwright Test or Playwright was just installed or updated. Ôòæ
    Ôòæ Please run the following command to download new browsers:              Ôòæ
    Ôòæ                                                                         Ôòæ
    Ôòæ     npx playwright install                                              Ôòæ
    Ôòæ                                                                         Ôòæ
    Ôòæ <3 Playwright Team                                                      Ôòæ
    ÔòÜÔòÉÔòÉÔòÉÔòÉÔòÉÔòÉÔòÉÔòÉÔòÉÔòÉÔòÉÔòÉÔòÉÔòÉÔòÉÔòÉÔòÉÔòÉÔòÉÔòÉÔòÉÔòÉÔòÉÔòÉÔòÉÔòÉÔòÉÔòÉÔòÉÔòÉÔòÉÔòÉÔòÉÔòÉÔòÉÔòÉÔòÉÔòÉÔòÉÔòÉÔòÉÔòÉÔòÉÔòÉÔòÉÔòÉÔòÉÔòÉÔòÉÔòÉÔòÉÔòÉÔòÉÔòÉÔòÉÔòÉÔòÉÔòÉÔòÉÔòÉÔòÉÔòÉÔòÉÔòÉÔòÉÔòÉÔòÉÔòÉÔòÉÔòÉÔòÉÔòÉÔòÉÔòØ


[1A[2K[320/580] [chromium] ÔÇ║ src\tests\e2e\images.spec.ts:205:3 ÔÇ║ Sistema de Im├ígenes ÔÇ║ debe generar miniaturas autom├íticamente
[1A[2K  320) [chromium] ÔÇ║ src\tests\e2e\images.spec.ts:205:3 ÔÇ║ Sistema de Im├ígenes ÔÇ║ debe generar miniaturas autom├íticamente 

    Error: browserType.launch: Executable doesn't exist at C:\Users\conej\AppData\Local\ms-playwright\chromium_headless_shell-1200\chrome-headless-shell-win64\chrome-headless-shell.exe
    ÔòöÔòÉÔòÉÔòÉÔòÉÔòÉÔòÉÔòÉÔòÉÔòÉÔòÉÔòÉÔòÉÔòÉÔòÉÔòÉÔòÉÔòÉÔòÉÔòÉÔòÉÔòÉÔòÉÔòÉÔòÉÔòÉÔòÉÔòÉÔòÉÔòÉÔòÉÔòÉÔòÉÔòÉÔòÉÔòÉÔòÉÔòÉÔòÉÔòÉÔòÉÔòÉÔòÉÔòÉÔòÉÔòÉÔòÉÔòÉÔòÉÔòÉÔòÉÔòÉÔòÉÔòÉÔòÉÔòÉÔòÉÔòÉÔòÉÔòÉÔòÉÔòÉÔòÉÔòÉÔòÉÔòÉÔòÉÔòÉÔòÉÔòÉÔòÉÔòÉÔòÉÔòÉÔòù
    Ôòæ Looks like Playwright Test or Playwright was just installed or updated. Ôòæ
    Ôòæ Please run the following command to download new browsers:              Ôòæ
    Ôòæ                                                                         Ôòæ
    Ôòæ     npx playwright install                                              Ôòæ
    Ôòæ                                                                         Ôòæ
    Ôòæ <3 Playwright Team                                                      Ôòæ
    ÔòÜÔòÉÔòÉÔòÉÔòÉÔòÉÔòÉÔòÉÔòÉÔòÉÔòÉÔòÉÔòÉÔòÉÔòÉÔòÉÔòÉÔòÉÔòÉÔòÉÔòÉÔòÉÔòÉÔòÉÔòÉÔòÉÔòÉÔòÉÔòÉÔòÉÔòÉÔòÉÔòÉÔòÉÔòÉÔòÉÔòÉÔòÉÔòÉÔòÉÔòÉÔòÉÔòÉÔòÉÔòÉÔòÉÔòÉÔòÉÔòÉÔòÉÔòÉÔòÉÔòÉÔòÉÔòÉÔòÉÔòÉÔòÉÔòÉÔòÉÔòÉÔòÉÔòÉÔòÉÔòÉÔòÉÔòÉÔòÉÔòÉÔòÉÔòÉÔòÉÔòÉÔòÉÔòØ


[1A[2K[321/580] [chromium] ÔÇ║ src\tests\e2e\images.spec.ts:223:3 ÔÇ║ Sistema de Im├ígenes ÔÇ║ debe permitir reordenar im├ígenes
[1A[2K[322/580] [chromium] ÔÇ║ src\tests\e2e\images.spec.ts:243:3 ÔÇ║ Sistema de Im├ígenes ÔÇ║ debe establecer imagen de perfil principal
[1A[2K  321) [chromium] ÔÇ║ src\tests\e2e\images.spec.ts:223:3 ÔÇ║ Sistema de Im├ígenes ÔÇ║ debe permitir reordenar im├ígenes 

    Error: browserType.launch: Executable doesn't exist at C:\Users\conej\AppData\Local\ms-playwright\chromium_headless_shell-1200\chrome-headless-shell-win64\chrome-headless-shell.exe
    ÔòöÔòÉÔòÉÔòÉÔòÉÔòÉÔòÉÔòÉÔòÉÔòÉÔòÉÔòÉÔòÉÔòÉÔòÉÔòÉÔòÉÔòÉÔòÉÔòÉÔòÉÔòÉÔòÉÔòÉÔòÉÔòÉÔòÉÔòÉÔòÉÔòÉÔòÉÔòÉÔòÉÔòÉÔòÉÔòÉÔòÉÔòÉÔòÉÔòÉÔòÉÔòÉÔòÉÔòÉÔòÉÔòÉÔòÉÔòÉÔòÉÔòÉÔòÉÔòÉÔòÉÔòÉÔòÉÔòÉÔòÉÔòÉÔòÉÔòÉÔòÉÔòÉÔòÉÔòÉÔòÉÔòÉÔòÉÔòÉÔòÉÔòÉÔòÉÔòÉÔòÉÔòÉÔòù
    Ôòæ Looks like Playwright Test or Playwright was just installed or updated. Ôòæ
    Ôòæ Please run the following command to download new browsers:              Ôòæ
    Ôòæ                                                                         Ôòæ
    Ôòæ     npx playwright install                                              Ôòæ
    Ôòæ                                                                         Ôòæ
    Ôòæ <3 Playwright Team                                                      Ôòæ
    ÔòÜÔòÉÔòÉÔòÉÔòÉÔòÉÔòÉÔòÉÔòÉÔòÉÔòÉÔòÉÔòÉÔòÉÔòÉÔòÉÔòÉÔòÉÔòÉÔòÉÔòÉÔòÉÔòÉÔòÉÔòÉÔòÉÔòÉÔòÉÔòÉÔòÉÔòÉÔòÉÔòÉÔòÉÔòÉÔòÉÔòÉÔòÉÔòÉÔòÉÔòÉÔòÉÔòÉÔòÉÔòÉÔòÉÔòÉÔòÉÔòÉÔòÉÔòÉÔòÉÔòÉÔòÉÔòÉÔòÉÔòÉÔòÉÔòÉÔòÉÔòÉÔòÉÔòÉÔòÉÔòÉÔòÉÔòÉÔòÉÔòÉÔòÉÔòÉÔòÉÔòÉÔòÉÔòØ


[1A[2K  322) [chromium] ÔÇ║ src\tests\e2e\images.spec.ts:243:3 ÔÇ║ Sistema de Im├ígenes ÔÇ║ debe establecer imagen de perfil principal 

    Error: browserType.launch: Executable doesn't exist at C:\Users\conej\AppData\Local\ms-playwright\chromium_headless_shell-1200\chrome-headless-shell-win64\chrome-headless-shell.exe
    ÔòöÔòÉÔòÉÔòÉÔòÉÔòÉÔòÉÔòÉÔòÉÔòÉÔòÉÔòÉÔòÉÔòÉÔòÉÔòÉÔòÉÔòÉÔòÉÔòÉÔòÉÔòÉÔòÉÔòÉÔòÉÔòÉÔòÉÔòÉÔòÉÔòÉÔòÉÔòÉÔòÉÔòÉÔòÉÔòÉÔòÉÔòÉÔòÉÔòÉÔòÉÔòÉÔòÉÔòÉÔòÉÔòÉÔòÉÔòÉÔòÉÔòÉÔòÉÔòÉÔòÉÔòÉÔòÉÔòÉÔòÉÔòÉÔòÉÔòÉÔòÉÔòÉÔòÉÔòÉÔòÉÔòÉÔòÉÔòÉÔòÉÔòÉÔòÉÔòÉÔòÉÔòÉÔòù
    Ôòæ Looks like Playwright Test or Playwright was just installed or updated. Ôòæ
    Ôòæ Please run the following command to download new browsers:              Ôòæ
    Ôòæ                                                                         Ôòæ
    Ôòæ     npx playwright install                                              Ôòæ
    Ôòæ                                                                         Ôòæ
    Ôòæ <3 Playwright Team                                                      Ôòæ
    ÔòÜÔòÉÔòÉÔòÉÔòÉÔòÉÔòÉÔòÉÔòÉÔòÉÔòÉÔòÉÔòÉÔòÉÔòÉÔòÉÔòÉÔòÉÔòÉÔòÉÔòÉÔòÉÔòÉÔòÉÔòÉÔòÉÔòÉÔòÉÔòÉÔòÉÔòÉÔòÉÔòÉÔòÉÔòÉÔòÉÔòÉÔòÉÔòÉÔòÉÔòÉÔòÉÔòÉÔòÉÔòÉÔòÉÔòÉÔòÉÔòÉÔòÉÔòÉÔòÉÔòÉÔòÉÔòÉÔòÉÔòÉÔòÉÔòÉÔòÉÔòÉÔòÉÔòÉÔòÉÔòÉÔòÉÔòÉÔòÉÔòÉÔòÉÔòÉÔòÉÔòÉÔòÉÔòØ


[1A[2K[323/580] [chromium] ÔÇ║ src\tests\e2e\images.spec.ts:259:3 ÔÇ║ Sistema de Im├ígenes ÔÇ║ debe manejar errores de carga de im├ígenes
[1A[2K  323) [chromium] ÔÇ║ src\tests\e2e\images.spec.ts:259:3 ÔÇ║ Sistema de Im├ígenes ÔÇ║ debe manejar errores de carga de im├ígenes 

    Error: browserType.launch: Executable doesn't exist at C:\Users\conej\AppData\Local\ms-playwright\chromium_headless_shell-1200\chrome-headless-shell-win64\chrome-headless-shell.exe
    ÔòöÔòÉÔòÉÔòÉÔòÉÔòÉÔòÉÔòÉÔòÉÔòÉÔòÉÔòÉÔòÉÔòÉÔòÉÔòÉÔòÉÔòÉÔòÉÔòÉÔòÉÔòÉÔòÉÔòÉÔòÉÔòÉÔòÉÔòÉÔòÉÔòÉÔòÉÔòÉÔòÉÔòÉÔòÉÔòÉÔòÉÔòÉÔòÉÔòÉÔòÉÔòÉÔòÉÔòÉÔòÉÔòÉÔòÉÔòÉÔòÉÔòÉÔòÉÔòÉÔòÉÔòÉÔòÉÔòÉÔòÉÔòÉÔòÉÔòÉÔòÉÔòÉÔòÉÔòÉÔòÉÔòÉÔòÉÔòÉÔòÉÔòÉÔòÉÔòÉÔòÉÔòÉÔòù
    Ôòæ Looks like Playwright Test or Playwright was just installed or updated. Ôòæ
    Ôòæ Please run the following command to download new browsers:              Ôòæ
    Ôòæ                                                                         Ôòæ
    Ôòæ     npx playwright install                                              Ôòæ
    Ôòæ                                                                         Ôòæ
    Ôòæ <3 Playwright Team                                                      Ôòæ
    ÔòÜÔòÉÔòÉÔòÉÔòÉÔòÉÔòÉÔòÉÔòÉÔòÉÔòÉÔòÉÔòÉÔòÉÔòÉÔòÉÔòÉÔòÉÔòÉÔòÉÔòÉÔòÉÔòÉÔòÉÔòÉÔòÉÔòÉÔòÉÔòÉÔòÉÔòÉÔòÉÔòÉÔòÉÔòÉÔòÉÔòÉÔòÉÔòÉÔòÉÔòÉÔòÉÔòÉÔòÉÔòÉÔòÉÔòÉÔòÉÔòÉÔòÉÔòÉÔòÉÔòÉÔòÉÔòÉÔòÉÔòÉÔòÉÔòÉÔòÉÔòÉÔòÉÔòÉÔòÉÔòÉÔòÉÔòÉÔòÉÔòÉÔòÉÔòÉÔòÉÔòÉÔòÉÔòØ


[1A[2K[324/580] [chromium] ÔÇ║ src\tests\e2e\invitations.spec.ts:13:5 ÔÇ║ Invitations ÔÇ║ debe testear invitaci├│n 1
[1A[2K  324) [chromium] ÔÇ║ src\tests\e2e\invitations.spec.ts:13:5 ÔÇ║ Invitations ÔÇ║ debe testear invitaci├│n 1 

    Error: browserType.launch: Executable doesn't exist at C:\Users\conej\AppData\Local\ms-playwright\chromium_headless_shell-1200\chrome-headless-shell-win64\chrome-headless-shell.exe
    ÔòöÔòÉÔòÉÔòÉÔòÉÔòÉÔòÉÔòÉÔòÉÔòÉÔòÉÔòÉÔòÉÔòÉÔòÉÔòÉÔòÉÔòÉÔòÉÔòÉÔòÉÔòÉÔòÉÔòÉÔòÉÔòÉÔòÉÔòÉÔòÉÔòÉÔòÉÔòÉÔòÉÔòÉÔòÉÔòÉÔòÉÔòÉÔòÉÔòÉÔòÉÔòÉÔòÉÔòÉÔòÉÔòÉÔòÉÔòÉÔòÉÔòÉÔòÉÔòÉÔòÉÔòÉÔòÉÔòÉÔòÉÔòÉÔòÉÔòÉÔòÉÔòÉÔòÉÔòÉÔòÉÔòÉÔòÉÔòÉÔòÉÔòÉÔòÉÔòÉÔòÉÔòÉÔòù
    Ôòæ Looks like Playwright Test or Playwright was just installed or updated. Ôòæ
    Ôòæ Please run the following command to download new browsers:              Ôòæ
    Ôòæ                                                                         Ôòæ
    Ôòæ     npx playwright install                                              Ôòæ
    Ôòæ                                                                         Ôòæ
    Ôòæ <3 Playwright Team                                                      Ôòæ
    ÔòÜÔòÉÔòÉÔòÉÔòÉÔòÉÔòÉÔòÉÔòÉÔòÉÔòÉÔòÉÔòÉÔòÉÔòÉÔòÉÔòÉÔòÉÔòÉÔòÉÔòÉÔòÉÔòÉÔòÉÔòÉÔòÉÔòÉÔòÉÔòÉÔòÉÔòÉÔòÉÔòÉÔòÉÔòÉÔòÉÔòÉÔòÉÔòÉÔòÉÔòÉÔòÉÔòÉÔòÉÔòÉÔòÉÔòÉÔòÉÔòÉÔòÉÔòÉÔòÉÔòÉÔòÉÔòÉÔòÉÔòÉÔòÉÔòÉÔòÉÔòÉÔòÉÔòÉÔòÉÔòÉÔòÉÔòÉÔòÉÔòÉÔòÉÔòÉÔòÉÔòÉÔòÉÔòØ


[1A[2K[325/580] [chromium] ÔÇ║ src\tests\e2e\invitations.spec.ts:13:5 ÔÇ║ Invitations ÔÇ║ debe testear invitaci├│n 2
[1A[2K[326/580] [chromium] ÔÇ║ src\tests\e2e\invitations.spec.ts:13:5 ÔÇ║ Invitations ÔÇ║ debe testear invitaci├│n 3
[1A[2K[327/580] [chromium] ÔÇ║ src\tests\e2e\invitations.spec.ts:13:5 ÔÇ║ Invitations ÔÇ║ debe testear invitaci├│n 4
[1A[2K  325) [chromium] ÔÇ║ src\tests\e2e\invitations.spec.ts:13:5 ÔÇ║ Invitations ÔÇ║ debe testear invitaci├│n 2 

    Error: browserType.launch: Executable doesn't exist at C:\Users\conej\AppData\Local\ms-playwright\chromium_headless_shell-1200\chrome-headless-shell-win64\chrome-headless-shell.exe
    ÔòöÔòÉÔòÉÔòÉÔòÉÔòÉÔòÉÔòÉÔòÉÔòÉÔòÉÔòÉÔòÉÔòÉÔòÉÔòÉÔòÉÔòÉÔòÉÔòÉÔòÉÔòÉÔòÉÔòÉÔòÉÔòÉÔòÉÔòÉÔòÉÔòÉÔòÉÔòÉÔòÉÔòÉÔòÉÔòÉÔòÉÔòÉÔòÉÔòÉÔòÉÔòÉÔòÉÔòÉÔòÉÔòÉÔòÉÔòÉÔòÉÔòÉÔòÉÔòÉÔòÉÔòÉÔòÉÔòÉÔòÉÔòÉÔòÉÔòÉÔòÉÔòÉÔòÉÔòÉÔòÉÔòÉÔòÉÔòÉÔòÉÔòÉÔòÉÔòÉÔòÉÔòÉÔòù
    Ôòæ Looks like Playwright Test or Playwright was just installed or updated. Ôòæ
    Ôòæ Please run the following command to download new browsers:              Ôòæ
    Ôòæ                                                                         Ôòæ
    Ôòæ     npx playwright install                                              Ôòæ
    Ôòæ                                                                         Ôòæ
    Ôòæ <3 Playwright Team                                                      Ôòæ
    ÔòÜÔòÉÔòÉÔòÉÔòÉÔòÉÔòÉÔòÉÔòÉÔòÉÔòÉÔòÉÔòÉÔòÉÔòÉÔòÉÔòÉÔòÉÔòÉÔòÉÔòÉÔòÉÔòÉÔòÉÔòÉÔòÉÔòÉÔòÉÔòÉÔòÉÔòÉÔòÉÔòÉÔòÉÔòÉÔòÉÔòÉÔòÉÔòÉÔòÉÔòÉÔòÉÔòÉÔòÉÔòÉÔòÉÔòÉÔòÉÔòÉÔòÉÔòÉÔòÉÔòÉÔòÉÔòÉÔòÉÔòÉÔòÉÔòÉÔòÉÔòÉÔòÉÔòÉÔòÉÔòÉÔòÉÔòÉÔòÉÔòÉÔòÉÔòÉÔòÉÔòÉÔòÉÔòØ


[1A[2K  326) [chromium] ÔÇ║ src\tests\e2e\invitations.spec.ts:13:5 ÔÇ║ Invitations ÔÇ║ debe testear invitaci├│n 3 

    Error: browserType.launch: Executable doesn't exist at C:\Users\conej\AppData\Local\ms-playwright\chromium_headless_shell-1200\chrome-headless-shell-win64\chrome-headless-shell.exe
    ÔòöÔòÉÔòÉÔòÉÔòÉÔòÉÔòÉÔòÉÔòÉÔòÉÔòÉÔòÉÔòÉÔòÉÔòÉÔòÉÔòÉÔòÉÔòÉÔòÉÔòÉÔòÉÔòÉÔòÉÔòÉÔòÉÔòÉÔòÉÔòÉÔòÉÔòÉÔòÉÔòÉÔòÉÔòÉÔòÉÔòÉÔòÉÔòÉÔòÉÔòÉÔòÉÔòÉÔòÉÔòÉÔòÉÔòÉÔòÉÔòÉÔòÉÔòÉÔòÉÔòÉÔòÉÔòÉÔòÉÔòÉÔòÉÔòÉÔòÉÔòÉÔòÉÔòÉÔòÉÔòÉÔòÉÔòÉÔòÉÔòÉÔòÉÔòÉÔòÉÔòÉÔòÉÔòù
    Ôòæ Looks like Playwright Test or Playwright was just installed or updated. Ôòæ
    Ôòæ Please run the following command to download new browsers:              Ôòæ
    Ôòæ                                                                         Ôòæ
    Ôòæ     npx playwright install                                              Ôòæ
    Ôòæ                                                                         Ôòæ
    Ôòæ <3 Playwright Team                                                      Ôòæ
    ÔòÜÔòÉÔòÉÔòÉÔòÉÔòÉÔòÉÔòÉÔòÉÔòÉÔòÉÔòÉÔòÉÔòÉÔòÉÔòÉÔòÉÔòÉÔòÉÔòÉÔòÉÔòÉÔòÉÔòÉÔòÉÔòÉÔòÉÔòÉÔòÉÔòÉÔòÉÔòÉÔòÉÔòÉÔòÉÔòÉÔòÉÔòÉÔòÉÔòÉÔòÉÔòÉÔòÉÔòÉÔòÉÔòÉÔòÉÔòÉÔòÉÔòÉÔòÉÔòÉÔòÉÔòÉÔòÉÔòÉÔòÉÔòÉÔòÉÔòÉÔòÉÔòÉÔòÉÔòÉÔòÉÔòÉÔòÉÔòÉÔòÉÔòÉÔòÉÔòÉÔòÉÔòÉÔòØ


[1A[2K  327) [chromium] ÔÇ║ src\tests\e2e\invitations.spec.ts:13:5 ÔÇ║ Invitations ÔÇ║ debe testear invitaci├│n 4 

    Error: browserType.launch: Executable doesn't exist at C:\Users\conej\AppData\Local\ms-playwright\chromium_headless_shell-1200\chrome-headless-shell-win64\chrome-headless-shell.exe
    ÔòöÔòÉÔòÉÔòÉÔòÉÔòÉÔòÉÔòÉÔòÉÔòÉÔòÉÔòÉÔòÉÔòÉÔòÉÔòÉÔòÉÔòÉÔòÉÔòÉÔòÉÔòÉÔòÉÔòÉÔòÉÔòÉÔòÉÔòÉÔòÉÔòÉÔòÉÔòÉÔòÉÔòÉÔòÉÔòÉÔòÉÔòÉÔòÉÔòÉÔòÉÔòÉÔòÉÔòÉÔòÉÔòÉÔòÉÔòÉÔòÉÔòÉÔòÉÔòÉÔòÉÔòÉÔòÉÔòÉÔòÉÔòÉÔòÉÔòÉÔòÉÔòÉÔòÉÔòÉÔòÉÔòÉÔòÉÔòÉÔòÉÔòÉÔòÉÔòÉÔòÉÔòÉÔòù
    Ôòæ Looks like Playwright Test or Playwright was just installed or updated. Ôòæ
    Ôòæ Please run the following command to download new browsers:              Ôòæ
    Ôòæ                                                                         Ôòæ
    Ôòæ     npx playwright install                                              Ôòæ
    Ôòæ                                                                         Ôòæ
    Ôòæ <3 Playwright Team                                                      Ôòæ
    ÔòÜÔòÉÔòÉÔòÉÔòÉÔòÉÔòÉÔòÉÔòÉÔòÉÔòÉÔòÉÔòÉÔòÉÔòÉÔòÉÔòÉÔòÉÔòÉÔòÉÔòÉÔòÉÔòÉÔòÉÔòÉÔòÉÔòÉÔòÉÔòÉÔòÉÔòÉÔòÉÔòÉÔòÉÔòÉÔòÉÔòÉÔòÉÔòÉÔòÉÔòÉÔòÉÔòÉÔòÉÔòÉÔòÉÔòÉÔòÉÔòÉÔòÉÔòÉÔòÉÔòÉÔòÉÔòÉÔòÉÔòÉÔòÉÔòÉÔòÉÔòÉÔòÉÔòÉÔòÉÔòÉÔòÉÔòÉÔòÉÔòÉÔòÉÔòÉÔòÉÔòÉÔòÉÔòØ


[1A[2K[328/580] [chromium] ÔÇ║ src\tests\e2e\invitations.spec.ts:13:5 ÔÇ║ Invitations ÔÇ║ debe testear invitaci├│n 5
[1A[2K  328) [chromium] ÔÇ║ src\tests\e2e\invitations.spec.ts:13:5 ÔÇ║ Invitations ÔÇ║ debe testear invitaci├│n 5 

    Error: browserType.launch: Executable doesn't exist at C:\Users\conej\AppData\Local\ms-playwright\chromium_headless_shell-1200\chrome-headless-shell-win64\chrome-headless-shell.exe
    ÔòöÔòÉÔòÉÔòÉÔòÉÔòÉÔòÉÔòÉÔòÉÔòÉÔòÉÔòÉÔòÉÔòÉÔòÉÔòÉÔòÉÔòÉÔòÉÔòÉÔòÉÔòÉÔòÉÔòÉÔòÉÔòÉÔòÉÔòÉÔòÉÔòÉÔòÉÔòÉÔòÉÔòÉÔòÉÔòÉÔòÉÔòÉÔòÉÔòÉÔòÉÔòÉÔòÉÔòÉÔòÉÔòÉÔòÉÔòÉÔòÉÔòÉÔòÉÔòÉÔòÉÔòÉÔòÉÔòÉÔòÉÔòÉÔòÉÔòÉÔòÉÔòÉÔòÉÔòÉÔòÉÔòÉÔòÉÔòÉÔòÉÔòÉÔòÉÔòÉÔòÉÔòÉÔòù
    Ôòæ Looks like Playwright Test or Playwright was just installed or updated. Ôòæ
    Ôòæ Please run the following command to download new browsers:              Ôòæ
    Ôòæ                                                                         Ôòæ
    Ôòæ     npx playwright install                                              Ôòæ
    Ôòæ                                                                         Ôòæ
    Ôòæ <3 Playwright Team                                                      Ôòæ
    ÔòÜÔòÉÔòÉÔòÉÔòÉÔòÉÔòÉÔòÉÔòÉÔòÉÔòÉÔòÉÔòÉÔòÉÔòÉÔòÉÔòÉÔòÉÔòÉÔòÉÔòÉÔòÉÔòÉÔòÉÔòÉÔòÉÔòÉÔòÉÔòÉÔòÉÔòÉÔòÉÔòÉÔòÉÔòÉÔòÉÔòÉÔòÉÔòÉÔòÉÔòÉÔòÉÔòÉÔòÉÔòÉÔòÉÔòÉÔòÉÔòÉÔòÉÔòÉÔòÉÔòÉÔòÉÔòÉÔòÉÔòÉÔòÉÔòÉÔòÉÔòÉÔòÉÔòÉÔòÉÔòÉÔòÉÔòÉÔòÉÔòÉÔòÉÔòÉÔòÉÔòÉÔòÉÔòØ


[1A[2K[329/580] [chromium] ÔÇ║ src\tests\e2e\invitations.spec.ts:13:5 ÔÇ║ Invitations ÔÇ║ debe testear invitaci├│n 6
[1A[2K[330/580] [chromium] ÔÇ║ src\tests\e2e\invitations.spec.ts:13:5 ÔÇ║ Invitations ÔÇ║ debe testear invitaci├│n 7
[1A[2K  329) [chromium] ÔÇ║ src\tests\e2e\invitations.spec.ts:13:5 ÔÇ║ Invitations ÔÇ║ debe testear invitaci├│n 6 

    Error: browserType.launch: Executable doesn't exist at C:\Users\conej\AppData\Local\ms-playwright\chromium_headless_shell-1200\chrome-headless-shell-win64\chrome-headless-shell.exe
    ÔòöÔòÉÔòÉÔòÉÔòÉÔòÉÔòÉÔòÉÔòÉÔòÉÔòÉÔòÉÔòÉÔòÉÔòÉÔòÉÔòÉÔòÉÔòÉÔòÉÔòÉÔòÉÔòÉÔòÉÔòÉÔòÉÔòÉÔòÉÔòÉÔòÉÔòÉÔòÉÔòÉÔòÉÔòÉÔòÉÔòÉÔòÉÔòÉÔòÉÔòÉÔòÉÔòÉÔòÉÔòÉÔòÉÔòÉÔòÉÔòÉÔòÉÔòÉÔòÉÔòÉÔòÉÔòÉÔòÉÔòÉÔòÉÔòÉÔòÉÔòÉÔòÉÔòÉÔòÉÔòÉÔòÉÔòÉÔòÉÔòÉÔòÉÔòÉÔòÉÔòÉÔòÉÔòù
    Ôòæ Looks like Playwright Test or Playwright was just installed or updated. Ôòæ
    Ôòæ Please run the following command to download new browsers:              Ôòæ
    Ôòæ                                                                         Ôòæ
    Ôòæ     npx playwright install                                              Ôòæ
    Ôòæ                                                                         Ôòæ
    Ôòæ <3 Playwright Team                                                      Ôòæ
    ÔòÜÔòÉÔòÉÔòÉÔòÉÔòÉÔòÉÔòÉÔòÉÔòÉÔòÉÔòÉÔòÉÔòÉÔòÉÔòÉÔòÉÔòÉÔòÉÔòÉÔòÉÔòÉÔòÉÔòÉÔòÉÔòÉÔòÉÔòÉÔòÉÔòÉÔòÉÔòÉÔòÉÔòÉÔòÉÔòÉÔòÉÔòÉÔòÉÔòÉÔòÉÔòÉÔòÉÔòÉÔòÉÔòÉÔòÉÔòÉÔòÉÔòÉÔòÉÔòÉÔòÉÔòÉÔòÉÔòÉÔòÉÔòÉÔòÉÔòÉÔòÉÔòÉÔòÉÔòÉÔòÉÔòÉÔòÉÔòÉÔòÉÔòÉÔòÉÔòÉÔòÉÔòÉÔòØ


[1A[2K[331/580] [chromium] ÔÇ║ src\tests\e2e\invitations.spec.ts:13:5 ÔÇ║ Invitations ÔÇ║ debe testear invitaci├│n 8
[1A[2K  330) [chromium] ÔÇ║ src\tests\e2e\invitations.spec.ts:13:5 ÔÇ║ Invitations ÔÇ║ debe testear invitaci├│n 7 

    Error: browserType.launch: Executable doesn't exist at C:\Users\conej\AppData\Local\ms-playwright\chromium_headless_shell-1200\chrome-headless-shell-win64\chrome-headless-shell.exe
    ÔòöÔòÉÔòÉÔòÉÔòÉÔòÉÔòÉÔòÉÔòÉÔòÉÔòÉÔòÉÔòÉÔòÉÔòÉÔòÉÔòÉÔòÉÔòÉÔòÉÔòÉÔòÉÔòÉÔòÉÔòÉÔòÉÔòÉÔòÉÔòÉÔòÉÔòÉÔòÉÔòÉÔòÉÔòÉÔòÉÔòÉÔòÉÔòÉÔòÉÔòÉÔòÉÔòÉÔòÉÔòÉÔòÉÔòÉÔòÉÔòÉÔòÉÔòÉÔòÉÔòÉÔòÉÔòÉÔòÉÔòÉÔòÉÔòÉÔòÉÔòÉÔòÉÔòÉÔòÉÔòÉÔòÉÔòÉÔòÉÔòÉÔòÉÔòÉÔòÉÔòÉÔòÉÔòù
    Ôòæ Looks like Playwright Test or Playwright was just installed or updated. Ôòæ
    Ôòæ Please run the following command to download new browsers:              Ôòæ
    Ôòæ                                                                         Ôòæ
    Ôòæ     npx playwright install                                              Ôòæ
    Ôòæ                                                                         Ôòæ
    Ôòæ <3 Playwright Team                                                      Ôòæ
    ÔòÜÔòÉÔòÉÔòÉÔòÉÔòÉÔòÉÔòÉÔòÉÔòÉÔòÉÔòÉÔòÉÔòÉÔòÉÔòÉÔòÉÔòÉÔòÉÔòÉÔòÉÔòÉÔòÉÔòÉÔòÉÔòÉÔòÉÔòÉÔòÉÔòÉÔòÉÔòÉÔòÉÔòÉÔòÉÔòÉÔòÉÔòÉÔòÉÔòÉÔòÉÔòÉÔòÉÔòÉÔòÉÔòÉÔòÉÔòÉÔòÉÔòÉÔòÉÔòÉÔòÉÔòÉÔòÉÔòÉÔòÉÔòÉÔòÉÔòÉÔòÉÔòÉÔòÉÔòÉÔòÉÔòÉÔòÉÔòÉÔòÉÔòÉÔòÉÔòÉÔòÉÔòÉÔòØ


[1A[2K[332/580] [chromium] ÔÇ║ src\tests\e2e\invitations.spec.ts:13:5 ÔÇ║ Invitations ÔÇ║ debe testear invitaci├│n 9
[1A[2K  331) [chromium] ÔÇ║ src\tests\e2e\invitations.spec.ts:13:5 ÔÇ║ Invitations ÔÇ║ debe testear invitaci├│n 8 

    Error: browserType.launch: Executable doesn't exist at C:\Users\conej\AppData\Local\ms-playwright\chromium_headless_shell-1200\chrome-headless-shell-win64\chrome-headless-shell.exe
    ÔòöÔòÉÔòÉÔòÉÔòÉÔòÉÔòÉÔòÉÔòÉÔòÉÔòÉÔòÉÔòÉÔòÉÔòÉÔòÉÔòÉÔòÉÔòÉÔòÉÔòÉÔòÉÔòÉÔòÉÔòÉÔòÉÔòÉÔòÉÔòÉÔòÉÔòÉÔòÉÔòÉÔòÉÔòÉÔòÉÔòÉÔòÉÔòÉÔòÉÔòÉÔòÉÔòÉÔòÉÔòÉÔòÉÔòÉÔòÉÔòÉÔòÉÔòÉÔòÉÔòÉÔòÉÔòÉÔòÉÔòÉÔòÉÔòÉÔòÉÔòÉÔòÉÔòÉÔòÉÔòÉÔòÉÔòÉÔòÉÔòÉÔòÉÔòÉÔòÉÔòÉÔòÉÔòù
    Ôòæ Looks like Playwright Test or Playwright was just installed or updated. Ôòæ
    Ôòæ Please run the following command to download new browsers:              Ôòæ
    Ôòæ                                                                         Ôòæ
    Ôòæ     npx playwright install                                              Ôòæ
    Ôòæ                                                                         Ôòæ
    Ôòæ <3 Playwright Team                                                      Ôòæ
    ÔòÜÔòÉÔòÉÔòÉÔòÉÔòÉÔòÉÔòÉÔòÉÔòÉÔòÉÔòÉÔòÉÔòÉÔòÉÔòÉÔòÉÔòÉÔòÉÔòÉÔòÉÔòÉÔòÉÔòÉÔòÉÔòÉÔòÉÔòÉÔòÉÔòÉÔòÉÔòÉÔòÉÔòÉÔòÉÔòÉÔòÉÔòÉÔòÉÔòÉÔòÉÔòÉÔòÉÔòÉÔòÉÔòÉÔòÉÔòÉÔòÉÔòÉÔòÉÔòÉÔòÉÔòÉÔòÉÔòÉÔòÉÔòÉÔòÉÔòÉÔòÉÔòÉÔòÉÔòÉÔòÉÔòÉÔòÉÔòÉÔòÉÔòÉÔòÉÔòÉÔòÉÔòÉÔòØ


[1A[2K  332) [chromium] ÔÇ║ src\tests\e2e\invitations.spec.ts:13:5 ÔÇ║ Invitations ÔÇ║ debe testear invitaci├│n 9 

    Error: browserType.launch: Executable doesn't exist at C:\Users\conej\AppData\Local\ms-playwright\chromium_headless_shell-1200\chrome-headless-shell-win64\chrome-headless-shell.exe
    ÔòöÔòÉÔòÉÔòÉÔòÉÔòÉÔòÉÔòÉÔòÉÔòÉÔòÉÔòÉÔòÉÔòÉÔòÉÔòÉÔòÉÔòÉÔòÉÔòÉÔòÉÔòÉÔòÉÔòÉÔòÉÔòÉÔòÉÔòÉÔòÉÔòÉÔòÉÔòÉÔòÉÔòÉÔòÉÔòÉÔòÉÔòÉÔòÉÔòÉÔòÉÔòÉÔòÉÔòÉÔòÉÔòÉÔòÉÔòÉÔòÉÔòÉÔòÉÔòÉÔòÉÔòÉÔòÉÔòÉÔòÉÔòÉÔòÉÔòÉÔòÉÔòÉÔòÉÔòÉÔòÉÔòÉÔòÉÔòÉÔòÉÔòÉÔòÉÔòÉÔòÉÔòÉÔòù
    Ôòæ Looks like Playwright Test or Playwright was just installed or updated. Ôòæ
    Ôòæ Please run the following command to download new browsers:              Ôòæ
    Ôòæ                                                                         Ôòæ
    Ôòæ     npx playwright install                                              Ôòæ
    Ôòæ                                                                         Ôòæ
    Ôòæ <3 Playwright Team                                                      Ôòæ
    ÔòÜÔòÉÔòÉÔòÉÔòÉÔòÉÔòÉÔòÉÔòÉÔòÉÔòÉÔòÉÔòÉÔòÉÔòÉÔòÉÔòÉÔòÉÔòÉÔòÉÔòÉÔòÉÔòÉÔòÉÔòÉÔòÉÔòÉÔòÉÔòÉÔòÉÔòÉÔòÉÔòÉÔòÉÔòÉÔòÉÔòÉÔòÉÔòÉÔòÉÔòÉÔòÉÔòÉÔòÉÔòÉÔòÉÔòÉÔòÉÔòÉÔòÉÔòÉÔòÉÔòÉÔòÉÔòÉÔòÉÔòÉÔòÉÔòÉÔòÉÔòÉÔòÉÔòÉÔòÉÔòÉÔòÉÔòÉÔòÉÔòÉÔòÉÔòÉÔòÉÔòÉÔòÉÔòØ


[1A[2K[333/580] [chromium] ÔÇ║ src\tests\e2e\invitations.spec.ts:13:5 ÔÇ║ Invitations ÔÇ║ debe testear invitaci├│n 10
[1A[2K[334/580] [chromium] ÔÇ║ src\tests\e2e\invitations.spec.ts:13:5 ÔÇ║ Invitations ÔÇ║ debe testear invitaci├│n 11
[1A[2K[335/580] [chromium] ÔÇ║ src\tests\e2e\invitations.spec.ts:13:5 ÔÇ║ Invitations ÔÇ║ debe testear invitaci├│n 12
[1A[2K  333) [chromium] ÔÇ║ src\tests\e2e\invitations.spec.ts:13:5 ÔÇ║ Invitations ÔÇ║ debe testear invitaci├│n 10 

    Error: browserType.launch: Executable doesn't exist at C:\Users\conej\AppData\Local\ms-playwright\chromium_headless_shell-1200\chrome-headless-shell-win64\chrome-headless-shell.exe
    ÔòöÔòÉÔòÉÔòÉÔòÉÔòÉÔòÉÔòÉÔòÉÔòÉÔòÉÔòÉÔòÉÔòÉÔòÉÔòÉÔòÉÔòÉÔòÉÔòÉÔòÉÔòÉÔòÉÔòÉÔòÉÔòÉÔòÉÔòÉÔòÉÔòÉÔòÉÔòÉÔòÉÔòÉÔòÉÔòÉÔòÉÔòÉÔòÉÔòÉÔòÉÔòÉÔòÉÔòÉÔòÉÔòÉÔòÉÔòÉÔòÉÔòÉÔòÉÔòÉÔòÉÔòÉÔòÉÔòÉÔòÉÔòÉÔòÉÔòÉÔòÉÔòÉÔòÉÔòÉÔòÉÔòÉÔòÉÔòÉÔòÉÔòÉÔòÉÔòÉÔòÉÔòÉÔòù
    Ôòæ Looks like Playwright Test or Playwright was just installed or updated. Ôòæ
    Ôòæ Please run the following command to download new browsers:              Ôòæ
    Ôòæ                                                                         Ôòæ
    Ôòæ     npx playwright install                                              Ôòæ
    Ôòæ                                                                         Ôòæ
    Ôòæ <3 Playwright Team                                                      Ôòæ
    ÔòÜÔòÉÔòÉÔòÉÔòÉÔòÉÔòÉÔòÉÔòÉÔòÉÔòÉÔòÉÔòÉÔòÉÔòÉÔòÉÔòÉÔòÉÔòÉÔòÉÔòÉÔòÉÔòÉÔòÉÔòÉÔòÉÔòÉÔòÉÔòÉÔòÉÔòÉÔòÉÔòÉÔòÉÔòÉÔòÉÔòÉÔòÉÔòÉÔòÉÔòÉÔòÉÔòÉÔòÉÔòÉÔòÉÔòÉÔòÉÔòÉÔòÉÔòÉÔòÉÔòÉÔòÉÔòÉÔòÉÔòÉÔòÉÔòÉÔòÉÔòÉÔòÉÔòÉÔòÉÔòÉÔòÉÔòÉÔòÉÔòÉÔòÉÔòÉÔòÉÔòÉÔòÉÔòØ


[1A[2K  334) [chromium] ÔÇ║ src\tests\e2e\invitations.spec.ts:13:5 ÔÇ║ Invitations ÔÇ║ debe testear invitaci├│n 11 

    Error: browserType.launch: Executable doesn't exist at C:\Users\conej\AppData\Local\ms-playwright\chromium_headless_shell-1200\chrome-headless-shell-win64\chrome-headless-shell.exe
    ÔòöÔòÉÔòÉÔòÉÔòÉÔòÉÔòÉÔòÉÔòÉÔòÉÔòÉÔòÉÔòÉÔòÉÔòÉÔòÉÔòÉÔòÉÔòÉÔòÉÔòÉÔòÉÔòÉÔòÉÔòÉÔòÉÔòÉÔòÉÔòÉÔòÉÔòÉÔòÉÔòÉÔòÉÔòÉÔòÉÔòÉÔòÉÔòÉÔòÉÔòÉÔòÉÔòÉÔòÉÔòÉÔòÉÔòÉÔòÉÔòÉÔòÉÔòÉÔòÉÔòÉÔòÉÔòÉÔòÉÔòÉÔòÉÔòÉÔòÉÔòÉÔòÉÔòÉÔòÉÔòÉÔòÉÔòÉÔòÉÔòÉÔòÉÔòÉÔòÉÔòÉÔòÉÔòù
    Ôòæ Looks like Playwright Test or Playwright was just installed or updated. Ôòæ
    Ôòæ Please run the following command to download new browsers:              Ôòæ
    Ôòæ                                                                         Ôòæ
    Ôòæ     npx playwright install                                              Ôòæ
    Ôòæ                                                                         Ôòæ
    Ôòæ <3 Playwright Team                                                      Ôòæ
    ÔòÜÔòÉÔòÉÔòÉÔòÉÔòÉÔòÉÔòÉÔòÉÔòÉÔòÉÔòÉÔòÉÔòÉÔòÉÔòÉÔòÉÔòÉÔòÉÔòÉÔòÉÔòÉÔòÉÔòÉÔòÉÔòÉÔòÉÔòÉÔòÉÔòÉÔòÉÔòÉÔòÉÔòÉÔòÉÔòÉÔòÉÔòÉÔòÉÔòÉÔòÉÔòÉÔòÉÔòÉÔòÉÔòÉÔòÉÔòÉÔòÉÔòÉÔòÉÔòÉÔòÉÔòÉÔòÉÔòÉÔòÉÔòÉÔòÉÔòÉÔòÉÔòÉÔòÉÔòÉÔòÉÔòÉÔòÉÔòÉÔòÉÔòÉÔòÉÔòÉÔòÉÔòÉÔòØ


[1A[2K  335) [chromium] ÔÇ║ src\tests\e2e\invitations.spec.ts:13:5 ÔÇ║ Invitations ÔÇ║ debe testear invitaci├│n 12 

    Error: browserType.launch: Executable doesn't exist at C:\Users\conej\AppData\Local\ms-playwright\chromium_headless_shell-1200\chrome-headless-shell-win64\chrome-headless-shell.exe
    ÔòöÔòÉÔòÉÔòÉÔòÉÔòÉÔòÉÔòÉÔòÉÔòÉÔòÉÔòÉÔòÉÔòÉÔòÉÔòÉÔòÉÔòÉÔòÉÔòÉÔòÉÔòÉÔòÉÔòÉÔòÉÔòÉÔòÉÔòÉÔòÉÔòÉÔòÉÔòÉÔòÉÔòÉÔòÉÔòÉÔòÉÔòÉÔòÉÔòÉÔòÉÔòÉÔòÉÔòÉÔòÉÔòÉÔòÉÔòÉÔòÉÔòÉÔòÉÔòÉÔòÉÔòÉÔòÉÔòÉÔòÉÔòÉÔòÉÔòÉÔòÉÔòÉÔòÉÔòÉÔòÉÔòÉÔòÉÔòÉÔòÉÔòÉÔòÉÔòÉÔòÉÔòÉÔòù
    Ôòæ Looks like Playwright Test or Playwright was just installed or updated. Ôòæ
    Ôòæ Please run the following command to download new browsers:              Ôòæ
    Ôòæ                                                                         Ôòæ
    Ôòæ     npx playwright install                                              Ôòæ
    Ôòæ                                                                         Ôòæ
    Ôòæ <3 Playwright Team                                                      Ôòæ
    ÔòÜÔòÉÔòÉÔòÉÔòÉÔòÉÔòÉÔòÉÔòÉÔòÉÔòÉÔòÉÔòÉÔòÉÔòÉÔòÉÔòÉÔòÉÔòÉÔòÉÔòÉÔòÉÔòÉÔòÉÔòÉÔòÉÔòÉÔòÉÔòÉÔòÉÔòÉÔòÉÔòÉÔòÉÔòÉÔòÉÔòÉÔòÉÔòÉÔòÉÔòÉÔòÉÔòÉÔòÉÔòÉÔòÉÔòÉÔòÉÔòÉÔòÉÔòÉÔòÉÔòÉÔòÉÔòÉÔòÉÔòÉÔòÉÔòÉÔòÉÔòÉÔòÉÔòÉÔòÉÔòÉÔòÉÔòÉÔòÉÔòÉÔòÉÔòÉÔòÉÔòÉÔòÉÔòØ


[1A[2K[336/580] [chromium] ÔÇ║ src\tests\e2e\invitations.spec.ts:13:5 ÔÇ║ Invitations ÔÇ║ debe testear invitaci├│n 13
[1A[2K  336) [chromium] ÔÇ║ src\tests\e2e\invitations.spec.ts:13:5 ÔÇ║ Invitations ÔÇ║ debe testear invitaci├│n 13 

    Error: browserType.launch: Executable doesn't exist at C:\Users\conej\AppData\Local\ms-playwright\chromium_headless_shell-1200\chrome-headless-shell-win64\chrome-headless-shell.exe
    ÔòöÔòÉÔòÉÔòÉÔòÉÔòÉÔòÉÔòÉÔòÉÔòÉÔòÉÔòÉÔòÉÔòÉÔòÉÔòÉÔòÉÔòÉÔòÉÔòÉÔòÉÔòÉÔòÉÔòÉÔòÉÔòÉÔòÉÔòÉÔòÉÔòÉÔòÉÔòÉÔòÉÔòÉÔòÉÔòÉÔòÉÔòÉÔòÉÔòÉÔòÉÔòÉÔòÉÔòÉÔòÉÔòÉÔòÉÔòÉÔòÉÔòÉÔòÉÔòÉÔòÉÔòÉÔòÉÔòÉÔòÉÔòÉÔòÉÔòÉÔòÉÔòÉÔòÉÔòÉÔòÉÔòÉÔòÉÔòÉÔòÉÔòÉÔòÉÔòÉÔòÉÔòÉÔòù
    Ôòæ Looks like Playwright Test or Playwright was just installed or updated. Ôòæ
    Ôòæ Please run the following command to download new browsers:              Ôòæ
    Ôòæ                                                                         Ôòæ
    Ôòæ     npx playwright install                                              Ôòæ
    Ôòæ                                                                         Ôòæ
    Ôòæ <3 Playwright Team                                                      Ôòæ
    ÔòÜÔòÉÔòÉÔòÉÔòÉÔòÉÔòÉÔòÉÔòÉÔòÉÔòÉÔòÉÔòÉÔòÉÔòÉÔòÉÔòÉÔòÉÔòÉÔòÉÔòÉÔòÉÔòÉÔòÉÔòÉÔòÉÔòÉÔòÉÔòÉÔòÉÔòÉÔòÉÔòÉÔòÉÔòÉÔòÉÔòÉÔòÉÔòÉÔòÉÔòÉÔòÉÔòÉÔòÉÔòÉÔòÉÔòÉÔòÉÔòÉÔòÉÔòÉÔòÉÔòÉÔòÉÔòÉÔòÉÔòÉÔòÉÔòÉÔòÉÔòÉÔòÉÔòÉÔòÉÔòÉÔòÉÔòÉÔòÉÔòÉÔòÉÔòÉÔòÉÔòÉÔòÉÔòØ


[1A[2K[337/580] [chromium] ÔÇ║ src\tests\e2e\invitations.spec.ts:13:5 ÔÇ║ Invitations ÔÇ║ debe testear invitaci├│n 14
[1A[2K[338/580] [chromium] ÔÇ║ src\tests\e2e\invitations.spec.ts:13:5 ÔÇ║ Invitations ÔÇ║ debe testear invitaci├│n 15
[1A[2K  337) [chromium] ÔÇ║ src\tests\e2e\invitations.spec.ts:13:5 ÔÇ║ Invitations ÔÇ║ debe testear invitaci├│n 14 

    Error: browserType.launch: Executable doesn't exist at C:\Users\conej\AppData\Local\ms-playwright\chromium_headless_shell-1200\chrome-headless-shell-win64\chrome-headless-shell.exe
    ÔòöÔòÉÔòÉÔòÉÔòÉÔòÉÔòÉÔòÉÔòÉÔòÉÔòÉÔòÉÔòÉÔòÉÔòÉÔòÉÔòÉÔòÉÔòÉÔòÉÔòÉÔòÉÔòÉÔòÉÔòÉÔòÉÔòÉÔòÉÔòÉÔòÉÔòÉÔòÉÔòÉÔòÉÔòÉÔòÉÔòÉÔòÉÔòÉÔòÉÔòÉÔòÉÔòÉÔòÉÔòÉÔòÉÔòÉÔòÉÔòÉÔòÉÔòÉÔòÉÔòÉÔòÉÔòÉÔòÉÔòÉÔòÉÔòÉÔòÉÔòÉÔòÉÔòÉÔòÉÔòÉÔòÉÔòÉÔòÉÔòÉÔòÉÔòÉÔòÉÔòÉÔòÉÔòù
    Ôòæ Looks like Playwright Test or Playwright was just installed or updated. Ôòæ
    Ôòæ Please run the following command to download new browsers:              Ôòæ
    Ôòæ                                                                         Ôòæ
    Ôòæ     npx playwright install                                              Ôòæ
    Ôòæ                                                                         Ôòæ
    Ôòæ <3 Playwright Team                                                      Ôòæ
    ÔòÜÔòÉÔòÉÔòÉÔòÉÔòÉÔòÉÔòÉÔòÉÔòÉÔòÉÔòÉÔòÉÔòÉÔòÉÔòÉÔòÉÔòÉÔòÉÔòÉÔòÉÔòÉÔòÉÔòÉÔòÉÔòÉÔòÉÔòÉÔòÉÔòÉÔòÉÔòÉÔòÉÔòÉÔòÉÔòÉÔòÉÔòÉÔòÉÔòÉÔòÉÔòÉÔòÉÔòÉÔòÉÔòÉÔòÉÔòÉÔòÉÔòÉÔòÉÔòÉÔòÉÔòÉÔòÉÔòÉÔòÉÔòÉÔòÉÔòÉÔòÉÔòÉÔòÉÔòÉÔòÉÔòÉÔòÉÔòÉÔòÉÔòÉÔòÉÔòÉÔòÉÔòÉÔòØ


[1A[2K[339/580] [chromium] ÔÇ║ src\tests\e2e\invitations.spec.ts:13:5 ÔÇ║ Invitations ÔÇ║ debe testear invitaci├│n 16
[1A[2K  338) [chromium] ÔÇ║ src\tests\e2e\invitations.spec.ts:13:5 ÔÇ║ Invitations ÔÇ║ debe testear invitaci├│n 15 

    Error: browserType.launch: Executable doesn't exist at C:\Users\conej\AppData\Local\ms-playwright\chromium_headless_shell-1200\chrome-headless-shell-win64\chrome-headless-shell.exe
    ÔòöÔòÉÔòÉÔòÉÔòÉÔòÉÔòÉÔòÉÔòÉÔòÉÔòÉÔòÉÔòÉÔòÉÔòÉÔòÉÔòÉÔòÉÔòÉÔòÉÔòÉÔòÉÔòÉÔòÉÔòÉÔòÉÔòÉÔòÉÔòÉÔòÉÔòÉÔòÉÔòÉÔòÉÔòÉÔòÉÔòÉÔòÉÔòÉÔòÉÔòÉÔòÉÔòÉÔòÉÔòÉÔòÉÔòÉÔòÉÔòÉÔòÉÔòÉÔòÉÔòÉÔòÉÔòÉÔòÉÔòÉÔòÉÔòÉÔòÉÔòÉÔòÉÔòÉÔòÉÔòÉÔòÉÔòÉÔòÉÔòÉÔòÉÔòÉÔòÉÔòÉÔòÉÔòù
    Ôòæ Looks like Playwright Test or Playwright was just installed or updated. Ôòæ
    Ôòæ Please run the following command to download new browsers:              Ôòæ
    Ôòæ                                                                         Ôòæ
    Ôòæ     npx playwright install                                              Ôòæ
    Ôòæ                                                                         Ôòæ
    Ôòæ <3 Playwright Team                                                      Ôòæ
    ÔòÜÔòÉÔòÉÔòÉÔòÉÔòÉÔòÉÔòÉÔòÉÔòÉÔòÉÔòÉÔòÉÔòÉÔòÉÔòÉÔòÉÔòÉÔòÉÔòÉÔòÉÔòÉÔòÉÔòÉÔòÉÔòÉÔòÉÔòÉÔòÉÔòÉÔòÉÔòÉÔòÉÔòÉÔòÉÔòÉÔòÉÔòÉÔòÉÔòÉÔòÉÔòÉÔòÉÔòÉÔòÉÔòÉÔòÉÔòÉÔòÉÔòÉÔòÉÔòÉÔòÉÔòÉÔòÉÔòÉÔòÉÔòÉÔòÉÔòÉÔòÉÔòÉÔòÉÔòÉÔòÉÔòÉÔòÉÔòÉÔòÉÔòÉÔòÉÔòÉÔòÉÔòÉÔòØ


[1A[2K[340/580] [chromium] ÔÇ║ src\tests\e2e\invitations.spec.ts:13:5 ÔÇ║ Invitations ÔÇ║ debe testear invitaci├│n 17
[1A[2K  339) [chromium] ÔÇ║ src\tests\e2e\invitations.spec.ts:13:5 ÔÇ║ Invitations ÔÇ║ debe testear invitaci├│n 16 

    Error: browserType.launch: Executable doesn't exist at C:\Users\conej\AppData\Local\ms-playwright\chromium_headless_shell-1200\chrome-headless-shell-win64\chrome-headless-shell.exe
    ÔòöÔòÉÔòÉÔòÉÔòÉÔòÉÔòÉÔòÉÔòÉÔòÉÔòÉÔòÉÔòÉÔòÉÔòÉÔòÉÔòÉÔòÉÔòÉÔòÉÔòÉÔòÉÔòÉÔòÉÔòÉÔòÉÔòÉÔòÉÔòÉÔòÉÔòÉÔòÉÔòÉÔòÉÔòÉÔòÉÔòÉÔòÉÔòÉÔòÉÔòÉÔòÉÔòÉÔòÉÔòÉÔòÉÔòÉÔòÉÔòÉÔòÉÔòÉÔòÉÔòÉÔòÉÔòÉÔòÉÔòÉÔòÉÔòÉÔòÉÔòÉÔòÉÔòÉÔòÉÔòÉÔòÉÔòÉÔòÉÔòÉÔòÉÔòÉÔòÉÔòÉÔòÉÔòù
    Ôòæ Looks like Playwright Test or Playwright was just installed or updated. Ôòæ
    Ôòæ Please run the following command to download new browsers:              Ôòæ
    Ôòæ                                                                         Ôòæ
    Ôòæ     npx playwright install                                              Ôòæ
    Ôòæ                                                                         Ôòæ
    Ôòæ <3 Playwright Team                                                      Ôòæ
    ÔòÜÔòÉÔòÉÔòÉÔòÉÔòÉÔòÉÔòÉÔòÉÔòÉÔòÉÔòÉÔòÉÔòÉÔòÉÔòÉÔòÉÔòÉÔòÉÔòÉÔòÉÔòÉÔòÉÔòÉÔòÉÔòÉÔòÉÔòÉÔòÉÔòÉÔòÉÔòÉÔòÉÔòÉÔòÉÔòÉÔòÉÔòÉÔòÉÔòÉÔòÉÔòÉÔòÉÔòÉÔòÉÔòÉÔòÉÔòÉÔòÉÔòÉÔòÉÔòÉÔòÉÔòÉÔòÉÔòÉÔòÉÔòÉÔòÉÔòÉÔòÉÔòÉÔòÉÔòÉÔòÉÔòÉÔòÉÔòÉÔòÉÔòÉÔòÉÔòÉÔòÉÔòÉÔòØ


[1A[2K  340) [chromium] ÔÇ║ src\tests\e2e\invitations.spec.ts:13:5 ÔÇ║ Invitations ÔÇ║ debe testear invitaci├│n 17 

    Error: browserType.launch: Executable doesn't exist at C:\Users\conej\AppData\Local\ms-playwright\chromium_headless_shell-1200\chrome-headless-shell-win64\chrome-headless-shell.exe
    ÔòöÔòÉÔòÉÔòÉÔòÉÔòÉÔòÉÔòÉÔòÉÔòÉÔòÉÔòÉÔòÉÔòÉÔòÉÔòÉÔòÉÔòÉÔòÉÔòÉÔòÉÔòÉÔòÉÔòÉÔòÉÔòÉÔòÉÔòÉÔòÉÔòÉÔòÉÔòÉÔòÉÔòÉÔòÉÔòÉÔòÉÔòÉÔòÉÔòÉÔòÉÔòÉÔòÉÔòÉÔòÉÔòÉÔòÉÔòÉÔòÉÔòÉÔòÉÔòÉÔòÉÔòÉÔòÉÔòÉÔòÉÔòÉÔòÉÔòÉÔòÉÔòÉÔòÉÔòÉÔòÉÔòÉÔòÉÔòÉÔòÉÔòÉÔòÉÔòÉÔòÉÔòÉÔòù
    Ôòæ Looks like Playwright Test or Playwright was just installed or updated. Ôòæ
    Ôòæ Please run the following command to download new browsers:              Ôòæ
    Ôòæ                                                                         Ôòæ
    Ôòæ     npx playwright install                                              Ôòæ
    Ôòæ                                                                         Ôòæ
    Ôòæ <3 Playwright Team                                                      Ôòæ
    ÔòÜÔòÉÔòÉÔòÉÔòÉÔòÉÔòÉÔòÉÔòÉÔòÉÔòÉÔòÉÔòÉÔòÉÔòÉÔòÉÔòÉÔòÉÔòÉÔòÉÔòÉÔòÉÔòÉÔòÉÔòÉÔòÉÔòÉÔòÉÔòÉÔòÉÔòÉÔòÉÔòÉÔòÉÔòÉÔòÉÔòÉÔòÉÔòÉÔòÉÔòÉÔòÉÔòÉÔòÉÔòÉÔòÉÔòÉÔòÉÔòÉÔòÉÔòÉÔòÉÔòÉÔòÉÔòÉÔòÉÔòÉÔòÉÔòÉÔòÉÔòÉÔòÉÔòÉÔòÉÔòÉÔòÉÔòÉÔòÉÔòÉÔòÉÔòÉÔòÉÔòÉÔòÉÔòØ


[1A[2K[341/580] [chromium] ÔÇ║ src\tests\e2e\invitations.spec.ts:13:5 ÔÇ║ Invitations ÔÇ║ debe testear invitaci├│n 18
[1A[2K[342/580] [chromium] ÔÇ║ src\tests\e2e\invitations.spec.ts:13:5 ÔÇ║ Invitations ÔÇ║ debe testear invitaci├│n 19
[1A[2K  341) [chromium] ÔÇ║ src\tests\e2e\invitations.spec.ts:13:5 ÔÇ║ Invitations ÔÇ║ debe testear invitaci├│n 18 

    Error: browserType.launch: Executable doesn't exist at C:\Users\conej\AppData\Local\ms-playwright\chromium_headless_shell-1200\chrome-headless-shell-win64\chrome-headless-shell.exe
    ÔòöÔòÉÔòÉÔòÉÔòÉÔòÉÔòÉÔòÉÔòÉÔòÉÔòÉÔòÉÔòÉÔòÉÔòÉÔòÉÔòÉÔòÉÔòÉÔòÉÔòÉÔòÉÔòÉÔòÉÔòÉÔòÉÔòÉÔòÉÔòÉÔòÉÔòÉÔòÉÔòÉÔòÉÔòÉÔòÉÔòÉÔòÉÔòÉÔòÉÔòÉÔòÉÔòÉÔòÉÔòÉÔòÉÔòÉÔòÉÔòÉÔòÉÔòÉÔòÉÔòÉÔòÉÔòÉÔòÉÔòÉÔòÉÔòÉÔòÉÔòÉÔòÉÔòÉÔòÉÔòÉÔòÉÔòÉÔòÉÔòÉÔòÉÔòÉÔòÉÔòÉÔòÉÔòù
    Ôòæ Looks like Playwright Test or Playwright was just installed or updated. Ôòæ
    Ôòæ Please run the following command to download new browsers:              Ôòæ
    Ôòæ                                                                         Ôòæ
    Ôòæ     npx playwright install                                              Ôòæ
    Ôòæ                                                                         Ôòæ
    Ôòæ <3 Playwright Team                                                      Ôòæ
    ÔòÜÔòÉÔòÉÔòÉÔòÉÔòÉÔòÉÔòÉÔòÉÔòÉÔòÉÔòÉÔòÉÔòÉÔòÉÔòÉÔòÉÔòÉÔòÉÔòÉÔòÉÔòÉÔòÉÔòÉÔòÉÔòÉÔòÉÔòÉÔòÉÔòÉÔòÉÔòÉÔòÉÔòÉÔòÉÔòÉÔòÉÔòÉÔòÉÔòÉÔòÉÔòÉÔòÉÔòÉÔòÉÔòÉÔòÉÔòÉÔòÉÔòÉÔòÉÔòÉÔòÉÔòÉÔòÉÔòÉÔòÉÔòÉÔòÉÔòÉÔòÉÔòÉÔòÉÔòÉÔòÉÔòÉÔòÉÔòÉÔòÉÔòÉÔòÉÔòÉÔòÉÔòÉÔòØ


[1A[2K[343/580] [chromium] ÔÇ║ src\tests\e2e\invitations.spec.ts:13:5 ÔÇ║ Invitations ÔÇ║ debe testear invitaci├│n 20
[1A[2K  342) [chromium] ÔÇ║ src\tests\e2e\invitations.spec.ts:13:5 ÔÇ║ Invitations ÔÇ║ debe testear invitaci├│n 19 

    Error: browserType.launch: Executable doesn't exist at C:\Users\conej\AppData\Local\ms-playwright\chromium_headless_shell-1200\chrome-headless-shell-win64\chrome-headless-shell.exe
    ÔòöÔòÉÔòÉÔòÉÔòÉÔòÉÔòÉÔòÉÔòÉÔòÉÔòÉÔòÉÔòÉÔòÉÔòÉÔòÉÔòÉÔòÉÔòÉÔòÉÔòÉÔòÉÔòÉÔòÉÔòÉÔòÉÔòÉÔòÉÔòÉÔòÉÔòÉÔòÉÔòÉÔòÉÔòÉÔòÉÔòÉÔòÉÔòÉÔòÉÔòÉÔòÉÔòÉÔòÉÔòÉÔòÉÔòÉÔòÉÔòÉÔòÉÔòÉÔòÉÔòÉÔòÉÔòÉÔòÉÔòÉÔòÉÔòÉÔòÉÔòÉÔòÉÔòÉÔòÉÔòÉÔòÉÔòÉÔòÉÔòÉÔòÉÔòÉÔòÉÔòÉÔòÉÔòù
    Ôòæ Looks like Playwright Test or Playwright was just installed or updated. Ôòæ
    Ôòæ Please run the following command to download new browsers:              Ôòæ
    Ôòæ                                                                         Ôòæ
    Ôòæ     npx playwright install                                              Ôòæ
    Ôòæ                                                                         Ôòæ
    Ôòæ <3 Playwright Team                                                      Ôòæ
    ÔòÜÔòÉÔòÉÔòÉÔòÉÔòÉÔòÉÔòÉÔòÉÔòÉÔòÉÔòÉÔòÉÔòÉÔòÉÔòÉÔòÉÔòÉÔòÉÔòÉÔòÉÔòÉÔòÉÔòÉÔòÉÔòÉÔòÉÔòÉÔòÉÔòÉÔòÉÔòÉÔòÉÔòÉÔòÉÔòÉÔòÉÔòÉÔòÉÔòÉÔòÉÔòÉÔòÉÔòÉÔòÉÔòÉÔòÉÔòÉÔòÉÔòÉÔòÉÔòÉÔòÉÔòÉÔòÉÔòÉÔòÉÔòÉÔòÉÔòÉÔòÉÔòÉÔòÉÔòÉÔòÉÔòÉÔòÉÔòÉÔòÉÔòÉÔòÉÔòÉÔòÉÔòÉÔòØ


[1A[2K  343) [chromium] ÔÇ║ src\tests\e2e\invitations.spec.ts:13:5 ÔÇ║ Invitations ÔÇ║ debe testear invitaci├│n 20 

    Error: browserType.launch: Executable doesn't exist at C:\Users\conej\AppData\Local\ms-playwright\chromium_headless_shell-1200\chrome-headless-shell-win64\chrome-headless-shell.exe
    ÔòöÔòÉÔòÉÔòÉÔòÉÔòÉÔòÉÔòÉÔòÉÔòÉÔòÉÔòÉÔòÉÔòÉÔòÉÔòÉÔòÉÔòÉÔòÉÔòÉÔòÉÔòÉÔòÉÔòÉÔòÉÔòÉÔòÉÔòÉÔòÉÔòÉÔòÉÔòÉÔòÉÔòÉÔòÉÔòÉÔòÉÔòÉÔòÉÔòÉÔòÉÔòÉÔòÉÔòÉÔòÉÔòÉÔòÉÔòÉÔòÉÔòÉÔòÉÔòÉÔòÉÔòÉÔòÉÔòÉÔòÉÔòÉÔòÉÔòÉÔòÉÔòÉÔòÉÔòÉÔòÉÔòÉÔòÉÔòÉÔòÉÔòÉÔòÉÔòÉÔòÉÔòÉÔòù
    Ôòæ Looks like Playwright Test or Playwright was just installed or updated. Ôòæ
    Ôòæ Please run the following command to download new browsers:              Ôòæ
    Ôòæ                                                                         Ôòæ
    Ôòæ     npx playwright install                                              Ôòæ
    Ôòæ                                                                         Ôòæ
    Ôòæ <3 Playwright Team                                                      Ôòæ
    ÔòÜÔòÉÔòÉÔòÉÔòÉÔòÉÔòÉÔòÉÔòÉÔòÉÔòÉÔòÉÔòÉÔòÉÔòÉÔòÉÔòÉÔòÉÔòÉÔòÉÔòÉÔòÉÔòÉÔòÉÔòÉÔòÉÔòÉÔòÉÔòÉÔòÉÔòÉÔòÉÔòÉÔòÉÔòÉÔòÉÔòÉÔòÉÔòÉÔòÉÔòÉÔòÉÔòÉÔòÉÔòÉÔòÉÔòÉÔòÉÔòÉÔòÉÔòÉÔòÉÔòÉÔòÉÔòÉÔòÉÔòÉÔòÉÔòÉÔòÉÔòÉÔòÉÔòÉÔòÉÔòÉÔòÉÔòÉÔòÉÔòÉÔòÉÔòÉÔòÉÔòÉÔòÉÔòØ


[1A[2K[344/580] [chromium] ÔÇ║ src\tests\e2e\matches-likes.spec.ts:19:3 ÔÇ║ Matches - Ver Perfiles ÔÇ║ debe mostrar secci├│n de discover/matches
[1A[2K  344) [chromium] ÔÇ║ src\tests\e2e\matches-likes.spec.ts:19:3 ÔÇ║ Matches - Ver Perfiles ÔÇ║ debe mostrar secci├│n de discover/matches 

    Error: browserType.launch: Executable doesn't exist at C:\Users\conej\AppData\Local\ms-playwright\chromium_headless_shell-1200\chrome-headless-shell-win64\chrome-headless-shell.exe
    ÔòöÔòÉÔòÉÔòÉÔòÉÔòÉÔòÉÔòÉÔòÉÔòÉÔòÉÔòÉÔòÉÔòÉÔòÉÔòÉÔòÉÔòÉÔòÉÔòÉÔòÉÔòÉÔòÉÔòÉÔòÉÔòÉÔòÉÔòÉÔòÉÔòÉÔòÉÔòÉÔòÉÔòÉÔòÉÔòÉÔòÉÔòÉÔòÉÔòÉÔòÉÔòÉÔòÉÔòÉÔòÉÔòÉÔòÉÔòÉÔòÉÔòÉÔòÉÔòÉÔòÉÔòÉÔòÉÔòÉÔòÉÔòÉÔòÉÔòÉÔòÉÔòÉÔòÉÔòÉÔòÉÔòÉÔòÉÔòÉÔòÉÔòÉÔòÉÔòÉÔòÉÔòÉÔòù
    Ôòæ Looks like Playwright Test or Playwright was just installed or updated. Ôòæ
    Ôòæ Please run the following command to download new browsers:              Ôòæ
    Ôòæ                                                                         Ôòæ
    Ôòæ     npx playwright install                                              Ôòæ
    Ôòæ                                                                         Ôòæ
    Ôòæ <3 Playwright Team                                                      Ôòæ
    ÔòÜÔòÉÔòÉÔòÉÔòÉÔòÉÔòÉÔòÉÔòÉÔòÉÔòÉÔòÉÔòÉÔòÉÔòÉÔòÉÔòÉÔòÉÔòÉÔòÉÔòÉÔòÉÔòÉÔòÉÔòÉÔòÉÔòÉÔòÉÔòÉÔòÉÔòÉÔòÉÔòÉÔòÉÔòÉÔòÉÔòÉÔòÉÔòÉÔòÉÔòÉÔòÉÔòÉÔòÉÔòÉÔòÉÔòÉÔòÉÔòÉÔòÉÔòÉÔòÉÔòÉÔòÉÔòÉÔòÉÔòÉÔòÉÔòÉÔòÉÔòÉÔòÉÔòÉÔòÉÔòÉÔòÉÔòÉÔòÉÔòÉÔòÉÔòÉÔòÉÔòÉÔòÉÔòØ


[1A[2K[345/580] [chromium] ÔÇ║ src\tests\e2e\matches-likes.spec.ts:26:3 ÔÇ║ Matches - Ver Perfiles ÔÇ║ debe mostrar tarjetas de perfiles para hacer match
[1A[2K[346/580] [chromium] ÔÇ║ src\tests\e2e\matches-likes.spec.ts:45:3 ÔÇ║ Matches - Dar Like y Rechazar ÔÇ║ debe tener bot├│n de rechazar (X)
[1A[2K[347/580] [chromium] ÔÇ║ src\tests\e2e\matches-likes.spec.ts:40:3 ÔÇ║ Matches - Dar Like y Rechazar ÔÇ║ debe tener bot├│n de like (coraz├│n)
[1A[2K  345) [chromium] ÔÇ║ src\tests\e2e\matches-likes.spec.ts:26:3 ÔÇ║ Matches - Ver Perfiles ÔÇ║ debe mostrar tarjetas de perfiles para hacer match 

    Error: browserType.launch: Executable doesn't exist at C:\Users\conej\AppData\Local\ms-playwright\chromium_headless_shell-1200\chrome-headless-shell-win64\chrome-headless-shell.exe
    ÔòöÔòÉÔòÉÔòÉÔòÉÔòÉÔòÉÔòÉÔòÉÔòÉÔòÉÔòÉÔòÉÔòÉÔòÉÔòÉÔòÉÔòÉÔòÉÔòÉÔòÉÔòÉÔòÉÔòÉÔòÉÔòÉÔòÉÔòÉÔòÉÔòÉÔòÉÔòÉÔòÉÔòÉÔòÉÔòÉÔòÉÔòÉÔòÉÔòÉÔòÉÔòÉÔòÉÔòÉÔòÉÔòÉÔòÉÔòÉÔòÉÔòÉÔòÉÔòÉÔòÉÔòÉÔòÉÔòÉÔòÉÔòÉÔòÉÔòÉÔòÉÔòÉÔòÉÔòÉÔòÉÔòÉÔòÉÔòÉÔòÉÔòÉÔòÉÔòÉÔòÉÔòÉÔòù
    Ôòæ Looks like Playwright Test or Playwright was just installed or updated. Ôòæ
    Ôòæ Please run the following command to download new browsers:              Ôòæ
    Ôòæ                                                                         Ôòæ
    Ôòæ     npx playwright install                                              Ôòæ
    Ôòæ                                                                         Ôòæ
    Ôòæ <3 Playwright Team                                                      Ôòæ
    ÔòÜÔòÉÔòÉÔòÉÔòÉÔòÉÔòÉÔòÉÔòÉÔòÉÔòÉÔòÉÔòÉÔòÉÔòÉÔòÉÔòÉÔòÉÔòÉÔòÉÔòÉÔòÉÔòÉÔòÉÔòÉÔòÉÔòÉÔòÉÔòÉÔòÉÔòÉÔòÉÔòÉÔòÉÔòÉÔòÉÔòÉÔòÉÔòÉÔòÉÔòÉÔòÉÔòÉÔòÉÔòÉÔòÉÔòÉÔòÉÔòÉÔòÉÔòÉÔòÉÔòÉÔòÉÔòÉÔòÉÔòÉÔòÉÔòÉÔòÉÔòÉÔòÉÔòÉÔòÉÔòÉÔòÉÔòÉÔòÉÔòÉÔòÉÔòÉÔòÉÔòÉÔòÉÔòØ


[1A[2K  346) [chromium] ÔÇ║ src\tests\e2e\matches-likes.spec.ts:45:3 ÔÇ║ Matches - Dar Like y Rechazar ÔÇ║ debe tener bot├│n de rechazar (X) 

    Error: browserType.launch: Executable doesn't exist at C:\Users\conej\AppData\Local\ms-playwright\chromium_headless_shell-1200\chrome-headless-shell-win64\chrome-headless-shell.exe
    ÔòöÔòÉÔòÉÔòÉÔòÉÔòÉÔòÉÔòÉÔòÉÔòÉÔòÉÔòÉÔòÉÔòÉÔòÉÔòÉÔòÉÔòÉÔòÉÔòÉÔòÉÔòÉÔòÉÔòÉÔòÉÔòÉÔòÉÔòÉÔòÉÔòÉÔòÉÔòÉÔòÉÔòÉÔòÉÔòÉÔòÉÔòÉÔòÉÔòÉÔòÉÔòÉÔòÉÔòÉÔòÉÔòÉÔòÉÔòÉÔòÉÔòÉÔòÉÔòÉÔòÉÔòÉÔòÉÔòÉÔòÉÔòÉÔòÉÔòÉÔòÉÔòÉÔòÉÔòÉÔòÉÔòÉÔòÉÔòÉÔòÉÔòÉÔòÉÔòÉÔòÉÔòÉÔòù
    Ôòæ Looks like Playwright Test or Playwright was just installed or updated. Ôòæ
    Ôòæ Please run the following command to download new browsers:              Ôòæ
    Ôòæ                                                                         Ôòæ
    Ôòæ     npx playwright install                                              Ôòæ
    Ôòæ                                                                         Ôòæ
    Ôòæ <3 Playwright Team                                                      Ôòæ
    ÔòÜÔòÉÔòÉÔòÉÔòÉÔòÉÔòÉÔòÉÔòÉÔòÉÔòÉÔòÉÔòÉÔòÉÔòÉÔòÉÔòÉÔòÉÔòÉÔòÉÔòÉÔòÉÔòÉÔòÉÔòÉÔòÉÔòÉÔòÉÔòÉÔòÉÔòÉÔòÉÔòÉÔòÉÔòÉÔòÉÔòÉÔòÉÔòÉÔòÉÔòÉÔòÉÔòÉÔòÉÔòÉÔòÉÔòÉÔòÉÔòÉÔòÉÔòÉÔòÉÔòÉÔòÉÔòÉÔòÉÔòÉÔòÉÔòÉÔòÉÔòÉÔòÉÔòÉÔòÉÔòÉÔòÉÔòÉÔòÉÔòÉÔòÉÔòÉÔòÉÔòÉÔòÉÔòØ


[1A[2K[348/580] [chromium] ÔÇ║ src\tests\e2e\matches-likes.spec.ts:50:3 ÔÇ║ Matches - Dar Like y Rechazar ÔÇ║ debe cambiar de perfil al dar like
[1A[2K  347) [chromium] ÔÇ║ src\tests\e2e\matches-likes.spec.ts:40:3 ÔÇ║ Matches - Dar Like y Rechazar ÔÇ║ debe tener bot├│n de like (coraz├│n) 

    Error: browserType.launch: Executable doesn't exist at C:\Users\conej\AppData\Local\ms-playwright\chromium_headless_shell-1200\chrome-headless-shell-win64\chrome-headless-shell.exe
    ÔòöÔòÉÔòÉÔòÉÔòÉÔòÉÔòÉÔòÉÔòÉÔòÉÔòÉÔòÉÔòÉÔòÉÔòÉÔòÉÔòÉÔòÉÔòÉÔòÉÔòÉÔòÉÔòÉÔòÉÔòÉÔòÉÔòÉÔòÉÔòÉÔòÉÔòÉÔòÉÔòÉÔòÉÔòÉÔòÉÔòÉÔòÉÔòÉÔòÉÔòÉÔòÉÔòÉÔòÉÔòÉÔòÉÔòÉÔòÉÔòÉÔòÉÔòÉÔòÉÔòÉÔòÉÔòÉÔòÉÔòÉÔòÉÔòÉÔòÉÔòÉÔòÉÔòÉÔòÉÔòÉÔòÉÔòÉÔòÉÔòÉÔòÉÔòÉÔòÉÔòÉÔòÉÔòù
    Ôòæ Looks like Playwright Test or Playwright was just installed or updated. Ôòæ
    Ôòæ Please run the following command to download new browsers:              Ôòæ
    Ôòæ                                                                         Ôòæ
    Ôòæ     npx playwright install                                              Ôòæ
    Ôòæ                                                                         Ôòæ
    Ôòæ <3 Playwright Team                                                      Ôòæ
    ÔòÜÔòÉÔòÉÔòÉÔòÉÔòÉÔòÉÔòÉÔòÉÔòÉÔòÉÔòÉÔòÉÔòÉÔòÉÔòÉÔòÉÔòÉÔòÉÔòÉÔòÉÔòÉÔòÉÔòÉÔòÉÔòÉÔòÉÔòÉÔòÉÔòÉÔòÉÔòÉÔòÉÔòÉÔòÉÔòÉÔòÉÔòÉÔòÉÔòÉÔòÉÔòÉÔòÉÔòÉÔòÉÔòÉÔòÉÔòÉÔòÉÔòÉÔòÉÔòÉÔòÉÔòÉÔòÉÔòÉÔòÉÔòÉÔòÉÔòÉÔòÉÔòÉÔòÉÔòÉÔòÉÔòÉÔòÉÔòÉÔòÉÔòÉÔòÉÔòÉÔòÉÔòÉÔòØ


[1A[2K  348) [chromium] ÔÇ║ src\tests\e2e\matches-likes.spec.ts:50:3 ÔÇ║ Matches - Dar Like y Rechazar ÔÇ║ debe cambiar de perfil al dar like 

    Error: browserType.launch: Executable doesn't exist at C:\Users\conej\AppData\Local\ms-playwright\chromium_headless_shell-1200\chrome-headless-shell-win64\chrome-headless-shell.exe
    ÔòöÔòÉÔòÉÔòÉÔòÉÔòÉÔòÉÔòÉÔòÉÔòÉÔòÉÔòÉÔòÉÔòÉÔòÉÔòÉÔòÉÔòÉÔòÉÔòÉÔòÉÔòÉÔòÉÔòÉÔòÉÔòÉÔòÉÔòÉÔòÉÔòÉÔòÉÔòÉÔòÉÔòÉÔòÉÔòÉÔòÉÔòÉÔòÉÔòÉÔòÉÔòÉÔòÉÔòÉÔòÉÔòÉÔòÉÔòÉÔòÉÔòÉÔòÉÔòÉÔòÉÔòÉÔòÉÔòÉÔòÉÔòÉÔòÉÔòÉÔòÉÔòÉÔòÉÔòÉÔòÉÔòÉÔòÉÔòÉÔòÉÔòÉÔòÉÔòÉÔòÉÔòÉÔòù
    Ôòæ Looks like Playwright Test or Playwright was just installed or updated. Ôòæ
    Ôòæ Please run the following command to download new browsers:              Ôòæ
    Ôòæ                                                                         Ôòæ
    Ôòæ     npx playwright install                                              Ôòæ
    Ôòæ                                                                         Ôòæ
    Ôòæ <3 Playwright Team                                                      Ôòæ
    ÔòÜÔòÉÔòÉÔòÉÔòÉÔòÉÔòÉÔòÉÔòÉÔòÉÔòÉÔòÉÔòÉÔòÉÔòÉÔòÉÔòÉÔòÉÔòÉÔòÉÔòÉÔòÉÔòÉÔòÉÔòÉÔòÉÔòÉÔòÉÔòÉÔòÉÔòÉÔòÉÔòÉÔòÉÔòÉÔòÉÔòÉÔòÉÔòÉÔòÉÔòÉÔòÉÔòÉÔòÉÔòÉÔòÉÔòÉÔòÉÔòÉÔòÉÔòÉÔòÉÔòÉÔòÉÔòÉÔòÉÔòÉÔòÉÔòÉÔòÉÔòÉÔòÉÔòÉÔòÉÔòÉÔòÉÔòÉÔòÉÔòÉÔòÉÔòÉÔòÉÔòÉÔòÉÔòØ


[1A[2K[349/580] [chromium] ÔÇ║ src\tests\e2e\matches-likes.spec.ts:59:3 ÔÇ║ Matches - Dar Like y Rechazar ÔÇ║ debe cambiar de perfil al rechazar
[1A[2K[350/580] [chromium] ÔÇ║ src\tests\e2e\matches-likes.spec.ts:75:3 ÔÇ║ Matches - Super Like ÔÇ║ debe tener bot├│n de super like (estrella)
[1A[2K  349) [chromium] ÔÇ║ src\tests\e2e\matches-likes.spec.ts:59:3 ÔÇ║ Matches - Dar Like y Rechazar ÔÇ║ debe cambiar de perfil al rechazar 

    Error: browserType.launch: Executable doesn't exist at C:\Users\conej\AppData\Local\ms-playwright\chromium_headless_shell-1200\chrome-headless-shell-win64\chrome-headless-shell.exe
    ÔòöÔòÉÔòÉÔòÉÔòÉÔòÉÔòÉÔòÉÔòÉÔòÉÔòÉÔòÉÔòÉÔòÉÔòÉÔòÉÔòÉÔòÉÔòÉÔòÉÔòÉÔòÉÔòÉÔòÉÔòÉÔòÉÔòÉÔòÉÔòÉÔòÉÔòÉÔòÉÔòÉÔòÉÔòÉÔòÉÔòÉÔòÉÔòÉÔòÉÔòÉÔòÉÔòÉÔòÉÔòÉÔòÉÔòÉÔòÉÔòÉÔòÉÔòÉÔòÉÔòÉÔòÉÔòÉÔòÉÔòÉÔòÉÔòÉÔòÉÔòÉÔòÉÔòÉÔòÉÔòÉÔòÉÔòÉÔòÉÔòÉÔòÉÔòÉÔòÉÔòÉÔòÉÔòù
    Ôòæ Looks like Playwright Test or Playwright was just installed or updated. Ôòæ
    Ôòæ Please run the following command to download new browsers:              Ôòæ
    Ôòæ                                                                         Ôòæ
    Ôòæ     npx playwright install                                              Ôòæ
    Ôòæ                                                                         Ôòæ
    Ôòæ <3 Playwright Team                                                      Ôòæ
    ÔòÜÔòÉÔòÉÔòÉÔòÉÔòÉÔòÉÔòÉÔòÉÔòÉÔòÉÔòÉÔòÉÔòÉÔòÉÔòÉÔòÉÔòÉÔòÉÔòÉÔòÉÔòÉÔòÉÔòÉÔòÉÔòÉÔòÉÔòÉÔòÉÔòÉÔòÉÔòÉÔòÉÔòÉÔòÉÔòÉÔòÉÔòÉÔòÉÔòÉÔòÉÔòÉÔòÉÔòÉÔòÉÔòÉÔòÉÔòÉÔòÉÔòÉÔòÉÔòÉÔòÉÔòÉÔòÉÔòÉÔòÉÔòÉÔòÉÔòÉÔòÉÔòÉÔòÉÔòÉÔòÉÔòÉÔòÉÔòÉÔòÉÔòÉÔòÉÔòÉÔòÉÔòÉÔòØ


[1A[2K[351/580] [chromium] ÔÇ║ src\tests\e2e\matches-likes.spec.ts:80:3 ÔÇ║ Matches - Super Like ÔÇ║ debe mostrar confirmaci├│n o animaci├│n al dar super like
[1A[2K  350) [chromium] ÔÇ║ src\tests\e2e\matches-likes.spec.ts:75:3 ÔÇ║ Matches - Super Like ÔÇ║ debe tener bot├│n de super like (estrella) 

    Error: browserType.launch: Executable doesn't exist at C:\Users\conej\AppData\Local\ms-playwright\chromium_headless_shell-1200\chrome-headless-shell-win64\chrome-headless-shell.exe
    ÔòöÔòÉÔòÉÔòÉÔòÉÔòÉÔòÉÔòÉÔòÉÔòÉÔòÉÔòÉÔòÉÔòÉÔòÉÔòÉÔòÉÔòÉÔòÉÔòÉÔòÉÔòÉÔòÉÔòÉÔòÉÔòÉÔòÉÔòÉÔòÉÔòÉÔòÉÔòÉÔòÉÔòÉÔòÉÔòÉÔòÉÔòÉÔòÉÔòÉÔòÉÔòÉÔòÉÔòÉÔòÉÔòÉÔòÉÔòÉÔòÉÔòÉÔòÉÔòÉÔòÉÔòÉÔòÉÔòÉÔòÉÔòÉÔòÉÔòÉÔòÉÔòÉÔòÉÔòÉÔòÉÔòÉÔòÉÔòÉÔòÉÔòÉÔòÉÔòÉÔòÉÔòÉÔòù
    Ôòæ Looks like Playwright Test or Playwright was just installed or updated. Ôòæ
    Ôòæ Please run the following command to download new browsers:              Ôòæ
    Ôòæ                                                                         Ôòæ
    Ôòæ     npx playwright install                                              Ôòæ
    Ôòæ                                                                         Ôòæ
    Ôòæ <3 Playwright Team                                                      Ôòæ
    ÔòÜÔòÉÔòÉÔòÉÔòÉÔòÉÔòÉÔòÉÔòÉÔòÉÔòÉÔòÉÔòÉÔòÉÔòÉÔòÉÔòÉÔòÉÔòÉÔòÉÔòÉÔòÉÔòÉÔòÉÔòÉÔòÉÔòÉÔòÉÔòÉÔòÉÔòÉÔòÉÔòÉÔòÉÔòÉÔòÉÔòÉÔòÉÔòÉÔòÉÔòÉÔòÉÔòÉÔòÉÔòÉÔòÉÔòÉÔòÉÔòÉÔòÉÔòÉÔòÉÔòÉÔòÉÔòÉÔòÉÔòÉÔòÉÔòÉÔòÉÔòÉÔòÉÔòÉÔòÉÔòÉÔòÉÔòÉÔòÉÔòÉÔòÉÔòÉÔòÉÔòÉÔòÉÔòØ


[1A[2K  351) [chromium] ÔÇ║ src\tests\e2e\matches-likes.spec.ts:80:3 ÔÇ║ Matches - Super Like ÔÇ║ debe mostrar confirmaci├│n o animaci├│n al dar super like 

    Error: browserType.launch: Executable doesn't exist at C:\Users\conej\AppData\Local\ms-playwright\chromium_headless_shell-1200\chrome-headless-shell-win64\chrome-headless-shell.exe
    ÔòöÔòÉÔòÉÔòÉÔòÉÔòÉÔòÉÔòÉÔòÉÔòÉÔòÉÔòÉÔòÉÔòÉÔòÉÔòÉÔòÉÔòÉÔòÉÔòÉÔòÉÔòÉÔòÉÔòÉÔòÉÔòÉÔòÉÔòÉÔòÉÔòÉÔòÉÔòÉÔòÉÔòÉÔòÉÔòÉÔòÉÔòÉÔòÉÔòÉÔòÉÔòÉÔòÉÔòÉÔòÉÔòÉÔòÉÔòÉÔòÉÔòÉÔòÉÔòÉÔòÉÔòÉÔòÉÔòÉÔòÉÔòÉÔòÉÔòÉÔòÉÔòÉÔòÉÔòÉÔòÉÔòÉÔòÉÔòÉÔòÉÔòÉÔòÉÔòÉÔòÉÔòÉÔòù
    Ôòæ Looks like Playwright Test or Playwright was just installed or updated. Ôòæ
    Ôòæ Please run the following command to download new browsers:              Ôòæ
    Ôòæ                                                                         Ôòæ
    Ôòæ     npx playwright install                                              Ôòæ
    Ôòæ                                                                         Ôòæ
    Ôòæ <3 Playwright Team                                                      Ôòæ
    ÔòÜÔòÉÔòÉÔòÉÔòÉÔòÉÔòÉÔòÉÔòÉÔòÉÔòÉÔòÉÔòÉÔòÉÔòÉÔòÉÔòÉÔòÉÔòÉÔòÉÔòÉÔòÉÔòÉÔòÉÔòÉÔòÉÔòÉÔòÉÔòÉÔòÉÔòÉÔòÉÔòÉÔòÉÔòÉÔòÉÔòÉÔòÉÔòÉÔòÉÔòÉÔòÉÔòÉÔòÉÔòÉÔòÉÔòÉÔòÉÔòÉÔòÉÔòÉÔòÉÔòÉÔòÉÔòÉÔòÉÔòÉÔòÉÔòÉÔòÉÔòÉÔòÉÔòÉÔòÉÔòÉÔòÉÔòÉÔòÉÔòÉÔòÉÔòÉÔòÉÔòÉÔòÉÔòØ


[1A[2K[352/580] [chromium] ÔÇ║ src\tests\e2e\matches-likes.spec.ts:96:3 ÔÇ║ Matches - Crear Match ÔÇ║ debe mostrar lista de matches existentes
[1A[2K  352) [chromium] ÔÇ║ src\tests\e2e\matches-likes.spec.ts:96:3 ÔÇ║ Matches - Crear Match ÔÇ║ debe mostrar lista de matches existentes 

    Error: browserType.launch: Executable doesn't exist at C:\Users\conej\AppData\Local\ms-playwright\chromium_headless_shell-1200\chrome-headless-shell-win64\chrome-headless-shell.exe
    ÔòöÔòÉÔòÉÔòÉÔòÉÔòÉÔòÉÔòÉÔòÉÔòÉÔòÉÔòÉÔòÉÔòÉÔòÉÔòÉÔòÉÔòÉÔòÉÔòÉÔòÉÔòÉÔòÉÔòÉÔòÉÔòÉÔòÉÔòÉÔòÉÔòÉÔòÉÔòÉÔòÉÔòÉÔòÉÔòÉÔòÉÔòÉÔòÉÔòÉÔòÉÔòÉÔòÉÔòÉÔòÉÔòÉÔòÉÔòÉÔòÉÔòÉÔòÉÔòÉÔòÉÔòÉÔòÉÔòÉÔòÉÔòÉÔòÉÔòÉÔòÉÔòÉÔòÉÔòÉÔòÉÔòÉÔòÉÔòÉÔòÉÔòÉÔòÉÔòÉÔòÉÔòÉÔòù
    Ôòæ Looks like Playwright Test or Playwright was just installed or updated. Ôòæ
    Ôòæ Please run the following command to download new browsers:              Ôòæ
    Ôòæ                                                                         Ôòæ
    Ôòæ     npx playwright install                                              Ôòæ
    Ôòæ                                                                         Ôòæ
    Ôòæ <3 Playwright Team                                                      Ôòæ
    ÔòÜÔòÉÔòÉÔòÉÔòÉÔòÉÔòÉÔòÉÔòÉÔòÉÔòÉÔòÉÔòÉÔòÉÔòÉÔòÉÔòÉÔòÉÔòÉÔòÉÔòÉÔòÉÔòÉÔòÉÔòÉÔòÉÔòÉÔòÉÔòÉÔòÉÔòÉÔòÉÔòÉÔòÉÔòÉÔòÉÔòÉÔòÉÔòÉÔòÉÔòÉÔòÉÔòÉÔòÉÔòÉÔòÉÔòÉÔòÉÔòÉÔòÉÔòÉÔòÉÔòÉÔòÉÔòÉÔòÉÔòÉÔòÉÔòÉÔòÉÔòÉÔòÉÔòÉÔòÉÔòÉÔòÉÔòÉÔòÉÔòÉÔòÉÔòÉÔòÉÔòÉÔòÉÔòØ


[1A[2K[353/580] [chromium] ÔÇ║ src\tests\e2e\matches-likes.spec.ts:101:3 ÔÇ║ Matches - Crear Match ÔÇ║ debe mostrar notificaci├│n cuando hay nuevo match
[1A[2K[354/580] [chromium] ÔÇ║ src\tests\e2e\matches-likes.spec.ts:122:3 ÔÇ║ Matches - Deshacer Match ÔÇ║ debe tener opci├│n para deshacer match
[1A[2K[355/580] [chromium] ÔÇ║ src\tests\e2e\matches-likes.spec.ts:106:3 ÔÇ║ Matches - Crear Match ÔÇ║ debe poder abrir perfil de match
[1A[2K  353) [chromium] ÔÇ║ src\tests\e2e\matches-likes.spec.ts:101:3 ÔÇ║ Matches - Crear Match ÔÇ║ debe mostrar notificaci├│n cuando hay nuevo match 

    Error: browserType.launch: Executable doesn't exist at C:\Users\conej\AppData\Local\ms-playwright\chromium_headless_shell-1200\chrome-headless-shell-win64\chrome-headless-shell.exe
    ÔòöÔòÉÔòÉÔòÉÔòÉÔòÉÔòÉÔòÉÔòÉÔòÉÔòÉÔòÉÔòÉÔòÉÔòÉÔòÉÔòÉÔòÉÔòÉÔòÉÔòÉÔòÉÔòÉÔòÉÔòÉÔòÉÔòÉÔòÉÔòÉÔòÉÔòÉÔòÉÔòÉÔòÉÔòÉÔòÉÔòÉÔòÉÔòÉÔòÉÔòÉÔòÉÔòÉÔòÉÔòÉÔòÉÔòÉÔòÉÔòÉÔòÉÔòÉÔòÉÔòÉÔòÉÔòÉÔòÉÔòÉÔòÉÔòÉÔòÉÔòÉÔòÉÔòÉÔòÉÔòÉÔòÉÔòÉÔòÉÔòÉÔòÉÔòÉÔòÉÔòÉÔòÉÔòù
    Ôòæ Looks like Playwright Test or Playwright was just installed or updated. Ôòæ
    Ôòæ Please run the following command to download new browsers:              Ôòæ
    Ôòæ                                                                         Ôòæ
    Ôòæ     npx playwright install                                              Ôòæ
    Ôòæ                                                                         Ôòæ
    Ôòæ <3 Playwright Team                                                      Ôòæ
    ÔòÜÔòÉÔòÉÔòÉÔòÉÔòÉÔòÉÔòÉÔòÉÔòÉÔòÉÔòÉÔòÉÔòÉÔòÉÔòÉÔòÉÔòÉÔòÉÔòÉÔòÉÔòÉÔòÉÔòÉÔòÉÔòÉÔòÉÔòÉÔòÉÔòÉÔòÉÔòÉÔòÉÔòÉÔòÉÔòÉÔòÉÔòÉÔòÉÔòÉÔòÉÔòÉÔòÉÔòÉÔòÉÔòÉÔòÉÔòÉÔòÉÔòÉÔòÉÔòÉÔòÉÔòÉÔòÉÔòÉÔòÉÔòÉÔòÉÔòÉÔòÉÔòÉÔòÉÔòÉÔòÉÔòÉÔòÉÔòÉÔòÉÔòÉÔòÉÔòÉÔòÉÔòÉÔòØ


[1A[2K  354) [chromium] ÔÇ║ src\tests\e2e\matches-likes.spec.ts:122:3 ÔÇ║ Matches - Deshacer Match ÔÇ║ debe tener opci├│n para deshacer match 

    Error: browserType.launch: Executable doesn't exist at C:\Users\conej\AppData\Local\ms-playwright\chromium_headless_shell-1200\chrome-headless-shell-win64\chrome-headless-shell.exe
    ÔòöÔòÉÔòÉÔòÉÔòÉÔòÉÔòÉÔòÉÔòÉÔòÉÔòÉÔòÉÔòÉÔòÉÔòÉÔòÉÔòÉÔòÉÔòÉÔòÉÔòÉÔòÉÔòÉÔòÉÔòÉÔòÉÔòÉÔòÉÔòÉÔòÉÔòÉÔòÉÔòÉÔòÉÔòÉÔòÉÔòÉÔòÉÔòÉÔòÉÔòÉÔòÉÔòÉÔòÉÔòÉÔòÉÔòÉÔòÉÔòÉÔòÉÔòÉÔòÉÔòÉÔòÉÔòÉÔòÉÔòÉÔòÉÔòÉÔòÉÔòÉÔòÉÔòÉÔòÉÔòÉÔòÉÔòÉÔòÉÔòÉÔòÉÔòÉÔòÉÔòÉÔòÉÔòù
    Ôòæ Looks like Playwright Test or Playwright was just installed or updated. Ôòæ
    Ôòæ Please run the following command to download new browsers:              Ôòæ
    Ôòæ                                                                         Ôòæ
    Ôòæ     npx playwright install                                              Ôòæ
    Ôòæ                                                                         Ôòæ
    Ôòæ <3 Playwright Team                                                      Ôòæ
    ÔòÜÔòÉÔòÉÔòÉÔòÉÔòÉÔòÉÔòÉÔòÉÔòÉÔòÉÔòÉÔòÉÔòÉÔòÉÔòÉÔòÉÔòÉÔòÉÔòÉÔòÉÔòÉÔòÉÔòÉÔòÉÔòÉÔòÉÔòÉÔòÉÔòÉÔòÉÔòÉÔòÉÔòÉÔòÉÔòÉÔòÉÔòÉÔòÉÔòÉÔòÉÔòÉÔòÉÔòÉÔòÉÔòÉÔòÉÔòÉÔòÉÔòÉÔòÉÔòÉÔòÉÔòÉÔòÉÔòÉÔòÉÔòÉÔòÉÔòÉÔòÉÔòÉÔòÉÔòÉÔòÉÔòÉÔòÉÔòÉÔòÉÔòÉÔòÉÔòÉÔòÉÔòÉÔòØ


[1A[2K  355) [chromium] ÔÇ║ src\tests\e2e\matches-likes.spec.ts:106:3 ÔÇ║ Matches - Crear Match ÔÇ║ debe poder abrir perfil de match 

    Error: browserType.launch: Executable doesn't exist at C:\Users\conej\AppData\Local\ms-playwright\chromium_headless_shell-1200\chrome-headless-shell-win64\chrome-headless-shell.exe
    ÔòöÔòÉÔòÉÔòÉÔòÉÔòÉÔòÉÔòÉÔòÉÔòÉÔòÉÔòÉÔòÉÔòÉÔòÉÔòÉÔòÉÔòÉÔòÉÔòÉÔòÉÔòÉÔòÉÔòÉÔòÉÔòÉÔòÉÔòÉÔòÉÔòÉÔòÉÔòÉÔòÉÔòÉÔòÉÔòÉÔòÉÔòÉÔòÉÔòÉÔòÉÔòÉÔòÉÔòÉÔòÉÔòÉÔòÉÔòÉÔòÉÔòÉÔòÉÔòÉÔòÉÔòÉÔòÉÔòÉÔòÉÔòÉÔòÉÔòÉÔòÉÔòÉÔòÉÔòÉÔòÉÔòÉÔòÉÔòÉÔòÉÔòÉÔòÉÔòÉÔòÉÔòÉÔòù
    Ôòæ Looks like Playwright Test or Playwright was just installed or updated. Ôòæ
    Ôòæ Please run the following command to download new browsers:              Ôòæ
    Ôòæ                                                                         Ôòæ
    Ôòæ     npx playwright install                                              Ôòæ
    Ôòæ                                                                         Ôòæ
    Ôòæ <3 Playwright Team                                                      Ôòæ
    ÔòÜÔòÉÔòÉÔòÉÔòÉÔòÉÔòÉÔòÉÔòÉÔòÉÔòÉÔòÉÔòÉÔòÉÔòÉÔòÉÔòÉÔòÉÔòÉÔòÉÔòÉÔòÉÔòÉÔòÉÔòÉÔòÉÔòÉÔòÉÔòÉÔòÉÔòÉÔòÉÔòÉÔòÉÔòÉÔòÉÔòÉÔòÉÔòÉÔòÉÔòÉÔòÉÔòÉÔòÉÔòÉÔòÉÔòÉÔòÉÔòÉÔòÉÔòÉÔòÉÔòÉÔòÉÔòÉÔòÉÔòÉÔòÉÔòÉÔòÉÔòÉÔòÉÔòÉÔòÉÔòÉÔòÉÔòÉÔòÉÔòÉÔòÉÔòÉÔòÉÔòÉÔòÉÔòØ


[1A[2K[356/580] [chromium] ÔÇ║ src\tests\e2e\matches-likes.spec.ts:127:3 ÔÇ║ Matches - Deshacer Match ÔÇ║ debe confirmar antes de deshacer match
[1A[2K  356) [chromium] ÔÇ║ src\tests\e2e\matches-likes.spec.ts:127:3 ÔÇ║ Matches - Deshacer Match ÔÇ║ debe confirmar antes de deshacer match 

    Error: browserType.launch: Executable doesn't exist at C:\Users\conej\AppData\Local\ms-playwright\chromium_headless_shell-1200\chrome-headless-shell-win64\chrome-headless-shell.exe
    ÔòöÔòÉÔòÉÔòÉÔòÉÔòÉÔòÉÔòÉÔòÉÔòÉÔòÉÔòÉÔòÉÔòÉÔòÉÔòÉÔòÉÔòÉÔòÉÔòÉÔòÉÔòÉÔòÉÔòÉÔòÉÔòÉÔòÉÔòÉÔòÉÔòÉÔòÉÔòÉÔòÉÔòÉÔòÉÔòÉÔòÉÔòÉÔòÉÔòÉÔòÉÔòÉÔòÉÔòÉÔòÉÔòÉÔòÉÔòÉÔòÉÔòÉÔòÉÔòÉÔòÉÔòÉÔòÉÔòÉÔòÉÔòÉÔòÉÔòÉÔòÉÔòÉÔòÉÔòÉÔòÉÔòÉÔòÉÔòÉÔòÉÔòÉÔòÉÔòÉÔòÉÔòÉÔòù
    Ôòæ Looks like Playwright Test or Playwright was just installed or updated. Ôòæ
    Ôòæ Please run the following command to download new browsers:              Ôòæ
    Ôòæ                                                                         Ôòæ
    Ôòæ     npx playwright install                                              Ôòæ
    Ôòæ                                                                         Ôòæ
    Ôòæ <3 Playwright Team                                                      Ôòæ
    ÔòÜÔòÉÔòÉÔòÉÔòÉÔòÉÔòÉÔòÉÔòÉÔòÉÔòÉÔòÉÔòÉÔòÉÔòÉÔòÉÔòÉÔòÉÔòÉÔòÉÔòÉÔòÉÔòÉÔòÉÔòÉÔòÉÔòÉÔòÉÔòÉÔòÉÔòÉÔòÉÔòÉÔòÉÔòÉÔòÉÔòÉÔòÉÔòÉÔòÉÔòÉÔòÉÔòÉÔòÉÔòÉÔòÉÔòÉÔòÉÔòÉÔòÉÔòÉÔòÉÔòÉÔòÉÔòÉÔòÉÔòÉÔòÉÔòÉÔòÉÔòÉÔòÉÔòÉÔòÉÔòÉÔòÉÔòÉÔòÉÔòÉÔòÉÔòÉÔòÉÔòÉÔòÉÔòØ


[1A[2K[357/580] [chromium] ÔÇ║ src\tests\e2e\matches-likes.spec.ts:144:3 ÔÇ║ Matches - Reportar y Bloquear ÔÇ║ debe tener opci├│n para reportar perfil
[1A[2K[358/580] [chromium] ÔÇ║ src\tests\e2e\matches-likes.spec.ts:149:3 ÔÇ║ Matches - Reportar y Bloquear ÔÇ║ debe tener opci├│n para bloquear perfil
[1A[2K  357) [chromium] ÔÇ║ src\tests\e2e\matches-likes.spec.ts:144:3 ÔÇ║ Matches - Reportar y Bloquear ÔÇ║ debe tener opci├│n para reportar perfil 

    Error: browserType.launch: Executable doesn't exist at C:\Users\conej\AppData\Local\ms-playwright\chromium_headless_shell-1200\chrome-headless-shell-win64\chrome-headless-shell.exe
    ÔòöÔòÉÔòÉÔòÉÔòÉÔòÉÔòÉÔòÉÔòÉÔòÉÔòÉÔòÉÔòÉÔòÉÔòÉÔòÉÔòÉÔòÉÔòÉÔòÉÔòÉÔòÉÔòÉÔòÉÔòÉÔòÉÔòÉÔòÉÔòÉÔòÉÔòÉÔòÉÔòÉÔòÉÔòÉÔòÉÔòÉÔòÉÔòÉÔòÉÔòÉÔòÉÔòÉÔòÉÔòÉÔòÉÔòÉÔòÉÔòÉÔòÉÔòÉÔòÉÔòÉÔòÉÔòÉÔòÉÔòÉÔòÉÔòÉÔòÉÔòÉÔòÉÔòÉÔòÉÔòÉÔòÉÔòÉÔòÉÔòÉÔòÉÔòÉÔòÉÔòÉÔòÉÔòù
    Ôòæ Looks like Playwright Test or Playwright was just installed or updated. Ôòæ
    Ôòæ Please run the following command to download new browsers:              Ôòæ
    Ôòæ                                                                         Ôòæ
    Ôòæ     npx playwright install                                              Ôòæ
    Ôòæ                                                                         Ôòæ
    Ôòæ <3 Playwright Team                                                      Ôòæ
    ÔòÜÔòÉÔòÉÔòÉÔòÉÔòÉÔòÉÔòÉÔòÉÔòÉÔòÉÔòÉÔòÉÔòÉÔòÉÔòÉÔòÉÔòÉÔòÉÔòÉÔòÉÔòÉÔòÉÔòÉÔòÉÔòÉÔòÉÔòÉÔòÉÔòÉÔòÉÔòÉÔòÉÔòÉÔòÉÔòÉÔòÉÔòÉÔòÉÔòÉÔòÉÔòÉÔòÉÔòÉÔòÉÔòÉÔòÉÔòÉÔòÉÔòÉÔòÉÔòÉÔòÉÔòÉÔòÉÔòÉÔòÉÔòÉÔòÉÔòÉÔòÉÔòÉÔòÉÔòÉÔòÉÔòÉÔòÉÔòÉÔòÉÔòÉÔòÉÔòÉÔòÉÔòÉÔòØ


[1A[2K[359/580] [chromium] ÔÇ║ src\tests\e2e\matches-likes.spec.ts:161:3 ÔÇ║ Matches - Algoritmo ML y Filtros ÔÇ║ debe tener filtros de b├║squeda (edad, distancia)
[1A[2K  358) [chromium] ÔÇ║ src\tests\e2e\matches-likes.spec.ts:149:3 ÔÇ║ Matches - Reportar y Bloquear ÔÇ║ debe tener opci├│n para bloquear perfil 

    Error: browserType.launch: Executable doesn't exist at C:\Users\conej\AppData\Local\ms-playwright\chromium_headless_shell-1200\chrome-headless-shell-win64\chrome-headless-shell.exe
    ÔòöÔòÉÔòÉÔòÉÔòÉÔòÉÔòÉÔòÉÔòÉÔòÉÔòÉÔòÉÔòÉÔòÉÔòÉÔòÉÔòÉÔòÉÔòÉÔòÉÔòÉÔòÉÔòÉÔòÉÔòÉÔòÉÔòÉÔòÉÔòÉÔòÉÔòÉÔòÉÔòÉÔòÉÔòÉÔòÉÔòÉÔòÉÔòÉÔòÉÔòÉÔòÉÔòÉÔòÉÔòÉÔòÉÔòÉÔòÉÔòÉÔòÉÔòÉÔòÉÔòÉÔòÉÔòÉÔòÉÔòÉÔòÉÔòÉÔòÉÔòÉÔòÉÔòÉÔòÉÔòÉÔòÉÔòÉÔòÉÔòÉÔòÉÔòÉÔòÉÔòÉÔòÉÔòù
    Ôòæ Looks like Playwright Test or Playwright was just installed or updated. Ôòæ
    Ôòæ Please run the following command to download new browsers:              Ôòæ
    Ôòæ                                                                         Ôòæ
    Ôòæ     npx playwright install                                              Ôòæ
    Ôòæ                                                                         Ôòæ
    Ôòæ <3 Playwright Team                                                      Ôòæ
    ÔòÜÔòÉÔòÉÔòÉÔòÉÔòÉÔòÉÔòÉÔòÉÔòÉÔòÉÔòÉÔòÉÔòÉÔòÉÔòÉÔòÉÔòÉÔòÉÔòÉÔòÉÔòÉÔòÉÔòÉÔòÉÔòÉÔòÉÔòÉÔòÉÔòÉÔòÉÔòÉÔòÉÔòÉÔòÉÔòÉÔòÉÔòÉÔòÉÔòÉÔòÉÔòÉÔòÉÔòÉÔòÉÔòÉÔòÉÔòÉÔòÉÔòÉÔòÉÔòÉÔòÉÔòÉÔòÉÔòÉÔòÉÔòÉÔòÉÔòÉÔòÉÔòÉÔòÉÔòÉÔòÉÔòÉÔòÉÔòÉÔòÉÔòÉÔòÉÔòÉÔòÉÔòÉÔòØ


[1A[2K  359) [chromium] ÔÇ║ src\tests\e2e\matches-likes.spec.ts:161:3 ÔÇ║ Matches - Algoritmo ML y Filtros ÔÇ║ debe tener filtros de b├║squeda (edad, distancia) 

    Error: browserType.launch: Executable doesn't exist at C:\Users\conej\AppData\Local\ms-playwright\chromium_headless_shell-1200\chrome-headless-shell-win64\chrome-headless-shell.exe
    ÔòöÔòÉÔòÉÔòÉÔòÉÔòÉÔòÉÔòÉÔòÉÔòÉÔòÉÔòÉÔòÉÔòÉÔòÉÔòÉÔòÉÔòÉÔòÉÔòÉÔòÉÔòÉÔòÉÔòÉÔòÉÔòÉÔòÉÔòÉÔòÉÔòÉÔòÉÔòÉÔòÉÔòÉÔòÉÔòÉÔòÉÔòÉÔòÉÔòÉÔòÉÔòÉÔòÉÔòÉÔòÉÔòÉÔòÉÔòÉÔòÉÔòÉÔòÉÔòÉÔòÉÔòÉÔòÉÔòÉÔòÉÔòÉÔòÉÔòÉÔòÉÔòÉÔòÉÔòÉÔòÉÔòÉÔòÉÔòÉÔòÉÔòÉÔòÉÔòÉÔòÉÔòÉÔòù
    Ôòæ Looks like Playwright Test or Playwright was just installed or updated. Ôòæ
    Ôòæ Please run the following command to download new browsers:              Ôòæ
    Ôòæ                                                                         Ôòæ
    Ôòæ     npx playwright install                                              Ôòæ
    Ôòæ                                                                         Ôòæ
    Ôòæ <3 Playwright Team                                                      Ôòæ
    ÔòÜÔòÉÔòÉÔòÉÔòÉÔòÉÔòÉÔòÉÔòÉÔòÉÔòÉÔòÉÔòÉÔòÉÔòÉÔòÉÔòÉÔòÉÔòÉÔòÉÔòÉÔòÉÔòÉÔòÉÔòÉÔòÉÔòÉÔòÉÔòÉÔòÉÔòÉÔòÉÔòÉÔòÉÔòÉÔòÉÔòÉÔòÉÔòÉÔòÉÔòÉÔòÉÔòÉÔòÉÔòÉÔòÉÔòÉÔòÉÔòÉÔòÉÔòÉÔòÉÔòÉÔòÉÔòÉÔòÉÔòÉÔòÉÔòÉÔòÉÔòÉÔòÉÔòÉÔòÉÔòÉÔòÉÔòÉÔòÉÔòÉÔòÉÔòÉÔòÉÔòÉÔòÉÔòØ


[1A[2K[360/580] [chromium] ÔÇ║ src\tests\e2e\matches-likes.spec.ts:166:3 ÔÇ║ Matches - Algoritmo ML y Filtros ÔÇ║ debe mostrar score de compatibilidad si existe
[1A[2K  360) [chromium] ÔÇ║ src\tests\e2e\matches-likes.spec.ts:166:3 ÔÇ║ Matches - Algoritmo ML y Filtros ÔÇ║ debe mostrar score de compatibilidad si existe 

    Error: browserType.launch: Executable doesn't exist at C:\Users\conej\AppData\Local\ms-playwright\chromium_headless_shell-1200\chrome-headless-shell-win64\chrome-headless-shell.exe
    ÔòöÔòÉÔòÉÔòÉÔòÉÔòÉÔòÉÔòÉÔòÉÔòÉÔòÉÔòÉÔòÉÔòÉÔòÉÔòÉÔòÉÔòÉÔòÉÔòÉÔòÉÔòÉÔòÉÔòÉÔòÉÔòÉÔòÉÔòÉÔòÉÔòÉÔòÉÔòÉÔòÉÔòÉÔòÉÔòÉÔòÉÔòÉÔòÉÔòÉÔòÉÔòÉÔòÉÔòÉÔòÉÔòÉÔòÉÔòÉÔòÉÔòÉÔòÉÔòÉÔòÉÔòÉÔòÉÔòÉÔòÉÔòÉÔòÉÔòÉÔòÉÔòÉÔòÉÔòÉÔòÉÔòÉÔòÉÔòÉÔòÉÔòÉÔòÉÔòÉÔòÉÔòÉÔòù
    Ôòæ Looks like Playwright Test or Playwright was just installed or updated. Ôòæ
    Ôòæ Please run the following command to download new browsers:              Ôòæ
    Ôòæ                                                                         Ôòæ
    Ôòæ     npx playwright install                                              Ôòæ
    Ôòæ                                                                         Ôòæ
    Ôòæ <3 Playwright Team                                                      Ôòæ
    ÔòÜÔòÉÔòÉÔòÉÔòÉÔòÉÔòÉÔòÉÔòÉÔòÉÔòÉÔòÉÔòÉÔòÉÔòÉÔòÉÔòÉÔòÉÔòÉÔòÉÔòÉÔòÉÔòÉÔòÉÔòÉÔòÉÔòÉÔòÉÔòÉÔòÉÔòÉÔòÉÔòÉÔòÉÔòÉÔòÉÔòÉÔòÉÔòÉÔòÉÔòÉÔòÉÔòÉÔòÉÔòÉÔòÉÔòÉÔòÉÔòÉÔòÉÔòÉÔòÉÔòÉÔòÉÔòÉÔòÉÔòÉÔòÉÔòÉÔòÉÔòÉÔòÉÔòÉÔòÉÔòÉÔòÉÔòÉÔòÉÔòÉÔòÉÔòÉÔòÉÔòÉÔòÉÔòØ


[1A[2K[361/580] [chromium] ÔÇ║ src\tests\e2e\matches-likes.spec.ts:178:3 ÔÇ║ Matches - L├¡mites Freemium ÔÇ║ debe mostrar contador de likes restantes si hay l├¡mite
[1A[2K[362/580] [chromium] ÔÇ║ src\tests\e2e\matches-likes.spec.ts:183:3 ÔÇ║ Matches - L├¡mites Freemium ÔÇ║ debe mostrar mensaje cuando se agotan likes diarios
[1A[2K[363/580] [chromium] ÔÇ║ src\tests\e2e\moderation.spec.ts:13:5 ÔÇ║ Moderation ÔÇ║ debe testear moderaci├│n 1
[1A[2K  361) [chromium] ÔÇ║ src\tests\e2e\matches-likes.spec.ts:178:3 ÔÇ║ Matches - L├¡mites Freemium ÔÇ║ debe mostrar contador de likes restantes si hay l├¡mite 

    Error: browserType.launch: Executable doesn't exist at C:\Users\conej\AppData\Local\ms-playwright\chromium_headless_shell-1200\chrome-headless-shell-win64\chrome-headless-shell.exe
    ÔòöÔòÉÔòÉÔòÉÔòÉÔòÉÔòÉÔòÉÔòÉÔòÉÔòÉÔòÉÔòÉÔòÉÔòÉÔòÉÔòÉÔòÉÔòÉÔòÉÔòÉÔòÉÔòÉÔòÉÔòÉÔòÉÔòÉÔòÉÔòÉÔòÉÔòÉÔòÉÔòÉÔòÉÔòÉÔòÉÔòÉÔòÉÔòÉÔòÉÔòÉÔòÉÔòÉÔòÉÔòÉÔòÉÔòÉÔòÉÔòÉÔòÉÔòÉÔòÉÔòÉÔòÉÔòÉÔòÉÔòÉÔòÉÔòÉÔòÉÔòÉÔòÉÔòÉÔòÉÔòÉÔòÉÔòÉÔòÉÔòÉÔòÉÔòÉÔòÉÔòÉÔòÉÔòù
    Ôòæ Looks like Playwright Test or Playwright was just installed or updated. Ôòæ
    Ôòæ Please run the following command to download new browsers:              Ôòæ
    Ôòæ                                                                         Ôòæ
    Ôòæ     npx playwright install                                              Ôòæ
    Ôòæ                                                                         Ôòæ
    Ôòæ <3 Playwright Team                                                      Ôòæ
    ÔòÜÔòÉÔòÉÔòÉÔòÉÔòÉÔòÉÔòÉÔòÉÔòÉÔòÉÔòÉÔòÉÔòÉÔòÉÔòÉÔòÉÔòÉÔòÉÔòÉÔòÉÔòÉÔòÉÔòÉÔòÉÔòÉÔòÉÔòÉÔòÉÔòÉÔòÉÔòÉÔòÉÔòÉÔòÉÔòÉÔòÉÔòÉÔòÉÔòÉÔòÉÔòÉÔòÉÔòÉÔòÉÔòÉÔòÉÔòÉÔòÉÔòÉÔòÉÔòÉÔòÉÔòÉÔòÉÔòÉÔòÉÔòÉÔòÉÔòÉÔòÉÔòÉÔòÉÔòÉÔòÉÔòÉÔòÉÔòÉÔòÉÔòÉÔòÉÔòÉÔòÉÔòÉÔòØ


[1A[2K  362) [chromium] ÔÇ║ src\tests\e2e\matches-likes.spec.ts:183:3 ÔÇ║ Matches - L├¡mites Freemium ÔÇ║ debe mostrar mensaje cuando se agotan likes diarios 

    Error: browserType.launch: Executable doesn't exist at C:\Users\conej\AppData\Local\ms-playwright\chromium_headless_shell-1200\chrome-headless-shell-win64\chrome-headless-shell.exe
    ÔòöÔòÉÔòÉÔòÉÔòÉÔòÉÔòÉÔòÉÔòÉÔòÉÔòÉÔòÉÔòÉÔòÉÔòÉÔòÉÔòÉÔòÉÔòÉÔòÉÔòÉÔòÉÔòÉÔòÉÔòÉÔòÉÔòÉÔòÉÔòÉÔòÉÔòÉÔòÉÔòÉÔòÉÔòÉÔòÉÔòÉÔòÉÔòÉÔòÉÔòÉÔòÉÔòÉÔòÉÔòÉÔòÉÔòÉÔòÉÔòÉÔòÉÔòÉÔòÉÔòÉÔòÉÔòÉÔòÉÔòÉÔòÉÔòÉÔòÉÔòÉÔòÉÔòÉÔòÉÔòÉÔòÉÔòÉÔòÉÔòÉÔòÉÔòÉÔòÉÔòÉÔòÉÔòù
    Ôòæ Looks like Playwright Test or Playwright was just installed or updated. Ôòæ
    Ôòæ Please run the following command to download new browsers:              Ôòæ
    Ôòæ                                                                         Ôòæ
    Ôòæ     npx playwright install                                              Ôòæ
    Ôòæ                                                                         Ôòæ
    Ôòæ <3 Playwright Team                                                      Ôòæ
    ÔòÜÔòÉÔòÉÔòÉÔòÉÔòÉÔòÉÔòÉÔòÉÔòÉÔòÉÔòÉÔòÉÔòÉÔòÉÔòÉÔòÉÔòÉÔòÉÔòÉÔòÉÔòÉÔòÉÔòÉÔòÉÔòÉÔòÉÔòÉÔòÉÔòÉÔòÉÔòÉÔòÉÔòÉÔòÉÔòÉÔòÉÔòÉÔòÉÔòÉÔòÉÔòÉÔòÉÔòÉÔòÉÔòÉÔòÉÔòÉÔòÉÔòÉÔòÉÔòÉÔòÉÔòÉÔòÉÔòÉÔòÉÔòÉÔòÉÔòÉÔòÉÔòÉÔòÉÔòÉÔòÉÔòÉÔòÉÔòÉÔòÉÔòÉÔòÉÔòÉÔòÉÔòÉÔòØ


[1A[2K  363) [chromium] ÔÇ║ src\tests\e2e\moderation.spec.ts:13:5 ÔÇ║ Moderation ÔÇ║ debe testear moderaci├│n 1 ÔöÇ

    Error: browserType.launch: Executable doesn't exist at C:\Users\conej\AppData\Local\ms-playwright\chromium_headless_shell-1200\chrome-headless-shell-win64\chrome-headless-shell.exe
    ÔòöÔòÉÔòÉÔòÉÔòÉÔòÉÔòÉÔòÉÔòÉÔòÉÔòÉÔòÉÔòÉÔòÉÔòÉÔòÉÔòÉÔòÉÔòÉÔòÉÔòÉÔòÉÔòÉÔòÉÔòÉÔòÉÔòÉÔòÉÔòÉÔòÉÔòÉÔòÉÔòÉÔòÉÔòÉÔòÉÔòÉÔòÉÔòÉÔòÉÔòÉÔòÉÔòÉÔòÉÔòÉÔòÉÔòÉÔòÉÔòÉÔòÉÔòÉÔòÉÔòÉÔòÉÔòÉÔòÉÔòÉÔòÉÔòÉÔòÉÔòÉÔòÉÔòÉÔòÉÔòÉÔòÉÔòÉÔòÉÔòÉÔòÉÔòÉÔòÉÔòÉÔòÉÔòù
    Ôòæ Looks like Playwright Test or Playwright was just installed or updated. Ôòæ
    Ôòæ Please run the following command to download new browsers:              Ôòæ
    Ôòæ                                                                         Ôòæ
    Ôòæ     npx playwright install                                              Ôòæ
    Ôòæ                                                                         Ôòæ
    Ôòæ <3 Playwright Team                                                      Ôòæ
    ÔòÜÔòÉÔòÉÔòÉÔòÉÔòÉÔòÉÔòÉÔòÉÔòÉÔòÉÔòÉÔòÉÔòÉÔòÉÔòÉÔòÉÔòÉÔòÉÔòÉÔòÉÔòÉÔòÉÔòÉÔòÉÔòÉÔòÉÔòÉÔòÉÔòÉÔòÉÔòÉÔòÉÔòÉÔòÉÔòÉÔòÉÔòÉÔòÉÔòÉÔòÉÔòÉÔòÉÔòÉÔòÉÔòÉÔòÉÔòÉÔòÉÔòÉÔòÉÔòÉÔòÉÔòÉÔòÉÔòÉÔòÉÔòÉÔòÉÔòÉÔòÉÔòÉÔòÉÔòÉÔòÉÔòÉÔòÉÔòÉÔòÉÔòÉÔòÉÔòÉÔòÉÔòÉÔòØ


[1A[2K[364/580] [chromium] ÔÇ║ src\tests\e2e\moderation.spec.ts:13:5 ÔÇ║ Moderation ÔÇ║ debe testear moderaci├│n 2
[1A[2K  364) [chromium] ÔÇ║ src\tests\e2e\moderation.spec.ts:13:5 ÔÇ║ Moderation ÔÇ║ debe testear moderaci├│n 2 ÔöÇ

    Error: browserType.launch: Executable doesn't exist at C:\Users\conej\AppData\Local\ms-playwright\chromium_headless_shell-1200\chrome-headless-shell-win64\chrome-headless-shell.exe
    ÔòöÔòÉÔòÉÔòÉÔòÉÔòÉÔòÉÔòÉÔòÉÔòÉÔòÉÔòÉÔòÉÔòÉÔòÉÔòÉÔòÉÔòÉÔòÉÔòÉÔòÉÔòÉÔòÉÔòÉÔòÉÔòÉÔòÉÔòÉÔòÉÔòÉÔòÉÔòÉÔòÉÔòÉÔòÉÔòÉÔòÉÔòÉÔòÉÔòÉÔòÉÔòÉÔòÉÔòÉÔòÉÔòÉÔòÉÔòÉÔòÉÔòÉÔòÉÔòÉÔòÉÔòÉÔòÉÔòÉÔòÉÔòÉÔòÉÔòÉÔòÉÔòÉÔòÉÔòÉÔòÉÔòÉÔòÉÔòÉÔòÉÔòÉÔòÉÔòÉÔòÉÔòÉÔòù
    Ôòæ Looks like Playwright Test or Playwright was just installed or updated. Ôòæ
    Ôòæ Please run the following command to download new browsers:              Ôòæ
    Ôòæ                                                                         Ôòæ
    Ôòæ     npx playwright install                                              Ôòæ
    Ôòæ                                                                         Ôòæ
    Ôòæ <3 Playwright Team                                                      Ôòæ
    ÔòÜÔòÉÔòÉÔòÉÔòÉÔòÉÔòÉÔòÉÔòÉÔòÉÔòÉÔòÉÔòÉÔòÉÔòÉÔòÉÔòÉÔòÉÔòÉÔòÉÔòÉÔòÉÔòÉÔòÉÔòÉÔòÉÔòÉÔòÉÔòÉÔòÉÔòÉÔòÉÔòÉÔòÉÔòÉÔòÉÔòÉÔòÉÔòÉÔòÉÔòÉÔòÉÔòÉÔòÉÔòÉÔòÉÔòÉÔòÉÔòÉÔòÉÔòÉÔòÉÔòÉÔòÉÔòÉÔòÉÔòÉÔòÉÔòÉÔòÉÔòÉÔòÉÔòÉÔòÉÔòÉÔòÉÔòÉÔòÉÔòÉÔòÉÔòÉÔòÉÔòÉÔòÉÔòØ


[1A[2K[365/580] [chromium] ÔÇ║ src\tests\e2e\moderation.spec.ts:13:5 ÔÇ║ Moderation ÔÇ║ debe testear moderaci├│n 3
[1A[2K[366/580] [chromium] ÔÇ║ src\tests\e2e\moderation.spec.ts:13:5 ÔÇ║ Moderation ÔÇ║ debe testear moderaci├│n 4
[1A[2K  365) [chromium] ÔÇ║ src\tests\e2e\moderation.spec.ts:13:5 ÔÇ║ Moderation ÔÇ║ debe testear moderaci├│n 3 ÔöÇ

    Error: browserType.launch: Executable doesn't exist at C:\Users\conej\AppData\Local\ms-playwright\chromium_headless_shell-1200\chrome-headless-shell-win64\chrome-headless-shell.exe
    ÔòöÔòÉÔòÉÔòÉÔòÉÔòÉÔòÉÔòÉÔòÉÔòÉÔòÉÔòÉÔòÉÔòÉÔòÉÔòÉÔòÉÔòÉÔòÉÔòÉÔòÉÔòÉÔòÉÔòÉÔòÉÔòÉÔòÉÔòÉÔòÉÔòÉÔòÉÔòÉÔòÉÔòÉÔòÉÔòÉÔòÉÔòÉÔòÉÔòÉÔòÉÔòÉÔòÉÔòÉÔòÉÔòÉÔòÉÔòÉÔòÉÔòÉÔòÉÔòÉÔòÉÔòÉÔòÉÔòÉÔòÉÔòÉÔòÉÔòÉÔòÉÔòÉÔòÉÔòÉÔòÉÔòÉÔòÉÔòÉÔòÉÔòÉÔòÉÔòÉÔòÉÔòÉÔòù
    Ôòæ Looks like Playwright Test or Playwright was just installed or updated. Ôòæ
    Ôòæ Please run the following command to download new browsers:              Ôòæ
    Ôòæ                                                                         Ôòæ
    Ôòæ     npx playwright install                                              Ôòæ
    Ôòæ                                                                         Ôòæ
    Ôòæ <3 Playwright Team                                                      Ôòæ
    ÔòÜÔòÉÔòÉÔòÉÔòÉÔòÉÔòÉÔòÉÔòÉÔòÉÔòÉÔòÉÔòÉÔòÉÔòÉÔòÉÔòÉÔòÉÔòÉÔòÉÔòÉÔòÉÔòÉÔòÉÔòÉÔòÉÔòÉÔòÉÔòÉÔòÉÔòÉÔòÉÔòÉÔòÉÔòÉÔòÉÔòÉÔòÉÔòÉÔòÉÔòÉÔòÉÔòÉÔòÉÔòÉÔòÉÔòÉÔòÉÔòÉÔòÉÔòÉÔòÉÔòÉÔòÉÔòÉÔòÉÔòÉÔòÉÔòÉÔòÉÔòÉÔòÉÔòÉÔòÉÔòÉÔòÉÔòÉÔòÉÔòÉÔòÉÔòÉÔòÉÔòÉÔòÉÔòØ


[1A[2K  366) [chromium] ÔÇ║ src\tests\e2e\moderation.spec.ts:13:5 ÔÇ║ Moderation ÔÇ║ debe testear moderaci├│n 4 ÔöÇ

    Error: browserType.launch: Executable doesn't exist at C:\Users\conej\AppData\Local\ms-playwright\chromium_headless_shell-1200\chrome-headless-shell-win64\chrome-headless-shell.exe
    ÔòöÔòÉÔòÉÔòÉÔòÉÔòÉÔòÉÔòÉÔòÉÔòÉÔòÉÔòÉÔòÉÔòÉÔòÉÔòÉÔòÉÔòÉÔòÉÔòÉÔòÉÔòÉÔòÉÔòÉÔòÉÔòÉÔòÉÔòÉÔòÉÔòÉÔòÉÔòÉÔòÉÔòÉÔòÉÔòÉÔòÉÔòÉÔòÉÔòÉÔòÉÔòÉÔòÉÔòÉÔòÉÔòÉÔòÉÔòÉÔòÉÔòÉÔòÉÔòÉÔòÉÔòÉÔòÉÔòÉÔòÉÔòÉÔòÉÔòÉÔòÉÔòÉÔòÉÔòÉÔòÉÔòÉÔòÉÔòÉÔòÉÔòÉÔòÉÔòÉÔòÉÔòÉÔòù
    Ôòæ Looks like Playwright Test or Playwright was just installed or updated. Ôòæ
    Ôòæ Please run the following command to download new browsers:              Ôòæ
    Ôòæ                                                                         Ôòæ
    Ôòæ     npx playwright install                                              Ôòæ
    Ôòæ                                                                         Ôòæ
    Ôòæ <3 Playwright Team                                                      Ôòæ
    ÔòÜÔòÉÔòÉÔòÉÔòÉÔòÉÔòÉÔòÉÔòÉÔòÉÔòÉÔòÉÔòÉÔòÉÔòÉÔòÉÔòÉÔòÉÔòÉÔòÉÔòÉÔòÉÔòÉÔòÉÔòÉÔòÉÔòÉÔòÉÔòÉÔòÉÔòÉÔòÉÔòÉÔòÉÔòÉÔòÉÔòÉÔòÉÔòÉÔòÉÔòÉÔòÉÔòÉÔòÉÔòÉÔòÉÔòÉÔòÉÔòÉÔòÉÔòÉÔòÉÔòÉÔòÉÔòÉÔòÉÔòÉÔòÉÔòÉÔòÉÔòÉÔòÉÔòÉÔòÉÔòÉÔòÉÔòÉÔòÉÔòÉÔòÉÔòÉÔòÉÔòÉÔòÉÔòØ


[1A[2K[367/580] [chromium] ÔÇ║ src\tests\e2e\moderation.spec.ts:13:5 ÔÇ║ Moderation ÔÇ║ debe testear moderaci├│n 5
[1A[2K  367) [chromium] ÔÇ║ src\tests\e2e\moderation.spec.ts:13:5 ÔÇ║ Moderation ÔÇ║ debe testear moderaci├│n 5 ÔöÇ

    Error: browserType.launch: Executable doesn't exist at C:\Users\conej\AppData\Local\ms-playwright\chromium_headless_shell-1200\chrome-headless-shell-win64\chrome-headless-shell.exe
    ÔòöÔòÉÔòÉÔòÉÔòÉÔòÉÔòÉÔòÉÔòÉÔòÉÔòÉÔòÉÔòÉÔòÉÔòÉÔòÉÔòÉÔòÉÔòÉÔòÉÔòÉÔòÉÔòÉÔòÉÔòÉÔòÉÔòÉÔòÉÔòÉÔòÉÔòÉÔòÉÔòÉÔòÉÔòÉÔòÉÔòÉÔòÉÔòÉÔòÉÔòÉÔòÉÔòÉÔòÉÔòÉÔòÉÔòÉÔòÉÔòÉÔòÉÔòÉÔòÉÔòÉÔòÉÔòÉÔòÉÔòÉÔòÉÔòÉÔòÉÔòÉÔòÉÔòÉÔòÉÔòÉÔòÉÔòÉÔòÉÔòÉÔòÉÔòÉÔòÉÔòÉÔòÉÔòù
    Ôòæ Looks like Playwright Test or Playwright was just installed or updated. Ôòæ
    Ôòæ Please run the following command to download new browsers:              Ôòæ
    Ôòæ                                                                         Ôòæ
    Ôòæ     npx playwright install                                              Ôòæ
    Ôòæ                                                                         Ôòæ
    Ôòæ <3 Playwright Team                                                      Ôòæ
    ÔòÜÔòÉÔòÉÔòÉÔòÉÔòÉÔòÉÔòÉÔòÉÔòÉÔòÉÔòÉÔòÉÔòÉÔòÉÔòÉÔòÉÔòÉÔòÉÔòÉÔòÉÔòÉÔòÉÔòÉÔòÉÔòÉÔòÉÔòÉÔòÉÔòÉÔòÉÔòÉÔòÉÔòÉÔòÉÔòÉÔòÉÔòÉÔòÉÔòÉÔòÉÔòÉÔòÉÔòÉÔòÉÔòÉÔòÉÔòÉÔòÉÔòÉÔòÉÔòÉÔòÉÔòÉÔòÉÔòÉÔòÉÔòÉÔòÉÔòÉÔòÉÔòÉÔòÉÔòÉÔòÉÔòÉÔòÉÔòÉÔòÉÔòÉÔòÉÔòÉÔòÉÔòÉÔòØ


[1A[2K[368/580] [chromium] ÔÇ║ src\tests\e2e\moderation.spec.ts:13:5 ÔÇ║ Moderation ÔÇ║ debe testear moderaci├│n 6
[1A[2K  368) [chromium] ÔÇ║ src\tests\e2e\moderation.spec.ts:13:5 ÔÇ║ Moderation ÔÇ║ debe testear moderaci├│n 6 ÔöÇ

    Error: browserType.launch: Executable doesn't exist at C:\Users\conej\AppData\Local\ms-playwright\chromium_headless_shell-1200\chrome-headless-shell-win64\chrome-headless-shell.exe
    ÔòöÔòÉÔòÉÔòÉÔòÉÔòÉÔòÉÔòÉÔòÉÔòÉÔòÉÔòÉÔòÉÔòÉÔòÉÔòÉÔòÉÔòÉÔòÉÔòÉÔòÉÔòÉÔòÉÔòÉÔòÉÔòÉÔòÉÔòÉÔòÉÔòÉÔòÉÔòÉÔòÉÔòÉÔòÉÔòÉÔòÉÔòÉÔòÉÔòÉÔòÉÔòÉÔòÉÔòÉÔòÉÔòÉÔòÉÔòÉÔòÉÔòÉÔòÉÔòÉÔòÉÔòÉÔòÉÔòÉÔòÉÔòÉÔòÉÔòÉÔòÉÔòÉÔòÉÔòÉÔòÉÔòÉÔòÉÔòÉÔòÉÔòÉÔòÉÔòÉÔòÉÔòÉÔòù
    Ôòæ Looks like Playwright Test or Playwright was just installed or updated. Ôòæ
    Ôòæ Please run the following command to download new browsers:              Ôòæ
    Ôòæ                                                                         Ôòæ
    Ôòæ     npx playwright install                                              Ôòæ
    Ôòæ                                                                         Ôòæ
    Ôòæ <3 Playwright Team                                                      Ôòæ
    ÔòÜÔòÉÔòÉÔòÉÔòÉÔòÉÔòÉÔòÉÔòÉÔòÉÔòÉÔòÉÔòÉÔòÉÔòÉÔòÉÔòÉÔòÉÔòÉÔòÉÔòÉÔòÉÔòÉÔòÉÔòÉÔòÉÔòÉÔòÉÔòÉÔòÉÔòÉÔòÉÔòÉÔòÉÔòÉÔòÉÔòÉÔòÉÔòÉÔòÉÔòÉÔòÉÔòÉÔòÉÔòÉÔòÉÔòÉÔòÉÔòÉÔòÉÔòÉÔòÉÔòÉÔòÉÔòÉÔòÉÔòÉÔòÉÔòÉÔòÉÔòÉÔòÉÔòÉÔòÉÔòÉÔòÉÔòÉÔòÉÔòÉÔòÉÔòÉÔòÉÔòÉÔòÉÔòØ


[1A[2K[369/580] [chromium] ÔÇ║ src\tests\e2e\moderation.spec.ts:13:5 ÔÇ║ Moderation ÔÇ║ debe testear moderaci├│n 7
[1A[2K[370/580] [chromium] ÔÇ║ src\tests\e2e\moderation.spec.ts:13:5 ÔÇ║ Moderation ÔÇ║ debe testear moderaci├│n 8
[1A[2K[371/580] [chromium] ÔÇ║ src\tests\e2e\moderation.spec.ts:13:5 ÔÇ║ Moderation ÔÇ║ debe testear moderaci├│n 9
[1A[2K  369) [chromium] ÔÇ║ src\tests\e2e\moderation.spec.ts:13:5 ÔÇ║ Moderation ÔÇ║ debe testear moderaci├│n 7 ÔöÇ

    Error: browserType.launch: Executable doesn't exist at C:\Users\conej\AppData\Local\ms-playwright\chromium_headless_shell-1200\chrome-headless-shell-win64\chrome-headless-shell.exe
    ÔòöÔòÉÔòÉÔòÉÔòÉÔòÉÔòÉÔòÉÔòÉÔòÉÔòÉÔòÉÔòÉÔòÉÔòÉÔòÉÔòÉÔòÉÔòÉÔòÉÔòÉÔòÉÔòÉÔòÉÔòÉÔòÉÔòÉÔòÉÔòÉÔòÉÔòÉÔòÉÔòÉÔòÉÔòÉÔòÉÔòÉÔòÉÔòÉÔòÉÔòÉÔòÉÔòÉÔòÉÔòÉÔòÉÔòÉÔòÉÔòÉÔòÉÔòÉÔòÉÔòÉÔòÉÔòÉÔòÉÔòÉÔòÉÔòÉÔòÉÔòÉÔòÉÔòÉÔòÉÔòÉÔòÉÔòÉÔòÉÔòÉÔòÉÔòÉÔòÉÔòÉÔòÉÔòù
    Ôòæ Looks like Playwright Test or Playwright was just installed or updated. Ôòæ
    Ôòæ Please run the following command to download new browsers:              Ôòæ
    Ôòæ                                                                         Ôòæ
    Ôòæ     npx playwright install                                              Ôòæ
    Ôòæ                                                                         Ôòæ
    Ôòæ <3 Playwright Team                                                      Ôòæ
    ÔòÜÔòÉÔòÉÔòÉÔòÉÔòÉÔòÉÔòÉÔòÉÔòÉÔòÉÔòÉÔòÉÔòÉÔòÉÔòÉÔòÉÔòÉÔòÉÔòÉÔòÉÔòÉÔòÉÔòÉÔòÉÔòÉÔòÉÔòÉÔòÉÔòÉÔòÉÔòÉÔòÉÔòÉÔòÉÔòÉÔòÉÔòÉÔòÉÔòÉÔòÉÔòÉÔòÉÔòÉÔòÉÔòÉÔòÉÔòÉÔòÉÔòÉÔòÉÔòÉÔòÉÔòÉÔòÉÔòÉÔòÉÔòÉÔòÉÔòÉÔòÉÔòÉÔòÉÔòÉÔòÉÔòÉÔòÉÔòÉÔòÉÔòÉÔòÉÔòÉÔòÉÔòÉÔòØ


[1A[2K  370) [chromium] ÔÇ║ src\tests\e2e\moderation.spec.ts:13:5 ÔÇ║ Moderation ÔÇ║ debe testear moderaci├│n 8 ÔöÇ

    Error: browserType.launch: Executable doesn't exist at C:\Users\conej\AppData\Local\ms-playwright\chromium_headless_shell-1200\chrome-headless-shell-win64\chrome-headless-shell.exe
    ÔòöÔòÉÔòÉÔòÉÔòÉÔòÉÔòÉÔòÉÔòÉÔòÉÔòÉÔòÉÔòÉÔòÉÔòÉÔòÉÔòÉÔòÉÔòÉÔòÉÔòÉÔòÉÔòÉÔòÉÔòÉÔòÉÔòÉÔòÉÔòÉÔòÉÔòÉÔòÉÔòÉÔòÉÔòÉÔòÉÔòÉÔòÉÔòÉÔòÉÔòÉÔòÉÔòÉÔòÉÔòÉÔòÉÔòÉÔòÉÔòÉÔòÉÔòÉÔòÉÔòÉÔòÉÔòÉÔòÉÔòÉÔòÉÔòÉÔòÉÔòÉÔòÉÔòÉÔòÉÔòÉÔòÉÔòÉÔòÉÔòÉÔòÉÔòÉÔòÉÔòÉÔòÉÔòù
    Ôòæ Looks like Playwright Test or Playwright was just installed or updated. Ôòæ
    Ôòæ Please run the following command to download new browsers:              Ôòæ
    Ôòæ                                                                         Ôòæ
    Ôòæ     npx playwright install                                              Ôòæ
    Ôòæ                                                                         Ôòæ
    Ôòæ <3 Playwright Team                                                      Ôòæ
    ÔòÜÔòÉÔòÉÔòÉÔòÉÔòÉÔòÉÔòÉÔòÉÔòÉÔòÉÔòÉÔòÉÔòÉÔòÉÔòÉÔòÉÔòÉÔòÉÔòÉÔòÉÔòÉÔòÉÔòÉÔòÉÔòÉÔòÉÔòÉÔòÉÔòÉÔòÉÔòÉÔòÉÔòÉÔòÉÔòÉÔòÉÔòÉÔòÉÔòÉÔòÉÔòÉÔòÉÔòÉÔòÉÔòÉÔòÉÔòÉÔòÉÔòÉÔòÉÔòÉÔòÉÔòÉÔòÉÔòÉÔòÉÔòÉÔòÉÔòÉÔòÉÔòÉÔòÉÔòÉÔòÉÔòÉÔòÉÔòÉÔòÉÔòÉÔòÉÔòÉÔòÉÔòÉÔòØ


[1A[2K  371) [chromium] ÔÇ║ src\tests\e2e\moderation.spec.ts:13:5 ÔÇ║ Moderation ÔÇ║ debe testear moderaci├│n 9 ÔöÇ

    Error: browserType.launch: Executable doesn't exist at C:\Users\conej\AppData\Local\ms-playwright\chromium_headless_shell-1200\chrome-headless-shell-win64\chrome-headless-shell.exe
    ÔòöÔòÉÔòÉÔòÉÔòÉÔòÉÔòÉÔòÉÔòÉÔòÉÔòÉÔòÉÔòÉÔòÉÔòÉÔòÉÔòÉÔòÉÔòÉÔòÉÔòÉÔòÉÔòÉÔòÉÔòÉÔòÉÔòÉÔòÉÔòÉÔòÉÔòÉÔòÉÔòÉÔòÉÔòÉÔòÉÔòÉÔòÉÔòÉÔòÉÔòÉÔòÉÔòÉÔòÉÔòÉÔòÉÔòÉÔòÉÔòÉÔòÉÔòÉÔòÉÔòÉÔòÉÔòÉÔòÉÔòÉÔòÉÔòÉÔòÉÔòÉÔòÉÔòÉÔòÉÔòÉÔòÉÔòÉÔòÉÔòÉÔòÉÔòÉÔòÉÔòÉÔòÉÔòù
    Ôòæ Looks like Playwright Test or Playwright was just installed or updated. Ôòæ
    Ôòæ Please run the following command to download new browsers:              Ôòæ
    Ôòæ                                                                         Ôòæ
    Ôòæ     npx playwright install                                              Ôòæ
    Ôòæ                                                                         Ôòæ
    Ôòæ <3 Playwright Team                                                      Ôòæ
    ÔòÜÔòÉÔòÉÔòÉÔòÉÔòÉÔòÉÔòÉÔòÉÔòÉÔòÉÔòÉÔòÉÔòÉÔòÉÔòÉÔòÉÔòÉÔòÉÔòÉÔòÉÔòÉÔòÉÔòÉÔòÉÔòÉÔòÉÔòÉÔòÉÔòÉÔòÉÔòÉÔòÉÔòÉÔòÉÔòÉÔòÉÔòÉÔòÉÔòÉÔòÉÔòÉÔòÉÔòÉÔòÉÔòÉÔòÉÔòÉÔòÉÔòÉÔòÉÔòÉÔòÉÔòÉÔòÉÔòÉÔòÉÔòÉÔòÉÔòÉÔòÉÔòÉÔòÉÔòÉÔòÉÔòÉÔòÉÔòÉÔòÉÔòÉÔòÉÔòÉÔòÉÔòÉÔòØ


[1A[2K[372/580] [chromium] ÔÇ║ src\tests\e2e\moderation.spec.ts:13:5 ÔÇ║ Moderation ÔÇ║ debe testear moderaci├│n 10
[1A[2K  372) [chromium] ÔÇ║ src\tests\e2e\moderation.spec.ts:13:5 ÔÇ║ Moderation ÔÇ║ debe testear moderaci├│n 10 

    Error: browserType.launch: Executable doesn't exist at C:\Users\conej\AppData\Local\ms-playwright\chromium_headless_shell-1200\chrome-headless-shell-win64\chrome-headless-shell.exe
    ÔòöÔòÉÔòÉÔòÉÔòÉÔòÉÔòÉÔòÉÔòÉÔòÉÔòÉÔòÉÔòÉÔòÉÔòÉÔòÉÔòÉÔòÉÔòÉÔòÉÔòÉÔòÉÔòÉÔòÉÔòÉÔòÉÔòÉÔòÉÔòÉÔòÉÔòÉÔòÉÔòÉÔòÉÔòÉÔòÉÔòÉÔòÉÔòÉÔòÉÔòÉÔòÉÔòÉÔòÉÔòÉÔòÉÔòÉÔòÉÔòÉÔòÉÔòÉÔòÉÔòÉÔòÉÔòÉÔòÉÔòÉÔòÉÔòÉÔòÉÔòÉÔòÉÔòÉÔòÉÔòÉÔòÉÔòÉÔòÉÔòÉÔòÉÔòÉÔòÉÔòÉÔòÉÔòù
    Ôòæ Looks like Playwright Test or Playwright was just installed or updated. Ôòæ
    Ôòæ Please run the following command to download new browsers:              Ôòæ
    Ôòæ                                                                         Ôòæ
    Ôòæ     npx playwright install                                              Ôòæ
    Ôòæ                                                                         Ôòæ
    Ôòæ <3 Playwright Team                                                      Ôòæ
    ÔòÜÔòÉÔòÉÔòÉÔòÉÔòÉÔòÉÔòÉÔòÉÔòÉÔòÉÔòÉÔòÉÔòÉÔòÉÔòÉÔòÉÔòÉÔòÉÔòÉÔòÉÔòÉÔòÉÔòÉÔòÉÔòÉÔòÉÔòÉÔòÉÔòÉÔòÉÔòÉÔòÉÔòÉÔòÉÔòÉÔòÉÔòÉÔòÉÔòÉÔòÉÔòÉÔòÉÔòÉÔòÉÔòÉÔòÉÔòÉÔòÉÔòÉÔòÉÔòÉÔòÉÔòÉÔòÉÔòÉÔòÉÔòÉÔòÉÔòÉÔòÉÔòÉÔòÉÔòÉÔòÉÔòÉÔòÉÔòÉÔòÉÔòÉÔòÉÔòÉÔòÉÔòÉÔòØ


[1A[2K[373/580] [chromium] ÔÇ║ src\tests\e2e\moderation.spec.ts:13:5 ÔÇ║ Moderation ÔÇ║ debe testear moderaci├│n 12
[1A[2K[374/580] [chromium] ÔÇ║ src\tests\e2e\moderation.spec.ts:13:5 ÔÇ║ Moderation ÔÇ║ debe testear moderaci├│n 11
[1A[2K  373) [chromium] ÔÇ║ src\tests\e2e\moderation.spec.ts:13:5 ÔÇ║ Moderation ÔÇ║ debe testear moderaci├│n 12 

    Error: browserType.launch: Executable doesn't exist at C:\Users\conej\AppData\Local\ms-playwright\chromium_headless_shell-1200\chrome-headless-shell-win64\chrome-headless-shell.exe
    ÔòöÔòÉÔòÉÔòÉÔòÉÔòÉÔòÉÔòÉÔòÉÔòÉÔòÉÔòÉÔòÉÔòÉÔòÉÔòÉÔòÉÔòÉÔòÉÔòÉÔòÉÔòÉÔòÉÔòÉÔòÉÔòÉÔòÉÔòÉÔòÉÔòÉÔòÉÔòÉÔòÉÔòÉÔòÉÔòÉÔòÉÔòÉÔòÉÔòÉÔòÉÔòÉÔòÉÔòÉÔòÉÔòÉÔòÉÔòÉÔòÉÔòÉÔòÉÔòÉÔòÉÔòÉÔòÉÔòÉÔòÉÔòÉÔòÉÔòÉÔòÉÔòÉÔòÉÔòÉÔòÉÔòÉÔòÉÔòÉÔòÉÔòÉÔòÉÔòÉÔòÉÔòÉÔòù
    Ôòæ Looks like Playwright Test or Playwright was just installed or updated. Ôòæ
    Ôòæ Please run the following command to download new browsers:              Ôòæ
    Ôòæ                                                                         Ôòæ
    Ôòæ     npx playwright install                                              Ôòæ
    Ôòæ                                                                         Ôòæ
    Ôòæ <3 Playwright Team                                                      Ôòæ
    ÔòÜÔòÉÔòÉÔòÉÔòÉÔòÉÔòÉÔòÉÔòÉÔòÉÔòÉÔòÉÔòÉÔòÉÔòÉÔòÉÔòÉÔòÉÔòÉÔòÉÔòÉÔòÉÔòÉÔòÉÔòÉÔòÉÔòÉÔòÉÔòÉÔòÉÔòÉÔòÉÔòÉÔòÉÔòÉÔòÉÔòÉÔòÉÔòÉÔòÉÔòÉÔòÉÔòÉÔòÉÔòÉÔòÉÔòÉÔòÉÔòÉÔòÉÔòÉÔòÉÔòÉÔòÉÔòÉÔòÉÔòÉÔòÉÔòÉÔòÉÔòÉÔòÉÔòÉÔòÉÔòÉÔòÉÔòÉÔòÉÔòÉÔòÉÔòÉÔòÉÔòÉÔòÉÔòØ


[1A[2K  374) [chromium] ÔÇ║ src\tests\e2e\moderation.spec.ts:13:5 ÔÇ║ Moderation ÔÇ║ debe testear moderaci├│n 11 

    Error: browserType.launch: Executable doesn't exist at C:\Users\conej\AppData\Local\ms-playwright\chromium_headless_shell-1200\chrome-headless-shell-win64\chrome-headless-shell.exe
    ÔòöÔòÉÔòÉÔòÉÔòÉÔòÉÔòÉÔòÉÔòÉÔòÉÔòÉÔòÉÔòÉÔòÉÔòÉÔòÉÔòÉÔòÉÔòÉÔòÉÔòÉÔòÉÔòÉÔòÉÔòÉÔòÉÔòÉÔòÉÔòÉÔòÉÔòÉÔòÉÔòÉÔòÉÔòÉÔòÉÔòÉÔòÉÔòÉÔòÉÔòÉÔòÉÔòÉÔòÉÔòÉÔòÉÔòÉÔòÉÔòÉÔòÉÔòÉÔòÉÔòÉÔòÉÔòÉÔòÉÔòÉÔòÉÔòÉÔòÉÔòÉÔòÉÔòÉÔòÉÔòÉÔòÉÔòÉÔòÉÔòÉÔòÉÔòÉÔòÉÔòÉÔòÉÔòù
    Ôòæ Looks like Playwright Test or Playwright was just installed or updated. Ôòæ
    Ôòæ Please run the following command to download new browsers:              Ôòæ
    Ôòæ                                                                         Ôòæ
    Ôòæ     npx playwright install                                              Ôòæ
    Ôòæ                                                                         Ôòæ
    Ôòæ <3 Playwright Team                                                      Ôòæ
    ÔòÜÔòÉÔòÉÔòÉÔòÉÔòÉÔòÉÔòÉÔòÉÔòÉÔòÉÔòÉÔòÉÔòÉÔòÉÔòÉÔòÉÔòÉÔòÉÔòÉÔòÉÔòÉÔòÉÔòÉÔòÉÔòÉÔòÉÔòÉÔòÉÔòÉÔòÉÔòÉÔòÉÔòÉÔòÉÔòÉÔòÉÔòÉÔòÉÔòÉÔòÉÔòÉÔòÉÔòÉÔòÉÔòÉÔòÉÔòÉÔòÉÔòÉÔòÉÔòÉÔòÉÔòÉÔòÉÔòÉÔòÉÔòÉÔòÉÔòÉÔòÉÔòÉÔòÉÔòÉÔòÉÔòÉÔòÉÔòÉÔòÉÔòÉÔòÉÔòÉÔòÉÔòÉÔòØ


[1A[2K[375/580] [chromium] ÔÇ║ src\tests\e2e\moderation.spec.ts:13:5 ÔÇ║ Moderation ÔÇ║ debe testear moderaci├│n 13
[1A[2K  375) [chromium] ÔÇ║ src\tests\e2e\moderation.spec.ts:13:5 ÔÇ║ Moderation ÔÇ║ debe testear moderaci├│n 13 

    Error: browserType.launch: Executable doesn't exist at C:\Users\conej\AppData\Local\ms-playwright\chromium_headless_shell-1200\chrome-headless-shell-win64\chrome-headless-shell.exe
    ÔòöÔòÉÔòÉÔòÉÔòÉÔòÉÔòÉÔòÉÔòÉÔòÉÔòÉÔòÉÔòÉÔòÉÔòÉÔòÉÔòÉÔòÉÔòÉÔòÉÔòÉÔòÉÔòÉÔòÉÔòÉÔòÉÔòÉÔòÉÔòÉÔòÉÔòÉÔòÉÔòÉÔòÉÔòÉÔòÉÔòÉÔòÉÔòÉÔòÉÔòÉÔòÉÔòÉÔòÉÔòÉÔòÉÔòÉÔòÉÔòÉÔòÉÔòÉÔòÉÔòÉÔòÉÔòÉÔòÉÔòÉÔòÉÔòÉÔòÉÔòÉÔòÉÔòÉÔòÉÔòÉÔòÉÔòÉÔòÉÔòÉÔòÉÔòÉÔòÉÔòÉÔòÉÔòù
    Ôòæ Looks like Playwright Test or Playwright was just installed or updated. Ôòæ
    Ôòæ Please run the following command to download new browsers:              Ôòæ
    Ôòæ                                                                         Ôòæ
    Ôòæ     npx playwright install                                              Ôòæ
    Ôòæ                                                                         Ôòæ
    Ôòæ <3 Playwright Team                                                      Ôòæ
    ÔòÜÔòÉÔòÉÔòÉÔòÉÔòÉÔòÉÔòÉÔòÉÔòÉÔòÉÔòÉÔòÉÔòÉÔòÉÔòÉÔòÉÔòÉÔòÉÔòÉÔòÉÔòÉÔòÉÔòÉÔòÉÔòÉÔòÉÔòÉÔòÉÔòÉÔòÉÔòÉÔòÉÔòÉÔòÉÔòÉÔòÉÔòÉÔòÉÔòÉÔòÉÔòÉÔòÉÔòÉÔòÉÔòÉÔòÉÔòÉÔòÉÔòÉÔòÉÔòÉÔòÉÔòÉÔòÉÔòÉÔòÉÔòÉÔòÉÔòÉÔòÉÔòÉÔòÉÔòÉÔòÉÔòÉÔòÉÔòÉÔòÉÔòÉÔòÉÔòÉÔòÉÔòÉÔòØ


[1A[2K[376/580] [chromium] ÔÇ║ src\tests\e2e\moderation.spec.ts:13:5 ÔÇ║ Moderation ÔÇ║ debe testear moderaci├│n 14
[1A[2K  376) [chromium] ÔÇ║ src\tests\e2e\moderation.spec.ts:13:5 ÔÇ║ Moderation ÔÇ║ debe testear moderaci├│n 14 

    Error: browserType.launch: Executable doesn't exist at C:\Users\conej\AppData\Local\ms-playwright\chromium_headless_shell-1200\chrome-headless-shell-win64\chrome-headless-shell.exe
    ÔòöÔòÉÔòÉÔòÉÔòÉÔòÉÔòÉÔòÉÔòÉÔòÉÔòÉÔòÉÔòÉÔòÉÔòÉÔòÉÔòÉÔòÉÔòÉÔòÉÔòÉÔòÉÔòÉÔòÉÔòÉÔòÉÔòÉÔòÉÔòÉÔòÉÔòÉÔòÉÔòÉÔòÉÔòÉÔòÉÔòÉÔòÉÔòÉÔòÉÔòÉÔòÉÔòÉÔòÉÔòÉÔòÉÔòÉÔòÉÔòÉÔòÉÔòÉÔòÉÔòÉÔòÉÔòÉÔòÉÔòÉÔòÉÔòÉÔòÉÔòÉÔòÉÔòÉÔòÉÔòÉÔòÉÔòÉÔòÉÔòÉÔòÉÔòÉÔòÉÔòÉÔòÉÔòù
    Ôòæ Looks like Playwright Test or Playwright was just installed or updated. Ôòæ
    Ôòæ Please run the following command to download new browsers:              Ôòæ
    Ôòæ                                                                         Ôòæ
    Ôòæ     npx playwright install                                              Ôòæ
    Ôòæ                                                                         Ôòæ
    Ôòæ <3 Playwright Team                                                      Ôòæ
    ÔòÜÔòÉÔòÉÔòÉÔòÉÔòÉÔòÉÔòÉÔòÉÔòÉÔòÉÔòÉÔòÉÔòÉÔòÉÔòÉÔòÉÔòÉÔòÉÔòÉÔòÉÔòÉÔòÉÔòÉÔòÉÔòÉÔòÉÔòÉÔòÉÔòÉÔòÉÔòÉÔòÉÔòÉÔòÉÔòÉÔòÉÔòÉÔòÉÔòÉÔòÉÔòÉÔòÉÔòÉÔòÉÔòÉÔòÉÔòÉÔòÉÔòÉÔòÉÔòÉÔòÉÔòÉÔòÉÔòÉÔòÉÔòÉÔòÉÔòÉÔòÉÔòÉÔòÉÔòÉÔòÉÔòÉÔòÉÔòÉÔòÉÔòÉÔòÉÔòÉÔòÉÔòÉÔòØ


[1A[2K[377/580] [chromium] ÔÇ║ src\tests\e2e\moderation.spec.ts:13:5 ÔÇ║ Moderation ÔÇ║ debe testear moderaci├│n 15
[1A[2K[378/580] [chromium] ÔÇ║ src\tests\e2e\moderation.spec.ts:13:5 ÔÇ║ Moderation ÔÇ║ debe testear moderaci├│n 16
[1A[2K[379/580] [chromium] ÔÇ║ src\tests\e2e\moderation.spec.ts:13:5 ÔÇ║ Moderation ÔÇ║ debe testear moderaci├│n 17
[1A[2K  377) [chromium] ÔÇ║ src\tests\e2e\moderation.spec.ts:13:5 ÔÇ║ Moderation ÔÇ║ debe testear moderaci├│n 15 

    Error: browserType.launch: Executable doesn't exist at C:\Users\conej\AppData\Local\ms-playwright\chromium_headless_shell-1200\chrome-headless-shell-win64\chrome-headless-shell.exe
    ÔòöÔòÉÔòÉÔòÉÔòÉÔòÉÔòÉÔòÉÔòÉÔòÉÔòÉÔòÉÔòÉÔòÉÔòÉÔòÉÔòÉÔòÉÔòÉÔòÉÔòÉÔòÉÔòÉÔòÉÔòÉÔòÉÔòÉÔòÉÔòÉÔòÉÔòÉÔòÉÔòÉÔòÉÔòÉÔòÉÔòÉÔòÉÔòÉÔòÉÔòÉÔòÉÔòÉÔòÉÔòÉÔòÉÔòÉÔòÉÔòÉÔòÉÔòÉÔòÉÔòÉÔòÉÔòÉÔòÉÔòÉÔòÉÔòÉÔòÉÔòÉÔòÉÔòÉÔòÉÔòÉÔòÉÔòÉÔòÉÔòÉÔòÉÔòÉÔòÉÔòÉÔòÉÔòù
    Ôòæ Looks like Playwright Test or Playwright was just installed or updated. Ôòæ
    Ôòæ Please run the following command to download new browsers:              Ôòæ
    Ôòæ                                                                         Ôòæ
    Ôòæ     npx playwright install                                              Ôòæ
    Ôòæ                                                                         Ôòæ
    Ôòæ <3 Playwright Team                                                      Ôòæ
    ÔòÜÔòÉÔòÉÔòÉÔòÉÔòÉÔòÉÔòÉÔòÉÔòÉÔòÉÔòÉÔòÉÔòÉÔòÉÔòÉÔòÉÔòÉÔòÉÔòÉÔòÉÔòÉÔòÉÔòÉÔòÉÔòÉÔòÉÔòÉÔòÉÔòÉÔòÉÔòÉÔòÉÔòÉÔòÉÔòÉÔòÉÔòÉÔòÉÔòÉÔòÉÔòÉÔòÉÔòÉÔòÉÔòÉÔòÉÔòÉÔòÉÔòÉÔòÉÔòÉÔòÉÔòÉÔòÉÔòÉÔòÉÔòÉÔòÉÔòÉÔòÉÔòÉÔòÉÔòÉÔòÉÔòÉÔòÉÔòÉÔòÉÔòÉÔòÉÔòÉÔòÉÔòÉÔòØ


[1A[2K  378) [chromium] ÔÇ║ src\tests\e2e\moderation.spec.ts:13:5 ÔÇ║ Moderation ÔÇ║ debe testear moderaci├│n 17 

    Error: browserType.launch: Executable doesn't exist at C:\Users\conej\AppData\Local\ms-playwright\chromium_headless_shell-1200\chrome-headless-shell-win64\chrome-headless-shell.exe
    ÔòöÔòÉÔòÉÔòÉÔòÉÔòÉÔòÉÔòÉÔòÉÔòÉÔòÉÔòÉÔòÉÔòÉÔòÉÔòÉÔòÉÔòÉÔòÉÔòÉÔòÉÔòÉÔòÉÔòÉÔòÉÔòÉÔòÉÔòÉÔòÉÔòÉÔòÉÔòÉÔòÉÔòÉÔòÉÔòÉÔòÉÔòÉÔòÉÔòÉÔòÉÔòÉÔòÉÔòÉÔòÉÔòÉÔòÉÔòÉÔòÉÔòÉÔòÉÔòÉÔòÉÔòÉÔòÉÔòÉÔòÉÔòÉÔòÉÔòÉÔòÉÔòÉÔòÉÔòÉÔòÉÔòÉÔòÉÔòÉÔòÉÔòÉÔòÉÔòÉÔòÉÔòÉÔòù
    Ôòæ Looks like Playwright Test or Playwright was just installed or updated. Ôòæ
    Ôòæ Please run the following command to download new browsers:              Ôòæ
    Ôòæ                                                                         Ôòæ
    Ôòæ     npx playwright install                                              Ôòæ
    Ôòæ                                                                         Ôòæ
    Ôòæ <3 Playwright Team                                                      Ôòæ
    ÔòÜÔòÉÔòÉÔòÉÔòÉÔòÉÔòÉÔòÉÔòÉÔòÉÔòÉÔòÉÔòÉÔòÉÔòÉÔòÉÔòÉÔòÉÔòÉÔòÉÔòÉÔòÉÔòÉÔòÉÔòÉÔòÉÔòÉÔòÉÔòÉÔòÉÔòÉÔòÉÔòÉÔòÉÔòÉÔòÉÔòÉÔòÉÔòÉÔòÉÔòÉÔòÉÔòÉÔòÉÔòÉÔòÉÔòÉÔòÉÔòÉÔòÉÔòÉÔòÉÔòÉÔòÉÔòÉÔòÉÔòÉÔòÉÔòÉÔòÉÔòÉÔòÉÔòÉÔòÉÔòÉÔòÉÔòÉÔòÉÔòÉÔòÉÔòÉÔòÉÔòÉÔòÉÔòØ


[1A[2K  379) [chromium] ÔÇ║ src\tests\e2e\moderation.spec.ts:13:5 ÔÇ║ Moderation ÔÇ║ debe testear moderaci├│n 16 

    Error: browserType.launch: Executable doesn't exist at C:\Users\conej\AppData\Local\ms-playwright\chromium_headless_shell-1200\chrome-headless-shell-win64\chrome-headless-shell.exe
    ÔòöÔòÉÔòÉÔòÉÔòÉÔòÉÔòÉÔòÉÔòÉÔòÉÔòÉÔòÉÔòÉÔòÉÔòÉÔòÉÔòÉÔòÉÔòÉÔòÉÔòÉÔòÉÔòÉÔòÉÔòÉÔòÉÔòÉÔòÉÔòÉÔòÉÔòÉÔòÉÔòÉÔòÉÔòÉÔòÉÔòÉÔòÉÔòÉÔòÉÔòÉÔòÉÔòÉÔòÉÔòÉÔòÉÔòÉÔòÉÔòÉÔòÉÔòÉÔòÉÔòÉÔòÉÔòÉÔòÉÔòÉÔòÉÔòÉÔòÉÔòÉÔòÉÔòÉÔòÉÔòÉÔòÉÔòÉÔòÉÔòÉÔòÉÔòÉÔòÉÔòÉÔòÉÔòù
    Ôòæ Looks like Playwright Test or Playwright was just installed or updated. Ôòæ
    Ôòæ Please run the following command to download new browsers:              Ôòæ
    Ôòæ                                                                         Ôòæ
    Ôòæ     npx playwright install                                              Ôòæ
    Ôòæ                                                                         Ôòæ
    Ôòæ <3 Playwright Team                                                      Ôòæ
    ÔòÜÔòÉÔòÉÔòÉÔòÉÔòÉÔòÉÔòÉÔòÉÔòÉÔòÉÔòÉÔòÉÔòÉÔòÉÔòÉÔòÉÔòÉÔòÉÔòÉÔòÉÔòÉÔòÉÔòÉÔòÉÔòÉÔòÉÔòÉÔòÉÔòÉÔòÉÔòÉÔòÉÔòÉÔòÉÔòÉÔòÉÔòÉÔòÉÔòÉÔòÉÔòÉÔòÉÔòÉÔòÉÔòÉÔòÉÔòÉÔòÉÔòÉÔòÉÔòÉÔòÉÔòÉÔòÉÔòÉÔòÉÔòÉÔòÉÔòÉÔòÉÔòÉÔòÉÔòÉÔòÉÔòÉÔòÉÔòÉÔòÉÔòÉÔòÉÔòÉÔòÉÔòÉÔòØ


[1A[2K[380/580] [chromium] ÔÇ║ src\tests\e2e\moderation.spec.ts:13:5 ÔÇ║ Moderation ÔÇ║ debe testear moderaci├│n 18
[1A[2K  380) [chromium] ÔÇ║ src\tests\e2e\moderation.spec.ts:13:5 ÔÇ║ Moderation ÔÇ║ debe testear moderaci├│n 18 

    Error: browserType.launch: Executable doesn't exist at C:\Users\conej\AppData\Local\ms-playwright\chromium_headless_shell-1200\chrome-headless-shell-win64\chrome-headless-shell.exe
    ÔòöÔòÉÔòÉÔòÉÔòÉÔòÉÔòÉÔòÉÔòÉÔòÉÔòÉÔòÉÔòÉÔòÉÔòÉÔòÉÔòÉÔòÉÔòÉÔòÉÔòÉÔòÉÔòÉÔòÉÔòÉÔòÉÔòÉÔòÉÔòÉÔòÉÔòÉÔòÉÔòÉÔòÉÔòÉÔòÉÔòÉÔòÉÔòÉÔòÉÔòÉÔòÉÔòÉÔòÉÔòÉÔòÉÔòÉÔòÉÔòÉÔòÉÔòÉÔòÉÔòÉÔòÉÔòÉÔòÉÔòÉÔòÉÔòÉÔòÉÔòÉÔòÉÔòÉÔòÉÔòÉÔòÉÔòÉÔòÉÔòÉÔòÉÔòÉÔòÉÔòÉÔòÉÔòù
    Ôòæ Looks like Playwright Test or Playwright was just installed or updated. Ôòæ
    Ôòæ Please run the following command to download new browsers:              Ôòæ
    Ôòæ                                                                         Ôòæ
    Ôòæ     npx playwright install                                              Ôòæ
    Ôòæ                                                                         Ôòæ
    Ôòæ <3 Playwright Team                                                      Ôòæ
    ÔòÜÔòÉÔòÉÔòÉÔòÉÔòÉÔòÉÔòÉÔòÉÔòÉÔòÉÔòÉÔòÉÔòÉÔòÉÔòÉÔòÉÔòÉÔòÉÔòÉÔòÉÔòÉÔòÉÔòÉÔòÉÔòÉÔòÉÔòÉÔòÉÔòÉÔòÉÔòÉÔòÉÔòÉÔòÉÔòÉÔòÉÔòÉÔòÉÔòÉÔòÉÔòÉÔòÉÔòÉÔòÉÔòÉÔòÉÔòÉÔòÉÔòÉÔòÉÔòÉÔòÉÔòÉÔòÉÔòÉÔòÉÔòÉÔòÉÔòÉÔòÉÔòÉÔòÉÔòÉÔòÉÔòÉÔòÉÔòÉÔòÉÔòÉÔòÉÔòÉÔòÉÔòÉÔòØ


[1A[2K[381/580] [chromium] ÔÇ║ src\tests\e2e\moderation.spec.ts:13:5 ÔÇ║ Moderation ÔÇ║ debe testear moderaci├│n 19
[1A[2K  381) [chromium] ÔÇ║ src\tests\e2e\moderation.spec.ts:13:5 ÔÇ║ Moderation ÔÇ║ debe testear moderaci├│n 19 

    Error: browserType.launch: Executable doesn't exist at C:\Users\conej\AppData\Local\ms-playwright\chromium_headless_shell-1200\chrome-headless-shell-win64\chrome-headless-shell.exe
    ÔòöÔòÉÔòÉÔòÉÔòÉÔòÉÔòÉÔòÉÔòÉÔòÉÔòÉÔòÉÔòÉÔòÉÔòÉÔòÉÔòÉÔòÉÔòÉÔòÉÔòÉÔòÉÔòÉÔòÉÔòÉÔòÉÔòÉÔòÉÔòÉÔòÉÔòÉÔòÉÔòÉÔòÉÔòÉÔòÉÔòÉÔòÉÔòÉÔòÉÔòÉÔòÉÔòÉÔòÉÔòÉÔòÉÔòÉÔòÉÔòÉÔòÉÔòÉÔòÉÔòÉÔòÉÔòÉÔòÉÔòÉÔòÉÔòÉÔòÉÔòÉÔòÉÔòÉÔòÉÔòÉÔòÉÔòÉÔòÉÔòÉÔòÉÔòÉÔòÉÔòÉÔòÉÔòù
    Ôòæ Looks like Playwright Test or Playwright was just installed or updated. Ôòæ
    Ôòæ Please run the following command to download new browsers:              Ôòæ
    Ôòæ                                                                         Ôòæ
    Ôòæ     npx playwright install                                              Ôòæ
    Ôòæ                                                                         Ôòæ
    Ôòæ <3 Playwright Team                                                      Ôòæ
    ÔòÜÔòÉÔòÉÔòÉÔòÉÔòÉÔòÉÔòÉÔòÉÔòÉÔòÉÔòÉÔòÉÔòÉÔòÉÔòÉÔòÉÔòÉÔòÉÔòÉÔòÉÔòÉÔòÉÔòÉÔòÉÔòÉÔòÉÔòÉÔòÉÔòÉÔòÉÔòÉÔòÉÔòÉÔòÉÔòÉÔòÉÔòÉÔòÉÔòÉÔòÉÔòÉÔòÉÔòÉÔòÉÔòÉÔòÉÔòÉÔòÉÔòÉÔòÉÔòÉÔòÉÔòÉÔòÉÔòÉÔòÉÔòÉÔòÉÔòÉÔòÉÔòÉÔòÉÔòÉÔòÉÔòÉÔòÉÔòÉÔòÉÔòÉÔòÉÔòÉÔòÉÔòÉÔòØ


[1A[2K[382/580] [chromium] ÔÇ║ src\tests\e2e\moderation.spec.ts:13:5 ÔÇ║ Moderation ÔÇ║ debe testear moderaci├│n 20
[1A[2K  382) [chromium] ÔÇ║ src\tests\e2e\moderation.spec.ts:13:5 ÔÇ║ Moderation ÔÇ║ debe testear moderaci├│n 20 

    Error: browserType.launch: Executable doesn't exist at C:\Users\conej\AppData\Local\ms-playwright\chromium_headless_shell-1200\chrome-headless-shell-win64\chrome-headless-shell.exe
    ÔòöÔòÉÔòÉÔòÉÔòÉÔòÉÔòÉÔòÉÔòÉÔòÉÔòÉÔòÉÔòÉÔòÉÔòÉÔòÉÔòÉÔòÉÔòÉÔòÉÔòÉÔòÉÔòÉÔòÉÔòÉÔòÉÔòÉÔòÉÔòÉÔòÉÔòÉÔòÉÔòÉÔòÉÔòÉÔòÉÔòÉÔòÉÔòÉÔòÉÔòÉÔòÉÔòÉÔòÉÔòÉÔòÉÔòÉÔòÉÔòÉÔòÉÔòÉÔòÉÔòÉÔòÉÔòÉÔòÉÔòÉÔòÉÔòÉÔòÉÔòÉÔòÉÔòÉÔòÉÔòÉÔòÉÔòÉÔòÉÔòÉÔòÉÔòÉÔòÉÔòÉÔòÉÔòù
    Ôòæ Looks like Playwright Test or Playwright was just installed or updated. Ôòæ
    Ôòæ Please run the following command to download new browsers:              Ôòæ
    Ôòæ                                                                         Ôòæ
    Ôòæ     npx playwright install                                              Ôòæ
    Ôòæ                                                                         Ôòæ
    Ôòæ <3 Playwright Team                                                      Ôòæ
    ÔòÜÔòÉÔòÉÔòÉÔòÉÔòÉÔòÉÔòÉÔòÉÔòÉÔòÉÔòÉÔòÉÔòÉÔòÉÔòÉÔòÉÔòÉÔòÉÔòÉÔòÉÔòÉÔòÉÔòÉÔòÉÔòÉÔòÉÔòÉÔòÉÔòÉÔòÉÔòÉÔòÉÔòÉÔòÉÔòÉÔòÉÔòÉÔòÉÔòÉÔòÉÔòÉÔòÉÔòÉÔòÉÔòÉÔòÉÔòÉÔòÉÔòÉÔòÉÔòÉÔòÉÔòÉÔòÉÔòÉÔòÉÔòÉÔòÉÔòÉÔòÉÔòÉÔòÉÔòÉÔòÉÔòÉÔòÉÔòÉÔòÉÔòÉÔòÉÔòÉÔòÉÔòÉÔòØ


[1A[2K[383/580] [chromium] ÔÇ║ src\tests\e2e\moderation.spec.ts:13:5 ÔÇ║ Moderation ÔÇ║ debe testear moderaci├│n 21
[1A[2K  383) [chromium] ÔÇ║ src\tests\e2e\moderation.spec.ts:13:5 ÔÇ║ Moderation ÔÇ║ debe testear moderaci├│n 21 

    Error: browserType.launch: Executable doesn't exist at C:\Users\conej\AppData\Local\ms-playwright\chromium_headless_shell-1200\chrome-headless-shell-win64\chrome-headless-shell.exe
    ÔòöÔòÉÔòÉÔòÉÔòÉÔòÉÔòÉÔòÉÔòÉÔòÉÔòÉÔòÉÔòÉÔòÉÔòÉÔòÉÔòÉÔòÉÔòÉÔòÉÔòÉÔòÉÔòÉÔòÉÔòÉÔòÉÔòÉÔòÉÔòÉÔòÉÔòÉÔòÉÔòÉÔòÉÔòÉÔòÉÔòÉÔòÉÔòÉÔòÉÔòÉÔòÉÔòÉÔòÉÔòÉÔòÉÔòÉÔòÉÔòÉÔòÉÔòÉÔòÉÔòÉÔòÉÔòÉÔòÉÔòÉÔòÉÔòÉÔòÉÔòÉÔòÉÔòÉÔòÉÔòÉÔòÉÔòÉÔòÉÔòÉÔòÉÔòÉÔòÉÔòÉÔòÉÔòù
    Ôòæ Looks like Playwright Test or Playwright was just installed or updated. Ôòæ
    Ôòæ Please run the following command to download new browsers:              Ôòæ
    Ôòæ                                                                         Ôòæ
    Ôòæ     npx playwright install                                              Ôòæ
    Ôòæ                                                                         Ôòæ
    Ôòæ <3 Playwright Team                                                      Ôòæ
    ÔòÜÔòÉÔòÉÔòÉÔòÉÔòÉÔòÉÔòÉÔòÉÔòÉÔòÉÔòÉÔòÉÔòÉÔòÉÔòÉÔòÉÔòÉÔòÉÔòÉÔòÉÔòÉÔòÉÔòÉÔòÉÔòÉÔòÉÔòÉÔòÉÔòÉÔòÉÔòÉÔòÉÔòÉÔòÉÔòÉÔòÉÔòÉÔòÉÔòÉÔòÉÔòÉÔòÉÔòÉÔòÉÔòÉÔòÉÔòÉÔòÉÔòÉÔòÉÔòÉÔòÉÔòÉÔòÉÔòÉÔòÉÔòÉÔòÉÔòÉÔòÉÔòÉÔòÉÔòÉÔòÉÔòÉÔòÉÔòÉÔòÉÔòÉÔòÉÔòÉÔòÉÔòÉÔòØ


[1A[2K[384/580] [chromium] ÔÇ║ src\tests\e2e\moderation.spec.ts:13:5 ÔÇ║ Moderation ÔÇ║ debe testear moderaci├│n 22
[1A[2K[385/580] [chromium] ÔÇ║ src\tests\e2e\moderation.spec.ts:13:5 ÔÇ║ Moderation ÔÇ║ debe testear moderaci├│n 25
[1A[2K[386/580] [chromium] ÔÇ║ src\tests\e2e\moderation.spec.ts:13:5 ÔÇ║ Moderation ÔÇ║ debe testear moderaci├│n 23
[1A[2K[387/580] [chromium] ÔÇ║ src\tests\e2e\moderation.spec.ts:13:5 ÔÇ║ Moderation ÔÇ║ debe testear moderaci├│n 24
[1A[2K  384) [chromium] ÔÇ║ src\tests\e2e\moderation.spec.ts:13:5 ÔÇ║ Moderation ÔÇ║ debe testear moderaci├│n 22 

    Error: browserType.launch: Executable doesn't exist at C:\Users\conej\AppData\Local\ms-playwright\chromium_headless_shell-1200\chrome-headless-shell-win64\chrome-headless-shell.exe
    ÔòöÔòÉÔòÉÔòÉÔòÉÔòÉÔòÉÔòÉÔòÉÔòÉÔòÉÔòÉÔòÉÔòÉÔòÉÔòÉÔòÉÔòÉÔòÉÔòÉÔòÉÔòÉÔòÉÔòÉÔòÉÔòÉÔòÉÔòÉÔòÉÔòÉÔòÉÔòÉÔòÉÔòÉÔòÉÔòÉÔòÉÔòÉÔòÉÔòÉÔòÉÔòÉÔòÉÔòÉÔòÉÔòÉÔòÉÔòÉÔòÉÔòÉÔòÉÔòÉÔòÉÔòÉÔòÉÔòÉÔòÉÔòÉÔòÉÔòÉÔòÉÔòÉÔòÉÔòÉÔòÉÔòÉÔòÉÔòÉÔòÉÔòÉÔòÉÔòÉÔòÉÔòÉÔòù
    Ôòæ Looks like Playwright Test or Playwright was just installed or updated. Ôòæ
    Ôòæ Please run the following command to download new browsers:              Ôòæ
    Ôòæ                                                                         Ôòæ
    Ôòæ     npx playwright install                                              Ôòæ
    Ôòæ                                                                         Ôòæ
    Ôòæ <3 Playwright Team                                                      Ôòæ
    ÔòÜÔòÉÔòÉÔòÉÔòÉÔòÉÔòÉÔòÉÔòÉÔòÉÔòÉÔòÉÔòÉÔòÉÔòÉÔòÉÔòÉÔòÉÔòÉÔòÉÔòÉÔòÉÔòÉÔòÉÔòÉÔòÉÔòÉÔòÉÔòÉÔòÉÔòÉÔòÉÔòÉÔòÉÔòÉÔòÉÔòÉÔòÉÔòÉÔòÉÔòÉÔòÉÔòÉÔòÉÔòÉÔòÉÔòÉÔòÉÔòÉÔòÉÔòÉÔòÉÔòÉÔòÉÔòÉÔòÉÔòÉÔòÉÔòÉÔòÉÔòÉÔòÉÔòÉÔòÉÔòÉÔòÉÔòÉÔòÉÔòÉÔòÉÔòÉÔòÉÔòÉÔòÉÔòØ


[1A[2K  385) [chromium] ÔÇ║ src\tests\e2e\moderation.spec.ts:13:5 ÔÇ║ Moderation ÔÇ║ debe testear moderaci├│n 23 

    Error: browserType.launch: Executable doesn't exist at C:\Users\conej\AppData\Local\ms-playwright\chromium_headless_shell-1200\chrome-headless-shell-win64\chrome-headless-shell.exe
    ÔòöÔòÉÔòÉÔòÉÔòÉÔòÉÔòÉÔòÉÔòÉÔòÉÔòÉÔòÉÔòÉÔòÉÔòÉÔòÉÔòÉÔòÉÔòÉÔòÉÔòÉÔòÉÔòÉÔòÉÔòÉÔòÉÔòÉÔòÉÔòÉÔòÉÔòÉÔòÉÔòÉÔòÉÔòÉÔòÉÔòÉÔòÉÔòÉÔòÉÔòÉÔòÉÔòÉÔòÉÔòÉÔòÉÔòÉÔòÉÔòÉÔòÉÔòÉÔòÉÔòÉÔòÉÔòÉÔòÉÔòÉÔòÉÔòÉÔòÉÔòÉÔòÉÔòÉÔòÉÔòÉÔòÉÔòÉÔòÉÔòÉÔòÉÔòÉÔòÉÔòÉÔòÉÔòù
    Ôòæ Looks like Playwright Test or Playwright was just installed or updated. Ôòæ
    Ôòæ Please run the following command to download new browsers:              Ôòæ
    Ôòæ                                                                         Ôòæ
    Ôòæ     npx playwright install                                              Ôòæ
    Ôòæ                                                                         Ôòæ
    Ôòæ <3 Playwright Team                                                      Ôòæ
    ÔòÜÔòÉÔòÉÔòÉÔòÉÔòÉÔòÉÔòÉÔòÉÔòÉÔòÉÔòÉÔòÉÔòÉÔòÉÔòÉÔòÉÔòÉÔòÉÔòÉÔòÉÔòÉÔòÉÔòÉÔòÉÔòÉÔòÉÔòÉÔòÉÔòÉÔòÉÔòÉÔòÉÔòÉÔòÉÔòÉÔòÉÔòÉÔòÉÔòÉÔòÉÔòÉÔòÉÔòÉÔòÉÔòÉÔòÉÔòÉÔòÉÔòÉÔòÉÔòÉÔòÉÔòÉÔòÉÔòÉÔòÉÔòÉÔòÉÔòÉÔòÉÔòÉÔòÉÔòÉÔòÉÔòÉÔòÉÔòÉÔòÉÔòÉÔòÉÔòÉÔòÉÔòÉÔòØ


[1A[2K  386) [chromium] ÔÇ║ src\tests\e2e\moderation.spec.ts:13:5 ÔÇ║ Moderation ÔÇ║ debe testear moderaci├│n 25 

    Error: browserType.launch: Executable doesn't exist at C:\Users\conej\AppData\Local\ms-playwright\chromium_headless_shell-1200\chrome-headless-shell-win64\chrome-headless-shell.exe
    ÔòöÔòÉÔòÉÔòÉÔòÉÔòÉÔòÉÔòÉÔòÉÔòÉÔòÉÔòÉÔòÉÔòÉÔòÉÔòÉÔòÉÔòÉÔòÉÔòÉÔòÉÔòÉÔòÉÔòÉÔòÉÔòÉÔòÉÔòÉÔòÉÔòÉÔòÉÔòÉÔòÉÔòÉÔòÉÔòÉÔòÉÔòÉÔòÉÔòÉÔòÉÔòÉÔòÉÔòÉÔòÉÔòÉÔòÉÔòÉÔòÉÔòÉÔòÉÔòÉÔòÉÔòÉÔòÉÔòÉÔòÉÔòÉÔòÉÔòÉÔòÉÔòÉÔòÉÔòÉÔòÉÔòÉÔòÉÔòÉÔòÉÔòÉÔòÉÔòÉÔòÉÔòÉÔòù
    Ôòæ Looks like Playwright Test or Playwright was just installed or updated. Ôòæ
    Ôòæ Please run the following command to download new browsers:              Ôòæ
    Ôòæ                                                                         Ôòæ
    Ôòæ     npx playwright install                                              Ôòæ
    Ôòæ                                                                         Ôòæ
    Ôòæ <3 Playwright Team                                                      Ôòæ
    ÔòÜÔòÉÔòÉÔòÉÔòÉÔòÉÔòÉÔòÉÔòÉÔòÉÔòÉÔòÉÔòÉÔòÉÔòÉÔòÉÔòÉÔòÉÔòÉÔòÉÔòÉÔòÉÔòÉÔòÉÔòÉÔòÉÔòÉÔòÉÔòÉÔòÉÔòÉÔòÉÔòÉÔòÉÔòÉÔòÉÔòÉÔòÉÔòÉÔòÉÔòÉÔòÉÔòÉÔòÉÔòÉÔòÉÔòÉÔòÉÔòÉÔòÉÔòÉÔòÉÔòÉÔòÉÔòÉÔòÉÔòÉÔòÉÔòÉÔòÉÔòÉÔòÉÔòÉÔòÉÔòÉÔòÉÔòÉÔòÉÔòÉÔòÉÔòÉÔòÉÔòÉÔòÉÔòØ


[1A[2K  387) [chromium] ÔÇ║ src\tests\e2e\moderation.spec.ts:13:5 ÔÇ║ Moderation ÔÇ║ debe testear moderaci├│n 24 

    Error: browserType.launch: Executable doesn't exist at C:\Users\conej\AppData\Local\ms-playwright\chromium_headless_shell-1200\chrome-headless-shell-win64\chrome-headless-shell.exe
    ÔòöÔòÉÔòÉÔòÉÔòÉÔòÉÔòÉÔòÉÔòÉÔòÉÔòÉÔòÉÔòÉÔòÉÔòÉÔòÉÔòÉÔòÉÔòÉÔòÉÔòÉÔòÉÔòÉÔòÉÔòÉÔòÉÔòÉÔòÉÔòÉÔòÉÔòÉÔòÉÔòÉÔòÉÔòÉÔòÉÔòÉÔòÉÔòÉÔòÉÔòÉÔòÉÔòÉÔòÉÔòÉÔòÉÔòÉÔòÉÔòÉÔòÉÔòÉÔòÉÔòÉÔòÉÔòÉÔòÉÔòÉÔòÉÔòÉÔòÉÔòÉÔòÉÔòÉÔòÉÔòÉÔòÉÔòÉÔòÉÔòÉÔòÉÔòÉÔòÉÔòÉÔòÉÔòù
    Ôòæ Looks like Playwright Test or Playwright was just installed or updated. Ôòæ
    Ôòæ Please run the following command to download new browsers:              Ôòæ
    Ôòæ                                                                         Ôòæ
    Ôòæ     npx playwright install                                              Ôòæ
    Ôòæ                                                                         Ôòæ
    Ôòæ <3 Playwright Team                                                      Ôòæ
    ÔòÜÔòÉÔòÉÔòÉÔòÉÔòÉÔòÉÔòÉÔòÉÔòÉÔòÉÔòÉÔòÉÔòÉÔòÉÔòÉÔòÉÔòÉÔòÉÔòÉÔòÉÔòÉÔòÉÔòÉÔòÉÔòÉÔòÉÔòÉÔòÉÔòÉÔòÉÔòÉÔòÉÔòÉÔòÉÔòÉÔòÉÔòÉÔòÉÔòÉÔòÉÔòÉÔòÉÔòÉÔòÉÔòÉÔòÉÔòÉÔòÉÔòÉÔòÉÔòÉÔòÉÔòÉÔòÉÔòÉÔòÉÔòÉÔòÉÔòÉÔòÉÔòÉÔòÉÔòÉÔòÉÔòÉÔòÉÔòÉÔòÉÔòÉÔòÉÔòÉÔòÉÔòÉÔòØ


[1A[2K[388/580] [chromium] ÔÇ║ src\tests\e2e\moderation.spec.ts:13:5 ÔÇ║ Moderation ÔÇ║ debe testear moderaci├│n 26
[1A[2K  388) [chromium] ÔÇ║ src\tests\e2e\moderation.spec.ts:13:5 ÔÇ║ Moderation ÔÇ║ debe testear moderaci├│n 26 

    Error: browserType.launch: Executable doesn't exist at C:\Users\conej\AppData\Local\ms-playwright\chromium_headless_shell-1200\chrome-headless-shell-win64\chrome-headless-shell.exe
    ÔòöÔòÉÔòÉÔòÉÔòÉÔòÉÔòÉÔòÉÔòÉÔòÉÔòÉÔòÉÔòÉÔòÉÔòÉÔòÉÔòÉÔòÉÔòÉÔòÉÔòÉÔòÉÔòÉÔòÉÔòÉÔòÉÔòÉÔòÉÔòÉÔòÉÔòÉÔòÉÔòÉÔòÉÔòÉÔòÉÔòÉÔòÉÔòÉÔòÉÔòÉÔòÉÔòÉÔòÉÔòÉÔòÉÔòÉÔòÉÔòÉÔòÉÔòÉÔòÉÔòÉÔòÉÔòÉÔòÉÔòÉÔòÉÔòÉÔòÉÔòÉÔòÉÔòÉÔòÉÔòÉÔòÉÔòÉÔòÉÔòÉÔòÉÔòÉÔòÉÔòÉÔòÉÔòù
    Ôòæ Looks like Playwright Test or Playwright was just installed or updated. Ôòæ
    Ôòæ Please run the following command to download new browsers:              Ôòæ
    Ôòæ                                                                         Ôòæ
    Ôòæ     npx playwright install                                              Ôòæ
    Ôòæ                                                                         Ôòæ
    Ôòæ <3 Playwright Team                                                      Ôòæ
    ÔòÜÔòÉÔòÉÔòÉÔòÉÔòÉÔòÉÔòÉÔòÉÔòÉÔòÉÔòÉÔòÉÔòÉÔòÉÔòÉÔòÉÔòÉÔòÉÔòÉÔòÉÔòÉÔòÉÔòÉÔòÉÔòÉÔòÉÔòÉÔòÉÔòÉÔòÉÔòÉÔòÉÔòÉÔòÉÔòÉÔòÉÔòÉÔòÉÔòÉÔòÉÔòÉÔòÉÔòÉÔòÉÔòÉÔòÉÔòÉÔòÉÔòÉÔòÉÔòÉÔòÉÔòÉÔòÉÔòÉÔòÉÔòÉÔòÉÔòÉÔòÉÔòÉÔòÉÔòÉÔòÉÔòÉÔòÉÔòÉÔòÉÔòÉÔòÉÔòÉÔòÉÔòÉÔòØ


[1A[2K[389/580] [chromium] ÔÇ║ src\tests\e2e\moderation.spec.ts:13:5 ÔÇ║ Moderation ÔÇ║ debe testear moderaci├│n 27
[1A[2K  389) [chromium] ÔÇ║ src\tests\e2e\moderation.spec.ts:13:5 ÔÇ║ Moderation ÔÇ║ debe testear moderaci├│n 27 

    Error: browserType.launch: Executable doesn't exist at C:\Users\conej\AppData\Local\ms-playwright\chromium_headless_shell-1200\chrome-headless-shell-win64\chrome-headless-shell.exe
    ÔòöÔòÉÔòÉÔòÉÔòÉÔòÉÔòÉÔòÉÔòÉÔòÉÔòÉÔòÉÔòÉÔòÉÔòÉÔòÉÔòÉÔòÉÔòÉÔòÉÔòÉÔòÉÔòÉÔòÉÔòÉÔòÉÔòÉÔòÉÔòÉÔòÉÔòÉÔòÉÔòÉÔòÉÔòÉÔòÉÔòÉÔòÉÔòÉÔòÉÔòÉÔòÉÔòÉÔòÉÔòÉÔòÉÔòÉÔòÉÔòÉÔòÉÔòÉÔòÉÔòÉÔòÉÔòÉÔòÉÔòÉÔòÉÔòÉÔòÉÔòÉÔòÉÔòÉÔòÉÔòÉÔòÉÔòÉÔòÉÔòÉÔòÉÔòÉÔòÉÔòÉÔòÉÔòù
    Ôòæ Looks like Playwright Test or Playwright was just installed or updated. Ôòæ
    Ôòæ Please run the following command to download new browsers:              Ôòæ
    Ôòæ                                                                         Ôòæ
    Ôòæ     npx playwright install                                              Ôòæ
    Ôòæ                                                                         Ôòæ
    Ôòæ <3 Playwright Team                                                      Ôòæ
    ÔòÜÔòÉÔòÉÔòÉÔòÉÔòÉÔòÉÔòÉÔòÉÔòÉÔòÉÔòÉÔòÉÔòÉÔòÉÔòÉÔòÉÔòÉÔòÉÔòÉÔòÉÔòÉÔòÉÔòÉÔòÉÔòÉÔòÉÔòÉÔòÉÔòÉÔòÉÔòÉÔòÉÔòÉÔòÉÔòÉÔòÉÔòÉÔòÉÔòÉÔòÉÔòÉÔòÉÔòÉÔòÉÔòÉÔòÉÔòÉÔòÉÔòÉÔòÉÔòÉÔòÉÔòÉÔòÉÔòÉÔòÉÔòÉÔòÉÔòÉÔòÉÔòÉÔòÉÔòÉÔòÉÔòÉÔòÉÔòÉÔòÉÔòÉÔòÉÔòÉÔòÉÔòÉÔòØ


[1A[2K[390/580] [chromium] ÔÇ║ src\tests\e2e\moderation.spec.ts:13:5 ÔÇ║ Moderation ÔÇ║ debe testear moderaci├│n 28
[1A[2K  390) [chromium] ÔÇ║ src\tests\e2e\moderation.spec.ts:13:5 ÔÇ║ Moderation ÔÇ║ debe testear moderaci├│n 28 

    Error: browserType.launch: Executable doesn't exist at C:\Users\conej\AppData\Local\ms-playwright\chromium_headless_shell-1200\chrome-headless-shell-win64\chrome-headless-shell.exe
    ÔòöÔòÉÔòÉÔòÉÔòÉÔòÉÔòÉÔòÉÔòÉÔòÉÔòÉÔòÉÔòÉÔòÉÔòÉÔòÉÔòÉÔòÉÔòÉÔòÉÔòÉÔòÉÔòÉÔòÉÔòÉÔòÉÔòÉÔòÉÔòÉÔòÉÔòÉÔòÉÔòÉÔòÉÔòÉÔòÉÔòÉÔòÉÔòÉÔòÉÔòÉÔòÉÔòÉÔòÉÔòÉÔòÉÔòÉÔòÉÔòÉÔòÉÔòÉÔòÉÔòÉÔòÉÔòÉÔòÉÔòÉÔòÉÔòÉÔòÉÔòÉÔòÉÔòÉÔòÉÔòÉÔòÉÔòÉÔòÉÔòÉÔòÉÔòÉÔòÉÔòÉÔòÉÔòù
    Ôòæ Looks like Playwright Test or Playwright was just installed or updated. Ôòæ
    Ôòæ Please run the following command to download new browsers:              Ôòæ
    Ôòæ                                                                         Ôòæ
    Ôòæ     npx playwright install                                              Ôòæ
    Ôòæ                                                                         Ôòæ
    Ôòæ <3 Playwright Team                                                      Ôòæ
    ÔòÜÔòÉÔòÉÔòÉÔòÉÔòÉÔòÉÔòÉÔòÉÔòÉÔòÉÔòÉÔòÉÔòÉÔòÉÔòÉÔòÉÔòÉÔòÉÔòÉÔòÉÔòÉÔòÉÔòÉÔòÉÔòÉÔòÉÔòÉÔòÉÔòÉÔòÉÔòÉÔòÉÔòÉÔòÉÔòÉÔòÉÔòÉÔòÉÔòÉÔòÉÔòÉÔòÉÔòÉÔòÉÔòÉÔòÉÔòÉÔòÉÔòÉÔòÉÔòÉÔòÉÔòÉÔòÉÔòÉÔòÉÔòÉÔòÉÔòÉÔòÉÔòÉÔòÉÔòÉÔòÉÔòÉÔòÉÔòÉÔòÉÔòÉÔòÉÔòÉÔòÉÔòÉÔòØ


[1A[2K[391/580] [chromium] ÔÇ║ src\tests\e2e\moderation.spec.ts:13:5 ÔÇ║ Moderation ÔÇ║ debe testear moderaci├│n 29
[1A[2K  391) [chromium] ÔÇ║ src\tests\e2e\moderation.spec.ts:13:5 ÔÇ║ Moderation ÔÇ║ debe testear moderaci├│n 29 

    Error: browserType.launch: Executable doesn't exist at C:\Users\conej\AppData\Local\ms-playwright\chromium_headless_shell-1200\chrome-headless-shell-win64\chrome-headless-shell.exe
    ÔòöÔòÉÔòÉÔòÉÔòÉÔòÉÔòÉÔòÉÔòÉÔòÉÔòÉÔòÉÔòÉÔòÉÔòÉÔòÉÔòÉÔòÉÔòÉÔòÉÔòÉÔòÉÔòÉÔòÉÔòÉÔòÉÔòÉÔòÉÔòÉÔòÉÔòÉÔòÉÔòÉÔòÉÔòÉÔòÉÔòÉÔòÉÔòÉÔòÉÔòÉÔòÉÔòÉÔòÉÔòÉÔòÉÔòÉÔòÉÔòÉÔòÉÔòÉÔòÉÔòÉÔòÉÔòÉÔòÉÔòÉÔòÉÔòÉÔòÉÔòÉÔòÉÔòÉÔòÉÔòÉÔòÉÔòÉÔòÉÔòÉÔòÉÔòÉÔòÉÔòÉÔòÉÔòù
    Ôòæ Looks like Playwright Test or Playwright was just installed or updated. Ôòæ
    Ôòæ Please run the following command to download new browsers:              Ôòæ
    Ôòæ                                                                         Ôòæ
    Ôòæ     npx playwright install                                              Ôòæ
    Ôòæ                                                                         Ôòæ
    Ôòæ <3 Playwright Team                                                      Ôòæ
    ÔòÜÔòÉÔòÉÔòÉÔòÉÔòÉÔòÉÔòÉÔòÉÔòÉÔòÉÔòÉÔòÉÔòÉÔòÉÔòÉÔòÉÔòÉÔòÉÔòÉÔòÉÔòÉÔòÉÔòÉÔòÉÔòÉÔòÉÔòÉÔòÉÔòÉÔòÉÔòÉÔòÉÔòÉÔòÉÔòÉÔòÉÔòÉÔòÉÔòÉÔòÉÔòÉÔòÉÔòÉÔòÉÔòÉÔòÉÔòÉÔòÉÔòÉÔòÉÔòÉÔòÉÔòÉÔòÉÔòÉÔòÉÔòÉÔòÉÔòÉÔòÉÔòÉÔòÉÔòÉÔòÉÔòÉÔòÉÔòÉÔòÉÔòÉÔòÉÔòÉÔòÉÔòÉÔòØ


[1A[2K[392/580] [chromium] ÔÇ║ src\tests\e2e\moderation.spec.ts:13:5 ÔÇ║ Moderation ÔÇ║ debe testear moderaci├│n 30
[1A[2K[393/580] [chromium] ÔÇ║ src\tests\e2e\navigation-complete.spec.ts:23:5 ÔÇ║ Navegaci├│n Completa de la Aplicaci├│n ÔÇ║ debe cargar la ruta / (Home) sin errores
[1A[2K[394/580] [chromium] ÔÇ║ src\tests\e2e\navigation-complete.spec.ts:23:5 ÔÇ║ Navegaci├│n Completa de la Aplicaci├│n ÔÇ║ debe cargar la ruta /auth (Authentication) sin errores
[1A[2K[395/580] [chromium] ÔÇ║ src\tests\e2e\navigation-complete.spec.ts:23:5 ÔÇ║ Navegaci├│n Completa de la Aplicaci├│n ÔÇ║ debe cargar la ruta /demo (Demo) sin errores
[1A[2K  392) [chromium] ÔÇ║ src\tests\e2e\moderation.spec.ts:13:5 ÔÇ║ Moderation ÔÇ║ debe testear moderaci├│n 30 

    Error: browserType.launch: Executable doesn't exist at C:\Users\conej\AppData\Local\ms-playwright\chromium_headless_shell-1200\chrome-headless-shell-win64\chrome-headless-shell.exe
    ÔòöÔòÉÔòÉÔòÉÔòÉÔòÉÔòÉÔòÉÔòÉÔòÉÔòÉÔòÉÔòÉÔòÉÔòÉÔòÉÔòÉÔòÉÔòÉÔòÉÔòÉÔòÉÔòÉÔòÉÔòÉÔòÉÔòÉÔòÉÔòÉÔòÉÔòÉÔòÉÔòÉÔòÉÔòÉÔòÉÔòÉÔòÉÔòÉÔòÉÔòÉÔòÉÔòÉÔòÉÔòÉÔòÉÔòÉÔòÉÔòÉÔòÉÔòÉÔòÉÔòÉÔòÉÔòÉÔòÉÔòÉÔòÉÔòÉÔòÉÔòÉÔòÉÔòÉÔòÉÔòÉÔòÉÔòÉÔòÉÔòÉÔòÉÔòÉÔòÉÔòÉÔòÉÔòù
    Ôòæ Looks like Playwright Test or Playwright was just installed or updated. Ôòæ
    Ôòæ Please run the following command to download new browsers:              Ôòæ
    Ôòæ                                                                         Ôòæ
    Ôòæ     npx playwright install                                              Ôòæ
    Ôòæ                                                                         Ôòæ
    Ôòæ <3 Playwright Team                                                      Ôòæ
    ÔòÜÔòÉÔòÉÔòÉÔòÉÔòÉÔòÉÔòÉÔòÉÔòÉÔòÉÔòÉÔòÉÔòÉÔòÉÔòÉÔòÉÔòÉÔòÉÔòÉÔòÉÔòÉÔòÉÔòÉÔòÉÔòÉÔòÉÔòÉÔòÉÔòÉÔòÉÔòÉÔòÉÔòÉÔòÉÔòÉÔòÉÔòÉÔòÉÔòÉÔòÉÔòÉÔòÉÔòÉÔòÉÔòÉÔòÉÔòÉÔòÉÔòÉÔòÉÔòÉÔòÉÔòÉÔòÉÔòÉÔòÉÔòÉÔòÉÔòÉÔòÉÔòÉÔòÉÔòÉÔòÉÔòÉÔòÉÔòÉÔòÉÔòÉÔòÉÔòÉÔòÉÔòÉÔòØ


[1A[2K  393) [chromium] ÔÇ║ src\tests\e2e\navigation-complete.spec.ts:23:5 ÔÇ║ Navegaci├│n Completa de la Aplicaci├│n ÔÇ║ debe cargar la ruta / (Home) sin errores 

    Error: browserType.launch: Executable doesn't exist at C:\Users\conej\AppData\Local\ms-playwright\chromium_headless_shell-1200\chrome-headless-shell-win64\chrome-headless-shell.exe
    ÔòöÔòÉÔòÉÔòÉÔòÉÔòÉÔòÉÔòÉÔòÉÔòÉÔòÉÔòÉÔòÉÔòÉÔòÉÔòÉÔòÉÔòÉÔòÉÔòÉÔòÉÔòÉÔòÉÔòÉÔòÉÔòÉÔòÉÔòÉÔòÉÔòÉÔòÉÔòÉÔòÉÔòÉÔòÉÔòÉÔòÉÔòÉÔòÉÔòÉÔòÉÔòÉÔòÉÔòÉÔòÉÔòÉÔòÉÔòÉÔòÉÔòÉÔòÉÔòÉÔòÉÔòÉÔòÉÔòÉÔòÉÔòÉÔòÉÔòÉÔòÉÔòÉÔòÉÔòÉÔòÉÔòÉÔòÉÔòÉÔòÉÔòÉÔòÉÔòÉÔòÉÔòÉÔòù
    Ôòæ Looks like Playwright Test or Playwright was just installed or updated. Ôòæ
    Ôòæ Please run the following command to download new browsers:              Ôòæ
    Ôòæ                                                                         Ôòæ
    Ôòæ     npx playwright install                                              Ôòæ
    Ôòæ                                                                         Ôòæ
    Ôòæ <3 Playwright Team                                                      Ôòæ
    ÔòÜÔòÉÔòÉÔòÉÔòÉÔòÉÔòÉÔòÉÔòÉÔòÉÔòÉÔòÉÔòÉÔòÉÔòÉÔòÉÔòÉÔòÉÔòÉÔòÉÔòÉÔòÉÔòÉÔòÉÔòÉÔòÉÔòÉÔòÉÔòÉÔòÉÔòÉÔòÉÔòÉÔòÉÔòÉÔòÉÔòÉÔòÉÔòÉÔòÉÔòÉÔòÉÔòÉÔòÉÔòÉÔòÉÔòÉÔòÉÔòÉÔòÉÔòÉÔòÉÔòÉÔòÉÔòÉÔòÉÔòÉÔòÉÔòÉÔòÉÔòÉÔòÉÔòÉÔòÉÔòÉÔòÉÔòÉÔòÉÔòÉÔòÉÔòÉÔòÉÔòÉÔòÉÔòØ


[1A[2K  394) [chromium] ÔÇ║ src\tests\e2e\navigation-complete.spec.ts:23:5 ÔÇ║ Navegaci├│n Completa de la Aplicaci├│n ÔÇ║ debe cargar la ruta /auth (Authentication) sin errores 

    Error: browserType.launch: Executable doesn't exist at C:\Users\conej\AppData\Local\ms-playwright\chromium_headless_shell-1200\chrome-headless-shell-win64\chrome-headless-shell.exe
    ÔòöÔòÉÔòÉÔòÉÔòÉÔòÉÔòÉÔòÉÔòÉÔòÉÔòÉÔòÉÔòÉÔòÉÔòÉÔòÉÔòÉÔòÉÔòÉÔòÉÔòÉÔòÉÔòÉÔòÉÔòÉÔòÉÔòÉÔòÉÔòÉÔòÉÔòÉÔòÉÔòÉÔòÉÔòÉÔòÉÔòÉÔòÉÔòÉÔòÉÔòÉÔòÉÔòÉÔòÉÔòÉÔòÉÔòÉÔòÉÔòÉÔòÉÔòÉÔòÉÔòÉÔòÉÔòÉÔòÉÔòÉÔòÉÔòÉÔòÉÔòÉÔòÉÔòÉÔòÉÔòÉÔòÉÔòÉÔòÉÔòÉÔòÉÔòÉÔòÉÔòÉÔòÉÔòù
    Ôòæ Looks like Playwright Test or Playwright was just installed or updated. Ôòæ
    Ôòæ Please run the following command to download new browsers:              Ôòæ
    Ôòæ                                                                         Ôòæ
    Ôòæ     npx playwright install                                              Ôòæ
    Ôòæ                                                                         Ôòæ
    Ôòæ <3 Playwright Team                                                      Ôòæ
    ÔòÜÔòÉÔòÉÔòÉÔòÉÔòÉÔòÉÔòÉÔòÉÔòÉÔòÉÔòÉÔòÉÔòÉÔòÉÔòÉÔòÉÔòÉÔòÉÔòÉÔòÉÔòÉÔòÉÔòÉÔòÉÔòÉÔòÉÔòÉÔòÉÔòÉÔòÉÔòÉÔòÉÔòÉÔòÉÔòÉÔòÉÔòÉÔòÉÔòÉÔòÉÔòÉÔòÉÔòÉÔòÉÔòÉÔòÉÔòÉÔòÉÔòÉÔòÉÔòÉÔòÉÔòÉÔòÉÔòÉÔòÉÔòÉÔòÉÔòÉÔòÉÔòÉÔòÉÔòÉÔòÉÔòÉÔòÉÔòÉÔòÉÔòÉÔòÉÔòÉÔòÉÔòÉÔòØ


[1A[2K  395) [chromium] ÔÇ║ src\tests\e2e\navigation-complete.spec.ts:23:5 ÔÇ║ Navegaci├│n Completa de la Aplicaci├│n ÔÇ║ debe cargar la ruta /demo (Demo) sin errores 

    Error: browserType.launch: Executable doesn't exist at C:\Users\conej\AppData\Local\ms-playwright\chromium_headless_shell-1200\chrome-headless-shell-win64\chrome-headless-shell.exe
    ÔòöÔòÉÔòÉÔòÉÔòÉÔòÉÔòÉÔòÉÔòÉÔòÉÔòÉÔòÉÔòÉÔòÉÔòÉÔòÉÔòÉÔòÉÔòÉÔòÉÔòÉÔòÉÔòÉÔòÉÔòÉÔòÉÔòÉÔòÉÔòÉÔòÉÔòÉÔòÉÔòÉÔòÉÔòÉÔòÉÔòÉÔòÉÔòÉÔòÉÔòÉÔòÉÔòÉÔòÉÔòÉÔòÉÔòÉÔòÉÔòÉÔòÉÔòÉÔòÉÔòÉÔòÉÔòÉÔòÉÔòÉÔòÉÔòÉÔòÉÔòÉÔòÉÔòÉÔòÉÔòÉÔòÉÔòÉÔòÉÔòÉÔòÉÔòÉÔòÉÔòÉÔòÉÔòù
    Ôòæ Looks like Playwright Test or Playwright was just installed or updated. Ôòæ
    Ôòæ Please run the following command to download new browsers:              Ôòæ
    Ôòæ                                                                         Ôòæ
    Ôòæ     npx playwright install                                              Ôòæ
    Ôòæ                                                                         Ôòæ
    Ôòæ <3 Playwright Team                                                      Ôòæ
    ÔòÜÔòÉÔòÉÔòÉÔòÉÔòÉÔòÉÔòÉÔòÉÔòÉÔòÉÔòÉÔòÉÔòÉÔòÉÔòÉÔòÉÔòÉÔòÉÔòÉÔòÉÔòÉÔòÉÔòÉÔòÉÔòÉÔòÉÔòÉÔòÉÔòÉÔòÉÔòÉÔòÉÔòÉÔòÉÔòÉÔòÉÔòÉÔòÉÔòÉÔòÉÔòÉÔòÉÔòÉÔòÉÔòÉÔòÉÔòÉÔòÉÔòÉÔòÉÔòÉÔòÉÔòÉÔòÉÔòÉÔòÉÔòÉÔòÉÔòÉÔòÉÔòÉÔòÉÔòÉÔòÉÔòÉÔòÉÔòÉÔòÉÔòÉÔòÉÔòÉÔòÉÔòÉÔòØ


[1A[2K[396/580] [chromium] ÔÇ║ src\tests\e2e\navigation-complete.spec.ts:23:5 ÔÇ║ Navegaci├│n Completa de la Aplicaci├│n ÔÇ║ debe cargar la ruta /faq (FAQ) sin errores
[1A[2K  396) [chromium] ÔÇ║ src\tests\e2e\navigation-complete.spec.ts:23:5 ÔÇ║ Navegaci├│n Completa de la Aplicaci├│n ÔÇ║ debe cargar la ruta /faq (FAQ) sin errores 

    Error: browserType.launch: Executable doesn't exist at C:\Users\conej\AppData\Local\ms-playwright\chromium_headless_shell-1200\chrome-headless-shell-win64\chrome-headless-shell.exe
    ÔòöÔòÉÔòÉÔòÉÔòÉÔòÉÔòÉÔòÉÔòÉÔòÉÔòÉÔòÉÔòÉÔòÉÔòÉÔòÉÔòÉÔòÉÔòÉÔòÉÔòÉÔòÉÔòÉÔòÉÔòÉÔòÉÔòÉÔòÉÔòÉÔòÉÔòÉÔòÉÔòÉÔòÉÔòÉÔòÉÔòÉÔòÉÔòÉÔòÉÔòÉÔòÉÔòÉÔòÉÔòÉÔòÉÔòÉÔòÉÔòÉÔòÉÔòÉÔòÉÔòÉÔòÉÔòÉÔòÉÔòÉÔòÉÔòÉÔòÉÔòÉÔòÉÔòÉÔòÉÔòÉÔòÉÔòÉÔòÉÔòÉÔòÉÔòÉÔòÉÔòÉÔòÉÔòù
    Ôòæ Looks like Playwright Test or Playwright was just installed or updated. Ôòæ
    Ôòæ Please run the following command to download new browsers:              Ôòæ
    Ôòæ                                                                         Ôòæ
    Ôòæ     npx playwright install                                              Ôòæ
    Ôòæ                                                                         Ôòæ
    Ôòæ <3 Playwright Team                                                      Ôòæ
    ÔòÜÔòÉÔòÉÔòÉÔòÉÔòÉÔòÉÔòÉÔòÉÔòÉÔòÉÔòÉÔòÉÔòÉÔòÉÔòÉÔòÉÔòÉÔòÉÔòÉÔòÉÔòÉÔòÉÔòÉÔòÉÔòÉÔòÉÔòÉÔòÉÔòÉÔòÉÔòÉÔòÉÔòÉÔòÉÔòÉÔòÉÔòÉÔòÉÔòÉÔòÉÔòÉÔòÉÔòÉÔòÉÔòÉÔòÉÔòÉÔòÉÔòÉÔòÉÔòÉÔòÉÔòÉÔòÉÔòÉÔòÉÔòÉÔòÉÔòÉÔòÉÔòÉÔòÉÔòÉÔòÉÔòÉÔòÉÔòÉÔòÉÔòÉÔòÉÔòÉÔòÉÔòÉÔòØ


[1A[2K[397/580] [chromium] ÔÇ║ src\tests\e2e\navigation-complete.spec.ts:23:5 ÔÇ║ Navegaci├│n Completa de la Aplicaci├│n ÔÇ║ debe cargar la ruta /about (About) sin errores
[1A[2K  397) [chromium] ÔÇ║ src\tests\e2e\navigation-complete.spec.ts:23:5 ÔÇ║ Navegaci├│n Completa de la Aplicaci├│n ÔÇ║ debe cargar la ruta /about (About) sin errores 

    Error: browserType.launch: Executable doesn't exist at C:\Users\conej\AppData\Local\ms-playwright\chromium_headless_shell-1200\chrome-headless-shell-win64\chrome-headless-shell.exe
    ÔòöÔòÉÔòÉÔòÉÔòÉÔòÉÔòÉÔòÉÔòÉÔòÉÔòÉÔòÉÔòÉÔòÉÔòÉÔòÉÔòÉÔòÉÔòÉÔòÉÔòÉÔòÉÔòÉÔòÉÔòÉÔòÉÔòÉÔòÉÔòÉÔòÉÔòÉÔòÉÔòÉÔòÉÔòÉÔòÉÔòÉÔòÉÔòÉÔòÉÔòÉÔòÉÔòÉÔòÉÔòÉÔòÉÔòÉÔòÉÔòÉÔòÉÔòÉÔòÉÔòÉÔòÉÔòÉÔòÉÔòÉÔòÉÔòÉÔòÉÔòÉÔòÉÔòÉÔòÉÔòÉÔòÉÔòÉÔòÉÔòÉÔòÉÔòÉÔòÉÔòÉÔòÉÔòù
    Ôòæ Looks like Playwright Test or Playwright was just installed or updated. Ôòæ
    Ôòæ Please run the following command to download new browsers:              Ôòæ
    Ôòæ                                                                         Ôòæ
    Ôòæ     npx playwright install                                              Ôòæ
    Ôòæ                                                                         Ôòæ
    Ôòæ <3 Playwright Team                                                      Ôòæ
    ÔòÜÔòÉÔòÉÔòÉÔòÉÔòÉÔòÉÔòÉÔòÉÔòÉÔòÉÔòÉÔòÉÔòÉÔòÉÔòÉÔòÉÔòÉÔòÉÔòÉÔòÉÔòÉÔòÉÔòÉÔòÉÔòÉÔòÉÔòÉÔòÉÔòÉÔòÉÔòÉÔòÉÔòÉÔòÉÔòÉÔòÉÔòÉÔòÉÔòÉÔòÉÔòÉÔòÉÔòÉÔòÉÔòÉÔòÉÔòÉÔòÉÔòÉÔòÉÔòÉÔòÉÔòÉÔòÉÔòÉÔòÉÔòÉÔòÉÔòÉÔòÉÔòÉÔòÉÔòÉÔòÉÔòÉÔòÉÔòÉÔòÉÔòÉÔòÉÔòÉÔòÉÔòÉÔòØ


[1A[2K[398/580] [chromium] ÔÇ║ src\tests\e2e\navigation-complete.spec.ts:23:5 ÔÇ║ Navegaci├│n Completa de la Aplicaci├│n ÔÇ║ debe cargar la ruta /legal (Legal) sin errores
[1A[2K  398) [chromium] ÔÇ║ src\tests\e2e\navigation-complete.spec.ts:23:5 ÔÇ║ Navegaci├│n Completa de la Aplicaci├│n ÔÇ║ debe cargar la ruta /legal (Legal) sin errores 

    Error: browserType.launch: Executable doesn't exist at C:\Users\conej\AppData\Local\ms-playwright\chromium_headless_shell-1200\chrome-headless-shell-win64\chrome-headless-shell.exe
    ÔòöÔòÉÔòÉÔòÉÔòÉÔòÉÔòÉÔòÉÔòÉÔòÉÔòÉÔòÉÔòÉÔòÉÔòÉÔòÉÔòÉÔòÉÔòÉÔòÉÔòÉÔòÉÔòÉÔòÉÔòÉÔòÉÔòÉÔòÉÔòÉÔòÉÔòÉÔòÉÔòÉÔòÉÔòÉÔòÉÔòÉÔòÉÔòÉÔòÉÔòÉÔòÉÔòÉÔòÉÔòÉÔòÉÔòÉÔòÉÔòÉÔòÉÔòÉÔòÉÔòÉÔòÉÔòÉÔòÉÔòÉÔòÉÔòÉÔòÉÔòÉÔòÉÔòÉÔòÉÔòÉÔòÉÔòÉÔòÉÔòÉÔòÉÔòÉÔòÉÔòÉÔòÉÔòù
    Ôòæ Looks like Playwright Test or Playwright was just installed or updated. Ôòæ
    Ôòæ Please run the following command to download new browsers:              Ôòæ
    Ôòæ                                                                         Ôòæ
    Ôòæ     npx playwright install                                              Ôòæ
    Ôòæ                                                                         Ôòæ
    Ôòæ <3 Playwright Team                                                      Ôòæ
    ÔòÜÔòÉÔòÉÔòÉÔòÉÔòÉÔòÉÔòÉÔòÉÔòÉÔòÉÔòÉÔòÉÔòÉÔòÉÔòÉÔòÉÔòÉÔòÉÔòÉÔòÉÔòÉÔòÉÔòÉÔòÉÔòÉÔòÉÔòÉÔòÉÔòÉÔòÉÔòÉÔòÉÔòÉÔòÉÔòÉÔòÉÔòÉÔòÉÔòÉÔòÉÔòÉÔòÉÔòÉÔòÉÔòÉÔòÉÔòÉÔòÉÔòÉÔòÉÔòÉÔòÉÔòÉÔòÉÔòÉÔòÉÔòÉÔòÉÔòÉÔòÉÔòÉÔòÉÔòÉÔòÉÔòÉÔòÉÔòÉÔòÉÔòÉÔòÉÔòÉÔòÉÔòÉÔòØ


[1A[2K[399/580] [chromium] ÔÇ║ src\tests\e2e\navigation-complete.spec.ts:23:5 ÔÇ║ Navegaci├│n Completa de la Aplicaci├│n ÔÇ║ debe cargar la ruta /clubs (Clubs) sin errores
[1A[2K  399) [chromium] ÔÇ║ src\tests\e2e\navigation-complete.spec.ts:23:5 ÔÇ║ Navegaci├│n Completa de la Aplicaci├│n ÔÇ║ debe cargar la ruta /clubs (Clubs) sin errores 

    Error: browserType.launch: Executable doesn't exist at C:\Users\conej\AppData\Local\ms-playwright\chromium_headless_shell-1200\chrome-headless-shell-win64\chrome-headless-shell.exe
    ÔòöÔòÉÔòÉÔòÉÔòÉÔòÉÔòÉÔòÉÔòÉÔòÉÔòÉÔòÉÔòÉÔòÉÔòÉÔòÉÔòÉÔòÉÔòÉÔòÉÔòÉÔòÉÔòÉÔòÉÔòÉÔòÉÔòÉÔòÉÔòÉÔòÉÔòÉÔòÉÔòÉÔòÉÔòÉÔòÉÔòÉÔòÉÔòÉÔòÉÔòÉÔòÉÔòÉÔòÉÔòÉÔòÉÔòÉÔòÉÔòÉÔòÉÔòÉÔòÉÔòÉÔòÉÔòÉÔòÉÔòÉÔòÉÔòÉÔòÉÔòÉÔòÉÔòÉÔòÉÔòÉÔòÉÔòÉÔòÉÔòÉÔòÉÔòÉÔòÉÔòÉÔòÉÔòù
    Ôòæ Looks like Playwright Test or Playwright was just installed or updated. Ôòæ
    Ôòæ Please run the following command to download new browsers:              Ôòæ
    Ôòæ                                                                         Ôòæ
    Ôòæ     npx playwright install                                              Ôòæ
    Ôòæ                                                                         Ôòæ
    Ôòæ <3 Playwright Team                                                      Ôòæ
    ÔòÜÔòÉÔòÉÔòÉÔòÉÔòÉÔòÉÔòÉÔòÉÔòÉÔòÉÔòÉÔòÉÔòÉÔòÉÔòÉÔòÉÔòÉÔòÉÔòÉÔòÉÔòÉÔòÉÔòÉÔòÉÔòÉÔòÉÔòÉÔòÉÔòÉÔòÉÔòÉÔòÉÔòÉÔòÉÔòÉÔòÉÔòÉÔòÉÔòÉÔòÉÔòÉÔòÉÔòÉÔòÉÔòÉÔòÉÔòÉÔòÉÔòÉÔòÉÔòÉÔòÉÔòÉÔòÉÔòÉÔòÉÔòÉÔòÉÔòÉÔòÉÔòÉÔòÉÔòÉÔòÉÔòÉÔòÉÔòÉÔòÉÔòÉÔòÉÔòÉÔòÉÔòÉÔòØ


[1A[2K[400/580] [chromium] ÔÇ║ src\tests\e2e\navigation-complete.spec.ts:23:5 ÔÇ║ Navegaci├│n Completa de la Aplicaci├│n ÔÇ║ debe cargar la ruta /moderators (Moderators) sin errores
[1A[2K[401/580] [chromium] ÔÇ║ src\tests\e2e\navigation-complete.spec.ts:23:5 ÔÇ║ Navegaci├│n Completa de la Aplicaci├│n ÔÇ║ debe cargar la ruta /investors (Investors) sin errores
[1A[2K[402/580] [chromium] ÔÇ║ src\tests\e2e\navigation-complete.spec.ts:58:3 ÔÇ║ Navegaci├│n Completa de la Aplicaci├│n ÔÇ║ debe mostrar error 404 para rutas inexistentes
[1A[2K[403/580] [chromium] ÔÇ║ src\tests\e2e\navigation-complete.spec.ts:40:3 ÔÇ║ Navegaci├│n Completa de la Aplicaci├│n ÔÇ║ debe navegar correctamente entre p├íginas principales
[1A[2K  400) [chromium] ÔÇ║ src\tests\e2e\navigation-complete.spec.ts:23:5 ÔÇ║ Navegaci├│n Completa de la Aplicaci├│n ÔÇ║ debe cargar la ruta /moderators (Moderators) sin errores 

    Error: browserType.launch: Executable doesn't exist at C:\Users\conej\AppData\Local\ms-playwright\chromium_headless_shell-1200\chrome-headless-shell-win64\chrome-headless-shell.exe
    ÔòöÔòÉÔòÉÔòÉÔòÉÔòÉÔòÉÔòÉÔòÉÔòÉÔòÉÔòÉÔòÉÔòÉÔòÉÔòÉÔòÉÔòÉÔòÉÔòÉÔòÉÔòÉÔòÉÔòÉÔòÉÔòÉÔòÉÔòÉÔòÉÔòÉÔòÉÔòÉÔòÉÔòÉÔòÉÔòÉÔòÉÔòÉÔòÉÔòÉÔòÉÔòÉÔòÉÔòÉÔòÉÔòÉÔòÉÔòÉÔòÉÔòÉÔòÉÔòÉÔòÉÔòÉÔòÉÔòÉÔòÉÔòÉÔòÉÔòÉÔòÉÔòÉÔòÉÔòÉÔòÉÔòÉÔòÉÔòÉÔòÉÔòÉÔòÉÔòÉÔòÉÔòÉÔòù
    Ôòæ Looks like Playwright Test or Playwright was just installed or updated. Ôòæ
    Ôòæ Please run the following command to download new browsers:              Ôòæ
    Ôòæ                                                                         Ôòæ
    Ôòæ     npx playwright install                                              Ôòæ
    Ôòæ                                                                         Ôòæ
    Ôòæ <3 Playwright Team                                                      Ôòæ
    ÔòÜÔòÉÔòÉÔòÉÔòÉÔòÉÔòÉÔòÉÔòÉÔòÉÔòÉÔòÉÔòÉÔòÉÔòÉÔòÉÔòÉÔòÉÔòÉÔòÉÔòÉÔòÉÔòÉÔòÉÔòÉÔòÉÔòÉÔòÉÔòÉÔòÉÔòÉÔòÉÔòÉÔòÉÔòÉÔòÉÔòÉÔòÉÔòÉÔòÉÔòÉÔòÉÔòÉÔòÉÔòÉÔòÉÔòÉÔòÉÔòÉÔòÉÔòÉÔòÉÔòÉÔòÉÔòÉÔòÉÔòÉÔòÉÔòÉÔòÉÔòÉÔòÉÔòÉÔòÉÔòÉÔòÉÔòÉÔòÉÔòÉÔòÉÔòÉÔòÉÔòÉÔòÉÔòØ


[1A[2K  401) [chromium] ÔÇ║ src\tests\e2e\navigation-complete.spec.ts:23:5 ÔÇ║ Navegaci├│n Completa de la Aplicaci├│n ÔÇ║ debe cargar la ruta /investors (Investors) sin errores 

    Error: browserType.launch: Executable doesn't exist at C:\Users\conej\AppData\Local\ms-playwright\chromium_headless_shell-1200\chrome-headless-shell-win64\chrome-headless-shell.exe
    ÔòöÔòÉÔòÉÔòÉÔòÉÔòÉÔòÉÔòÉÔòÉÔòÉÔòÉÔòÉÔòÉÔòÉÔòÉÔòÉÔòÉÔòÉÔòÉÔòÉÔòÉÔòÉÔòÉÔòÉÔòÉÔòÉÔòÉÔòÉÔòÉÔòÉÔòÉÔòÉÔòÉÔòÉÔòÉÔòÉÔòÉÔòÉÔòÉÔòÉÔòÉÔòÉÔòÉÔòÉÔòÉÔòÉÔòÉÔòÉÔòÉÔòÉÔòÉÔòÉÔòÉÔòÉÔòÉÔòÉÔòÉÔòÉÔòÉÔòÉÔòÉÔòÉÔòÉÔòÉÔòÉÔòÉÔòÉÔòÉÔòÉÔòÉÔòÉÔòÉÔòÉÔòÉÔòù
    Ôòæ Looks like Playwright Test or Playwright was just installed or updated. Ôòæ
    Ôòæ Please run the following command to download new browsers:              Ôòæ
    Ôòæ                                                                         Ôòæ
    Ôòæ     npx playwright install                                              Ôòæ
    Ôòæ                                                                         Ôòæ
    Ôòæ <3 Playwright Team                                                      Ôòæ
    ÔòÜÔòÉÔòÉÔòÉÔòÉÔòÉÔòÉÔòÉÔòÉÔòÉÔòÉÔòÉÔòÉÔòÉÔòÉÔòÉÔòÉÔòÉÔòÉÔòÉÔòÉÔòÉÔòÉÔòÉÔòÉÔòÉÔòÉÔòÉÔòÉÔòÉÔòÉÔòÉÔòÉÔòÉÔòÉÔòÉÔòÉÔòÉÔòÉÔòÉÔòÉÔòÉÔòÉÔòÉÔòÉÔòÉÔòÉÔòÉÔòÉÔòÉÔòÉÔòÉÔòÉÔòÉÔòÉÔòÉÔòÉÔòÉÔòÉÔòÉÔòÉÔòÉÔòÉÔòÉÔòÉÔòÉÔòÉÔòÉÔòÉÔòÉÔòÉÔòÉÔòÉÔòÉÔòØ


[1A[2K  402) [chromium] ÔÇ║ src\tests\e2e\navigation-complete.spec.ts:58:3 ÔÇ║ Navegaci├│n Completa de la Aplicaci├│n ÔÇ║ debe mostrar error 404 para rutas inexistentes 

    Error: browserType.launch: Executable doesn't exist at C:\Users\conej\AppData\Local\ms-playwright\chromium_headless_shell-1200\chrome-headless-shell-win64\chrome-headless-shell.exe
    ÔòöÔòÉÔòÉÔòÉÔòÉÔòÉÔòÉÔòÉÔòÉÔòÉÔòÉÔòÉÔòÉÔòÉÔòÉÔòÉÔòÉÔòÉÔòÉÔòÉÔòÉÔòÉÔòÉÔòÉÔòÉÔòÉÔòÉÔòÉÔòÉÔòÉÔòÉÔòÉÔòÉÔòÉÔòÉÔòÉÔòÉÔòÉÔòÉÔòÉÔòÉÔòÉÔòÉÔòÉÔòÉÔòÉÔòÉÔòÉÔòÉÔòÉÔòÉÔòÉÔòÉÔòÉÔòÉÔòÉÔòÉÔòÉÔòÉÔòÉÔòÉÔòÉÔòÉÔòÉÔòÉÔòÉÔòÉÔòÉÔòÉÔòÉÔòÉÔòÉÔòÉÔòÉÔòù
    Ôòæ Looks like Playwright Test or Playwright was just installed or updated. Ôòæ
    Ôòæ Please run the following command to download new browsers:              Ôòæ
    Ôòæ                                                                         Ôòæ
    Ôòæ     npx playwright install                                              Ôòæ
    Ôòæ                                                                         Ôòæ
    Ôòæ <3 Playwright Team                                                      Ôòæ
    ÔòÜÔòÉÔòÉÔòÉÔòÉÔòÉÔòÉÔòÉÔòÉÔòÉÔòÉÔòÉÔòÉÔòÉÔòÉÔòÉÔòÉÔòÉÔòÉÔòÉÔòÉÔòÉÔòÉÔòÉÔòÉÔòÉÔòÉÔòÉÔòÉÔòÉÔòÉÔòÉÔòÉÔòÉÔòÉÔòÉÔòÉÔòÉÔòÉÔòÉÔòÉÔòÉÔòÉÔòÉÔòÉÔòÉÔòÉÔòÉÔòÉÔòÉÔòÉÔòÉÔòÉÔòÉÔòÉÔòÉÔòÉÔòÉÔòÉÔòÉÔòÉÔòÉÔòÉÔòÉÔòÉÔòÉÔòÉÔòÉÔòÉÔòÉÔòÉÔòÉÔòÉÔòÉÔòØ


[1A[2K  403) [chromium] ÔÇ║ src\tests\e2e\navigation-complete.spec.ts:40:3 ÔÇ║ Navegaci├│n Completa de la Aplicaci├│n ÔÇ║ debe navegar correctamente entre p├íginas principales 

    Error: browserType.launch: Executable doesn't exist at C:\Users\conej\AppData\Local\ms-playwright\chromium_headless_shell-1200\chrome-headless-shell-win64\chrome-headless-shell.exe
    ÔòöÔòÉÔòÉÔòÉÔòÉÔòÉÔòÉÔòÉÔòÉÔòÉÔòÉÔòÉÔòÉÔòÉÔòÉÔòÉÔòÉÔòÉÔòÉÔòÉÔòÉÔòÉÔòÉÔòÉÔòÉÔòÉÔòÉÔòÉÔòÉÔòÉÔòÉÔòÉÔòÉÔòÉÔòÉÔòÉÔòÉÔòÉÔòÉÔòÉÔòÉÔòÉÔòÉÔòÉÔòÉÔòÉÔòÉÔòÉÔòÉÔòÉÔòÉÔòÉÔòÉÔòÉÔòÉÔòÉÔòÉÔòÉÔòÉÔòÉÔòÉÔòÉÔòÉÔòÉÔòÉÔòÉÔòÉÔòÉÔòÉÔòÉÔòÉÔòÉÔòÉÔòÉÔòù
    Ôòæ Looks like Playwright Test or Playwright was just installed or updated. Ôòæ
    Ôòæ Please run the following command to download new browsers:              Ôòæ
    Ôòæ                                                                         Ôòæ
    Ôòæ     npx playwright install                                              Ôòæ
    Ôòæ                                                                         Ôòæ
    Ôòæ <3 Playwright Team                                                      Ôòæ
    ÔòÜÔòÉÔòÉÔòÉÔòÉÔòÉÔòÉÔòÉÔòÉÔòÉÔòÉÔòÉÔòÉÔòÉÔòÉÔòÉÔòÉÔòÉÔòÉÔòÉÔòÉÔòÉÔòÉÔòÉÔòÉÔòÉÔòÉÔòÉÔòÉÔòÉÔòÉÔòÉÔòÉÔòÉÔòÉÔòÉÔòÉÔòÉÔòÉÔòÉÔòÉÔòÉÔòÉÔòÉÔòÉÔòÉÔòÉÔòÉÔòÉÔòÉÔòÉÔòÉÔòÉÔòÉÔòÉÔòÉÔòÉÔòÉÔòÉÔòÉÔòÉÔòÉÔòÉÔòÉÔòÉÔòÉÔòÉÔòÉÔòÉÔòÉÔòÉÔòÉÔòÉÔòÉÔòØ


[1A[2K[404/580] [chromium] ÔÇ║ src\tests\e2e\navigation-complete.spec.ts:70:3 ÔÇ║ Navegaci├│n Completa de la Aplicaci├│n ÔÇ║ debe tener metadatos correctos en cada p├ígina
[1A[2K  404) [chromium] ÔÇ║ src\tests\e2e\navigation-complete.spec.ts:70:3 ÔÇ║ Navegaci├│n Completa de la Aplicaci├│n ÔÇ║ debe tener metadatos correctos en cada p├ígina 

    Error: browserType.launch: Executable doesn't exist at C:\Users\conej\AppData\Local\ms-playwright\chromium_headless_shell-1200\chrome-headless-shell-win64\chrome-headless-shell.exe
    ÔòöÔòÉÔòÉÔòÉÔòÉÔòÉÔòÉÔòÉÔòÉÔòÉÔòÉÔòÉÔòÉÔòÉÔòÉÔòÉÔòÉÔòÉÔòÉÔòÉÔòÉÔòÉÔòÉÔòÉÔòÉÔòÉÔòÉÔòÉÔòÉÔòÉÔòÉÔòÉÔòÉÔòÉÔòÉÔòÉÔòÉÔòÉÔòÉÔòÉÔòÉÔòÉÔòÉÔòÉÔòÉÔòÉÔòÉÔòÉÔòÉÔòÉÔòÉÔòÉÔòÉÔòÉÔòÉÔòÉÔòÉÔòÉÔòÉÔòÉÔòÉÔòÉÔòÉÔòÉÔòÉÔòÉÔòÉÔòÉÔòÉÔòÉÔòÉÔòÉÔòÉÔòÉÔòù
    Ôòæ Looks like Playwright Test or Playwright was just installed or updated. Ôòæ
    Ôòæ Please run the following command to download new browsers:              Ôòæ
    Ôòæ                                                                         Ôòæ
    Ôòæ     npx playwright install                                              Ôòæ
    Ôòæ                                                                         Ôòæ
    Ôòæ <3 Playwright Team                                                      Ôòæ
    ÔòÜÔòÉÔòÉÔòÉÔòÉÔòÉÔòÉÔòÉÔòÉÔòÉÔòÉÔòÉÔòÉÔòÉÔòÉÔòÉÔòÉÔòÉÔòÉÔòÉÔòÉÔòÉÔòÉÔòÉÔòÉÔòÉÔòÉÔòÉÔòÉÔòÉÔòÉÔòÉÔòÉÔòÉÔòÉÔòÉÔòÉÔòÉÔòÉÔòÉÔòÉÔòÉÔòÉÔòÉÔòÉÔòÉÔòÉÔòÉÔòÉÔòÉÔòÉÔòÉÔòÉÔòÉÔòÉÔòÉÔòÉÔòÉÔòÉÔòÉÔòÉÔòÉÔòÉÔòÉÔòÉÔòÉÔòÉÔòÉÔòÉÔòÉÔòÉÔòÉÔòÉÔòÉÔòØ


[1A[2K[405/580] [chromium] ÔÇ║ src\tests\e2e\navigation-complete.spec.ts:81:3 ÔÇ║ Navegaci├│n Completa de la Aplicaci├│n ÔÇ║ debe cargar estilos correctamente
[1A[2K  405) [chromium] ÔÇ║ src\tests\e2e\navigation-complete.spec.ts:81:3 ÔÇ║ Navegaci├│n Completa de la Aplicaci├│n ÔÇ║ debe cargar estilos correctamente 

    Error: browserType.launch: Executable doesn't exist at C:\Users\conej\AppData\Local\ms-playwright\chromium_headless_shell-1200\chrome-headless-shell-win64\chrome-headless-shell.exe
    ÔòöÔòÉÔòÉÔòÉÔòÉÔòÉÔòÉÔòÉÔòÉÔòÉÔòÉÔòÉÔòÉÔòÉÔòÉÔòÉÔòÉÔòÉÔòÉÔòÉÔòÉÔòÉÔòÉÔòÉÔòÉÔòÉÔòÉÔòÉÔòÉÔòÉÔòÉÔòÉÔòÉÔòÉÔòÉÔòÉÔòÉÔòÉÔòÉÔòÉÔòÉÔòÉÔòÉÔòÉÔòÉÔòÉÔòÉÔòÉÔòÉÔòÉÔòÉÔòÉÔòÉÔòÉÔòÉÔòÉÔòÉÔòÉÔòÉÔòÉÔòÉÔòÉÔòÉÔòÉÔòÉÔòÉÔòÉÔòÉÔòÉÔòÉÔòÉÔòÉÔòÉÔòÉÔòù
    Ôòæ Looks like Playwright Test or Playwright was just installed or updated. Ôòæ
    Ôòæ Please run the following command to download new browsers:              Ôòæ
    Ôòæ                                                                         Ôòæ
    Ôòæ     npx playwright install                                              Ôòæ
    Ôòæ                                                                         Ôòæ
    Ôòæ <3 Playwright Team                                                      Ôòæ
    ÔòÜÔòÉÔòÉÔòÉÔòÉÔòÉÔòÉÔòÉÔòÉÔòÉÔòÉÔòÉÔòÉÔòÉÔòÉÔòÉÔòÉÔòÉÔòÉÔòÉÔòÉÔòÉÔòÉÔòÉÔòÉÔòÉÔòÉÔòÉÔòÉÔòÉÔòÉÔòÉÔòÉÔòÉÔòÉÔòÉÔòÉÔòÉÔòÉÔòÉÔòÉÔòÉÔòÉÔòÉÔòÉÔòÉÔòÉÔòÉÔòÉÔòÉÔòÉÔòÉÔòÉÔòÉÔòÉÔòÉÔòÉÔòÉÔòÉÔòÉÔòÉÔòÉÔòÉÔòÉÔòÉÔòÉÔòÉÔòÉÔòÉÔòÉÔòÉÔòÉÔòÉÔòÉÔòØ


[1A[2K[406/580] [chromium] ÔÇ║ src\tests\e2e\navigation-complete.spec.ts:102:3 ÔÇ║ Navegaci├│n Completa de la Aplicaci├│n ÔÇ║ debe ser responsive en mobile viewport
[1A[2K  406) [chromium] ÔÇ║ src\tests\e2e\navigation-complete.spec.ts:102:3 ÔÇ║ Navegaci├│n Completa de la Aplicaci├│n ÔÇ║ debe ser responsive en mobile viewport 

    Error: browserType.launch: Executable doesn't exist at C:\Users\conej\AppData\Local\ms-playwright\chromium_headless_shell-1200\chrome-headless-shell-win64\chrome-headless-shell.exe
    ÔòöÔòÉÔòÉÔòÉÔòÉÔòÉÔòÉÔòÉÔòÉÔòÉÔòÉÔòÉÔòÉÔòÉÔòÉÔòÉÔòÉÔòÉÔòÉÔòÉÔòÉÔòÉÔòÉÔòÉÔòÉÔòÉÔòÉÔòÉÔòÉÔòÉÔòÉÔòÉÔòÉÔòÉÔòÉÔòÉÔòÉÔòÉÔòÉÔòÉÔòÉÔòÉÔòÉÔòÉÔòÉÔòÉÔòÉÔòÉÔòÉÔòÉÔòÉÔòÉÔòÉÔòÉÔòÉÔòÉÔòÉÔòÉÔòÉÔòÉÔòÉÔòÉÔòÉÔòÉÔòÉÔòÉÔòÉÔòÉÔòÉÔòÉÔòÉÔòÉÔòÉÔòÉÔòù
    Ôòæ Looks like Playwright Test or Playwright was just installed or updated. Ôòæ
    Ôòæ Please run the following command to download new browsers:              Ôòæ
    Ôòæ                                                                         Ôòæ
    Ôòæ     npx playwright install                                              Ôòæ
    Ôòæ                                                                         Ôòæ
    Ôòæ <3 Playwright Team                                                      Ôòæ
    ÔòÜÔòÉÔòÉÔòÉÔòÉÔòÉÔòÉÔòÉÔòÉÔòÉÔòÉÔòÉÔòÉÔòÉÔòÉÔòÉÔòÉÔòÉÔòÉÔòÉÔòÉÔòÉÔòÉÔòÉÔòÉÔòÉÔòÉÔòÉÔòÉÔòÉÔòÉÔòÉÔòÉÔòÉÔòÉÔòÉÔòÉÔòÉÔòÉÔòÉÔòÉÔòÉÔòÉÔòÉÔòÉÔòÉÔòÉÔòÉÔòÉÔòÉÔòÉÔòÉÔòÉÔòÉÔòÉÔòÉÔòÉÔòÉÔòÉÔòÉÔòÉÔòÉÔòÉÔòÉÔòÉÔòÉÔòÉÔòÉÔòÉÔòÉÔòÉÔòÉÔòÉÔòÉÔòØ


[1A[2K[407/580] [chromium] ÔÇ║ src\tests\e2e\navigation-complete.spec.ts:117:3 ÔÇ║ Navegaci├│n Completa de la Aplicaci├│n ÔÇ║ debe cargar recursos cr├¡ticos
[1A[2K  407) [chromium] ÔÇ║ src\tests\e2e\navigation-complete.spec.ts:117:3 ÔÇ║ Navegaci├│n Completa de la Aplicaci├│n ÔÇ║ debe cargar recursos cr├¡ticos 

    Error: browserType.launch: Executable doesn't exist at C:\Users\conej\AppData\Local\ms-playwright\chromium_headless_shell-1200\chrome-headless-shell-win64\chrome-headless-shell.exe
    ÔòöÔòÉÔòÉÔòÉÔòÉÔòÉÔòÉÔòÉÔòÉÔòÉÔòÉÔòÉÔòÉÔòÉÔòÉÔòÉÔòÉÔòÉÔòÉÔòÉÔòÉÔòÉÔòÉÔòÉÔòÉÔòÉÔòÉÔòÉÔòÉÔòÉÔòÉÔòÉÔòÉÔòÉÔòÉÔòÉÔòÉÔòÉÔòÉÔòÉÔòÉÔòÉÔòÉÔòÉÔòÉÔòÉÔòÉÔòÉÔòÉÔòÉÔòÉÔòÉÔòÉÔòÉÔòÉÔòÉÔòÉÔòÉÔòÉÔòÉÔòÉÔòÉÔòÉÔòÉÔòÉÔòÉÔòÉÔòÉÔòÉÔòÉÔòÉÔòÉÔòÉÔòÉÔòù
    Ôòæ Looks like Playwright Test or Playwright was just installed or updated. Ôòæ
    Ôòæ Please run the following command to download new browsers:              Ôòæ
    Ôòæ                                                                         Ôòæ
    Ôòæ     npx playwright install                                              Ôòæ
    Ôòæ                                                                         Ôòæ
    Ôòæ <3 Playwright Team                                                      Ôòæ
    ÔòÜÔòÉÔòÉÔòÉÔòÉÔòÉÔòÉÔòÉÔòÉÔòÉÔòÉÔòÉÔòÉÔòÉÔòÉÔòÉÔòÉÔòÉÔòÉÔòÉÔòÉÔòÉÔòÉÔòÉÔòÉÔòÉÔòÉÔòÉÔòÉÔòÉÔòÉÔòÉÔòÉÔòÉÔòÉÔòÉÔòÉÔòÉÔòÉÔòÉÔòÉÔòÉÔòÉÔòÉÔòÉÔòÉÔòÉÔòÉÔòÉÔòÉÔòÉÔòÉÔòÉÔòÉÔòÉÔòÉÔòÉÔòÉÔòÉÔòÉÔòÉÔòÉÔòÉÔòÉÔòÉÔòÉÔòÉÔòÉÔòÉÔòÉÔòÉÔòÉÔòÉÔòÉÔòØ


[1A[2K[408/580] [chromium] ÔÇ║ src\tests\e2e\navigation.spec.ts:4:3 ÔÇ║ Navigation and Authentication ÔÇ║ should navigate to main pages without authentication
[1A[2K[409/580] [chromium] ÔÇ║ src\tests\e2e\navigation.spec.ts:21:3 ÔÇ║ Navigation and Authentication ÔÇ║ should handle demo authentication flow
[1A[2K[410/580] [chromium] ÔÇ║ src\tests\e2e\navigation.spec.ts:56:3 ÔÇ║ Navigation and Authentication ÔÇ║ should handle 404 errors gracefully
[1A[2K[411/580] [chromium] ÔÇ║ src\tests\e2e\navigation.spec.ts:38:3 ÔÇ║ Navigation and Authentication ÔÇ║ should show authenticated navigation after login
[1A[2K  408) [chromium] ÔÇ║ src\tests\e2e\navigation.spec.ts:4:3 ÔÇ║ Navigation and Authentication ÔÇ║ should navigate to main pages without authentication 

    Error: browserType.launch: Executable doesn't exist at C:\Users\conej\AppData\Local\ms-playwright\chromium_headless_shell-1200\chrome-headless-shell-win64\chrome-headless-shell.exe
    ÔòöÔòÉÔòÉÔòÉÔòÉÔòÉÔòÉÔòÉÔòÉÔòÉÔòÉÔòÉÔòÉÔòÉÔòÉÔòÉÔòÉÔòÉÔòÉÔòÉÔòÉÔòÉÔòÉÔòÉÔòÉÔòÉÔòÉÔòÉÔòÉÔòÉÔòÉÔòÉÔòÉÔòÉÔòÉÔòÉÔòÉÔòÉÔòÉÔòÉÔòÉÔòÉÔòÉÔòÉÔòÉÔòÉÔòÉÔòÉÔòÉÔòÉÔòÉÔòÉÔòÉÔòÉÔòÉÔòÉÔòÉÔòÉÔòÉÔòÉÔòÉÔòÉÔòÉÔòÉÔòÉÔòÉÔòÉÔòÉÔòÉÔòÉÔòÉÔòÉÔòÉÔòÉÔòù
    Ôòæ Looks like Playwright Test or Playwright was just installed or updated. Ôòæ
    Ôòæ Please run the following command to download new browsers:              Ôòæ
    Ôòæ                                                                         Ôòæ
    Ôòæ     npx playwright install                                              Ôòæ
    Ôòæ                                                                         Ôòæ
    Ôòæ <3 Playwright Team                                                      Ôòæ
    ÔòÜÔòÉÔòÉÔòÉÔòÉÔòÉÔòÉÔòÉÔòÉÔòÉÔòÉÔòÉÔòÉÔòÉÔòÉÔòÉÔòÉÔòÉÔòÉÔòÉÔòÉÔòÉÔòÉÔòÉÔòÉÔòÉÔòÉÔòÉÔòÉÔòÉÔòÉÔòÉÔòÉÔòÉÔòÉÔòÉÔòÉÔòÉÔòÉÔòÉÔòÉÔòÉÔòÉÔòÉÔòÉÔòÉÔòÉÔòÉÔòÉÔòÉÔòÉÔòÉÔòÉÔòÉÔòÉÔòÉÔòÉÔòÉÔòÉÔòÉÔòÉÔòÉÔòÉÔòÉÔòÉÔòÉÔòÉÔòÉÔòÉÔòÉÔòÉÔòÉÔòÉÔòÉÔòØ


[1A[2K  409) [chromium] ÔÇ║ src\tests\e2e\navigation.spec.ts:21:3 ÔÇ║ Navigation and Authentication ÔÇ║ should handle demo authentication flow 

    Error: browserType.launch: Executable doesn't exist at C:\Users\conej\AppData\Local\ms-playwright\chromium_headless_shell-1200\chrome-headless-shell-win64\chrome-headless-shell.exe
    ÔòöÔòÉÔòÉÔòÉÔòÉÔòÉÔòÉÔòÉÔòÉÔòÉÔòÉÔòÉÔòÉÔòÉÔòÉÔòÉÔòÉÔòÉÔòÉÔòÉÔòÉÔòÉÔòÉÔòÉÔòÉÔòÉÔòÉÔòÉÔòÉÔòÉÔòÉÔòÉÔòÉÔòÉÔòÉÔòÉÔòÉÔòÉÔòÉÔòÉÔòÉÔòÉÔòÉÔòÉÔòÉÔòÉÔòÉÔòÉÔòÉÔòÉÔòÉÔòÉÔòÉÔòÉÔòÉÔòÉÔòÉÔòÉÔòÉÔòÉÔòÉÔòÉÔòÉÔòÉÔòÉÔòÉÔòÉÔòÉÔòÉÔòÉÔòÉÔòÉÔòÉÔòÉÔòù
    Ôòæ Looks like Playwright Test or Playwright was just installed or updated. Ôòæ
    Ôòæ Please run the following command to download new browsers:              Ôòæ
    Ôòæ                                                                         Ôòæ
    Ôòæ     npx playwright install                                              Ôòæ
    Ôòæ                                                                         Ôòæ
    Ôòæ <3 Playwright Team                                                      Ôòæ
    ÔòÜÔòÉÔòÉÔòÉÔòÉÔòÉÔòÉÔòÉÔòÉÔòÉÔòÉÔòÉÔòÉÔòÉÔòÉÔòÉÔòÉÔòÉÔòÉÔòÉÔòÉÔòÉÔòÉÔòÉÔòÉÔòÉÔòÉÔòÉÔòÉÔòÉÔòÉÔòÉÔòÉÔòÉÔòÉÔòÉÔòÉÔòÉÔòÉÔòÉÔòÉÔòÉÔòÉÔòÉÔòÉÔòÉÔòÉÔòÉÔòÉÔòÉÔòÉÔòÉÔòÉÔòÉÔòÉÔòÉÔòÉÔòÉÔòÉÔòÉÔòÉÔòÉÔòÉÔòÉÔòÉÔòÉÔòÉÔòÉÔòÉÔòÉÔòÉÔòÉÔòÉÔòÉÔòØ


[1A[2K  410) [chromium] ÔÇ║ src\tests\e2e\navigation.spec.ts:38:3 ÔÇ║ Navigation and Authentication ÔÇ║ should show authenticated navigation after login 

    Error: browserType.launch: Executable doesn't exist at C:\Users\conej\AppData\Local\ms-playwright\chromium_headless_shell-1200\chrome-headless-shell-win64\chrome-headless-shell.exe
    ÔòöÔòÉÔòÉÔòÉÔòÉÔòÉÔòÉÔòÉÔòÉÔòÉÔòÉÔòÉÔòÉÔòÉÔòÉÔòÉÔòÉÔòÉÔòÉÔòÉÔòÉÔòÉÔòÉÔòÉÔòÉÔòÉÔòÉÔòÉÔòÉÔòÉÔòÉÔòÉÔòÉÔòÉÔòÉÔòÉÔòÉÔòÉÔòÉÔòÉÔòÉÔòÉÔòÉÔòÉÔòÉÔòÉÔòÉÔòÉÔòÉÔòÉÔòÉÔòÉÔòÉÔòÉÔòÉÔòÉÔòÉÔòÉÔòÉÔòÉÔòÉÔòÉÔòÉÔòÉÔòÉÔòÉÔòÉÔòÉÔòÉÔòÉÔòÉÔòÉÔòÉÔòÉÔòù
    Ôòæ Looks like Playwright Test or Playwright was just installed or updated. Ôòæ
    Ôòæ Please run the following command to download new browsers:              Ôòæ
    Ôòæ                                                                         Ôòæ
    Ôòæ     npx playwright install                                              Ôòæ
    Ôòæ                                                                         Ôòæ
    Ôòæ <3 Playwright Team                                                      Ôòæ
    ÔòÜÔòÉÔòÉÔòÉÔòÉÔòÉÔòÉÔòÉÔòÉÔòÉÔòÉÔòÉÔòÉÔòÉÔòÉÔòÉÔòÉÔòÉÔòÉÔòÉÔòÉÔòÉÔòÉÔòÉÔòÉÔòÉÔòÉÔòÉÔòÉÔòÉÔòÉÔòÉÔòÉÔòÉÔòÉÔòÉÔòÉÔòÉÔòÉÔòÉÔòÉÔòÉÔòÉÔòÉÔòÉÔòÉÔòÉÔòÉÔòÉÔòÉÔòÉÔòÉÔòÉÔòÉÔòÉÔòÉÔòÉÔòÉÔòÉÔòÉÔòÉÔòÉÔòÉÔòÉÔòÉÔòÉÔòÉÔòÉÔòÉÔòÉÔòÉÔòÉÔòÉÔòÉÔòØ


[1A[2K  411) [chromium] ÔÇ║ src\tests\e2e\navigation.spec.ts:56:3 ÔÇ║ Navigation and Authentication ÔÇ║ should handle 404 errors gracefully 

    Error: browserType.launch: Executable doesn't exist at C:\Users\conej\AppData\Local\ms-playwright\chromium_headless_shell-1200\chrome-headless-shell-win64\chrome-headless-shell.exe
    ÔòöÔòÉÔòÉÔòÉÔòÉÔòÉÔòÉÔòÉÔòÉÔòÉÔòÉÔòÉÔòÉÔòÉÔòÉÔòÉÔòÉÔòÉÔòÉÔòÉÔòÉÔòÉÔòÉÔòÉÔòÉÔòÉÔòÉÔòÉÔòÉÔòÉÔòÉÔòÉÔòÉÔòÉÔòÉÔòÉÔòÉÔòÉÔòÉÔòÉÔòÉÔòÉÔòÉÔòÉÔòÉÔòÉÔòÉÔòÉÔòÉÔòÉÔòÉÔòÉÔòÉÔòÉÔòÉÔòÉÔòÉÔòÉÔòÉÔòÉÔòÉÔòÉÔòÉÔòÉÔòÉÔòÉÔòÉÔòÉÔòÉÔòÉÔòÉÔòÉÔòÉÔòÉÔòù
    Ôòæ Looks like Playwright Test or Playwright was just installed or updated. Ôòæ
    Ôòæ Please run the following command to download new browsers:              Ôòæ
    Ôòæ                                                                         Ôòæ
    Ôòæ     npx playwright install                                              Ôòæ
    Ôòæ                                                                         Ôòæ
    Ôòæ <3 Playwright Team                                                      Ôòæ
    ÔòÜÔòÉÔòÉÔòÉÔòÉÔòÉÔòÉÔòÉÔòÉÔòÉÔòÉÔòÉÔòÉÔòÉÔòÉÔòÉÔòÉÔòÉÔòÉÔòÉÔòÉÔòÉÔòÉÔòÉÔòÉÔòÉÔòÉÔòÉÔòÉÔòÉÔòÉÔòÉÔòÉÔòÉÔòÉÔòÉÔòÉÔòÉÔòÉÔòÉÔòÉÔòÉÔòÉÔòÉÔòÉÔòÉÔòÉÔòÉÔòÉÔòÉÔòÉÔòÉÔòÉÔòÉÔòÉÔòÉÔòÉÔòÉÔòÉÔòÉÔòÉÔòÉÔòÉÔòÉÔòÉÔòÉÔòÉÔòÉÔòÉÔòÉÔòÉÔòÉÔòÉÔòÉÔòØ


[1A[2K[412/580] [chromium] ÔÇ║ src\tests\e2e\navigation.spec.ts:67:3 ÔÇ║ Navigation and Authentication ÔÇ║ should navigate between main sections
[1A[2K  412) [chromium] ÔÇ║ src\tests\e2e\navigation.spec.ts:67:3 ÔÇ║ Navigation and Authentication ÔÇ║ should navigate between main sections 

    Error: browserType.launch: Executable doesn't exist at C:\Users\conej\AppData\Local\ms-playwright\chromium_headless_shell-1200\chrome-headless-shell-win64\chrome-headless-shell.exe
    ÔòöÔòÉÔòÉÔòÉÔòÉÔòÉÔòÉÔòÉÔòÉÔòÉÔòÉÔòÉÔòÉÔòÉÔòÉÔòÉÔòÉÔòÉÔòÉÔòÉÔòÉÔòÉÔòÉÔòÉÔòÉÔòÉÔòÉÔòÉÔòÉÔòÉÔòÉÔòÉÔòÉÔòÉÔòÉÔòÉÔòÉÔòÉÔòÉÔòÉÔòÉÔòÉÔòÉÔòÉÔòÉÔòÉÔòÉÔòÉÔòÉÔòÉÔòÉÔòÉÔòÉÔòÉÔòÉÔòÉÔòÉÔòÉÔòÉÔòÉÔòÉÔòÉÔòÉÔòÉÔòÉÔòÉÔòÉÔòÉÔòÉÔòÉÔòÉÔòÉÔòÉÔòÉÔòù
    Ôòæ Looks like Playwright Test or Playwright was just installed or updated. Ôòæ
    Ôòæ Please run the following command to download new browsers:              Ôòæ
    Ôòæ                                                                         Ôòæ
    Ôòæ     npx playwright install                                              Ôòæ
    Ôòæ                                                                         Ôòæ
    Ôòæ <3 Playwright Team                                                      Ôòæ
    ÔòÜÔòÉÔòÉÔòÉÔòÉÔòÉÔòÉÔòÉÔòÉÔòÉÔòÉÔòÉÔòÉÔòÉÔòÉÔòÉÔòÉÔòÉÔòÉÔòÉÔòÉÔòÉÔòÉÔòÉÔòÉÔòÉÔòÉÔòÉÔòÉÔòÉÔòÉÔòÉÔòÉÔòÉÔòÉÔòÉÔòÉÔòÉÔòÉÔòÉÔòÉÔòÉÔòÉÔòÉÔòÉÔòÉÔòÉÔòÉÔòÉÔòÉÔòÉÔòÉÔòÉÔòÉÔòÉÔòÉÔòÉÔòÉÔòÉÔòÉÔòÉÔòÉÔòÉÔòÉÔòÉÔòÉÔòÉÔòÉÔòÉÔòÉÔòÉÔòÉÔòÉÔòÉÔòØ


[1A[2K[413/580] [chromium] ÔÇ║ src\tests\e2e\phone-validation.spec.ts:24:3 ÔÇ║ Validaci├│n de Tel├®fono Mexicano ÔÇ║ debe aceptar n├║mero v├ílido de 10 d├¡gitos
[1A[2K  413) [chromium] ÔÇ║ src\tests\e2e\phone-validation.spec.ts:24:3 ÔÇ║ Validaci├│n de Tel├®fono Mexicano ÔÇ║ debe aceptar n├║mero v├ílido de 10 d├¡gitos 

    Error: browserType.launch: Executable doesn't exist at C:\Users\conej\AppData\Local\ms-playwright\chromium_headless_shell-1200\chrome-headless-shell-win64\chrome-headless-shell.exe
    ÔòöÔòÉÔòÉÔòÉÔòÉÔòÉÔòÉÔòÉÔòÉÔòÉÔòÉÔòÉÔòÉÔòÉÔòÉÔòÉÔòÉÔòÉÔòÉÔòÉÔòÉÔòÉÔòÉÔòÉÔòÉÔòÉÔòÉÔòÉÔòÉÔòÉÔòÉÔòÉÔòÉÔòÉÔòÉÔòÉÔòÉÔòÉÔòÉÔòÉÔòÉÔòÉÔòÉÔòÉÔòÉÔòÉÔòÉÔòÉÔòÉÔòÉÔòÉÔòÉÔòÉÔòÉÔòÉÔòÉÔòÉÔòÉÔòÉÔòÉÔòÉÔòÉÔòÉÔòÉÔòÉÔòÉÔòÉÔòÉÔòÉÔòÉÔòÉÔòÉÔòÉÔòÉÔòù
    Ôòæ Looks like Playwright Test or Playwright was just installed or updated. Ôòæ
    Ôòæ Please run the following command to download new browsers:              Ôòæ
    Ôòæ                                                                         Ôòæ
    Ôòæ     npx playwright install                                              Ôòæ
    Ôòæ                                                                         Ôòæ
    Ôòæ <3 Playwright Team                                                      Ôòæ
    ÔòÜÔòÉÔòÉÔòÉÔòÉÔòÉÔòÉÔòÉÔòÉÔòÉÔòÉÔòÉÔòÉÔòÉÔòÉÔòÉÔòÉÔòÉÔòÉÔòÉÔòÉÔòÉÔòÉÔòÉÔòÉÔòÉÔòÉÔòÉÔòÉÔòÉÔòÉÔòÉÔòÉÔòÉÔòÉÔòÉÔòÉÔòÉÔòÉÔòÉÔòÉÔòÉÔòÉÔòÉÔòÉÔòÉÔòÉÔòÉÔòÉÔòÉÔòÉÔòÉÔòÉÔòÉÔòÉÔòÉÔòÉÔòÉÔòÉÔòÉÔòÉÔòÉÔòÉÔòÉÔòÉÔòÉÔòÉÔòÉÔòÉÔòÉÔòÉÔòÉÔòÉÔòÉÔòØ


[1A[2K[414/580] [chromium] ÔÇ║ src\tests\e2e\phone-validation.spec.ts:40:3 ÔÇ║ Validaci├│n de Tel├®fono Mexicano ÔÇ║ debe aceptar n├║mero con prefijo 044
[1A[2K  414) [chromium] ÔÇ║ src\tests\e2e\phone-validation.spec.ts:40:3 ÔÇ║ Validaci├│n de Tel├®fono Mexicano ÔÇ║ debe aceptar n├║mero con prefijo 044 

    Error: browserType.launch: Executable doesn't exist at C:\Users\conej\AppData\Local\ms-playwright\chromium_headless_shell-1200\chrome-headless-shell-win64\chrome-headless-shell.exe
    ÔòöÔòÉÔòÉÔòÉÔòÉÔòÉÔòÉÔòÉÔòÉÔòÉÔòÉÔòÉÔòÉÔòÉÔòÉÔòÉÔòÉÔòÉÔòÉÔòÉÔòÉÔòÉÔòÉÔòÉÔòÉÔòÉÔòÉÔòÉÔòÉÔòÉÔòÉÔòÉÔòÉÔòÉÔòÉÔòÉÔòÉÔòÉÔòÉÔòÉÔòÉÔòÉÔòÉÔòÉÔòÉÔòÉÔòÉÔòÉÔòÉÔòÉÔòÉÔòÉÔòÉÔòÉÔòÉÔòÉÔòÉÔòÉÔòÉÔòÉÔòÉÔòÉÔòÉÔòÉÔòÉÔòÉÔòÉÔòÉÔòÉÔòÉÔòÉÔòÉÔòÉÔòÉÔòù
    Ôòæ Looks like Playwright Test or Playwright was just installed or updated. Ôòæ
    Ôòæ Please run the following command to download new browsers:              Ôòæ
    Ôòæ                                                                         Ôòæ
    Ôòæ     npx playwright install                                              Ôòæ
    Ôòæ                                                                         Ôòæ
    Ôòæ <3 Playwright Team                                                      Ôòæ
    ÔòÜÔòÉÔòÉÔòÉÔòÉÔòÉÔòÉÔòÉÔòÉÔòÉÔòÉÔòÉÔòÉÔòÉÔòÉÔòÉÔòÉÔòÉÔòÉÔòÉÔòÉÔòÉÔòÉÔòÉÔòÉÔòÉÔòÉÔòÉÔòÉÔòÉÔòÉÔòÉÔòÉÔòÉÔòÉÔòÉÔòÉÔòÉÔòÉÔòÉÔòÉÔòÉÔòÉÔòÉÔòÉÔòÉÔòÉÔòÉÔòÉÔòÉÔòÉÔòÉÔòÉÔòÉÔòÉÔòÉÔòÉÔòÉÔòÉÔòÉÔòÉÔòÉÔòÉÔòÉÔòÉÔòÉÔòÉÔòÉÔòÉÔòÉÔòÉÔòÉÔòÉÔòÉÔòØ


[1A[2K[415/580] [chromium] ÔÇ║ src\tests\e2e\phone-validation.spec.ts:56:3 ÔÇ║ Validaci├│n de Tel├®fono Mexicano ÔÇ║ debe aceptar n├║mero con prefijo +52
[1A[2K  415) [chromium] ÔÇ║ src\tests\e2e\phone-validation.spec.ts:56:3 ÔÇ║ Validaci├│n de Tel├®fono Mexicano ÔÇ║ debe aceptar n├║mero con prefijo +52 

    Error: browserType.launch: Executable doesn't exist at C:\Users\conej\AppData\Local\ms-playwright\chromium_headless_shell-1200\chrome-headless-shell-win64\chrome-headless-shell.exe
    ÔòöÔòÉÔòÉÔòÉÔòÉÔòÉÔòÉÔòÉÔòÉÔòÉÔòÉÔòÉÔòÉÔòÉÔòÉÔòÉÔòÉÔòÉÔòÉÔòÉÔòÉÔòÉÔòÉÔòÉÔòÉÔòÉÔòÉÔòÉÔòÉÔòÉÔòÉÔòÉÔòÉÔòÉÔòÉÔòÉÔòÉÔòÉÔòÉÔòÉÔòÉÔòÉÔòÉÔòÉÔòÉÔòÉÔòÉÔòÉÔòÉÔòÉÔòÉÔòÉÔòÉÔòÉÔòÉÔòÉÔòÉÔòÉÔòÉÔòÉÔòÉÔòÉÔòÉÔòÉÔòÉÔòÉÔòÉÔòÉÔòÉÔòÉÔòÉÔòÉÔòÉÔòÉÔòù
    Ôòæ Looks like Playwright Test or Playwright was just installed or updated. Ôòæ
    Ôòæ Please run the following command to download new browsers:              Ôòæ
    Ôòæ                                                                         Ôòæ
    Ôòæ     npx playwright install                                              Ôòæ
    Ôòæ                                                                         Ôòæ
    Ôòæ <3 Playwright Team                                                      Ôòæ
    ÔòÜÔòÉÔòÉÔòÉÔòÉÔòÉÔòÉÔòÉÔòÉÔòÉÔòÉÔòÉÔòÉÔòÉÔòÉÔòÉÔòÉÔòÉÔòÉÔòÉÔòÉÔòÉÔòÉÔòÉÔòÉÔòÉÔòÉÔòÉÔòÉÔòÉÔòÉÔòÉÔòÉÔòÉÔòÉÔòÉÔòÉÔòÉÔòÉÔòÉÔòÉÔòÉÔòÉÔòÉÔòÉÔòÉÔòÉÔòÉÔòÉÔòÉÔòÉÔòÉÔòÉÔòÉÔòÉÔòÉÔòÉÔòÉÔòÉÔòÉÔòÉÔòÉÔòÉÔòÉÔòÉÔòÉÔòÉÔòÉÔòÉÔòÉÔòÉÔòÉÔòÉÔòÉÔòØ


[1A[2K[416/580] [chromium] ÔÇ║ src\tests\e2e\phone-validation.spec.ts:71:3 ÔÇ║ Validaci├│n de Tel├®fono Mexicano ÔÇ║ debe rechazar n├║mero con menos de 10 d├¡gitos
[1A[2K[417/580] [chromium] ÔÇ║ src\tests\e2e\phone-validation.spec.ts:87:3 ÔÇ║ Validaci├│n de Tel├®fono Mexicano ÔÇ║ debe rechazar n├║mero con c├│digo de ├írea inv├ílido
[1A[2K[418/580] [chromium] ÔÇ║ src\tests\e2e\phone-validation.spec.ts:121:3 ÔÇ║ Validaci├│n de Tel├®fono Mexicano ÔÇ║ debe mostrar ├¡cono de validaci├│n exitosa
[1A[2K  416) [chromium] ÔÇ║ src\tests\e2e\phone-validation.spec.ts:71:3 ÔÇ║ Validaci├│n de Tel├®fono Mexicano ÔÇ║ debe rechazar n├║mero con menos de 10 d├¡gitos 

    Error: browserType.launch: Executable doesn't exist at C:\Users\conej\AppData\Local\ms-playwright\chromium_headless_shell-1200\chrome-headless-shell-win64\chrome-headless-shell.exe
    ÔòöÔòÉÔòÉÔòÉÔòÉÔòÉÔòÉÔòÉÔòÉÔòÉÔòÉÔòÉÔòÉÔòÉÔòÉÔòÉÔòÉÔòÉÔòÉÔòÉÔòÉÔòÉÔòÉÔòÉÔòÉÔòÉÔòÉÔòÉÔòÉÔòÉÔòÉÔòÉÔòÉÔòÉÔòÉÔòÉÔòÉÔòÉÔòÉÔòÉÔòÉÔòÉÔòÉÔòÉÔòÉÔòÉÔòÉÔòÉÔòÉÔòÉÔòÉÔòÉÔòÉÔòÉÔòÉÔòÉÔòÉÔòÉÔòÉÔòÉÔòÉÔòÉÔòÉÔòÉÔòÉÔòÉÔòÉÔòÉÔòÉÔòÉÔòÉÔòÉÔòÉÔòÉÔòù
    Ôòæ Looks like Playwright Test or Playwright was just installed or updated. Ôòæ
    Ôòæ Please run the following command to download new browsers:              Ôòæ
    Ôòæ                                                                         Ôòæ
    Ôòæ     npx playwright install                                              Ôòæ
    Ôòæ                                                                         Ôòæ
    Ôòæ <3 Playwright Team                                                      Ôòæ
    ÔòÜÔòÉÔòÉÔòÉÔòÉÔòÉÔòÉÔòÉÔòÉÔòÉÔòÉÔòÉÔòÉÔòÉÔòÉÔòÉÔòÉÔòÉÔòÉÔòÉÔòÉÔòÉÔòÉÔòÉÔòÉÔòÉÔòÉÔòÉÔòÉÔòÉÔòÉÔòÉÔòÉÔòÉÔòÉÔòÉÔòÉÔòÉÔòÉÔòÉÔòÉÔòÉÔòÉÔòÉÔòÉÔòÉÔòÉÔòÉÔòÉÔòÉÔòÉÔòÉÔòÉÔòÉÔòÉÔòÉÔòÉÔòÉÔòÉÔòÉÔòÉÔòÉÔòÉÔòÉÔòÉÔòÉÔòÉÔòÉÔòÉÔòÉÔòÉÔòÉÔòÉÔòÉÔòØ


[1A[2K[419/580] [chromium] ÔÇ║ src\tests\e2e\phone-validation.spec.ts:105:3 ÔÇ║ Validaci├│n de Tel├®fono Mexicano ÔÇ║ debe formatear autom├íticamente el n├║mero
[1A[2K  417) [chromium] ÔÇ║ src\tests\e2e\phone-validation.spec.ts:87:3 ÔÇ║ Validaci├│n de Tel├®fono Mexicano ÔÇ║ debe rechazar n├║mero con c├│digo de ├írea inv├ílido 

    Error: browserType.launch: Executable doesn't exist at C:\Users\conej\AppData\Local\ms-playwright\chromium_headless_shell-1200\chrome-headless-shell-win64\chrome-headless-shell.exe
    ÔòöÔòÉÔòÉÔòÉÔòÉÔòÉÔòÉÔòÉÔòÉÔòÉÔòÉÔòÉÔòÉÔòÉÔòÉÔòÉÔòÉÔòÉÔòÉÔòÉÔòÉÔòÉÔòÉÔòÉÔòÉÔòÉÔòÉÔòÉÔòÉÔòÉÔòÉÔòÉÔòÉÔòÉÔòÉÔòÉÔòÉÔòÉÔòÉÔòÉÔòÉÔòÉÔòÉÔòÉÔòÉÔòÉÔòÉÔòÉÔòÉÔòÉÔòÉÔòÉÔòÉÔòÉÔòÉÔòÉÔòÉÔòÉÔòÉÔòÉÔòÉÔòÉÔòÉÔòÉÔòÉÔòÉÔòÉÔòÉÔòÉÔòÉÔòÉÔòÉÔòÉÔòÉÔòù
    Ôòæ Looks like Playwright Test or Playwright was just installed or updated. Ôòæ
    Ôòæ Please run the following command to download new browsers:              Ôòæ
    Ôòæ                                                                         Ôòæ
    Ôòæ     npx playwright install                                              Ôòæ
    Ôòæ                                                                         Ôòæ
    Ôòæ <3 Playwright Team                                                      Ôòæ
    ÔòÜÔòÉÔòÉÔòÉÔòÉÔòÉÔòÉÔòÉÔòÉÔòÉÔòÉÔòÉÔòÉÔòÉÔòÉÔòÉÔòÉÔòÉÔòÉÔòÉÔòÉÔòÉÔòÉÔòÉÔòÉÔòÉÔòÉÔòÉÔòÉÔòÉÔòÉÔòÉÔòÉÔòÉÔòÉÔòÉÔòÉÔòÉÔòÉÔòÉÔòÉÔòÉÔòÉÔòÉÔòÉÔòÉÔòÉÔòÉÔòÉÔòÉÔòÉÔòÉÔòÉÔòÉÔòÉÔòÉÔòÉÔòÉÔòÉÔòÉÔòÉÔòÉÔòÉÔòÉÔòÉÔòÉÔòÉÔòÉÔòÉÔòÉÔòÉÔòÉÔòÉÔòÉÔòØ


[1A[2K  418) [chromium] ÔÇ║ src\tests\e2e\phone-validation.spec.ts:121:3 ÔÇ║ Validaci├│n de Tel├®fono Mexicano ÔÇ║ debe mostrar ├¡cono de validaci├│n exitosa 

    Error: browserType.launch: Executable doesn't exist at C:\Users\conej\AppData\Local\ms-playwright\chromium_headless_shell-1200\chrome-headless-shell-win64\chrome-headless-shell.exe
    ÔòöÔòÉÔòÉÔòÉÔòÉÔòÉÔòÉÔòÉÔòÉÔòÉÔòÉÔòÉÔòÉÔòÉÔòÉÔòÉÔòÉÔòÉÔòÉÔòÉÔòÉÔòÉÔòÉÔòÉÔòÉÔòÉÔòÉÔòÉÔòÉÔòÉÔòÉÔòÉÔòÉÔòÉÔòÉÔòÉÔòÉÔòÉÔòÉÔòÉÔòÉÔòÉÔòÉÔòÉÔòÉÔòÉÔòÉÔòÉÔòÉÔòÉÔòÉÔòÉÔòÉÔòÉÔòÉÔòÉÔòÉÔòÉÔòÉÔòÉÔòÉÔòÉÔòÉÔòÉÔòÉÔòÉÔòÉÔòÉÔòÉÔòÉÔòÉÔòÉÔòÉÔòÉÔòù
    Ôòæ Looks like Playwright Test or Playwright was just installed or updated. Ôòæ
    Ôòæ Please run the following command to download new browsers:              Ôòæ
    Ôòæ                                                                         Ôòæ
    Ôòæ     npx playwright install                                              Ôòæ
    Ôòæ                                                                         Ôòæ
    Ôòæ <3 Playwright Team                                                      Ôòæ
    ÔòÜÔòÉÔòÉÔòÉÔòÉÔòÉÔòÉÔòÉÔòÉÔòÉÔòÉÔòÉÔòÉÔòÉÔòÉÔòÉÔòÉÔòÉÔòÉÔòÉÔòÉÔòÉÔòÉÔòÉÔòÉÔòÉÔòÉÔòÉÔòÉÔòÉÔòÉÔòÉÔòÉÔòÉÔòÉÔòÉÔòÉÔòÉÔòÉÔòÉÔòÉÔòÉÔòÉÔòÉÔòÉÔòÉÔòÉÔòÉÔòÉÔòÉÔòÉÔòÉÔòÉÔòÉÔòÉÔòÉÔòÉÔòÉÔòÉÔòÉÔòÉÔòÉÔòÉÔòÉÔòÉÔòÉÔòÉÔòÉÔòÉÔòÉÔòÉÔòÉÔòÉÔòÉÔòØ


[1A[2K  419) [chromium] ÔÇ║ src\tests\e2e\phone-validation.spec.ts:105:3 ÔÇ║ Validaci├│n de Tel├®fono Mexicano ÔÇ║ debe formatear autom├íticamente el n├║mero 

    Error: browserType.launch: Executable doesn't exist at C:\Users\conej\AppData\Local\ms-playwright\chromium_headless_shell-1200\chrome-headless-shell-win64\chrome-headless-shell.exe
    ÔòöÔòÉÔòÉÔòÉÔòÉÔòÉÔòÉÔòÉÔòÉÔòÉÔòÉÔòÉÔòÉÔòÉÔòÉÔòÉÔòÉÔòÉÔòÉÔòÉÔòÉÔòÉÔòÉÔòÉÔòÉÔòÉÔòÉÔòÉÔòÉÔòÉÔòÉÔòÉÔòÉÔòÉÔòÉÔòÉÔòÉÔòÉÔòÉÔòÉÔòÉÔòÉÔòÉÔòÉÔòÉÔòÉÔòÉÔòÉÔòÉÔòÉÔòÉÔòÉÔòÉÔòÉÔòÉÔòÉÔòÉÔòÉÔòÉÔòÉÔòÉÔòÉÔòÉÔòÉÔòÉÔòÉÔòÉÔòÉÔòÉÔòÉÔòÉÔòÉÔòÉÔòÉÔòù
    Ôòæ Looks like Playwright Test or Playwright was just installed or updated. Ôòæ
    Ôòæ Please run the following command to download new browsers:              Ôòæ
    Ôòæ                                                                         Ôòæ
    Ôòæ     npx playwright install                                              Ôòæ
    Ôòæ                                                                         Ôòæ
    Ôòæ <3 Playwright Team                                                      Ôòæ
    ÔòÜÔòÉÔòÉÔòÉÔòÉÔòÉÔòÉÔòÉÔòÉÔòÉÔòÉÔòÉÔòÉÔòÉÔòÉÔòÉÔòÉÔòÉÔòÉÔòÉÔòÉÔòÉÔòÉÔòÉÔòÉÔòÉÔòÉÔòÉÔòÉÔòÉÔòÉÔòÉÔòÉÔòÉÔòÉÔòÉÔòÉÔòÉÔòÉÔòÉÔòÉÔòÉÔòÉÔòÉÔòÉÔòÉÔòÉÔòÉÔòÉÔòÉÔòÉÔòÉÔòÉÔòÉÔòÉÔòÉÔòÉÔòÉÔòÉÔòÉÔòÉÔòÉÔòÉÔòÉÔòÉÔòÉÔòÉÔòÉÔòÉÔòÉÔòÉÔòÉÔòÉÔòÉÔòØ


[1A[2K[420/580] [chromium] ÔÇ║ src\tests\e2e\realtime-chat.spec.ts:13:3 ÔÇ║ Realtime Chat E2E Tests ÔÇ║ should display chat interface after login
[1A[2K  420) [chromium] ÔÇ║ src\tests\e2e\realtime-chat.spec.ts:13:3 ÔÇ║ Realtime Chat E2E Tests ÔÇ║ should display chat interface after login 

    Error: browserType.launch: Executable doesn't exist at C:\Users\conej\AppData\Local\ms-playwright\chromium_headless_shell-1200\chrome-headless-shell-win64\chrome-headless-shell.exe
    ÔòöÔòÉÔòÉÔòÉÔòÉÔòÉÔòÉÔòÉÔòÉÔòÉÔòÉÔòÉÔòÉÔòÉÔòÉÔòÉÔòÉÔòÉÔòÉÔòÉÔòÉÔòÉÔòÉÔòÉÔòÉÔòÉÔòÉÔòÉÔòÉÔòÉÔòÉÔòÉÔòÉÔòÉÔòÉÔòÉÔòÉÔòÉÔòÉÔòÉÔòÉÔòÉÔòÉÔòÉÔòÉÔòÉÔòÉÔòÉÔòÉÔòÉÔòÉÔòÉÔòÉÔòÉÔòÉÔòÉÔòÉÔòÉÔòÉÔòÉÔòÉÔòÉÔòÉÔòÉÔòÉÔòÉÔòÉÔòÉÔòÉÔòÉÔòÉÔòÉÔòÉÔòÉÔòù
    Ôòæ Looks like Playwright Test or Playwright was just installed or updated. Ôòæ
    Ôòæ Please run the following command to download new browsers:              Ôòæ
    Ôòæ                                                                         Ôòæ
    Ôòæ     npx playwright install                                              Ôòæ
    Ôòæ                                                                         Ôòæ
    Ôòæ <3 Playwright Team                                                      Ôòæ
    ÔòÜÔòÉÔòÉÔòÉÔòÉÔòÉÔòÉÔòÉÔòÉÔòÉÔòÉÔòÉÔòÉÔòÉÔòÉÔòÉÔòÉÔòÉÔòÉÔòÉÔòÉÔòÉÔòÉÔòÉÔòÉÔòÉÔòÉÔòÉÔòÉÔòÉÔòÉÔòÉÔòÉÔòÉÔòÉÔòÉÔòÉÔòÉÔòÉÔòÉÔòÉÔòÉÔòÉÔòÉÔòÉÔòÉÔòÉÔòÉÔòÉÔòÉÔòÉÔòÉÔòÉÔòÉÔòÉÔòÉÔòÉÔòÉÔòÉÔòÉÔòÉÔòÉÔòÉÔòÉÔòÉÔòÉÔòÉÔòÉÔòÉÔòÉÔòÉÔòÉÔòÉÔòÉÔòØ


[1A[2K[421/580] [chromium] ÔÇ║ src\tests\e2e\realtime-chat.spec.ts:20:3 ÔÇ║ Realtime Chat E2E Tests ÔÇ║ should send and receive messages in real-time
[1A[2K  421) [chromium] ÔÇ║ src\tests\e2e\realtime-chat.spec.ts:20:3 ÔÇ║ Realtime Chat E2E Tests ÔÇ║ should send and receive messages in real-time 

    Error: browserType.launch: Executable doesn't exist at C:\Users\conej\AppData\Local\ms-playwright\chromium_headless_shell-1200\chrome-headless-shell-win64\chrome-headless-shell.exe
    ÔòöÔòÉÔòÉÔòÉÔòÉÔòÉÔòÉÔòÉÔòÉÔòÉÔòÉÔòÉÔòÉÔòÉÔòÉÔòÉÔòÉÔòÉÔòÉÔòÉÔòÉÔòÉÔòÉÔòÉÔòÉÔòÉÔòÉÔòÉÔòÉÔòÉÔòÉÔòÉÔòÉÔòÉÔòÉÔòÉÔòÉÔòÉÔòÉÔòÉÔòÉÔòÉÔòÉÔòÉÔòÉÔòÉÔòÉÔòÉÔòÉÔòÉÔòÉÔòÉÔòÉÔòÉÔòÉÔòÉÔòÉÔòÉÔòÉÔòÉÔòÉÔòÉÔòÉÔòÉÔòÉÔòÉÔòÉÔòÉÔòÉÔòÉÔòÉÔòÉÔòÉÔòÉÔòù
    Ôòæ Looks like Playwright Test or Playwright was just installed or updated. Ôòæ
    Ôòæ Please run the following command to download new browsers:              Ôòæ
    Ôòæ                                                                         Ôòæ
    Ôòæ     npx playwright install                                              Ôòæ
    Ôòæ                                                                         Ôòæ
    Ôòæ <3 Playwright Team                                                      Ôòæ
    ÔòÜÔòÉÔòÉÔòÉÔòÉÔòÉÔòÉÔòÉÔòÉÔòÉÔòÉÔòÉÔòÉÔòÉÔòÉÔòÉÔòÉÔòÉÔòÉÔòÉÔòÉÔòÉÔòÉÔòÉÔòÉÔòÉÔòÉÔòÉÔòÉÔòÉÔòÉÔòÉÔòÉÔòÉÔòÉÔòÉÔòÉÔòÉÔòÉÔòÉÔòÉÔòÉÔòÉÔòÉÔòÉÔòÉÔòÉÔòÉÔòÉÔòÉÔòÉÔòÉÔòÉÔòÉÔòÉÔòÉÔòÉÔòÉÔòÉÔòÉÔòÉÔòÉÔòÉÔòÉÔòÉÔòÉÔòÉÔòÉÔòÉÔòÉÔòÉÔòÉÔòÉÔòÉÔòØ


[1A[2K[422/580] [chromium] ÔÇ║ src\tests\e2e\realtime-chat.spec.ts:34:3 ÔÇ║ Realtime Chat E2E Tests ÔÇ║ should show typing indicators
[1A[2K  422) [chromium] ÔÇ║ src\tests\e2e\realtime-chat.spec.ts:34:3 ÔÇ║ Realtime Chat E2E Tests ÔÇ║ should show typing indicators 

    Error: browserType.launch: Executable doesn't exist at C:\Users\conej\AppData\Local\ms-playwright\chromium_headless_shell-1200\chrome-headless-shell-win64\chrome-headless-shell.exe
    ÔòöÔòÉÔòÉÔòÉÔòÉÔòÉÔòÉÔòÉÔòÉÔòÉÔòÉÔòÉÔòÉÔòÉÔòÉÔòÉÔòÉÔòÉÔòÉÔòÉÔòÉÔòÉÔòÉÔòÉÔòÉÔòÉÔòÉÔòÉÔòÉÔòÉÔòÉÔòÉÔòÉÔòÉÔòÉÔòÉÔòÉÔòÉÔòÉÔòÉÔòÉÔòÉÔòÉÔòÉÔòÉÔòÉÔòÉÔòÉÔòÉÔòÉÔòÉÔòÉÔòÉÔòÉÔòÉÔòÉÔòÉÔòÉÔòÉÔòÉÔòÉÔòÉÔòÉÔòÉÔòÉÔòÉÔòÉÔòÉÔòÉÔòÉÔòÉÔòÉÔòÉÔòÉÔòù
    Ôòæ Looks like Playwright Test or Playwright was just installed or updated. Ôòæ
    Ôòæ Please run the following command to download new browsers:              Ôòæ
    Ôòæ                                                                         Ôòæ
    Ôòæ     npx playwright install                                              Ôòæ
    Ôòæ                                                                         Ôòæ
    Ôòæ <3 Playwright Team                                                      Ôòæ
    ÔòÜÔòÉÔòÉÔòÉÔòÉÔòÉÔòÉÔòÉÔòÉÔòÉÔòÉÔòÉÔòÉÔòÉÔòÉÔòÉÔòÉÔòÉÔòÉÔòÉÔòÉÔòÉÔòÉÔòÉÔòÉÔòÉÔòÉÔòÉÔòÉÔòÉÔòÉÔòÉÔòÉÔòÉÔòÉÔòÉÔòÉÔòÉÔòÉÔòÉÔòÉÔòÉÔòÉÔòÉÔòÉÔòÉÔòÉÔòÉÔòÉÔòÉÔòÉÔòÉÔòÉÔòÉÔòÉÔòÉÔòÉÔòÉÔòÉÔòÉÔòÉÔòÉÔòÉÔòÉÔòÉÔòÉÔòÉÔòÉÔòÉÔòÉÔòÉÔòÉÔòÉÔòÉÔòØ


[1A[2K[423/580] [chromium] ÔÇ║ src\tests\e2e\realtime-chat.spec.ts:43:3 ÔÇ║ Realtime Chat E2E Tests ÔÇ║ should display message timestamps
[1A[2K  423) [chromium] ÔÇ║ src\tests\e2e\realtime-chat.spec.ts:43:3 ÔÇ║ Realtime Chat E2E Tests ÔÇ║ should display message timestamps 

    Error: browserType.launch: Executable doesn't exist at C:\Users\conej\AppData\Local\ms-playwright\chromium_headless_shell-1200\chrome-headless-shell-win64\chrome-headless-shell.exe
    ÔòöÔòÉÔòÉÔòÉÔòÉÔòÉÔòÉÔòÉÔòÉÔòÉÔòÉÔòÉÔòÉÔòÉÔòÉÔòÉÔòÉÔòÉÔòÉÔòÉÔòÉÔòÉÔòÉÔòÉÔòÉÔòÉÔòÉÔòÉÔòÉÔòÉÔòÉÔòÉÔòÉÔòÉÔòÉÔòÉÔòÉÔòÉÔòÉÔòÉÔòÉÔòÉÔòÉÔòÉÔòÉÔòÉÔòÉÔòÉÔòÉÔòÉÔòÉÔòÉÔòÉÔòÉÔòÉÔòÉÔòÉÔòÉÔòÉÔòÉÔòÉÔòÉÔòÉÔòÉÔòÉÔòÉÔòÉÔòÉÔòÉÔòÉÔòÉÔòÉÔòÉÔòÉÔòù
    Ôòæ Looks like Playwright Test or Playwright was just installed or updated. Ôòæ
    Ôòæ Please run the following command to download new browsers:              Ôòæ
    Ôòæ                                                                         Ôòæ
    Ôòæ     npx playwright install                                              Ôòæ
    Ôòæ                                                                         Ôòæ
    Ôòæ <3 Playwright Team                                                      Ôòæ
    ÔòÜÔòÉÔòÉÔòÉÔòÉÔòÉÔòÉÔòÉÔòÉÔòÉÔòÉÔòÉÔòÉÔòÉÔòÉÔòÉÔòÉÔòÉÔòÉÔòÉÔòÉÔòÉÔòÉÔòÉÔòÉÔòÉÔòÉÔòÉÔòÉÔòÉÔòÉÔòÉÔòÉÔòÉÔòÉÔòÉÔòÉÔòÉÔòÉÔòÉÔòÉÔòÉÔòÉÔòÉÔòÉÔòÉÔòÉÔòÉÔòÉÔòÉÔòÉÔòÉÔòÉÔòÉÔòÉÔòÉÔòÉÔòÉÔòÉÔòÉÔòÉÔòÉÔòÉÔòÉÔòÉÔòÉÔòÉÔòÉÔòÉÔòÉÔòÉÔòÉÔòÉÔòÉÔòØ


[1A[2K[424/580] [chromium] ÔÇ║ src\tests\e2e\realtime-chat.spec.ts:57:3 ÔÇ║ Realtime Chat E2E Tests ÔÇ║ should handle connection status
[1A[2K[425/580] [chromium] ÔÇ║ src\tests\e2e\realtime-chat.spec.ts:65:3 ÔÇ║ Realtime Chat E2E Tests ÔÇ║ should load chat history on page load
[1A[2K[426/580] [chromium] ÔÇ║ src\tests\e2e\realtime-chat.spec.ts:78:3 ÔÇ║ Realtime Chat E2E Tests ÔÇ║ should handle message reactions
[1A[2K[427/580] [chromium] ÔÇ║ src\tests\e2e\realtime-chat.spec.ts:102:3 ÔÇ║ Realtime Chat E2E Tests ÔÇ║ should handle long messages correctly
[1A[2K  424) [chromium] ÔÇ║ src\tests\e2e\realtime-chat.spec.ts:57:3 ÔÇ║ Realtime Chat E2E Tests ÔÇ║ should handle connection status 

    Error: browserType.launch: Executable doesn't exist at C:\Users\conej\AppData\Local\ms-playwright\chromium_headless_shell-1200\chrome-headless-shell-win64\chrome-headless-shell.exe
    ÔòöÔòÉÔòÉÔòÉÔòÉÔòÉÔòÉÔòÉÔòÉÔòÉÔòÉÔòÉÔòÉÔòÉÔòÉÔòÉÔòÉÔòÉÔòÉÔòÉÔòÉÔòÉÔòÉÔòÉÔòÉÔòÉÔòÉÔòÉÔòÉÔòÉÔòÉÔòÉÔòÉÔòÉÔòÉÔòÉÔòÉÔòÉÔòÉÔòÉÔòÉÔòÉÔòÉÔòÉÔòÉÔòÉÔòÉÔòÉÔòÉÔòÉÔòÉÔòÉÔòÉÔòÉÔòÉÔòÉÔòÉÔòÉÔòÉÔòÉÔòÉÔòÉÔòÉÔòÉÔòÉÔòÉÔòÉÔòÉÔòÉÔòÉÔòÉÔòÉÔòÉÔòÉÔòù
    Ôòæ Looks like Playwright Test or Playwright was just installed or updated. Ôòæ
    Ôòæ Please run the following command to download new browsers:              Ôòæ
    Ôòæ                                                                         Ôòæ
    Ôòæ     npx playwright install                                              Ôòæ
    Ôòæ                                                                         Ôòæ
    Ôòæ <3 Playwright Team                                                      Ôòæ
    ÔòÜÔòÉÔòÉÔòÉÔòÉÔòÉÔòÉÔòÉÔòÉÔòÉÔòÉÔòÉÔòÉÔòÉÔòÉÔòÉÔòÉÔòÉÔòÉÔòÉÔòÉÔòÉÔòÉÔòÉÔòÉÔòÉÔòÉÔòÉÔòÉÔòÉÔòÉÔòÉÔòÉÔòÉÔòÉÔòÉÔòÉÔòÉÔòÉÔòÉÔòÉÔòÉÔòÉÔòÉÔòÉÔòÉÔòÉÔòÉÔòÉÔòÉÔòÉÔòÉÔòÉÔòÉÔòÉÔòÉÔòÉÔòÉÔòÉÔòÉÔòÉÔòÉÔòÉÔòÉÔòÉÔòÉÔòÉÔòÉÔòÉÔòÉÔòÉÔòÉÔòÉÔòÉÔòØ


[1A[2K  425) [chromium] ÔÇ║ src\tests\e2e\realtime-chat.spec.ts:65:3 ÔÇ║ Realtime Chat E2E Tests ÔÇ║ should load chat history on page load 

    Error: browserType.launch: Executable doesn't exist at C:\Users\conej\AppData\Local\ms-playwright\chromium_headless_shell-1200\chrome-headless-shell-win64\chrome-headless-shell.exe
    ÔòöÔòÉÔòÉÔòÉÔòÉÔòÉÔòÉÔòÉÔòÉÔòÉÔòÉÔòÉÔòÉÔòÉÔòÉÔòÉÔòÉÔòÉÔòÉÔòÉÔòÉÔòÉÔòÉÔòÉÔòÉÔòÉÔòÉÔòÉÔòÉÔòÉÔòÉÔòÉÔòÉÔòÉÔòÉÔòÉÔòÉÔòÉÔòÉÔòÉÔòÉÔòÉÔòÉÔòÉÔòÉÔòÉÔòÉÔòÉÔòÉÔòÉÔòÉÔòÉÔòÉÔòÉÔòÉÔòÉÔòÉÔòÉÔòÉÔòÉÔòÉÔòÉÔòÉÔòÉÔòÉÔòÉÔòÉÔòÉÔòÉÔòÉÔòÉÔòÉÔòÉÔòÉÔòù
    Ôòæ Looks like Playwright Test or Playwright was just installed or updated. Ôòæ
    Ôòæ Please run the following command to download new browsers:              Ôòæ
    Ôòæ                                                                         Ôòæ
    Ôòæ     npx playwright install                                              Ôòæ
    Ôòæ                                                                         Ôòæ
    Ôòæ <3 Playwright Team                                                      Ôòæ
    ÔòÜÔòÉÔòÉÔòÉÔòÉÔòÉÔòÉÔòÉÔòÉÔòÉÔòÉÔòÉÔòÉÔòÉÔòÉÔòÉÔòÉÔòÉÔòÉÔòÉÔòÉÔòÉÔòÉÔòÉÔòÉÔòÉÔòÉÔòÉÔòÉÔòÉÔòÉÔòÉÔòÉÔòÉÔòÉÔòÉÔòÉÔòÉÔòÉÔòÉÔòÉÔòÉÔòÉÔòÉÔòÉÔòÉÔòÉÔòÉÔòÉÔòÉÔòÉÔòÉÔòÉÔòÉÔòÉÔòÉÔòÉÔòÉÔòÉÔòÉÔòÉÔòÉÔòÉÔòÉÔòÉÔòÉÔòÉÔòÉÔòÉÔòÉÔòÉÔòÉÔòÉÔòÉÔòØ


[1A[2K  426) [chromium] ÔÇ║ src\tests\e2e\realtime-chat.spec.ts:78:3 ÔÇ║ Realtime Chat E2E Tests ÔÇ║ should handle message reactions 

    Error: browserType.launch: Executable doesn't exist at C:\Users\conej\AppData\Local\ms-playwright\chromium_headless_shell-1200\chrome-headless-shell-win64\chrome-headless-shell.exe
    ÔòöÔòÉÔòÉÔòÉÔòÉÔòÉÔòÉÔòÉÔòÉÔòÉÔòÉÔòÉÔòÉÔòÉÔòÉÔòÉÔòÉÔòÉÔòÉÔòÉÔòÉÔòÉÔòÉÔòÉÔòÉÔòÉÔòÉÔòÉÔòÉÔòÉÔòÉÔòÉÔòÉÔòÉÔòÉÔòÉÔòÉÔòÉÔòÉÔòÉÔòÉÔòÉÔòÉÔòÉÔòÉÔòÉÔòÉÔòÉÔòÉÔòÉÔòÉÔòÉÔòÉÔòÉÔòÉÔòÉÔòÉÔòÉÔòÉÔòÉÔòÉÔòÉÔòÉÔòÉÔòÉÔòÉÔòÉÔòÉÔòÉÔòÉÔòÉÔòÉÔòÉÔòÉÔòù
    Ôòæ Looks like Playwright Test or Playwright was just installed or updated. Ôòæ
    Ôòæ Please run the following command to download new browsers:              Ôòæ
    Ôòæ                                                                         Ôòæ
    Ôòæ     npx playwright install                                              Ôòæ
    Ôòæ                                                                         Ôòæ
    Ôòæ <3 Playwright Team                                                      Ôòæ
    ÔòÜÔòÉÔòÉÔòÉÔòÉÔòÉÔòÉÔòÉÔòÉÔòÉÔòÉÔòÉÔòÉÔòÉÔòÉÔòÉÔòÉÔòÉÔòÉÔòÉÔòÉÔòÉÔòÉÔòÉÔòÉÔòÉÔòÉÔòÉÔòÉÔòÉÔòÉÔòÉÔòÉÔòÉÔòÉÔòÉÔòÉÔòÉÔòÉÔòÉÔòÉÔòÉÔòÉÔòÉÔòÉÔòÉÔòÉÔòÉÔòÉÔòÉÔòÉÔòÉÔòÉÔòÉÔòÉÔòÉÔòÉÔòÉÔòÉÔòÉÔòÉÔòÉÔòÉÔòÉÔòÉÔòÉÔòÉÔòÉÔòÉÔòÉÔòÉÔòÉÔòÉÔòÉÔòØ


[1A[2K  427) [chromium] ÔÇ║ src\tests\e2e\realtime-chat.spec.ts:102:3 ÔÇ║ Realtime Chat E2E Tests ÔÇ║ should handle long messages correctly 

    Error: browserType.launch: Executable doesn't exist at C:\Users\conej\AppData\Local\ms-playwright\chromium_headless_shell-1200\chrome-headless-shell-win64\chrome-headless-shell.exe
    ÔòöÔòÉÔòÉÔòÉÔòÉÔòÉÔòÉÔòÉÔòÉÔòÉÔòÉÔòÉÔòÉÔòÉÔòÉÔòÉÔòÉÔòÉÔòÉÔòÉÔòÉÔòÉÔòÉÔòÉÔòÉÔòÉÔòÉÔòÉÔòÉÔòÉÔòÉÔòÉÔòÉÔòÉÔòÉÔòÉÔòÉÔòÉÔòÉÔòÉÔòÉÔòÉÔòÉÔòÉÔòÉÔòÉÔòÉÔòÉÔòÉÔòÉÔòÉÔòÉÔòÉÔòÉÔòÉÔòÉÔòÉÔòÉÔòÉÔòÉÔòÉÔòÉÔòÉÔòÉÔòÉÔòÉÔòÉÔòÉÔòÉÔòÉÔòÉÔòÉÔòÉÔòÉÔòù
    Ôòæ Looks like Playwright Test or Playwright was just installed or updated. Ôòæ
    Ôòæ Please run the following command to download new browsers:              Ôòæ
    Ôòæ                                                                         Ôòæ
    Ôòæ     npx playwright install                                              Ôòæ
    Ôòæ                                                                         Ôòæ
    Ôòæ <3 Playwright Team                                                      Ôòæ
    ÔòÜÔòÉÔòÉÔòÉÔòÉÔòÉÔòÉÔòÉÔòÉÔòÉÔòÉÔòÉÔòÉÔòÉÔòÉÔòÉÔòÉÔòÉÔòÉÔòÉÔòÉÔòÉÔòÉÔòÉÔòÉÔòÉÔòÉÔòÉÔòÉÔòÉÔòÉÔòÉÔòÉÔòÉÔòÉÔòÉÔòÉÔòÉÔòÉÔòÉÔòÉÔòÉÔòÉÔòÉÔòÉÔòÉÔòÉÔòÉÔòÉÔòÉÔòÉÔòÉÔòÉÔòÉÔòÉÔòÉÔòÉÔòÉÔòÉÔòÉÔòÉÔòÉÔòÉÔòÉÔòÉÔòÉÔòÉÔòÉÔòÉÔòÉÔòÉÔòÉÔòÉÔòÉÔòØ


[1A[2K[428/580] [chromium] ÔÇ║ src\tests\e2e\realtime-chat.spec.ts:113:3 ÔÇ║ Realtime Chat E2E Tests ÔÇ║ should prevent sending empty messages
[1A[2K  428) [chromium] ÔÇ║ src\tests\e2e\realtime-chat.spec.ts:113:3 ÔÇ║ Realtime Chat E2E Tests ÔÇ║ should prevent sending empty messages 

    Error: browserType.launch: Executable doesn't exist at C:\Users\conej\AppData\Local\ms-playwright\chromium_headless_shell-1200\chrome-headless-shell-win64\chrome-headless-shell.exe
    ÔòöÔòÉÔòÉÔòÉÔòÉÔòÉÔòÉÔòÉÔòÉÔòÉÔòÉÔòÉÔòÉÔòÉÔòÉÔòÉÔòÉÔòÉÔòÉÔòÉÔòÉÔòÉÔòÉÔòÉÔòÉÔòÉÔòÉÔòÉÔòÉÔòÉÔòÉÔòÉÔòÉÔòÉÔòÉÔòÉÔòÉÔòÉÔòÉÔòÉÔòÉÔòÉÔòÉÔòÉÔòÉÔòÉÔòÉÔòÉÔòÉÔòÉÔòÉÔòÉÔòÉÔòÉÔòÉÔòÉÔòÉÔòÉÔòÉÔòÉÔòÉÔòÉÔòÉÔòÉÔòÉÔòÉÔòÉÔòÉÔòÉÔòÉÔòÉÔòÉÔòÉÔòÉÔòù
    Ôòæ Looks like Playwright Test or Playwright was just installed or updated. Ôòæ
    Ôòæ Please run the following command to download new browsers:              Ôòæ
    Ôòæ                                                                         Ôòæ
    Ôòæ     npx playwright install                                              Ôòæ
    Ôòæ                                                                         Ôòæ
    Ôòæ <3 Playwright Team                                                      Ôòæ
    ÔòÜÔòÉÔòÉÔòÉÔòÉÔòÉÔòÉÔòÉÔòÉÔòÉÔòÉÔòÉÔòÉÔòÉÔòÉÔòÉÔòÉÔòÉÔòÉÔòÉÔòÉÔòÉÔòÉÔòÉÔòÉÔòÉÔòÉÔòÉÔòÉÔòÉÔòÉÔòÉÔòÉÔòÉÔòÉÔòÉÔòÉÔòÉÔòÉÔòÉÔòÉÔòÉÔòÉÔòÉÔòÉÔòÉÔòÉÔòÉÔòÉÔòÉÔòÉÔòÉÔòÉÔòÉÔòÉÔòÉÔòÉÔòÉÔòÉÔòÉÔòÉÔòÉÔòÉÔòÉÔòÉÔòÉÔòÉÔòÉÔòÉÔòÉÔòÉÔòÉÔòÉÔòÉÔòØ


[1A[2K[429/580] [chromium] ÔÇ║ src\tests\e2e\realtime-chat.spec.ts:122:3 ÔÇ║ Realtime Chat E2E Tests ÔÇ║ should handle emoji in messages
[1A[2K  429) [chromium] ÔÇ║ src\tests\e2e\realtime-chat.spec.ts:122:3 ÔÇ║ Realtime Chat E2E Tests ÔÇ║ should handle emoji in messages 

    Error: browserType.launch: Executable doesn't exist at C:\Users\conej\AppData\Local\ms-playwright\chromium_headless_shell-1200\chrome-headless-shell-win64\chrome-headless-shell.exe
    ÔòöÔòÉÔòÉÔòÉÔòÉÔòÉÔòÉÔòÉÔòÉÔòÉÔòÉÔòÉÔòÉÔòÉÔòÉÔòÉÔòÉÔòÉÔòÉÔòÉÔòÉÔòÉÔòÉÔòÉÔòÉÔòÉÔòÉÔòÉÔòÉÔòÉÔòÉÔòÉÔòÉÔòÉÔòÉÔòÉÔòÉÔòÉÔòÉÔòÉÔòÉÔòÉÔòÉÔòÉÔòÉÔòÉÔòÉÔòÉÔòÉÔòÉÔòÉÔòÉÔòÉÔòÉÔòÉÔòÉÔòÉÔòÉÔòÉÔòÉÔòÉÔòÉÔòÉÔòÉÔòÉÔòÉÔòÉÔòÉÔòÉÔòÉÔòÉÔòÉÔòÉÔòÉÔòù
    Ôòæ Looks like Playwright Test or Playwright was just installed or updated. Ôòæ
    Ôòæ Please run the following command to download new browsers:              Ôòæ
    Ôòæ                                                                         Ôòæ
    Ôòæ     npx playwright install                                              Ôòæ
    Ôòæ                                                                         Ôòæ
    Ôòæ <3 Playwright Team                                                      Ôòæ
    ÔòÜÔòÉÔòÉÔòÉÔòÉÔòÉÔòÉÔòÉÔòÉÔòÉÔòÉÔòÉÔòÉÔòÉÔòÉÔòÉÔòÉÔòÉÔòÉÔòÉÔòÉÔòÉÔòÉÔòÉÔòÉÔòÉÔòÉÔòÉÔòÉÔòÉÔòÉÔòÉÔòÉÔòÉÔòÉÔòÉÔòÉÔòÉÔòÉÔòÉÔòÉÔòÉÔòÉÔòÉÔòÉÔòÉÔòÉÔòÉÔòÉÔòÉÔòÉÔòÉÔòÉÔòÉÔòÉÔòÉÔòÉÔòÉÔòÉÔòÉÔòÉÔòÉÔòÉÔòÉÔòÉÔòÉÔòÉÔòÉÔòÉÔòÉÔòÉÔòÉÔòÉÔòÉÔòØ


[1A[2K[430/580] [chromium] ÔÇ║ src\tests\e2e\registration-complete.spec.ts:26:3 ÔÇ║ Registro Completo - Usuario Single ÔÇ║ debe validar todos los campos requeridos para Single
[1A[2K  430) [chromium] ÔÇ║ src\tests\e2e\registration-complete.spec.ts:26:3 ÔÇ║ Registro Completo - Usuario Single ÔÇ║ debe validar todos los campos requeridos para Single 

    Error: browserType.launch: Executable doesn't exist at C:\Users\conej\AppData\Local\ms-playwright\chromium_headless_shell-1200\chrome-headless-shell-win64\chrome-headless-shell.exe
    ÔòöÔòÉÔòÉÔòÉÔòÉÔòÉÔòÉÔòÉÔòÉÔòÉÔòÉÔòÉÔòÉÔòÉÔòÉÔòÉÔòÉÔòÉÔòÉÔòÉÔòÉÔòÉÔòÉÔòÉÔòÉÔòÉÔòÉÔòÉÔòÉÔòÉÔòÉÔòÉÔòÉÔòÉÔòÉÔòÉÔòÉÔòÉÔòÉÔòÉÔòÉÔòÉÔòÉÔòÉÔòÉÔòÉÔòÉÔòÉÔòÉÔòÉÔòÉÔòÉÔòÉÔòÉÔòÉÔòÉÔòÉÔòÉÔòÉÔòÉÔòÉÔòÉÔòÉÔòÉÔòÉÔòÉÔòÉÔòÉÔòÉÔòÉÔòÉÔòÉÔòÉÔòÉÔòù
    Ôòæ Looks like Playwright Test or Playwright was just installed or updated. Ôòæ
    Ôòæ Please run the following command to download new browsers:              Ôòæ
    Ôòæ                                                                         Ôòæ
    Ôòæ     npx playwright install                                              Ôòæ
    Ôòæ                                                                         Ôòæ
    Ôòæ <3 Playwright Team                                                      Ôòæ
    ÔòÜÔòÉÔòÉÔòÉÔòÉÔòÉÔòÉÔòÉÔòÉÔòÉÔòÉÔòÉÔòÉÔòÉÔòÉÔòÉÔòÉÔòÉÔòÉÔòÉÔòÉÔòÉÔòÉÔòÉÔòÉÔòÉÔòÉÔòÉÔòÉÔòÉÔòÉÔòÉÔòÉÔòÉÔòÉÔòÉÔòÉÔòÉÔòÉÔòÉÔòÉÔòÉÔòÉÔòÉÔòÉÔòÉÔòÉÔòÉÔòÉÔòÉÔòÉÔòÉÔòÉÔòÉÔòÉÔòÉÔòÉÔòÉÔòÉÔòÉÔòÉÔòÉÔòÉÔòÉÔòÉÔòÉÔòÉÔòÉÔòÉÔòÉÔòÉÔòÉÔòÉÔòÉÔòØ


[1A[2K[431/580] [chromium] ÔÇ║ src\tests\e2e\registration-complete.spec.ts:37:3 ÔÇ║ Registro Completo - Usuario Single ÔÇ║ debe validar formato de email
[1A[2K  431) [chromium] ÔÇ║ src\tests\e2e\registration-complete.spec.ts:37:3 ÔÇ║ Registro Completo - Usuario Single ÔÇ║ debe validar formato de email 

    Error: browserType.launch: Executable doesn't exist at C:\Users\conej\AppData\Local\ms-playwright\chromium_headless_shell-1200\chrome-headless-shell-win64\chrome-headless-shell.exe
    ÔòöÔòÉÔòÉÔòÉÔòÉÔòÉÔòÉÔòÉÔòÉÔòÉÔòÉÔòÉÔòÉÔòÉÔòÉÔòÉÔòÉÔòÉÔòÉÔòÉÔòÉÔòÉÔòÉÔòÉÔòÉÔòÉÔòÉÔòÉÔòÉÔòÉÔòÉÔòÉÔòÉÔòÉÔòÉÔòÉÔòÉÔòÉÔòÉÔòÉÔòÉÔòÉÔòÉÔòÉÔòÉÔòÉÔòÉÔòÉÔòÉÔòÉÔòÉÔòÉÔòÉÔòÉÔòÉÔòÉÔòÉÔòÉÔòÉÔòÉÔòÉÔòÉÔòÉÔòÉÔòÉÔòÉÔòÉÔòÉÔòÉÔòÉÔòÉÔòÉÔòÉÔòÉÔòù
    Ôòæ Looks like Playwright Test or Playwright was just installed or updated. Ôòæ
    Ôòæ Please run the following command to download new browsers:              Ôòæ
    Ôòæ                                                                         Ôòæ
    Ôòæ     npx playwright install                                              Ôòæ
    Ôòæ                                                                         Ôòæ
    Ôòæ <3 Playwright Team                                                      Ôòæ
    ÔòÜÔòÉÔòÉÔòÉÔòÉÔòÉÔòÉÔòÉÔòÉÔòÉÔòÉÔòÉÔòÉÔòÉÔòÉÔòÉÔòÉÔòÉÔòÉÔòÉÔòÉÔòÉÔòÉÔòÉÔòÉÔòÉÔòÉÔòÉÔòÉÔòÉÔòÉÔòÉÔòÉÔòÉÔòÉÔòÉÔòÉÔòÉÔòÉÔòÉÔòÉÔòÉÔòÉÔòÉÔòÉÔòÉÔòÉÔòÉÔòÉÔòÉÔòÉÔòÉÔòÉÔòÉÔòÉÔòÉÔòÉÔòÉÔòÉÔòÉÔòÉÔòÉÔòÉÔòÉÔòÉÔòÉÔòÉÔòÉÔòÉÔòÉÔòÉÔòÉÔòÉÔòÉÔòØ


[1A[2K[432/580] [chromium] ÔÇ║ src\tests\e2e\registration-complete.spec.ts:49:3 ÔÇ║ Registro Completo - Usuario Single ÔÇ║ debe validar campo de nombre (m├¡nimo 2 caracteres)
[1A[2K[433/580] [chromium] ÔÇ║ src\tests\e2e\registration-complete.spec.ts:97:3 ÔÇ║ Registro Completo - Usuario Single ÔÇ║ debe validar campo de tel├®fono mexicano (10 d├¡gitos)
[1A[2K[434/580] [chromium] ÔÇ║ src\tests\e2e\registration-complete.spec.ts:113:3 ÔÇ║ Registro Completo - Usuario Single ÔÇ║ debe aceptar tel├®fono MX v├ílido
[1A[2K  432) [chromium] ÔÇ║ src\tests\e2e\registration-complete.spec.ts:49:3 ÔÇ║ Registro Completo - Usuario Single ÔÇ║ debe validar campo de nombre (m├¡nimo 2 caracteres) 

    Error: browserType.launch: Executable doesn't exist at C:\Users\conej\AppData\Local\ms-playwright\chromium_headless_shell-1200\chrome-headless-shell-win64\chrome-headless-shell.exe
    ÔòöÔòÉÔòÉÔòÉÔòÉÔòÉÔòÉÔòÉÔòÉÔòÉÔòÉÔòÉÔòÉÔòÉÔòÉÔòÉÔòÉÔòÉÔòÉÔòÉÔòÉÔòÉÔòÉÔòÉÔòÉÔòÉÔòÉÔòÉÔòÉÔòÉÔòÉÔòÉÔòÉÔòÉÔòÉÔòÉÔòÉÔòÉÔòÉÔòÉÔòÉÔòÉÔòÉÔòÉÔòÉÔòÉÔòÉÔòÉÔòÉÔòÉÔòÉÔòÉÔòÉÔòÉÔòÉÔòÉÔòÉÔòÉÔòÉÔòÉÔòÉÔòÉÔòÉÔòÉÔòÉÔòÉÔòÉÔòÉÔòÉÔòÉÔòÉÔòÉÔòÉÔòÉÔòù
    Ôòæ Looks like Playwright Test or Playwright was just installed or updated. Ôòæ
    Ôòæ Please run the following command to download new browsers:              Ôòæ
    Ôòæ                                                                         Ôòæ
    Ôòæ     npx playwright install                                              Ôòæ
    Ôòæ                                                                         Ôòæ
    Ôòæ <3 Playwright Team                                                      Ôòæ
    ÔòÜÔòÉÔòÉÔòÉÔòÉÔòÉÔòÉÔòÉÔòÉÔòÉÔòÉÔòÉÔòÉÔòÉÔòÉÔòÉÔòÉÔòÉÔòÉÔòÉÔòÉÔòÉÔòÉÔòÉÔòÉÔòÉÔòÉÔòÉÔòÉÔòÉÔòÉÔòÉÔòÉÔòÉÔòÉÔòÉÔòÉÔòÉÔòÉÔòÉÔòÉÔòÉÔòÉÔòÉÔòÉÔòÉÔòÉÔòÉÔòÉÔòÉÔòÉÔòÉÔòÉÔòÉÔòÉÔòÉÔòÉÔòÉÔòÉÔòÉÔòÉÔòÉÔòÉÔòÉÔòÉÔòÉÔòÉÔòÉÔòÉÔòÉÔòÉÔòÉÔòÉÔòÉÔòØ


[1A[2K[435/580] [chromium] ÔÇ║ src\tests\e2e\registration-complete.spec.ts:73:3 ÔÇ║ Registro Completo - Usuario Single ÔÇ║ debe validar campo de edad (18-80 a├▒os)
[1A[2K  433) [chromium] ÔÇ║ src\tests\e2e\registration-complete.spec.ts:97:3 ÔÇ║ Registro Completo - Usuario Single ÔÇ║ debe validar campo de tel├®fono mexicano (10 d├¡gitos) 

    Error: browserType.launch: Executable doesn't exist at C:\Users\conej\AppData\Local\ms-playwright\chromium_headless_shell-1200\chrome-headless-shell-win64\chrome-headless-shell.exe
    ÔòöÔòÉÔòÉÔòÉÔòÉÔòÉÔòÉÔòÉÔòÉÔòÉÔòÉÔòÉÔòÉÔòÉÔòÉÔòÉÔòÉÔòÉÔòÉÔòÉÔòÉÔòÉÔòÉÔòÉÔòÉÔòÉÔòÉÔòÉÔòÉÔòÉÔòÉÔòÉÔòÉÔòÉÔòÉÔòÉÔòÉÔòÉÔòÉÔòÉÔòÉÔòÉÔòÉÔòÉÔòÉÔòÉÔòÉÔòÉÔòÉÔòÉÔòÉÔòÉÔòÉÔòÉÔòÉÔòÉÔòÉÔòÉÔòÉÔòÉÔòÉÔòÉÔòÉÔòÉÔòÉÔòÉÔòÉÔòÉÔòÉÔòÉÔòÉÔòÉÔòÉÔòÉÔòù
    Ôòæ Looks like Playwright Test or Playwright was just installed or updated. Ôòæ
    Ôòæ Please run the following command to download new browsers:              Ôòæ
    Ôòæ                                                                         Ôòæ
    Ôòæ     npx playwright install                                              Ôòæ
    Ôòæ                                                                         Ôòæ
    Ôòæ <3 Playwright Team                                                      Ôòæ
    ÔòÜÔòÉÔòÉÔòÉÔòÉÔòÉÔòÉÔòÉÔòÉÔòÉÔòÉÔòÉÔòÉÔòÉÔòÉÔòÉÔòÉÔòÉÔòÉÔòÉÔòÉÔòÉÔòÉÔòÉÔòÉÔòÉÔòÉÔòÉÔòÉÔòÉÔòÉÔòÉÔòÉÔòÉÔòÉÔòÉÔòÉÔòÉÔòÉÔòÉÔòÉÔòÉÔòÉÔòÉÔòÉÔòÉÔòÉÔòÉÔòÉÔòÉÔòÉÔòÉÔòÉÔòÉÔòÉÔòÉÔòÉÔòÉÔòÉÔòÉÔòÉÔòÉÔòÉÔòÉÔòÉÔòÉÔòÉÔòÉÔòÉÔòÉÔòÉÔòÉÔòÉÔòÉÔòØ


[1A[2K  434) [chromium] ÔÇ║ src\tests\e2e\registration-complete.spec.ts:113:3 ÔÇ║ Registro Completo - Usuario Single ÔÇ║ debe aceptar tel├®fono MX v├ílido 

    Error: browserType.launch: Executable doesn't exist at C:\Users\conej\AppData\Local\ms-playwright\chromium_headless_shell-1200\chrome-headless-shell-win64\chrome-headless-shell.exe
    ÔòöÔòÉÔòÉÔòÉÔòÉÔòÉÔòÉÔòÉÔòÉÔòÉÔòÉÔòÉÔòÉÔòÉÔòÉÔòÉÔòÉÔòÉÔòÉÔòÉÔòÉÔòÉÔòÉÔòÉÔòÉÔòÉÔòÉÔòÉÔòÉÔòÉÔòÉÔòÉÔòÉÔòÉÔòÉÔòÉÔòÉÔòÉÔòÉÔòÉÔòÉÔòÉÔòÉÔòÉÔòÉÔòÉÔòÉÔòÉÔòÉÔòÉÔòÉÔòÉÔòÉÔòÉÔòÉÔòÉÔòÉÔòÉÔòÉÔòÉÔòÉÔòÉÔòÉÔòÉÔòÉÔòÉÔòÉÔòÉÔòÉÔòÉÔòÉÔòÉÔòÉÔòÉÔòù
    Ôòæ Looks like Playwright Test or Playwright was just installed or updated. Ôòæ
    Ôòæ Please run the following command to download new browsers:              Ôòæ
    Ôòæ                                                                         Ôòæ
    Ôòæ     npx playwright install                                              Ôòæ
    Ôòæ                                                                         Ôòæ
    Ôòæ <3 Playwright Team                                                      Ôòæ
    ÔòÜÔòÉÔòÉÔòÉÔòÉÔòÉÔòÉÔòÉÔòÉÔòÉÔòÉÔòÉÔòÉÔòÉÔòÉÔòÉÔòÉÔòÉÔòÉÔòÉÔòÉÔòÉÔòÉÔòÉÔòÉÔòÉÔòÉÔòÉÔòÉÔòÉÔòÉÔòÉÔòÉÔòÉÔòÉÔòÉÔòÉÔòÉÔòÉÔòÉÔòÉÔòÉÔòÉÔòÉÔòÉÔòÉÔòÉÔòÉÔòÉÔòÉÔòÉÔòÉÔòÉÔòÉÔòÉÔòÉÔòÉÔòÉÔòÉÔòÉÔòÉÔòÉÔòÉÔòÉÔòÉÔòÉÔòÉÔòÉÔòÉÔòÉÔòÉÔòÉÔòÉÔòÉÔòØ


[1A[2K  435) [chromium] ÔÇ║ src\tests\e2e\registration-complete.spec.ts:73:3 ÔÇ║ Registro Completo - Usuario Single ÔÇ║ debe validar campo de edad (18-80 a├▒os) 

    Error: browserType.launch: Executable doesn't exist at C:\Users\conej\AppData\Local\ms-playwright\chromium_headless_shell-1200\chrome-headless-shell-win64\chrome-headless-shell.exe
    ÔòöÔòÉÔòÉÔòÉÔòÉÔòÉÔòÉÔòÉÔòÉÔòÉÔòÉÔòÉÔòÉÔòÉÔòÉÔòÉÔòÉÔòÉÔòÉÔòÉÔòÉÔòÉÔòÉÔòÉÔòÉÔòÉÔòÉÔòÉÔòÉÔòÉÔòÉÔòÉÔòÉÔòÉÔòÉÔòÉÔòÉÔòÉÔòÉÔòÉÔòÉÔòÉÔòÉÔòÉÔòÉÔòÉÔòÉÔòÉÔòÉÔòÉÔòÉÔòÉÔòÉÔòÉÔòÉÔòÉÔòÉÔòÉÔòÉÔòÉÔòÉÔòÉÔòÉÔòÉÔòÉÔòÉÔòÉÔòÉÔòÉÔòÉÔòÉÔòÉÔòÉÔòÉÔòù
    Ôòæ Looks like Playwright Test or Playwright was just installed or updated. Ôòæ
    Ôòæ Please run the following command to download new browsers:              Ôòæ
    Ôòæ                                                                         Ôòæ
    Ôòæ     npx playwright install                                              Ôòæ
    Ôòæ                                                                         Ôòæ
    Ôòæ <3 Playwright Team                                                      Ôòæ
    ÔòÜÔòÉÔòÉÔòÉÔòÉÔòÉÔòÉÔòÉÔòÉÔòÉÔòÉÔòÉÔòÉÔòÉÔòÉÔòÉÔòÉÔòÉÔòÉÔòÉÔòÉÔòÉÔòÉÔòÉÔòÉÔòÉÔòÉÔòÉÔòÉÔòÉÔòÉÔòÉÔòÉÔòÉÔòÉÔòÉÔòÉÔòÉÔòÉÔòÉÔòÉÔòÉÔòÉÔòÉÔòÉÔòÉÔòÉÔòÉÔòÉÔòÉÔòÉÔòÉÔòÉÔòÉÔòÉÔòÉÔòÉÔòÉÔòÉÔòÉÔòÉÔòÉÔòÉÔòÉÔòÉÔòÉÔòÉÔòÉÔòÉÔòÉÔòÉÔòÉÔòÉÔòÉÔòØ


[1A[2K[436/580] [chromium] ÔÇ║ src\tests\e2e\registration-complete.spec.ts:129:3 ÔÇ║ Registro Completo - Usuario Single ÔÇ║ debe validar selecci├│n de g├®nero
[1A[2K  436) [chromium] ÔÇ║ src\tests\e2e\registration-complete.spec.ts:129:3 ÔÇ║ Registro Completo - Usuario Single ÔÇ║ debe validar selecci├│n de g├®nero 

    Error: browserType.launch: Executable doesn't exist at C:\Users\conej\AppData\Local\ms-playwright\chromium_headless_shell-1200\chrome-headless-shell-win64\chrome-headless-shell.exe
    ÔòöÔòÉÔòÉÔòÉÔòÉÔòÉÔòÉÔòÉÔòÉÔòÉÔòÉÔòÉÔòÉÔòÉÔòÉÔòÉÔòÉÔòÉÔòÉÔòÉÔòÉÔòÉÔòÉÔòÉÔòÉÔòÉÔòÉÔòÉÔòÉÔòÉÔòÉÔòÉÔòÉÔòÉÔòÉÔòÉÔòÉÔòÉÔòÉÔòÉÔòÉÔòÉÔòÉÔòÉÔòÉÔòÉÔòÉÔòÉÔòÉÔòÉÔòÉÔòÉÔòÉÔòÉÔòÉÔòÉÔòÉÔòÉÔòÉÔòÉÔòÉÔòÉÔòÉÔòÉÔòÉÔòÉÔòÉÔòÉÔòÉÔòÉÔòÉÔòÉÔòÉÔòÉÔòù
    Ôòæ Looks like Playwright Test or Playwright was just installed or updated. Ôòæ
    Ôòæ Please run the following command to download new browsers:              Ôòæ
    Ôòæ                                                                         Ôòæ
    Ôòæ     npx playwright install                                              Ôòæ
    Ôòæ                                                                         Ôòæ
    Ôòæ <3 Playwright Team                                                      Ôòæ
    ÔòÜÔòÉÔòÉÔòÉÔòÉÔòÉÔòÉÔòÉÔòÉÔòÉÔòÉÔòÉÔòÉÔòÉÔòÉÔòÉÔòÉÔòÉÔòÉÔòÉÔòÉÔòÉÔòÉÔòÉÔòÉÔòÉÔòÉÔòÉÔòÉÔòÉÔòÉÔòÉÔòÉÔòÉÔòÉÔòÉÔòÉÔòÉÔòÉÔòÉÔòÉÔòÉÔòÉÔòÉÔòÉÔòÉÔòÉÔòÉÔòÉÔòÉÔòÉÔòÉÔòÉÔòÉÔòÉÔòÉÔòÉÔòÉÔòÉÔòÉÔòÉÔòÉÔòÉÔòÉÔòÉÔòÉÔòÉÔòÉÔòÉÔòÉÔòÉÔòÉÔòÉÔòÉÔòØ


[1A[2K[437/580] [chromium] ÔÇ║ src\tests\e2e\registration-complete.spec.ts:140:3 ÔÇ║ Registro Completo - Usuario Single ÔÇ║ debe validar checkbox de t├®rminos y condiciones
[1A[2K  437) [chromium] ÔÇ║ src\tests\e2e\registration-complete.spec.ts:140:3 ÔÇ║ Registro Completo - Usuario Single ÔÇ║ debe validar checkbox de t├®rminos y condiciones 

    Error: browserType.launch: Executable doesn't exist at C:\Users\conej\AppData\Local\ms-playwright\chromium_headless_shell-1200\chrome-headless-shell-win64\chrome-headless-shell.exe
    ÔòöÔòÉÔòÉÔòÉÔòÉÔòÉÔòÉÔòÉÔòÉÔòÉÔòÉÔòÉÔòÉÔòÉÔòÉÔòÉÔòÉÔòÉÔòÉÔòÉÔòÉÔòÉÔòÉÔòÉÔòÉÔòÉÔòÉÔòÉÔòÉÔòÉÔòÉÔòÉÔòÉÔòÉÔòÉÔòÉÔòÉÔòÉÔòÉÔòÉÔòÉÔòÉÔòÉÔòÉÔòÉÔòÉÔòÉÔòÉÔòÉÔòÉÔòÉÔòÉÔòÉÔòÉÔòÉÔòÉÔòÉÔòÉÔòÉÔòÉÔòÉÔòÉÔòÉÔòÉÔòÉÔòÉÔòÉÔòÉÔòÉÔòÉÔòÉÔòÉÔòÉÔòÉÔòù
    Ôòæ Looks like Playwright Test or Playwright was just installed or updated. Ôòæ
    Ôòæ Please run the following command to download new browsers:              Ôòæ
    Ôòæ                                                                         Ôòæ
    Ôòæ     npx playwright install                                              Ôòæ
    Ôòæ                                                                         Ôòæ
    Ôòæ <3 Playwright Team                                                      Ôòæ
    ÔòÜÔòÉÔòÉÔòÉÔòÉÔòÉÔòÉÔòÉÔòÉÔòÉÔòÉÔòÉÔòÉÔòÉÔòÉÔòÉÔòÉÔòÉÔòÉÔòÉÔòÉÔòÉÔòÉÔòÉÔòÉÔòÉÔòÉÔòÉÔòÉÔòÉÔòÉÔòÉÔòÉÔòÉÔòÉÔòÉÔòÉÔòÉÔòÉÔòÉÔòÉÔòÉÔòÉÔòÉÔòÉÔòÉÔòÉÔòÉÔòÉÔòÉÔòÉÔòÉÔòÉÔòÉÔòÉÔòÉÔòÉÔòÉÔòÉÔòÉÔòÉÔòÉÔòÉÔòÉÔòÉÔòÉÔòÉÔòÉÔòÉÔòÉÔòÉÔòÉÔòÉÔòÉÔòØ


[1A[2K[438/580] [chromium] ÔÇ║ src\tests\e2e\registration-complete.spec.ts:153:3 ÔÇ║ Registro Completo - Usuario Single ÔÇ║ debe mostrar enlace a t├®rminos y condiciones
[1A[2K  438) [chromium] ÔÇ║ src\tests\e2e\registration-complete.spec.ts:153:3 ÔÇ║ Registro Completo - Usuario Single ÔÇ║ debe mostrar enlace a t├®rminos y condiciones 

    Error: browserType.launch: Executable doesn't exist at C:\Users\conej\AppData\Local\ms-playwright\chromium_headless_shell-1200\chrome-headless-shell-win64\chrome-headless-shell.exe
    ÔòöÔòÉÔòÉÔòÉÔòÉÔòÉÔòÉÔòÉÔòÉÔòÉÔòÉÔòÉÔòÉÔòÉÔòÉÔòÉÔòÉÔòÉÔòÉÔòÉÔòÉÔòÉÔòÉÔòÉÔòÉÔòÉÔòÉÔòÉÔòÉÔòÉÔòÉÔòÉÔòÉÔòÉÔòÉÔòÉÔòÉÔòÉÔòÉÔòÉÔòÉÔòÉÔòÉÔòÉÔòÉÔòÉÔòÉÔòÉÔòÉÔòÉÔòÉÔòÉÔòÉÔòÉÔòÉÔòÉÔòÉÔòÉÔòÉÔòÉÔòÉÔòÉÔòÉÔòÉÔòÉÔòÉÔòÉÔòÉÔòÉÔòÉÔòÉÔòÉÔòÉÔòÉÔòù
    Ôòæ Looks like Playwright Test or Playwright was just installed or updated. Ôòæ
    Ôòæ Please run the following command to download new browsers:              Ôòæ
    Ôòæ                                                                         Ôòæ
    Ôòæ     npx playwright install                                              Ôòæ
    Ôòæ                                                                         Ôòæ
    Ôòæ <3 Playwright Team                                                      Ôòæ
    ÔòÜÔòÉÔòÉÔòÉÔòÉÔòÉÔòÉÔòÉÔòÉÔòÉÔòÉÔòÉÔòÉÔòÉÔòÉÔòÉÔòÉÔòÉÔòÉÔòÉÔòÉÔòÉÔòÉÔòÉÔòÉÔòÉÔòÉÔòÉÔòÉÔòÉÔòÉÔòÉÔòÉÔòÉÔòÉÔòÉÔòÉÔòÉÔòÉÔòÉÔòÉÔòÉÔòÉÔòÉÔòÉÔòÉÔòÉÔòÉÔòÉÔòÉÔòÉÔòÉÔòÉÔòÉÔòÉÔòÉÔòÉÔòÉÔòÉÔòÉÔòÉÔòÉÔòÉÔòÉÔòÉÔòÉÔòÉÔòÉÔòÉÔòÉÔòÉÔòÉÔòÉÔòÉÔòØ


[1A[2K[439/580] [chromium] ÔÇ║ src\tests\e2e\registration-complete.spec.ts:189:3 ÔÇ║ Registro Completo - Usuario Pareja ÔÇ║ debe mostrar campos adicionales para pareja
[1A[2K  439) [chromium] ÔÇ║ src\tests\e2e\registration-complete.spec.ts:189:3 ÔÇ║ Registro Completo - Usuario Pareja ÔÇ║ debe mostrar campos adicionales para pareja 

    Error: browserType.launch: Executable doesn't exist at C:\Users\conej\AppData\Local\ms-playwright\chromium_headless_shell-1200\chrome-headless-shell-win64\chrome-headless-shell.exe
    ÔòöÔòÉÔòÉÔòÉÔòÉÔòÉÔòÉÔòÉÔòÉÔòÉÔòÉÔòÉÔòÉÔòÉÔòÉÔòÉÔòÉÔòÉÔòÉÔòÉÔòÉÔòÉÔòÉÔòÉÔòÉÔòÉÔòÉÔòÉÔòÉÔòÉÔòÉÔòÉÔòÉÔòÉÔòÉÔòÉÔòÉÔòÉÔòÉÔòÉÔòÉÔòÉÔòÉÔòÉÔòÉÔòÉÔòÉÔòÉÔòÉÔòÉÔòÉÔòÉÔòÉÔòÉÔòÉÔòÉÔòÉÔòÉÔòÉÔòÉÔòÉÔòÉÔòÉÔòÉÔòÉÔòÉÔòÉÔòÉÔòÉÔòÉÔòÉÔòÉÔòÉÔòÉÔòù
    Ôòæ Looks like Playwright Test or Playwright was just installed or updated. Ôòæ
    Ôòæ Please run the following command to download new browsers:              Ôòæ
    Ôòæ                                                                         Ôòæ
    Ôòæ     npx playwright install                                              Ôòæ
    Ôòæ                                                                         Ôòæ
    Ôòæ <3 Playwright Team                                                      Ôòæ
    ÔòÜÔòÉÔòÉÔòÉÔòÉÔòÉÔòÉÔòÉÔòÉÔòÉÔòÉÔòÉÔòÉÔòÉÔòÉÔòÉÔòÉÔòÉÔòÉÔòÉÔòÉÔòÉÔòÉÔòÉÔòÉÔòÉÔòÉÔòÉÔòÉÔòÉÔòÉÔòÉÔòÉÔòÉÔòÉÔòÉÔòÉÔòÉÔòÉÔòÉÔòÉÔòÉÔòÉÔòÉÔòÉÔòÉÔòÉÔòÉÔòÉÔòÉÔòÉÔòÉÔòÉÔòÉÔòÉÔòÉÔòÉÔòÉÔòÉÔòÉÔòÉÔòÉÔòÉÔòÉÔòÉÔòÉÔòÉÔòÉÔòÉÔòÉÔòÉÔòÉÔòÉÔòÉÔòØ


[1A[2K[440/580] [chromium] ÔÇ║ src\tests\e2e\registration-complete.spec.ts:209:3 ÔÇ║ Registro Completo - Usuario Pareja ÔÇ║ debe validar edad de ambos miembros de la pareja
[1A[2K[441/580] [chromium] ÔÇ║ src\tests\e2e\registration-complete.spec.ts:224:3 ÔÇ║ Registro Completo - Usuario Pareja ÔÇ║ debe validar g├®nero de ambos miembros
[1A[2K[442/580] [chromium] ÔÇ║ src\tests\e2e\registration-complete.spec.ts:266:3 ÔÇ║ Validaciones de Contrase├▒a ÔÇ║ debe validar longitud m├¡nima de contrase├▒a (6 caracteres)
[1A[2K[443/580] [chromium] ÔÇ║ src\tests\e2e\registration-complete.spec.ts:239:3 ÔÇ║ Registro Completo - Usuario Pareja ÔÇ║ debe validar campos de pareja como requeridos
[1A[2K  440) [chromium] ÔÇ║ src\tests\e2e\registration-complete.spec.ts:209:3 ÔÇ║ Registro Completo - Usuario Pareja ÔÇ║ debe validar edad de ambos miembros de la pareja 

    Error: browserType.launch: Executable doesn't exist at C:\Users\conej\AppData\Local\ms-playwright\chromium_headless_shell-1200\chrome-headless-shell-win64\chrome-headless-shell.exe
    ÔòöÔòÉÔòÉÔòÉÔòÉÔòÉÔòÉÔòÉÔòÉÔòÉÔòÉÔòÉÔòÉÔòÉÔòÉÔòÉÔòÉÔòÉÔòÉÔòÉÔòÉÔòÉÔòÉÔòÉÔòÉÔòÉÔòÉÔòÉÔòÉÔòÉÔòÉÔòÉÔòÉÔòÉÔòÉÔòÉÔòÉÔòÉÔòÉÔòÉÔòÉÔòÉÔòÉÔòÉÔòÉÔòÉÔòÉÔòÉÔòÉÔòÉÔòÉÔòÉÔòÉÔòÉÔòÉÔòÉÔòÉÔòÉÔòÉÔòÉÔòÉÔòÉÔòÉÔòÉÔòÉÔòÉÔòÉÔòÉÔòÉÔòÉÔòÉÔòÉÔòÉÔòÉÔòù
    Ôòæ Looks like Playwright Test or Playwright was just installed or updated. Ôòæ
    Ôòæ Please run the following command to download new browsers:              Ôòæ
    Ôòæ                                                                         Ôòæ
    Ôòæ     npx playwright install                                              Ôòæ
    Ôòæ                                                                         Ôòæ
    Ôòæ <3 Playwright Team                                                      Ôòæ
    ÔòÜÔòÉÔòÉÔòÉÔòÉÔòÉÔòÉÔòÉÔòÉÔòÉÔòÉÔòÉÔòÉÔòÉÔòÉÔòÉÔòÉÔòÉÔòÉÔòÉÔòÉÔòÉÔòÉÔòÉÔòÉÔòÉÔòÉÔòÉÔòÉÔòÉÔòÉÔòÉÔòÉÔòÉÔòÉÔòÉÔòÉÔòÉÔòÉÔòÉÔòÉÔòÉÔòÉÔòÉÔòÉÔòÉÔòÉÔòÉÔòÉÔòÉÔòÉÔòÉÔòÉÔòÉÔòÉÔòÉÔòÉÔòÉÔòÉÔòÉÔòÉÔòÉÔòÉÔòÉÔòÉÔòÉÔòÉÔòÉÔòÉÔòÉÔòÉÔòÉÔòÉÔòÉÔòØ


[1A[2K  441) [chromium] ÔÇ║ src\tests\e2e\registration-complete.spec.ts:266:3 ÔÇ║ Validaciones de Contrase├▒a ÔÇ║ debe validar longitud m├¡nima de contrase├▒a (6 caracteres) 

    Error: browserType.launch: Executable doesn't exist at C:\Users\conej\AppData\Local\ms-playwright\chromium_headless_shell-1200\chrome-headless-shell-win64\chrome-headless-shell.exe
    ÔòöÔòÉÔòÉÔòÉÔòÉÔòÉÔòÉÔòÉÔòÉÔòÉÔòÉÔòÉÔòÉÔòÉÔòÉÔòÉÔòÉÔòÉÔòÉÔòÉÔòÉÔòÉÔòÉÔòÉÔòÉÔòÉÔòÉÔòÉÔòÉÔòÉÔòÉÔòÉÔòÉÔòÉÔòÉÔòÉÔòÉÔòÉÔòÉÔòÉÔòÉÔòÉÔòÉÔòÉÔòÉÔòÉÔòÉÔòÉÔòÉÔòÉÔòÉÔòÉÔòÉÔòÉÔòÉÔòÉÔòÉÔòÉÔòÉÔòÉÔòÉÔòÉÔòÉÔòÉÔòÉÔòÉÔòÉÔòÉÔòÉÔòÉÔòÉÔòÉÔòÉÔòÉÔòù
    Ôòæ Looks like Playwright Test or Playwright was just installed or updated. Ôòæ
    Ôòæ Please run the following command to download new browsers:              Ôòæ
    Ôòæ                                                                         Ôòæ
    Ôòæ     npx playwright install                                              Ôòæ
    Ôòæ                                                                         Ôòæ
    Ôòæ <3 Playwright Team                                                      Ôòæ
    ÔòÜÔòÉÔòÉÔòÉÔòÉÔòÉÔòÉÔòÉÔòÉÔòÉÔòÉÔòÉÔòÉÔòÉÔòÉÔòÉÔòÉÔòÉÔòÉÔòÉÔòÉÔòÉÔòÉÔòÉÔòÉÔòÉÔòÉÔòÉÔòÉÔòÉÔòÉÔòÉÔòÉÔòÉÔòÉÔòÉÔòÉÔòÉÔòÉÔòÉÔòÉÔòÉÔòÉÔòÉÔòÉÔòÉÔòÉÔòÉÔòÉÔòÉÔòÉÔòÉÔòÉÔòÉÔòÉÔòÉÔòÉÔòÉÔòÉÔòÉÔòÉÔòÉÔòÉÔòÉÔòÉÔòÉÔòÉÔòÉÔòÉÔòÉÔòÉÔòÉÔòÉÔòÉÔòØ


[1A[2K  442) [chromium] ÔÇ║ src\tests\e2e\registration-complete.spec.ts:224:3 ÔÇ║ Registro Completo - Usuario Pareja ÔÇ║ debe validar g├®nero de ambos miembros 

    Error: browserType.launch: Executable doesn't exist at C:\Users\conej\AppData\Local\ms-playwright\chromium_headless_shell-1200\chrome-headless-shell-win64\chrome-headless-shell.exe
    ÔòöÔòÉÔòÉÔòÉÔòÉÔòÉÔòÉÔòÉÔòÉÔòÉÔòÉÔòÉÔòÉÔòÉÔòÉÔòÉÔòÉÔòÉÔòÉÔòÉÔòÉÔòÉÔòÉÔòÉÔòÉÔòÉÔòÉÔòÉÔòÉÔòÉÔòÉÔòÉÔòÉÔòÉÔòÉÔòÉÔòÉÔòÉÔòÉÔòÉÔòÉÔòÉÔòÉÔòÉÔòÉÔòÉÔòÉÔòÉÔòÉÔòÉÔòÉÔòÉÔòÉÔòÉÔòÉÔòÉÔòÉÔòÉÔòÉÔòÉÔòÉÔòÉÔòÉÔòÉÔòÉÔòÉÔòÉÔòÉÔòÉÔòÉÔòÉÔòÉÔòÉÔòÉÔòù
    Ôòæ Looks like Playwright Test or Playwright was just installed or updated. Ôòæ
    Ôòæ Please run the following command to download new browsers:              Ôòæ
    Ôòæ                                                                         Ôòæ
    Ôòæ     npx playwright install                                              Ôòæ
    Ôòæ                                                                         Ôòæ
    Ôòæ <3 Playwright Team                                                      Ôòæ
    ÔòÜÔòÉÔòÉÔòÉÔòÉÔòÉÔòÉÔòÉÔòÉÔòÉÔòÉÔòÉÔòÉÔòÉÔòÉÔòÉÔòÉÔòÉÔòÉÔòÉÔòÉÔòÉÔòÉÔòÉÔòÉÔòÉÔòÉÔòÉÔòÉÔòÉÔòÉÔòÉÔòÉÔòÉÔòÉÔòÉÔòÉÔòÉÔòÉÔòÉÔòÉÔòÉÔòÉÔòÉÔòÉÔòÉÔòÉÔòÉÔòÉÔòÉÔòÉÔòÉÔòÉÔòÉÔòÉÔòÉÔòÉÔòÉÔòÉÔòÉÔòÉÔòÉÔòÉÔòÉÔòÉÔòÉÔòÉÔòÉÔòÉÔòÉÔòÉÔòÉÔòÉÔòÉÔòØ


[1A[2K  443) [chromium] ÔÇ║ src\tests\e2e\registration-complete.spec.ts:239:3 ÔÇ║ Registro Completo - Usuario Pareja ÔÇ║ debe validar campos de pareja como requeridos 

    Error: browserType.launch: Executable doesn't exist at C:\Users\conej\AppData\Local\ms-playwright\chromium_headless_shell-1200\chrome-headless-shell-win64\chrome-headless-shell.exe
    ÔòöÔòÉÔòÉÔòÉÔòÉÔòÉÔòÉÔòÉÔòÉÔòÉÔòÉÔòÉÔòÉÔòÉÔòÉÔòÉÔòÉÔòÉÔòÉÔòÉÔòÉÔòÉÔòÉÔòÉÔòÉÔòÉÔòÉÔòÉÔòÉÔòÉÔòÉÔòÉÔòÉÔòÉÔòÉÔòÉÔòÉÔòÉÔòÉÔòÉÔòÉÔòÉÔòÉÔòÉÔòÉÔòÉÔòÉÔòÉÔòÉÔòÉÔòÉÔòÉÔòÉÔòÉÔòÉÔòÉÔòÉÔòÉÔòÉÔòÉÔòÉÔòÉÔòÉÔòÉÔòÉÔòÉÔòÉÔòÉÔòÉÔòÉÔòÉÔòÉÔòÉÔòÉÔòù
    Ôòæ Looks like Playwright Test or Playwright was just installed or updated. Ôòæ
    Ôòæ Please run the following command to download new browsers:              Ôòæ
    Ôòæ                                                                         Ôòæ
    Ôòæ     npx playwright install                                              Ôòæ
    Ôòæ                                                                         Ôòæ
    Ôòæ <3 Playwright Team                                                      Ôòæ
    ÔòÜÔòÉÔòÉÔòÉÔòÉÔòÉÔòÉÔòÉÔòÉÔòÉÔòÉÔòÉÔòÉÔòÉÔòÉÔòÉÔòÉÔòÉÔòÉÔòÉÔòÉÔòÉÔòÉÔòÉÔòÉÔòÉÔòÉÔòÉÔòÉÔòÉÔòÉÔòÉÔòÉÔòÉÔòÉÔòÉÔòÉÔòÉÔòÉÔòÉÔòÉÔòÉÔòÉÔòÉÔòÉÔòÉÔòÉÔòÉÔòÉÔòÉÔòÉÔòÉÔòÉÔòÉÔòÉÔòÉÔòÉÔòÉÔòÉÔòÉÔòÉÔòÉÔòÉÔòÉÔòÉÔòÉÔòÉÔòÉÔòÉÔòÉÔòÉÔòÉÔòÉÔòÉÔòØ


[1A[2K[444/580] [chromium] ÔÇ║ src\tests\e2e\registration-complete.spec.ts:288:3 ÔÇ║ Validaciones de Contrase├▒a ÔÇ║ debe aceptar contrase├▒a v├ílida
[1A[2K  444) [chromium] ÔÇ║ src\tests\e2e\registration-complete.spec.ts:288:3 ÔÇ║ Validaciones de Contrase├▒a ÔÇ║ debe aceptar contrase├▒a v├ílida 

    Error: browserType.launch: Executable doesn't exist at C:\Users\conej\AppData\Local\ms-playwright\chromium_headless_shell-1200\chrome-headless-shell-win64\chrome-headless-shell.exe
    ÔòöÔòÉÔòÉÔòÉÔòÉÔòÉÔòÉÔòÉÔòÉÔòÉÔòÉÔòÉÔòÉÔòÉÔòÉÔòÉÔòÉÔòÉÔòÉÔòÉÔòÉÔòÉÔòÉÔòÉÔòÉÔòÉÔòÉÔòÉÔòÉÔòÉÔòÉÔòÉÔòÉÔòÉÔòÉÔòÉÔòÉÔòÉÔòÉÔòÉÔòÉÔòÉÔòÉÔòÉÔòÉÔòÉÔòÉÔòÉÔòÉÔòÉÔòÉÔòÉÔòÉÔòÉÔòÉÔòÉÔòÉÔòÉÔòÉÔòÉÔòÉÔòÉÔòÉÔòÉÔòÉÔòÉÔòÉÔòÉÔòÉÔòÉÔòÉÔòÉÔòÉÔòÉÔòù
    Ôòæ Looks like Playwright Test or Playwright was just installed or updated. Ôòæ
    Ôòæ Please run the following command to download new browsers:              Ôòæ
    Ôòæ                                                                         Ôòæ
    Ôòæ     npx playwright install                                              Ôòæ
    Ôòæ                                                                         Ôòæ
    Ôòæ <3 Playwright Team                                                      Ôòæ
    ÔòÜÔòÉÔòÉÔòÉÔòÉÔòÉÔòÉÔòÉÔòÉÔòÉÔòÉÔòÉÔòÉÔòÉÔòÉÔòÉÔòÉÔòÉÔòÉÔòÉÔòÉÔòÉÔòÉÔòÉÔòÉÔòÉÔòÉÔòÉÔòÉÔòÉÔòÉÔòÉÔòÉÔòÉÔòÉÔòÉÔòÉÔòÉÔòÉÔòÉÔòÉÔòÉÔòÉÔòÉÔòÉÔòÉÔòÉÔòÉÔòÉÔòÉÔòÉÔòÉÔòÉÔòÉÔòÉÔòÉÔòÉÔòÉÔòÉÔòÉÔòÉÔòÉÔòÉÔòÉÔòÉÔòÉÔòÉÔòÉÔòÉÔòÉÔòÉÔòÉÔòÉÔòÉÔòØ


[1A[2K[445/580] [chromium] ÔÇ║ src\tests\e2e\registration-complete.spec.ts:302:3 ÔÇ║ Validaciones de Contrase├▒a ÔÇ║ debe mostrar confirmaci├│n de contrase├▒a si existe
[1A[2K  445) [chromium] ÔÇ║ src\tests\e2e\registration-complete.spec.ts:302:3 ÔÇ║ Validaciones de Contrase├▒a ÔÇ║ debe mostrar confirmaci├│n de contrase├▒a si existe 

    Error: browserType.launch: Executable doesn't exist at C:\Users\conej\AppData\Local\ms-playwright\chromium_headless_shell-1200\chrome-headless-shell-win64\chrome-headless-shell.exe
    ÔòöÔòÉÔòÉÔòÉÔòÉÔòÉÔòÉÔòÉÔòÉÔòÉÔòÉÔòÉÔòÉÔòÉÔòÉÔòÉÔòÉÔòÉÔòÉÔòÉÔòÉÔòÉÔòÉÔòÉÔòÉÔòÉÔòÉÔòÉÔòÉÔòÉÔòÉÔòÉÔòÉÔòÉÔòÉÔòÉÔòÉÔòÉÔòÉÔòÉÔòÉÔòÉÔòÉÔòÉÔòÉÔòÉÔòÉÔòÉÔòÉÔòÉÔòÉÔòÉÔòÉÔòÉÔòÉÔòÉÔòÉÔòÉÔòÉÔòÉÔòÉÔòÉÔòÉÔòÉÔòÉÔòÉÔòÉÔòÉÔòÉÔòÉÔòÉÔòÉÔòÉÔòÉÔòù
    Ôòæ Looks like Playwright Test or Playwright was just installed or updated. Ôòæ
    Ôòæ Please run the following command to download new browsers:              Ôòæ
    Ôòæ                                                                         Ôòæ
    Ôòæ     npx playwright install                                              Ôòæ
    Ôòæ                                                                         Ôòæ
    Ôòæ <3 Playwright Team                                                      Ôòæ
    ÔòÜÔòÉÔòÉÔòÉÔòÉÔòÉÔòÉÔòÉÔòÉÔòÉÔòÉÔòÉÔòÉÔòÉÔòÉÔòÉÔòÉÔòÉÔòÉÔòÉÔòÉÔòÉÔòÉÔòÉÔòÉÔòÉÔòÉÔòÉÔòÉÔòÉÔòÉÔòÉÔòÉÔòÉÔòÉÔòÉÔòÉÔòÉÔòÉÔòÉÔòÉÔòÉÔòÉÔòÉÔòÉÔòÉÔòÉÔòÉÔòÉÔòÉÔòÉÔòÉÔòÉÔòÉÔòÉÔòÉÔòÉÔòÉÔòÉÔòÉÔòÉÔòÉÔòÉÔòÉÔòÉÔòÉÔòÉÔòÉÔòÉÔòÉÔòÉÔòÉÔòÉÔòÉÔòØ


[1A[2K[446/580] [chromium] ÔÇ║ src\tests\e2e\registration-complete.spec.ts:325:3 ÔÇ║ Flujo Completo de Registro ÔÇ║ debe completar registro Single con TODOS los campos
[1A[2K  446) [chromium] ÔÇ║ src\tests\e2e\registration-complete.spec.ts:325:3 ÔÇ║ Flujo Completo de Registro ÔÇ║ debe completar registro Single con TODOS los campos 

    Error: browserType.launch: Executable doesn't exist at C:\Users\conej\AppData\Local\ms-playwright\chromium_headless_shell-1200\chrome-headless-shell-win64\chrome-headless-shell.exe
    ÔòöÔòÉÔòÉÔòÉÔòÉÔòÉÔòÉÔòÉÔòÉÔòÉÔòÉÔòÉÔòÉÔòÉÔòÉÔòÉÔòÉÔòÉÔòÉÔòÉÔòÉÔòÉÔòÉÔòÉÔòÉÔòÉÔòÉÔòÉÔòÉÔòÉÔòÉÔòÉÔòÉÔòÉÔòÉÔòÉÔòÉÔòÉÔòÉÔòÉÔòÉÔòÉÔòÉÔòÉÔòÉÔòÉÔòÉÔòÉÔòÉÔòÉÔòÉÔòÉÔòÉÔòÉÔòÉÔòÉÔòÉÔòÉÔòÉÔòÉÔòÉÔòÉÔòÉÔòÉÔòÉÔòÉÔòÉÔòÉÔòÉÔòÉÔòÉÔòÉÔòÉÔòÉÔòù
    Ôòæ Looks like Playwright Test or Playwright was just installed or updated. Ôòæ
    Ôòæ Please run the following command to download new browsers:              Ôòæ
    Ôòæ                                                                         Ôòæ
    Ôòæ     npx playwright install                                              Ôòæ
    Ôòæ                                                                         Ôòæ
    Ôòæ <3 Playwright Team                                                      Ôòæ
    ÔòÜÔòÉÔòÉÔòÉÔòÉÔòÉÔòÉÔòÉÔòÉÔòÉÔòÉÔòÉÔòÉÔòÉÔòÉÔòÉÔòÉÔòÉÔòÉÔòÉÔòÉÔòÉÔòÉÔòÉÔòÉÔòÉÔòÉÔòÉÔòÉÔòÉÔòÉÔòÉÔòÉÔòÉÔòÉÔòÉÔòÉÔòÉÔòÉÔòÉÔòÉÔòÉÔòÉÔòÉÔòÉÔòÉÔòÉÔòÉÔòÉÔòÉÔòÉÔòÉÔòÉÔòÉÔòÉÔòÉÔòÉÔòÉÔòÉÔòÉÔòÉÔòÉÔòÉÔòÉÔòÉÔòÉÔòÉÔòÉÔòÉÔòÉÔòÉÔòÉÔòÉÔòÉÔòØ


[1A[2K[447/580] [chromium] ÔÇ║ src\tests\e2e\registration-complete.spec.ts:385:3 ÔÇ║ Flujo Completo de Registro ÔÇ║ debe completar registro Pareja con TODOS los campos
[1A[2K  447) [chromium] ÔÇ║ src\tests\e2e\registration-complete.spec.ts:385:3 ÔÇ║ Flujo Completo de Registro ÔÇ║ debe completar registro Pareja con TODOS los campos 

    Error: browserType.launch: Executable doesn't exist at C:\Users\conej\AppData\Local\ms-playwright\chromium_headless_shell-1200\chrome-headless-shell-win64\chrome-headless-shell.exe
    ÔòöÔòÉÔòÉÔòÉÔòÉÔòÉÔòÉÔòÉÔòÉÔòÉÔòÉÔòÉÔòÉÔòÉÔòÉÔòÉÔòÉÔòÉÔòÉÔòÉÔòÉÔòÉÔòÉÔòÉÔòÉÔòÉÔòÉÔòÉÔòÉÔòÉÔòÉÔòÉÔòÉÔòÉÔòÉÔòÉÔòÉÔòÉÔòÉÔòÉÔòÉÔòÉÔòÉÔòÉÔòÉÔòÉÔòÉÔòÉÔòÉÔòÉÔòÉÔòÉÔòÉÔòÉÔòÉÔòÉÔòÉÔòÉÔòÉÔòÉÔòÉÔòÉÔòÉÔòÉÔòÉÔòÉÔòÉÔòÉÔòÉÔòÉÔòÉÔòÉÔòÉÔòÉÔòù
    Ôòæ Looks like Playwright Test or Playwright was just installed or updated. Ôòæ
    Ôòæ Please run the following command to download new browsers:              Ôòæ
    Ôòæ                                                                         Ôòæ
    Ôòæ     npx playwright install                                              Ôòæ
    Ôòæ                                                                         Ôòæ
    Ôòæ <3 Playwright Team                                                      Ôòæ
    ÔòÜÔòÉÔòÉÔòÉÔòÉÔòÉÔòÉÔòÉÔòÉÔòÉÔòÉÔòÉÔòÉÔòÉÔòÉÔòÉÔòÉÔòÉÔòÉÔòÉÔòÉÔòÉÔòÉÔòÉÔòÉÔòÉÔòÉÔòÉÔòÉÔòÉÔòÉÔòÉÔòÉÔòÉÔòÉÔòÉÔòÉÔòÉÔòÉÔòÉÔòÉÔòÉÔòÉÔòÉÔòÉÔòÉÔòÉÔòÉÔòÉÔòÉÔòÉÔòÉÔòÉÔòÉÔòÉÔòÉÔòÉÔòÉÔòÉÔòÉÔòÉÔòÉÔòÉÔòÉÔòÉÔòÉÔòÉÔòÉÔòÉÔòÉÔòÉÔòÉÔòÉÔòÉÔòØ


[1A[2K[448/580] [chromium] ÔÇ║ src\tests\e2e\registration.spec.ts:8:3 ÔÇ║ Registro de Usuario ÔÇ║ debe mostrar formulario de registro
[1A[2K[449/580] [chromium] ÔÇ║ src\tests\e2e\registration.spec.ts:34:3 ÔÇ║ Registro de Usuario ÔÇ║ debe registrar usuario couple exitosamente
[1A[2K[450/580] [chromium] ÔÇ║ src\tests\e2e\registration.spec.ts:57:3 ÔÇ║ Registro de Usuario ÔÇ║ debe validar email ├║nico
[1A[2K[451/580] [chromium] ÔÇ║ src\tests\e2e\registration.spec.ts:15:3 ÔÇ║ Registro de Usuario ÔÇ║ debe registrar usuario single exitosamente
[1A[2K  448) [chromium] ÔÇ║ src\tests\e2e\registration.spec.ts:8:3 ÔÇ║ Registro de Usuario ÔÇ║ debe mostrar formulario de registro 

    Error: browserType.launch: Executable doesn't exist at C:\Users\conej\AppData\Local\ms-playwright\chromium_headless_shell-1200\chrome-headless-shell-win64\chrome-headless-shell.exe
    ÔòöÔòÉÔòÉÔòÉÔòÉÔòÉÔòÉÔòÉÔòÉÔòÉÔòÉÔòÉÔòÉÔòÉÔòÉÔòÉÔòÉÔòÉÔòÉÔòÉÔòÉÔòÉÔòÉÔòÉÔòÉÔòÉÔòÉÔòÉÔòÉÔòÉÔòÉÔòÉÔòÉÔòÉÔòÉÔòÉÔòÉÔòÉÔòÉÔòÉÔòÉÔòÉÔòÉÔòÉÔòÉÔòÉÔòÉÔòÉÔòÉÔòÉÔòÉÔòÉÔòÉÔòÉÔòÉÔòÉÔòÉÔòÉÔòÉÔòÉÔòÉÔòÉÔòÉÔòÉÔòÉÔòÉÔòÉÔòÉÔòÉÔòÉÔòÉÔòÉÔòÉÔòÉÔòù
    Ôòæ Looks like Playwright Test or Playwright was just installed or updated. Ôòæ
    Ôòæ Please run the following command to download new browsers:              Ôòæ
    Ôòæ                                                                         Ôòæ
    Ôòæ     npx playwright install                                              Ôòæ
    Ôòæ                                                                         Ôòæ
    Ôòæ <3 Playwright Team                                                      Ôòæ
    ÔòÜÔòÉÔòÉÔòÉÔòÉÔòÉÔòÉÔòÉÔòÉÔòÉÔòÉÔòÉÔòÉÔòÉÔòÉÔòÉÔòÉÔòÉÔòÉÔòÉÔòÉÔòÉÔòÉÔòÉÔòÉÔòÉÔòÉÔòÉÔòÉÔòÉÔòÉÔòÉÔòÉÔòÉÔòÉÔòÉÔòÉÔòÉÔòÉÔòÉÔòÉÔòÉÔòÉÔòÉÔòÉÔòÉÔòÉÔòÉÔòÉÔòÉÔòÉÔòÉÔòÉÔòÉÔòÉÔòÉÔòÉÔòÉÔòÉÔòÉÔòÉÔòÉÔòÉÔòÉÔòÉÔòÉÔòÉÔòÉÔòÉÔòÉÔòÉÔòÉÔòÉÔòÉÔòØ


[1A[2K  449) [chromium] ÔÇ║ src\tests\e2e\registration.spec.ts:34:3 ÔÇ║ Registro de Usuario ÔÇ║ debe registrar usuario couple exitosamente 

    Error: browserType.launch: Executable doesn't exist at C:\Users\conej\AppData\Local\ms-playwright\chromium_headless_shell-1200\chrome-headless-shell-win64\chrome-headless-shell.exe
    ÔòöÔòÉÔòÉÔòÉÔòÉÔòÉÔòÉÔòÉÔòÉÔòÉÔòÉÔòÉÔòÉÔòÉÔòÉÔòÉÔòÉÔòÉÔòÉÔòÉÔòÉÔòÉÔòÉÔòÉÔòÉÔòÉÔòÉÔòÉÔòÉÔòÉÔòÉÔòÉÔòÉÔòÉÔòÉÔòÉÔòÉÔòÉÔòÉÔòÉÔòÉÔòÉÔòÉÔòÉÔòÉÔòÉÔòÉÔòÉÔòÉÔòÉÔòÉÔòÉÔòÉÔòÉÔòÉÔòÉÔòÉÔòÉÔòÉÔòÉÔòÉÔòÉÔòÉÔòÉÔòÉÔòÉÔòÉÔòÉÔòÉÔòÉÔòÉÔòÉÔòÉÔòÉÔòù
    Ôòæ Looks like Playwright Test or Playwright was just installed or updated. Ôòæ
    Ôòæ Please run the following command to download new browsers:              Ôòæ
    Ôòæ                                                                         Ôòæ
    Ôòæ     npx playwright install                                              Ôòæ
    Ôòæ                                                                         Ôòæ
    Ôòæ <3 Playwright Team                                                      Ôòæ
    ÔòÜÔòÉÔòÉÔòÉÔòÉÔòÉÔòÉÔòÉÔòÉÔòÉÔòÉÔòÉÔòÉÔòÉÔòÉÔòÉÔòÉÔòÉÔòÉÔòÉÔòÉÔòÉÔòÉÔòÉÔòÉÔòÉÔòÉÔòÉÔòÉÔòÉÔòÉÔòÉÔòÉÔòÉÔòÉÔòÉÔòÉÔòÉÔòÉÔòÉÔòÉÔòÉÔòÉÔòÉÔòÉÔòÉÔòÉÔòÉÔòÉÔòÉÔòÉÔòÉÔòÉÔòÉÔòÉÔòÉÔòÉÔòÉÔòÉÔòÉÔòÉÔòÉÔòÉÔòÉÔòÉÔòÉÔòÉÔòÉÔòÉÔòÉÔòÉÔòÉÔòÉÔòÉÔòØ


[1A[2K  450) [chromium] ÔÇ║ src\tests\e2e\registration.spec.ts:57:3 ÔÇ║ Registro de Usuario ÔÇ║ debe validar email ├║nico 

    Error: browserType.launch: Executable doesn't exist at C:\Users\conej\AppData\Local\ms-playwright\chromium_headless_shell-1200\chrome-headless-shell-win64\chrome-headless-shell.exe
    ÔòöÔòÉÔòÉÔòÉÔòÉÔòÉÔòÉÔòÉÔòÉÔòÉÔòÉÔòÉÔòÉÔòÉÔòÉÔòÉÔòÉÔòÉÔòÉÔòÉÔòÉÔòÉÔòÉÔòÉÔòÉÔòÉÔòÉÔòÉÔòÉÔòÉÔòÉÔòÉÔòÉÔòÉÔòÉÔòÉÔòÉÔòÉÔòÉÔòÉÔòÉÔòÉÔòÉÔòÉÔòÉÔòÉÔòÉÔòÉÔòÉÔòÉÔòÉÔòÉÔòÉÔòÉÔòÉÔòÉÔòÉÔòÉÔòÉÔòÉÔòÉÔòÉÔòÉÔòÉÔòÉÔòÉÔòÉÔòÉÔòÉÔòÉÔòÉÔòÉÔòÉÔòÉÔòù
    Ôòæ Looks like Playwright Test or Playwright was just installed or updated. Ôòæ
    Ôòæ Please run the following command to download new browsers:              Ôòæ
    Ôòæ                                                                         Ôòæ
    Ôòæ     npx playwright install                                              Ôòæ
    Ôòæ                                                                         Ôòæ
    Ôòæ <3 Playwright Team                                                      Ôòæ
    ÔòÜÔòÉÔòÉÔòÉÔòÉÔòÉÔòÉÔòÉÔòÉÔòÉÔòÉÔòÉÔòÉÔòÉÔòÉÔòÉÔòÉÔòÉÔòÉÔòÉÔòÉÔòÉÔòÉÔòÉÔòÉÔòÉÔòÉÔòÉÔòÉÔòÉÔòÉÔòÉÔòÉÔòÉÔòÉÔòÉÔòÉÔòÉÔòÉÔòÉÔòÉÔòÉÔòÉÔòÉÔòÉÔòÉÔòÉÔòÉÔòÉÔòÉÔòÉÔòÉÔòÉÔòÉÔòÉÔòÉÔòÉÔòÉÔòÉÔòÉÔòÉÔòÉÔòÉÔòÉÔòÉÔòÉÔòÉÔòÉÔòÉÔòÉÔòÉÔòÉÔòÉÔòÉÔòØ


[1A[2K  451) [chromium] ÔÇ║ src\tests\e2e\registration.spec.ts:15:3 ÔÇ║ Registro de Usuario ÔÇ║ debe registrar usuario single exitosamente 

    Error: browserType.launch: Executable doesn't exist at C:\Users\conej\AppData\Local\ms-playwright\chromium_headless_shell-1200\chrome-headless-shell-win64\chrome-headless-shell.exe
    ÔòöÔòÉÔòÉÔòÉÔòÉÔòÉÔòÉÔòÉÔòÉÔòÉÔòÉÔòÉÔòÉÔòÉÔòÉÔòÉÔòÉÔòÉÔòÉÔòÉÔòÉÔòÉÔòÉÔòÉÔòÉÔòÉÔòÉÔòÉÔòÉÔòÉÔòÉÔòÉÔòÉÔòÉÔòÉÔòÉÔòÉÔòÉÔòÉÔòÉÔòÉÔòÉÔòÉÔòÉÔòÉÔòÉÔòÉÔòÉÔòÉÔòÉÔòÉÔòÉÔòÉÔòÉÔòÉÔòÉÔòÉÔòÉÔòÉÔòÉÔòÉÔòÉÔòÉÔòÉÔòÉÔòÉÔòÉÔòÉÔòÉÔòÉÔòÉÔòÉÔòÉÔòÉÔòù
    Ôòæ Looks like Playwright Test or Playwright was just installed or updated. Ôòæ
    Ôòæ Please run the following command to download new browsers:              Ôòæ
    Ôòæ                                                                         Ôòæ
    Ôòæ     npx playwright install                                              Ôòæ
    Ôòæ                                                                         Ôòæ
    Ôòæ <3 Playwright Team                                                      Ôòæ
    ÔòÜÔòÉÔòÉÔòÉÔòÉÔòÉÔòÉÔòÉÔòÉÔòÉÔòÉÔòÉÔòÉÔòÉÔòÉÔòÉÔòÉÔòÉÔòÉÔòÉÔòÉÔòÉÔòÉÔòÉÔòÉÔòÉÔòÉÔòÉÔòÉÔòÉÔòÉÔòÉÔòÉÔòÉÔòÉÔòÉÔòÉÔòÉÔòÉÔòÉÔòÉÔòÉÔòÉÔòÉÔòÉÔòÉÔòÉÔòÉÔòÉÔòÉÔòÉÔòÉÔòÉÔòÉÔòÉÔòÉÔòÉÔòÉÔòÉÔòÉÔòÉÔòÉÔòÉÔòÉÔòÉÔòÉÔòÉÔòÉÔòÉÔòÉÔòÉÔòÉÔòÉÔòÉÔòØ


[1A[2K[452/580] [chromium] ÔÇ║ src\tests\e2e\registration.spec.ts:73:3 ÔÇ║ Registro de Usuario ÔÇ║ debe validar campos requeridos
[1A[2K  452) [chromium] ÔÇ║ src\tests\e2e\registration.spec.ts:73:3 ÔÇ║ Registro de Usuario ÔÇ║ debe validar campos requeridos 

    Error: browserType.launch: Executable doesn't exist at C:\Users\conej\AppData\Local\ms-playwright\chromium_headless_shell-1200\chrome-headless-shell-win64\chrome-headless-shell.exe
    ÔòöÔòÉÔòÉÔòÉÔòÉÔòÉÔòÉÔòÉÔòÉÔòÉÔòÉÔòÉÔòÉÔòÉÔòÉÔòÉÔòÉÔòÉÔòÉÔòÉÔòÉÔòÉÔòÉÔòÉÔòÉÔòÉÔòÉÔòÉÔòÉÔòÉÔòÉÔòÉÔòÉÔòÉÔòÉÔòÉÔòÉÔòÉÔòÉÔòÉÔòÉÔòÉÔòÉÔòÉÔòÉÔòÉÔòÉÔòÉÔòÉÔòÉÔòÉÔòÉÔòÉÔòÉÔòÉÔòÉÔòÉÔòÉÔòÉÔòÉÔòÉÔòÉÔòÉÔòÉÔòÉÔòÉÔòÉÔòÉÔòÉÔòÉÔòÉÔòÉÔòÉÔòÉÔòù
    Ôòæ Looks like Playwright Test or Playwright was just installed or updated. Ôòæ
    Ôòæ Please run the following command to download new browsers:              Ôòæ
    Ôòæ                                                                         Ôòæ
    Ôòæ     npx playwright install                                              Ôòæ
    Ôòæ                                                                         Ôòæ
    Ôòæ <3 Playwright Team                                                      Ôòæ
    ÔòÜÔòÉÔòÉÔòÉÔòÉÔòÉÔòÉÔòÉÔòÉÔòÉÔòÉÔòÉÔòÉÔòÉÔòÉÔòÉÔòÉÔòÉÔòÉÔòÉÔòÉÔòÉÔòÉÔòÉÔòÉÔòÉÔòÉÔòÉÔòÉÔòÉÔòÉÔòÉÔòÉÔòÉÔòÉÔòÉÔòÉÔòÉÔòÉÔòÉÔòÉÔòÉÔòÉÔòÉÔòÉÔòÉÔòÉÔòÉÔòÉÔòÉÔòÉÔòÉÔòÉÔòÉÔòÉÔòÉÔòÉÔòÉÔòÉÔòÉÔòÉÔòÉÔòÉÔòÉÔòÉÔòÉÔòÉÔòÉÔòÉÔòÉÔòÉÔòÉÔòÉÔòÉÔòØ


[1A[2K[453/580] [chromium] ÔÇ║ src\tests\e2e\registration.spec.ts:82:3 ÔÇ║ Registro de Usuario ÔÇ║ debe validar formato de email
[1A[2K  453) [chromium] ÔÇ║ src\tests\e2e\registration.spec.ts:82:3 ÔÇ║ Registro de Usuario ÔÇ║ debe validar formato de email 

    Error: browserType.launch: Executable doesn't exist at C:\Users\conej\AppData\Local\ms-playwright\chromium_headless_shell-1200\chrome-headless-shell-win64\chrome-headless-shell.exe
    ÔòöÔòÉÔòÉÔòÉÔòÉÔòÉÔòÉÔòÉÔòÉÔòÉÔòÉÔòÉÔòÉÔòÉÔòÉÔòÉÔòÉÔòÉÔòÉÔòÉÔòÉÔòÉÔòÉÔòÉÔòÉÔòÉÔòÉÔòÉÔòÉÔòÉÔòÉÔòÉÔòÉÔòÉÔòÉÔòÉÔòÉÔòÉÔòÉÔòÉÔòÉÔòÉÔòÉÔòÉÔòÉÔòÉÔòÉÔòÉÔòÉÔòÉÔòÉÔòÉÔòÉÔòÉÔòÉÔòÉÔòÉÔòÉÔòÉÔòÉÔòÉÔòÉÔòÉÔòÉÔòÉÔòÉÔòÉÔòÉÔòÉÔòÉÔòÉÔòÉÔòÉÔòÉÔòù
    Ôòæ Looks like Playwright Test or Playwright was just installed or updated. Ôòæ
    Ôòæ Please run the following command to download new browsers:              Ôòæ
    Ôòæ                                                                         Ôòæ
    Ôòæ     npx playwright install                                              Ôòæ
    Ôòæ                                                                         Ôòæ
    Ôòæ <3 Playwright Team                                                      Ôòæ
    ÔòÜÔòÉÔòÉÔòÉÔòÉÔòÉÔòÉÔòÉÔòÉÔòÉÔòÉÔòÉÔòÉÔòÉÔòÉÔòÉÔòÉÔòÉÔòÉÔòÉÔòÉÔòÉÔòÉÔòÉÔòÉÔòÉÔòÉÔòÉÔòÉÔòÉÔòÉÔòÉÔòÉÔòÉÔòÉÔòÉÔòÉÔòÉÔòÉÔòÉÔòÉÔòÉÔòÉÔòÉÔòÉÔòÉÔòÉÔòÉÔòÉÔòÉÔòÉÔòÉÔòÉÔòÉÔòÉÔòÉÔòÉÔòÉÔòÉÔòÉÔòÉÔòÉÔòÉÔòÉÔòÉÔòÉÔòÉÔòÉÔòÉÔòÉÔòÉÔòÉÔòÉÔòÉÔòØ


[1A[2K[454/580] [chromium] ÔÇ║ src\tests\e2e\registration.spec.ts:92:3 ÔÇ║ Registro de Usuario ÔÇ║ debe validar longitud m├¡nima de contrase├▒a
[1A[2K  454) [chromium] ÔÇ║ src\tests\e2e\registration.spec.ts:92:3 ÔÇ║ Registro de Usuario ÔÇ║ debe validar longitud m├¡nima de contrase├▒a 

    Error: browserType.launch: Executable doesn't exist at C:\Users\conej\AppData\Local\ms-playwright\chromium_headless_shell-1200\chrome-headless-shell-win64\chrome-headless-shell.exe
    ÔòöÔòÉÔòÉÔòÉÔòÉÔòÉÔòÉÔòÉÔòÉÔòÉÔòÉÔòÉÔòÉÔòÉÔòÉÔòÉÔòÉÔòÉÔòÉÔòÉÔòÉÔòÉÔòÉÔòÉÔòÉÔòÉÔòÉÔòÉÔòÉÔòÉÔòÉÔòÉÔòÉÔòÉÔòÉÔòÉÔòÉÔòÉÔòÉÔòÉÔòÉÔòÉÔòÉÔòÉÔòÉÔòÉÔòÉÔòÉÔòÉÔòÉÔòÉÔòÉÔòÉÔòÉÔòÉÔòÉÔòÉÔòÉÔòÉÔòÉÔòÉÔòÉÔòÉÔòÉÔòÉÔòÉÔòÉÔòÉÔòÉÔòÉÔòÉÔòÉÔòÉÔòÉÔòù
    Ôòæ Looks like Playwright Test or Playwright was just installed or updated. Ôòæ
    Ôòæ Please run the following command to download new browsers:              Ôòæ
    Ôòæ                                                                         Ôòæ
    Ôòæ     npx playwright install                                              Ôòæ
    Ôòæ                                                                         Ôòæ
    Ôòæ <3 Playwright Team                                                      Ôòæ
    ÔòÜÔòÉÔòÉÔòÉÔòÉÔòÉÔòÉÔòÉÔòÉÔòÉÔòÉÔòÉÔòÉÔòÉÔòÉÔòÉÔòÉÔòÉÔòÉÔòÉÔòÉÔòÉÔòÉÔòÉÔòÉÔòÉÔòÉÔòÉÔòÉÔòÉÔòÉÔòÉÔòÉÔòÉÔòÉÔòÉÔòÉÔòÉÔòÉÔòÉÔòÉÔòÉÔòÉÔòÉÔòÉÔòÉÔòÉÔòÉÔòÉÔòÉÔòÉÔòÉÔòÉÔòÉÔòÉÔòÉÔòÉÔòÉÔòÉÔòÉÔòÉÔòÉÔòÉÔòÉÔòÉÔòÉÔòÉÔòÉÔòÉÔòÉÔòÉÔòÉÔòÉÔòÉÔòØ


[1A[2K[455/580] [chromium] ÔÇ║ src\tests\e2e\registration.spec.ts:104:3 ÔÇ║ Registro de Usuario ÔÇ║ debe mostrar t├®rminos y condiciones
[1A[2K  455) [chromium] ÔÇ║ src\tests\e2e\registration.spec.ts:104:3 ÔÇ║ Registro de Usuario ÔÇ║ debe mostrar t├®rminos y condiciones 

    Error: browserType.launch: Executable doesn't exist at C:\Users\conej\AppData\Local\ms-playwright\chromium_headless_shell-1200\chrome-headless-shell-win64\chrome-headless-shell.exe
    ÔòöÔòÉÔòÉÔòÉÔòÉÔòÉÔòÉÔòÉÔòÉÔòÉÔòÉÔòÉÔòÉÔòÉÔòÉÔòÉÔòÉÔòÉÔòÉÔòÉÔòÉÔòÉÔòÉÔòÉÔòÉÔòÉÔòÉÔòÉÔòÉÔòÉÔòÉÔòÉÔòÉÔòÉÔòÉÔòÉÔòÉÔòÉÔòÉÔòÉÔòÉÔòÉÔòÉÔòÉÔòÉÔòÉÔòÉÔòÉÔòÉÔòÉÔòÉÔòÉÔòÉÔòÉÔòÉÔòÉÔòÉÔòÉÔòÉÔòÉÔòÉÔòÉÔòÉÔòÉÔòÉÔòÉÔòÉÔòÉÔòÉÔòÉÔòÉÔòÉÔòÉÔòÉÔòù
    Ôòæ Looks like Playwright Test or Playwright was just installed or updated. Ôòæ
    Ôòæ Please run the following command to download new browsers:              Ôòæ
    Ôòæ                                                                         Ôòæ
    Ôòæ     npx playwright install                                              Ôòæ
    Ôòæ                                                                         Ôòæ
    Ôòæ <3 Playwright Team                                                      Ôòæ
    ÔòÜÔòÉÔòÉÔòÉÔòÉÔòÉÔòÉÔòÉÔòÉÔòÉÔòÉÔòÉÔòÉÔòÉÔòÉÔòÉÔòÉÔòÉÔòÉÔòÉÔòÉÔòÉÔòÉÔòÉÔòÉÔòÉÔòÉÔòÉÔòÉÔòÉÔòÉÔòÉÔòÉÔòÉÔòÉÔòÉÔòÉÔòÉÔòÉÔòÉÔòÉÔòÉÔòÉÔòÉÔòÉÔòÉÔòÉÔòÉÔòÉÔòÉÔòÉÔòÉÔòÉÔòÉÔòÉÔòÉÔòÉÔòÉÔòÉÔòÉÔòÉÔòÉÔòÉÔòÉÔòÉÔòÉÔòÉÔòÉÔòÉÔòÉÔòÉÔòÉÔòÉÔòÉÔòØ


[1A[2K[456/580] [chromium] ÔÇ║ src\tests\e2e\registration.spec.ts:122:3 ÔÇ║ Registro de Usuario ÔÇ║ debe manejar errores de red
[1A[2K[457/580] [chromium] ÔÇ║ src\tests\e2e\registration.spec.ts:138:3 ÔÇ║ Registro de Usuario ÔÇ║ debe mostrar indicador de carga durante registro
[1A[2K[458/580] [chromium] ÔÇ║ src\tests\e2e\registration.spec.ts:109:3 ÔÇ║ Registro de Usuario ÔÇ║ debe alternar entre login y registro
[1A[2K[459/580] [chromium] ÔÇ║ src\tests\e2e\requests.spec.ts:14:3 ÔÇ║ Sistema de Solicitudes ÔÇ║ debe mostrar p├ígina de solicitudes
[1A[2K  456) [chromium] ÔÇ║ src\tests\e2e\registration.spec.ts:122:3 ÔÇ║ Registro de Usuario ÔÇ║ debe manejar errores de red 

    Error: browserType.launch: Executable doesn't exist at C:\Users\conej\AppData\Local\ms-playwright\chromium_headless_shell-1200\chrome-headless-shell-win64\chrome-headless-shell.exe
    ÔòöÔòÉÔòÉÔòÉÔòÉÔòÉÔòÉÔòÉÔòÉÔòÉÔòÉÔòÉÔòÉÔòÉÔòÉÔòÉÔòÉÔòÉÔòÉÔòÉÔòÉÔòÉÔòÉÔòÉÔòÉÔòÉÔòÉÔòÉÔòÉÔòÉÔòÉÔòÉÔòÉÔòÉÔòÉÔòÉÔòÉÔòÉÔòÉÔòÉÔòÉÔòÉÔòÉÔòÉÔòÉÔòÉÔòÉÔòÉÔòÉÔòÉÔòÉÔòÉÔòÉÔòÉÔòÉÔòÉÔòÉÔòÉÔòÉÔòÉÔòÉÔòÉÔòÉÔòÉÔòÉÔòÉÔòÉÔòÉÔòÉÔòÉÔòÉÔòÉÔòÉÔòÉÔòù
    Ôòæ Looks like Playwright Test or Playwright was just installed or updated. Ôòæ
    Ôòæ Please run the following command to download new browsers:              Ôòæ
    Ôòæ                                                                         Ôòæ
    Ôòæ     npx playwright install                                              Ôòæ
    Ôòæ                                                                         Ôòæ
    Ôòæ <3 Playwright Team                                                      Ôòæ
    ÔòÜÔòÉÔòÉÔòÉÔòÉÔòÉÔòÉÔòÉÔòÉÔòÉÔòÉÔòÉÔòÉÔòÉÔòÉÔòÉÔòÉÔòÉÔòÉÔòÉÔòÉÔòÉÔòÉÔòÉÔòÉÔòÉÔòÉÔòÉÔòÉÔòÉÔòÉÔòÉÔòÉÔòÉÔòÉÔòÉÔòÉÔòÉÔòÉÔòÉÔòÉÔòÉÔòÉÔòÉÔòÉÔòÉÔòÉÔòÉÔòÉÔòÉÔòÉÔòÉÔòÉÔòÉÔòÉÔòÉÔòÉÔòÉÔòÉÔòÉÔòÉÔòÉÔòÉÔòÉÔòÉÔòÉÔòÉÔòÉÔòÉÔòÉÔòÉÔòÉÔòÉÔòÉÔòØ


[1A[2K  457) [chromium] ÔÇ║ src\tests\e2e\registration.spec.ts:138:3 ÔÇ║ Registro de Usuario ÔÇ║ debe mostrar indicador de carga durante registro 

    Error: browserType.launch: Executable doesn't exist at C:\Users\conej\AppData\Local\ms-playwright\chromium_headless_shell-1200\chrome-headless-shell-win64\chrome-headless-shell.exe
    ÔòöÔòÉÔòÉÔòÉÔòÉÔòÉÔòÉÔòÉÔòÉÔòÉÔòÉÔòÉÔòÉÔòÉÔòÉÔòÉÔòÉÔòÉÔòÉÔòÉÔòÉÔòÉÔòÉÔòÉÔòÉÔòÉÔòÉÔòÉÔòÉÔòÉÔòÉÔòÉÔòÉÔòÉÔòÉÔòÉÔòÉÔòÉÔòÉÔòÉÔòÉÔòÉÔòÉÔòÉÔòÉÔòÉÔòÉÔòÉÔòÉÔòÉÔòÉÔòÉÔòÉÔòÉÔòÉÔòÉÔòÉÔòÉÔòÉÔòÉÔòÉÔòÉÔòÉÔòÉÔòÉÔòÉÔòÉÔòÉÔòÉÔòÉÔòÉÔòÉÔòÉÔòÉÔòù
    Ôòæ Looks like Playwright Test or Playwright was just installed or updated. Ôòæ
    Ôòæ Please run the following command to download new browsers:              Ôòæ
    Ôòæ                                                                         Ôòæ
    Ôòæ     npx playwright install                                              Ôòæ
    Ôòæ                                                                         Ôòæ
    Ôòæ <3 Playwright Team                                                      Ôòæ
    ÔòÜÔòÉÔòÉÔòÉÔòÉÔòÉÔòÉÔòÉÔòÉÔòÉÔòÉÔòÉÔòÉÔòÉÔòÉÔòÉÔòÉÔòÉÔòÉÔòÉÔòÉÔòÉÔòÉÔòÉÔòÉÔòÉÔòÉÔòÉÔòÉÔòÉÔòÉÔòÉÔòÉÔòÉÔòÉÔòÉÔòÉÔòÉÔòÉÔòÉÔòÉÔòÉÔòÉÔòÉÔòÉÔòÉÔòÉÔòÉÔòÉÔòÉÔòÉÔòÉÔòÉÔòÉÔòÉÔòÉÔòÉÔòÉÔòÉÔòÉÔòÉÔòÉÔòÉÔòÉÔòÉÔòÉÔòÉÔòÉÔòÉÔòÉÔòÉÔòÉÔòÉÔòÉÔòØ


[1A[2K  458) [chromium] ÔÇ║ src\tests\e2e\registration.spec.ts:109:3 ÔÇ║ Registro de Usuario ÔÇ║ debe alternar entre login y registro 

    Error: browserType.launch: Executable doesn't exist at C:\Users\conej\AppData\Local\ms-playwright\chromium_headless_shell-1200\chrome-headless-shell-win64\chrome-headless-shell.exe
    ÔòöÔòÉÔòÉÔòÉÔòÉÔòÉÔòÉÔòÉÔòÉÔòÉÔòÉÔòÉÔòÉÔòÉÔòÉÔòÉÔòÉÔòÉÔòÉÔòÉÔòÉÔòÉÔòÉÔòÉÔòÉÔòÉÔòÉÔòÉÔòÉÔòÉÔòÉÔòÉÔòÉÔòÉÔòÉÔòÉÔòÉÔòÉÔòÉÔòÉÔòÉÔòÉÔòÉÔòÉÔòÉÔòÉÔòÉÔòÉÔòÉÔòÉÔòÉÔòÉÔòÉÔòÉÔòÉÔòÉÔòÉÔòÉÔòÉÔòÉÔòÉÔòÉÔòÉÔòÉÔòÉÔòÉÔòÉÔòÉÔòÉÔòÉÔòÉÔòÉÔòÉÔòÉÔòù
    Ôòæ Looks like Playwright Test or Playwright was just installed or updated. Ôòæ
    Ôòæ Please run the following command to download new browsers:              Ôòæ
    Ôòæ                                                                         Ôòæ
    Ôòæ     npx playwright install                                              Ôòæ
    Ôòæ                                                                         Ôòæ
    Ôòæ <3 Playwright Team                                                      Ôòæ
    ÔòÜÔòÉÔòÉÔòÉÔòÉÔòÉÔòÉÔòÉÔòÉÔòÉÔòÉÔòÉÔòÉÔòÉÔòÉÔòÉÔòÉÔòÉÔòÉÔòÉÔòÉÔòÉÔòÉÔòÉÔòÉÔòÉÔòÉÔòÉÔòÉÔòÉÔòÉÔòÉÔòÉÔòÉÔòÉÔòÉÔòÉÔòÉÔòÉÔòÉÔòÉÔòÉÔòÉÔòÉÔòÉÔòÉÔòÉÔòÉÔòÉÔòÉÔòÉÔòÉÔòÉÔòÉÔòÉÔòÉÔòÉÔòÉÔòÉÔòÉÔòÉÔòÉÔòÉÔòÉÔòÉÔòÉÔòÉÔòÉÔòÉÔòÉÔòÉÔòÉÔòÉÔòÉÔòØ


[1A[2K  459) [chromium] ÔÇ║ src\tests\e2e\requests.spec.ts:14:3 ÔÇ║ Sistema de Solicitudes ÔÇ║ debe mostrar p├ígina de solicitudes 

    Error: browserType.launch: Executable doesn't exist at C:\Users\conej\AppData\Local\ms-playwright\chromium_headless_shell-1200\chrome-headless-shell-win64\chrome-headless-shell.exe
    ÔòöÔòÉÔòÉÔòÉÔòÉÔòÉÔòÉÔòÉÔòÉÔòÉÔòÉÔòÉÔòÉÔòÉÔòÉÔòÉÔòÉÔòÉÔòÉÔòÉÔòÉÔòÉÔòÉÔòÉÔòÉÔòÉÔòÉÔòÉÔòÉÔòÉÔòÉÔòÉÔòÉÔòÉÔòÉÔòÉÔòÉÔòÉÔòÉÔòÉÔòÉÔòÉÔòÉÔòÉÔòÉÔòÉÔòÉÔòÉÔòÉÔòÉÔòÉÔòÉÔòÉÔòÉÔòÉÔòÉÔòÉÔòÉÔòÉÔòÉÔòÉÔòÉÔòÉÔòÉÔòÉÔòÉÔòÉÔòÉÔòÉÔòÉÔòÉÔòÉÔòÉÔòÉÔòù
    Ôòæ Looks like Playwright Test or Playwright was just installed or updated. Ôòæ
    Ôòæ Please run the following command to download new browsers:              Ôòæ
    Ôòæ                                                                         Ôòæ
    Ôòæ     npx playwright install                                              Ôòæ
    Ôòæ                                                                         Ôòæ
    Ôòæ <3 Playwright Team                                                      Ôòæ
    ÔòÜÔòÉÔòÉÔòÉÔòÉÔòÉÔòÉÔòÉÔòÉÔòÉÔòÉÔòÉÔòÉÔòÉÔòÉÔòÉÔòÉÔòÉÔòÉÔòÉÔòÉÔòÉÔòÉÔòÉÔòÉÔòÉÔòÉÔòÉÔòÉÔòÉÔòÉÔòÉÔòÉÔòÉÔòÉÔòÉÔòÉÔòÉÔòÉÔòÉÔòÉÔòÉÔòÉÔòÉÔòÉÔòÉÔòÉÔòÉÔòÉÔòÉÔòÉÔòÉÔòÉÔòÉÔòÉÔòÉÔòÉÔòÉÔòÉÔòÉÔòÉÔòÉÔòÉÔòÉÔòÉÔòÉÔòÉÔòÉÔòÉÔòÉÔòÉÔòÉÔòÉÔòÉÔòØ


[1A[2K[460/580] [chromium] ÔÇ║ src\tests\e2e\requests.spec.ts:22:3 ÔÇ║ Sistema de Solicitudes ÔÇ║ debe enviar solicitud de conexi├│n
[1A[2K  460) [chromium] ÔÇ║ src\tests\e2e\requests.spec.ts:22:3 ÔÇ║ Sistema de Solicitudes ÔÇ║ debe enviar solicitud de conexi├│n 

    Error: browserType.launch: Executable doesn't exist at C:\Users\conej\AppData\Local\ms-playwright\chromium_headless_shell-1200\chrome-headless-shell-win64\chrome-headless-shell.exe
    ÔòöÔòÉÔòÉÔòÉÔòÉÔòÉÔòÉÔòÉÔòÉÔòÉÔòÉÔòÉÔòÉÔòÉÔòÉÔòÉÔòÉÔòÉÔòÉÔòÉÔòÉÔòÉÔòÉÔòÉÔòÉÔòÉÔòÉÔòÉÔòÉÔòÉÔòÉÔòÉÔòÉÔòÉÔòÉÔòÉÔòÉÔòÉÔòÉÔòÉÔòÉÔòÉÔòÉÔòÉÔòÉÔòÉÔòÉÔòÉÔòÉÔòÉÔòÉÔòÉÔòÉÔòÉÔòÉÔòÉÔòÉÔòÉÔòÉÔòÉÔòÉÔòÉÔòÉÔòÉÔòÉÔòÉÔòÉÔòÉÔòÉÔòÉÔòÉÔòÉÔòÉÔòÉÔòù
    Ôòæ Looks like Playwright Test or Playwright was just installed or updated. Ôòæ
    Ôòæ Please run the following command to download new browsers:              Ôòæ
    Ôòæ                                                                         Ôòæ
    Ôòæ     npx playwright install                                              Ôòæ
    Ôòæ                                                                         Ôòæ
    Ôòæ <3 Playwright Team                                                      Ôòæ
    ÔòÜÔòÉÔòÉÔòÉÔòÉÔòÉÔòÉÔòÉÔòÉÔòÉÔòÉÔòÉÔòÉÔòÉÔòÉÔòÉÔòÉÔòÉÔòÉÔòÉÔòÉÔòÉÔòÉÔòÉÔòÉÔòÉÔòÉÔòÉÔòÉÔòÉÔòÉÔòÉÔòÉÔòÉÔòÉÔòÉÔòÉÔòÉÔòÉÔòÉÔòÉÔòÉÔòÉÔòÉÔòÉÔòÉÔòÉÔòÉÔòÉÔòÉÔòÉÔòÉÔòÉÔòÉÔòÉÔòÉÔòÉÔòÉÔòÉÔòÉÔòÉÔòÉÔòÉÔòÉÔòÉÔòÉÔòÉÔòÉÔòÉÔòÉÔòÉÔòÉÔòÉÔòÉÔòØ


[1A[2K[461/580] [chromium] ÔÇ║ src\tests\e2e\requests.spec.ts:45:3 ÔÇ║ Sistema de Solicitudes ÔÇ║ debe mostrar solicitudes enviadas
[1A[2K  461) [chromium] ÔÇ║ src\tests\e2e\requests.spec.ts:45:3 ÔÇ║ Sistema de Solicitudes ÔÇ║ debe mostrar solicitudes enviadas 

    Error: browserType.launch: Executable doesn't exist at C:\Users\conej\AppData\Local\ms-playwright\chromium_headless_shell-1200\chrome-headless-shell-win64\chrome-headless-shell.exe
    ÔòöÔòÉÔòÉÔòÉÔòÉÔòÉÔòÉÔòÉÔòÉÔòÉÔòÉÔòÉÔòÉÔòÉÔòÉÔòÉÔòÉÔòÉÔòÉÔòÉÔòÉÔòÉÔòÉÔòÉÔòÉÔòÉÔòÉÔòÉÔòÉÔòÉÔòÉÔòÉÔòÉÔòÉÔòÉÔòÉÔòÉÔòÉÔòÉÔòÉÔòÉÔòÉÔòÉÔòÉÔòÉÔòÉÔòÉÔòÉÔòÉÔòÉÔòÉÔòÉÔòÉÔòÉÔòÉÔòÉÔòÉÔòÉÔòÉÔòÉÔòÉÔòÉÔòÉÔòÉÔòÉÔòÉÔòÉÔòÉÔòÉÔòÉÔòÉÔòÉÔòÉÔòÉÔòù
    Ôòæ Looks like Playwright Test or Playwright was just installed or updated. Ôòæ
    Ôòæ Please run the following command to download new browsers:              Ôòæ
    Ôòæ                                                                         Ôòæ
    Ôòæ     npx playwright install                                              Ôòæ
    Ôòæ                                                                         Ôòæ
    Ôòæ <3 Playwright Team                                                      Ôòæ
    ÔòÜÔòÉÔòÉÔòÉÔòÉÔòÉÔòÉÔòÉÔòÉÔòÉÔòÉÔòÉÔòÉÔòÉÔòÉÔòÉÔòÉÔòÉÔòÉÔòÉÔòÉÔòÉÔòÉÔòÉÔòÉÔòÉÔòÉÔòÉÔòÉÔòÉÔòÉÔòÉÔòÉÔòÉÔòÉÔòÉÔòÉÔòÉÔòÉÔòÉÔòÉÔòÉÔòÉÔòÉÔòÉÔòÉÔòÉÔòÉÔòÉÔòÉÔòÉÔòÉÔòÉÔòÉÔòÉÔòÉÔòÉÔòÉÔòÉÔòÉÔòÉÔòÉÔòÉÔòÉÔòÉÔòÉÔòÉÔòÉÔòÉÔòÉÔòÉÔòÉÔòÉÔòÉÔòØ


[1A[2K[462/580] [chromium] ÔÇ║ src\tests\e2e\requests.spec.ts:56:3 ÔÇ║ Sistema de Solicitudes ÔÇ║ debe mostrar solicitudes recibidas
[1A[2K  462) [chromium] ÔÇ║ src\tests\e2e\requests.spec.ts:56:3 ÔÇ║ Sistema de Solicitudes ÔÇ║ debe mostrar solicitudes recibidas 

    Error: browserType.launch: Executable doesn't exist at C:\Users\conej\AppData\Local\ms-playwright\chromium_headless_shell-1200\chrome-headless-shell-win64\chrome-headless-shell.exe
    ÔòöÔòÉÔòÉÔòÉÔòÉÔòÉÔòÉÔòÉÔòÉÔòÉÔòÉÔòÉÔòÉÔòÉÔòÉÔòÉÔòÉÔòÉÔòÉÔòÉÔòÉÔòÉÔòÉÔòÉÔòÉÔòÉÔòÉÔòÉÔòÉÔòÉÔòÉÔòÉÔòÉÔòÉÔòÉÔòÉÔòÉÔòÉÔòÉÔòÉÔòÉÔòÉÔòÉÔòÉÔòÉÔòÉÔòÉÔòÉÔòÉÔòÉÔòÉÔòÉÔòÉÔòÉÔòÉÔòÉÔòÉÔòÉÔòÉÔòÉÔòÉÔòÉÔòÉÔòÉÔòÉÔòÉÔòÉÔòÉÔòÉÔòÉÔòÉÔòÉÔòÉÔòÉÔòù
    Ôòæ Looks like Playwright Test or Playwright was just installed or updated. Ôòæ
    Ôòæ Please run the following command to download new browsers:              Ôòæ
    Ôòæ                                                                         Ôòæ
    Ôòæ     npx playwright install                                              Ôòæ
    Ôòæ                                                                         Ôòæ
    Ôòæ <3 Playwright Team                                                      Ôòæ
    ÔòÜÔòÉÔòÉÔòÉÔòÉÔòÉÔòÉÔòÉÔòÉÔòÉÔòÉÔòÉÔòÉÔòÉÔòÉÔòÉÔòÉÔòÉÔòÉÔòÉÔòÉÔòÉÔòÉÔòÉÔòÉÔòÉÔòÉÔòÉÔòÉÔòÉÔòÉÔòÉÔòÉÔòÉÔòÉÔòÉÔòÉÔòÉÔòÉÔòÉÔòÉÔòÉÔòÉÔòÉÔòÉÔòÉÔòÉÔòÉÔòÉÔòÉÔòÉÔòÉÔòÉÔòÉÔòÉÔòÉÔòÉÔòÉÔòÉÔòÉÔòÉÔòÉÔòÉÔòÉÔòÉÔòÉÔòÉÔòÉÔòÉÔòÉÔòÉÔòÉÔòÉÔòÉÔòØ


[1A[2K[463/580] [chromium] ÔÇ║ src\tests\e2e\requests.spec.ts:67:3 ÔÇ║ Sistema de Solicitudes ÔÇ║ debe aceptar solicitud recibida
[1A[2K  463) [chromium] ÔÇ║ src\tests\e2e\requests.spec.ts:67:3 ÔÇ║ Sistema de Solicitudes ÔÇ║ debe aceptar solicitud recibida 

    Error: browserType.launch: Executable doesn't exist at C:\Users\conej\AppData\Local\ms-playwright\chromium_headless_shell-1200\chrome-headless-shell-win64\chrome-headless-shell.exe
    ÔòöÔòÉÔòÉÔòÉÔòÉÔòÉÔòÉÔòÉÔòÉÔòÉÔòÉÔòÉÔòÉÔòÉÔòÉÔòÉÔòÉÔòÉÔòÉÔòÉÔòÉÔòÉÔòÉÔòÉÔòÉÔòÉÔòÉÔòÉÔòÉÔòÉÔòÉÔòÉÔòÉÔòÉÔòÉÔòÉÔòÉÔòÉÔòÉÔòÉÔòÉÔòÉÔòÉÔòÉÔòÉÔòÉÔòÉÔòÉÔòÉÔòÉÔòÉÔòÉÔòÉÔòÉÔòÉÔòÉÔòÉÔòÉÔòÉÔòÉÔòÉÔòÉÔòÉÔòÉÔòÉÔòÉÔòÉÔòÉÔòÉÔòÉÔòÉÔòÉÔòÉÔòÉÔòù
    Ôòæ Looks like Playwright Test or Playwright was just installed or updated. Ôòæ
    Ôòæ Please run the following command to download new browsers:              Ôòæ
    Ôòæ                                                                         Ôòæ
    Ôòæ     npx playwright install                                              Ôòæ
    Ôòæ                                                                         Ôòæ
    Ôòæ <3 Playwright Team                                                      Ôòæ
    ÔòÜÔòÉÔòÉÔòÉÔòÉÔòÉÔòÉÔòÉÔòÉÔòÉÔòÉÔòÉÔòÉÔòÉÔòÉÔòÉÔòÉÔòÉÔòÉÔòÉÔòÉÔòÉÔòÉÔòÉÔòÉÔòÉÔòÉÔòÉÔòÉÔòÉÔòÉÔòÉÔòÉÔòÉÔòÉÔòÉÔòÉÔòÉÔòÉÔòÉÔòÉÔòÉÔòÉÔòÉÔòÉÔòÉÔòÉÔòÉÔòÉÔòÉÔòÉÔòÉÔòÉÔòÉÔòÉÔòÉÔòÉÔòÉÔòÉÔòÉÔòÉÔòÉÔòÉÔòÉÔòÉÔòÉÔòÉÔòÉÔòÉÔòÉÔòÉÔòÉÔòÉÔòÉÔòØ


[1A[2K[464/580] [chromium] ÔÇ║ src\tests\e2e\requests.spec.ts:97:3 ÔÇ║ Sistema de Solicitudes ÔÇ║ debe cancelar solicitud enviada
[1A[2K[465/580] [chromium] ÔÇ║ src\tests\e2e\requests.spec.ts:82:3 ÔÇ║ Sistema de Solicitudes ÔÇ║ debe rechazar solicitud recibida
[1A[2K[466/580] [chromium] ÔÇ║ src\tests\e2e\requests.spec.ts:112:3 ÔÇ║ Sistema de Solicitudes ÔÇ║ debe filtrar solicitudes por estado
[1A[2K[467/580] [chromium] ÔÇ║ src\tests\e2e\requests.spec.ts:128:3 ÔÇ║ Sistema de Solicitudes ÔÇ║ debe mostrar detalles de solicitud
[1A[2K  464) [chromium] ÔÇ║ src\tests\e2e\requests.spec.ts:82:3 ÔÇ║ Sistema de Solicitudes ÔÇ║ debe rechazar solicitud recibida 

    Error: browserType.launch: Executable doesn't exist at C:\Users\conej\AppData\Local\ms-playwright\chromium_headless_shell-1200\chrome-headless-shell-win64\chrome-headless-shell.exe
    ÔòöÔòÉÔòÉÔòÉÔòÉÔòÉÔòÉÔòÉÔòÉÔòÉÔòÉÔòÉÔòÉÔòÉÔòÉÔòÉÔòÉÔòÉÔòÉÔòÉÔòÉÔòÉÔòÉÔòÉÔòÉÔòÉÔòÉÔòÉÔòÉÔòÉÔòÉÔòÉÔòÉÔòÉÔòÉÔòÉÔòÉÔòÉÔòÉÔòÉÔòÉÔòÉÔòÉÔòÉÔòÉÔòÉÔòÉÔòÉÔòÉÔòÉÔòÉÔòÉÔòÉÔòÉÔòÉÔòÉÔòÉÔòÉÔòÉÔòÉÔòÉÔòÉÔòÉÔòÉÔòÉÔòÉÔòÉÔòÉÔòÉÔòÉÔòÉÔòÉÔòÉÔòÉÔòù
    Ôòæ Looks like Playwright Test or Playwright was just installed or updated. Ôòæ
    Ôòæ Please run the following command to download new browsers:              Ôòæ
    Ôòæ                                                                         Ôòæ
    Ôòæ     npx playwright install                                              Ôòæ
    Ôòæ                                                                         Ôòæ
    Ôòæ <3 Playwright Team                                                      Ôòæ
    ÔòÜÔòÉÔòÉÔòÉÔòÉÔòÉÔòÉÔòÉÔòÉÔòÉÔòÉÔòÉÔòÉÔòÉÔòÉÔòÉÔòÉÔòÉÔòÉÔòÉÔòÉÔòÉÔòÉÔòÉÔòÉÔòÉÔòÉÔòÉÔòÉÔòÉÔòÉÔòÉÔòÉÔòÉÔòÉÔòÉÔòÉÔòÉÔòÉÔòÉÔòÉÔòÉÔòÉÔòÉÔòÉÔòÉÔòÉÔòÉÔòÉÔòÉÔòÉÔòÉÔòÉÔòÉÔòÉÔòÉÔòÉÔòÉÔòÉÔòÉÔòÉÔòÉÔòÉÔòÉÔòÉÔòÉÔòÉÔòÉÔòÉÔòÉÔòÉÔòÉÔòÉÔòÉÔòØ


[1A[2K  465) [chromium] ÔÇ║ src\tests\e2e\requests.spec.ts:97:3 ÔÇ║ Sistema de Solicitudes ÔÇ║ debe cancelar solicitud enviada 

    Error: browserType.launch: Executable doesn't exist at C:\Users\conej\AppData\Local\ms-playwright\chromium_headless_shell-1200\chrome-headless-shell-win64\chrome-headless-shell.exe
    ÔòöÔòÉÔòÉÔòÉÔòÉÔòÉÔòÉÔòÉÔòÉÔòÉÔòÉÔòÉÔòÉÔòÉÔòÉÔòÉÔòÉÔòÉÔòÉÔòÉÔòÉÔòÉÔòÉÔòÉÔòÉÔòÉÔòÉÔòÉÔòÉÔòÉÔòÉÔòÉÔòÉÔòÉÔòÉÔòÉÔòÉÔòÉÔòÉÔòÉÔòÉÔòÉÔòÉÔòÉÔòÉÔòÉÔòÉÔòÉÔòÉÔòÉÔòÉÔòÉÔòÉÔòÉÔòÉÔòÉÔòÉÔòÉÔòÉÔòÉÔòÉÔòÉÔòÉÔòÉÔòÉÔòÉÔòÉÔòÉÔòÉÔòÉÔòÉÔòÉÔòÉÔòÉÔòù
    Ôòæ Looks like Playwright Test or Playwright was just installed or updated. Ôòæ
    Ôòæ Please run the following command to download new browsers:              Ôòæ
    Ôòæ                                                                         Ôòæ
    Ôòæ     npx playwright install                                              Ôòæ
    Ôòæ                                                                         Ôòæ
    Ôòæ <3 Playwright Team                                                      Ôòæ
    ÔòÜÔòÉÔòÉÔòÉÔòÉÔòÉÔòÉÔòÉÔòÉÔòÉÔòÉÔòÉÔòÉÔòÉÔòÉÔòÉÔòÉÔòÉÔòÉÔòÉÔòÉÔòÉÔòÉÔòÉÔòÉÔòÉÔòÉÔòÉÔòÉÔòÉÔòÉÔòÉÔòÉÔòÉÔòÉÔòÉÔòÉÔòÉÔòÉÔòÉÔòÉÔòÉÔòÉÔòÉÔòÉÔòÉÔòÉÔòÉÔòÉÔòÉÔòÉÔòÉÔòÉÔòÉÔòÉÔòÉÔòÉÔòÉÔòÉÔòÉÔòÉÔòÉÔòÉÔòÉÔòÉÔòÉÔòÉÔòÉÔòÉÔòÉÔòÉÔòÉÔòÉÔòÉÔòØ


[1A[2K  466) [chromium] ÔÇ║ src\tests\e2e\requests.spec.ts:112:3 ÔÇ║ Sistema de Solicitudes ÔÇ║ debe filtrar solicitudes por estado 

    Error: browserType.launch: Executable doesn't exist at C:\Users\conej\AppData\Local\ms-playwright\chromium_headless_shell-1200\chrome-headless-shell-win64\chrome-headless-shell.exe
    ÔòöÔòÉÔòÉÔòÉÔòÉÔòÉÔòÉÔòÉÔòÉÔòÉÔòÉÔòÉÔòÉÔòÉÔòÉÔòÉÔòÉÔòÉÔòÉÔòÉÔòÉÔòÉÔòÉÔòÉÔòÉÔòÉÔòÉÔòÉÔòÉÔòÉÔòÉÔòÉÔòÉÔòÉÔòÉÔòÉÔòÉÔòÉÔòÉÔòÉÔòÉÔòÉÔòÉÔòÉÔòÉÔòÉÔòÉÔòÉÔòÉÔòÉÔòÉÔòÉÔòÉÔòÉÔòÉÔòÉÔòÉÔòÉÔòÉÔòÉÔòÉÔòÉÔòÉÔòÉÔòÉÔòÉÔòÉÔòÉÔòÉÔòÉÔòÉÔòÉÔòÉÔòÉÔòù
    Ôòæ Looks like Playwright Test or Playwright was just installed or updated. Ôòæ
    Ôòæ Please run the following command to download new browsers:              Ôòæ
    Ôòæ                                                                         Ôòæ
    Ôòæ     npx playwright install                                              Ôòæ
    Ôòæ                                                                         Ôòæ
    Ôòæ <3 Playwright Team                                                      Ôòæ
    ÔòÜÔòÉÔòÉÔòÉÔòÉÔòÉÔòÉÔòÉÔòÉÔòÉÔòÉÔòÉÔòÉÔòÉÔòÉÔòÉÔòÉÔòÉÔòÉÔòÉÔòÉÔòÉÔòÉÔòÉÔòÉÔòÉÔòÉÔòÉÔòÉÔòÉÔòÉÔòÉÔòÉÔòÉÔòÉÔòÉÔòÉÔòÉÔòÉÔòÉÔòÉÔòÉÔòÉÔòÉÔòÉÔòÉÔòÉÔòÉÔòÉÔòÉÔòÉÔòÉÔòÉÔòÉÔòÉÔòÉÔòÉÔòÉÔòÉÔòÉÔòÉÔòÉÔòÉÔòÉÔòÉÔòÉÔòÉÔòÉÔòÉÔòÉÔòÉÔòÉÔòÉÔòÉÔòØ


[1A[2K  467) [chromium] ÔÇ║ src\tests\e2e\requests.spec.ts:128:3 ÔÇ║ Sistema de Solicitudes ÔÇ║ debe mostrar detalles de solicitud 

    Error: browserType.launch: Executable doesn't exist at C:\Users\conej\AppData\Local\ms-playwright\chromium_headless_shell-1200\chrome-headless-shell-win64\chrome-headless-shell.exe
    ÔòöÔòÉÔòÉÔòÉÔòÉÔòÉÔòÉÔòÉÔòÉÔòÉÔòÉÔòÉÔòÉÔòÉÔòÉÔòÉÔòÉÔòÉÔòÉÔòÉÔòÉÔòÉÔòÉÔòÉÔòÉÔòÉÔòÉÔòÉÔòÉÔòÉÔòÉÔòÉÔòÉÔòÉÔòÉÔòÉÔòÉÔòÉÔòÉÔòÉÔòÉÔòÉÔòÉÔòÉÔòÉÔòÉÔòÉÔòÉÔòÉÔòÉÔòÉÔòÉÔòÉÔòÉÔòÉÔòÉÔòÉÔòÉÔòÉÔòÉÔòÉÔòÉÔòÉÔòÉÔòÉÔòÉÔòÉÔòÉÔòÉÔòÉÔòÉÔòÉÔòÉÔòÉÔòù
    Ôòæ Looks like Playwright Test or Playwright was just installed or updated. Ôòæ
    Ôòæ Please run the following command to download new browsers:              Ôòæ
    Ôòæ                                                                         Ôòæ
    Ôòæ     npx playwright install                                              Ôòæ
    Ôòæ                                                                         Ôòæ
    Ôòæ <3 Playwright Team                                                      Ôòæ
    ÔòÜÔòÉÔòÉÔòÉÔòÉÔòÉÔòÉÔòÉÔòÉÔòÉÔòÉÔòÉÔòÉÔòÉÔòÉÔòÉÔòÉÔòÉÔòÉÔòÉÔòÉÔòÉÔòÉÔòÉÔòÉÔòÉÔòÉÔòÉÔòÉÔòÉÔòÉÔòÉÔòÉÔòÉÔòÉÔòÉÔòÉÔòÉÔòÉÔòÉÔòÉÔòÉÔòÉÔòÉÔòÉÔòÉÔòÉÔòÉÔòÉÔòÉÔòÉÔòÉÔòÉÔòÉÔòÉÔòÉÔòÉÔòÉÔòÉÔòÉÔòÉÔòÉÔòÉÔòÉÔòÉÔòÉÔòÉÔòÉÔòÉÔòÉÔòÉÔòÉÔòÉÔòÉÔòØ


[1A[2K[468/580] [chromium] ÔÇ║ src\tests\e2e\requests.spec.ts:141:3 ÔÇ║ Sistema de Solicitudes ÔÇ║ debe prevenir solicitudes duplicadas
[1A[2K  468) [chromium] ÔÇ║ src\tests\e2e\requests.spec.ts:141:3 ÔÇ║ Sistema de Solicitudes ÔÇ║ debe prevenir solicitudes duplicadas 

    Error: browserType.launch: Executable doesn't exist at C:\Users\conej\AppData\Local\ms-playwright\chromium_headless_shell-1200\chrome-headless-shell-win64\chrome-headless-shell.exe
    ÔòöÔòÉÔòÉÔòÉÔòÉÔòÉÔòÉÔòÉÔòÉÔòÉÔòÉÔòÉÔòÉÔòÉÔòÉÔòÉÔòÉÔòÉÔòÉÔòÉÔòÉÔòÉÔòÉÔòÉÔòÉÔòÉÔòÉÔòÉÔòÉÔòÉÔòÉÔòÉÔòÉÔòÉÔòÉÔòÉÔòÉÔòÉÔòÉÔòÉÔòÉÔòÉÔòÉÔòÉÔòÉÔòÉÔòÉÔòÉÔòÉÔòÉÔòÉÔòÉÔòÉÔòÉÔòÉÔòÉÔòÉÔòÉÔòÉÔòÉÔòÉÔòÉÔòÉÔòÉÔòÉÔòÉÔòÉÔòÉÔòÉÔòÉÔòÉÔòÉÔòÉÔòÉÔòù
    Ôòæ Looks like Playwright Test or Playwright was just installed or updated. Ôòæ
    Ôòæ Please run the following command to download new browsers:              Ôòæ
    Ôòæ                                                                         Ôòæ
    Ôòæ     npx playwright install                                              Ôòæ
    Ôòæ                                                                         Ôòæ
    Ôòæ <3 Playwright Team                                                      Ôòæ
    ÔòÜÔòÉÔòÉÔòÉÔòÉÔòÉÔòÉÔòÉÔòÉÔòÉÔòÉÔòÉÔòÉÔòÉÔòÉÔòÉÔòÉÔòÉÔòÉÔòÉÔòÉÔòÉÔòÉÔòÉÔòÉÔòÉÔòÉÔòÉÔòÉÔòÉÔòÉÔòÉÔòÉÔòÉÔòÉÔòÉÔòÉÔòÉÔòÉÔòÉÔòÉÔòÉÔòÉÔòÉÔòÉÔòÉÔòÉÔòÉÔòÉÔòÉÔòÉÔòÉÔòÉÔòÉÔòÉÔòÉÔòÉÔòÉÔòÉÔòÉÔòÉÔòÉÔòÉÔòÉÔòÉÔòÉÔòÉÔòÉÔòÉÔòÉÔòÉÔòÉÔòÉÔòÉÔòØ


[1A[2K[469/580] [chromium] ÔÇ║ src\tests\e2e\requests.spec.ts:152:3 ÔÇ║ Sistema de Solicitudes ÔÇ║ debe mostrar contador de solicitudes pendientes
[1A[2K  469) [chromium] ÔÇ║ src\tests\e2e\requests.spec.ts:152:3 ÔÇ║ Sistema de Solicitudes ÔÇ║ debe mostrar contador de solicitudes pendientes 

    Error: browserType.launch: Executable doesn't exist at C:\Users\conej\AppData\Local\ms-playwright\chromium_headless_shell-1200\chrome-headless-shell-win64\chrome-headless-shell.exe
    ÔòöÔòÉÔòÉÔòÉÔòÉÔòÉÔòÉÔòÉÔòÉÔòÉÔòÉÔòÉÔòÉÔòÉÔòÉÔòÉÔòÉÔòÉÔòÉÔòÉÔòÉÔòÉÔòÉÔòÉÔòÉÔòÉÔòÉÔòÉÔòÉÔòÉÔòÉÔòÉÔòÉÔòÉÔòÉÔòÉÔòÉÔòÉÔòÉÔòÉÔòÉÔòÉÔòÉÔòÉÔòÉÔòÉÔòÉÔòÉÔòÉÔòÉÔòÉÔòÉÔòÉÔòÉÔòÉÔòÉÔòÉÔòÉÔòÉÔòÉÔòÉÔòÉÔòÉÔòÉÔòÉÔòÉÔòÉÔòÉÔòÉÔòÉÔòÉÔòÉÔòÉÔòÉÔòù
    Ôòæ Looks like Playwright Test or Playwright was just installed or updated. Ôòæ
    Ôòæ Please run the following command to download new browsers:              Ôòæ
    Ôòæ                                                                         Ôòæ
    Ôòæ     npx playwright install                                              Ôòæ
    Ôòæ                                                                         Ôòæ
    Ôòæ <3 Playwright Team                                                      Ôòæ
    ÔòÜÔòÉÔòÉÔòÉÔòÉÔòÉÔòÉÔòÉÔòÉÔòÉÔòÉÔòÉÔòÉÔòÉÔòÉÔòÉÔòÉÔòÉÔòÉÔòÉÔòÉÔòÉÔòÉÔòÉÔòÉÔòÉÔòÉÔòÉÔòÉÔòÉÔòÉÔòÉÔòÉÔòÉÔòÉÔòÉÔòÉÔòÉÔòÉÔòÉÔòÉÔòÉÔòÉÔòÉÔòÉÔòÉÔòÉÔòÉÔòÉÔòÉÔòÉÔòÉÔòÉÔòÉÔòÉÔòÉÔòÉÔòÉÔòÉÔòÉÔòÉÔòÉÔòÉÔòÉÔòÉÔòÉÔòÉÔòÉÔòÉÔòÉÔòÉÔòÉÔòÉÔòÉÔòØ


[1A[2K[470/580] [chromium] ÔÇ║ src\tests\e2e\requests.spec.ts:160:3 ÔÇ║ Sistema de Solicitudes ÔÇ║ debe enviar notificaci├│n al recibir solicitud
[1A[2K  470) [chromium] ÔÇ║ src\tests\e2e\requests.spec.ts:160:3 ÔÇ║ Sistema de Solicitudes ÔÇ║ debe enviar notificaci├│n al recibir solicitud 

    Error: browserType.launch: Executable doesn't exist at C:\Users\conej\AppData\Local\ms-playwright\chromium_headless_shell-1200\chrome-headless-shell-win64\chrome-headless-shell.exe
    ÔòöÔòÉÔòÉÔòÉÔòÉÔòÉÔòÉÔòÉÔòÉÔòÉÔòÉÔòÉÔòÉÔòÉÔòÉÔòÉÔòÉÔòÉÔòÉÔòÉÔòÉÔòÉÔòÉÔòÉÔòÉÔòÉÔòÉÔòÉÔòÉÔòÉÔòÉÔòÉÔòÉÔòÉÔòÉÔòÉÔòÉÔòÉÔòÉÔòÉÔòÉÔòÉÔòÉÔòÉÔòÉÔòÉÔòÉÔòÉÔòÉÔòÉÔòÉÔòÉÔòÉÔòÉÔòÉÔòÉÔòÉÔòÉÔòÉÔòÉÔòÉÔòÉÔòÉÔòÉÔòÉÔòÉÔòÉÔòÉÔòÉÔòÉÔòÉÔòÉÔòÉÔòÉÔòù
    Ôòæ Looks like Playwright Test or Playwright was just installed or updated. Ôòæ
    Ôòæ Please run the following command to download new browsers:              Ôòæ
    Ôòæ                                                                         Ôòæ
    Ôòæ     npx playwright install                                              Ôòæ
    Ôòæ                                                                         Ôòæ
    Ôòæ <3 Playwright Team                                                      Ôòæ
    ÔòÜÔòÉÔòÉÔòÉÔòÉÔòÉÔòÉÔòÉÔòÉÔòÉÔòÉÔòÉÔòÉÔòÉÔòÉÔòÉÔòÉÔòÉÔòÉÔòÉÔòÉÔòÉÔòÉÔòÉÔòÉÔòÉÔòÉÔòÉÔòÉÔòÉÔòÉÔòÉÔòÉÔòÉÔòÉÔòÉÔòÉÔòÉÔòÉÔòÉÔòÉÔòÉÔòÉÔòÉÔòÉÔòÉÔòÉÔòÉÔòÉÔòÉÔòÉÔòÉÔòÉÔòÉÔòÉÔòÉÔòÉÔòÉÔòÉÔòÉÔòÉÔòÉÔòÉÔòÉÔòÉÔòÉÔòÉÔòÉÔòÉÔòÉÔòÉÔòÉÔòÉÔòÉÔòØ


[1A[2K[471/580] [chromium] ÔÇ║ src\tests\e2e\requests.spec.ts:169:3 ÔÇ║ Sistema de Solicitudes ÔÇ║ debe manejar solicitudes de acceso a galer├¡a
[1A[2K  471) [chromium] ÔÇ║ src\tests\e2e\requests.spec.ts:169:3 ÔÇ║ Sistema de Solicitudes ÔÇ║ debe manejar solicitudes de acceso a galer├¡a 

    Error: browserType.launch: Executable doesn't exist at C:\Users\conej\AppData\Local\ms-playwright\chromium_headless_shell-1200\chrome-headless-shell-win64\chrome-headless-shell.exe
    ÔòöÔòÉÔòÉÔòÉÔòÉÔòÉÔòÉÔòÉÔòÉÔòÉÔòÉÔòÉÔòÉÔòÉÔòÉÔòÉÔòÉÔòÉÔòÉÔòÉÔòÉÔòÉÔòÉÔòÉÔòÉÔòÉÔòÉÔòÉÔòÉÔòÉÔòÉÔòÉÔòÉÔòÉÔòÉÔòÉÔòÉÔòÉÔòÉÔòÉÔòÉÔòÉÔòÉÔòÉÔòÉÔòÉÔòÉÔòÉÔòÉÔòÉÔòÉÔòÉÔòÉÔòÉÔòÉÔòÉÔòÉÔòÉÔòÉÔòÉÔòÉÔòÉÔòÉÔòÉÔòÉÔòÉÔòÉÔòÉÔòÉÔòÉÔòÉÔòÉÔòÉÔòÉÔòù
    Ôòæ Looks like Playwright Test or Playwright was just installed or updated. Ôòæ
    Ôòæ Please run the following command to download new browsers:              Ôòæ
    Ôòæ                                                                         Ôòæ
    Ôòæ     npx playwright install                                              Ôòæ
    Ôòæ                                                                         Ôòæ
    Ôòæ <3 Playwright Team                                                      Ôòæ
    ÔòÜÔòÉÔòÉÔòÉÔòÉÔòÉÔòÉÔòÉÔòÉÔòÉÔòÉÔòÉÔòÉÔòÉÔòÉÔòÉÔòÉÔòÉÔòÉÔòÉÔòÉÔòÉÔòÉÔòÉÔòÉÔòÉÔòÉÔòÉÔòÉÔòÉÔòÉÔòÉÔòÉÔòÉÔòÉÔòÉÔòÉÔòÉÔòÉÔòÉÔòÉÔòÉÔòÉÔòÉÔòÉÔòÉÔòÉÔòÉÔòÉÔòÉÔòÉÔòÉÔòÉÔòÉÔòÉÔòÉÔòÉÔòÉÔòÉÔòÉÔòÉÔòÉÔòÉÔòÉÔòÉÔòÉÔòÉÔòÉÔòÉÔòÉÔòÉÔòÉÔòÉÔòÉÔòØ


[1A[2K[472/580] [chromium] ÔÇ║ src\tests\e2e\requests.spec.ts:188:3 ÔÇ║ Sistema de Solicitudes ÔÇ║ debe gestionar solicitudes de chat privado
[1A[2K[473/580] [chromium] ÔÇ║ src\tests\e2e\staking-nfts.spec.ts:13:5 ÔÇ║ Staking NFTs ÔÇ║ debe testear staking/nft 1
[1A[2K[474/580] [chromium] ÔÇ║ src\tests\e2e\staking-nfts.spec.ts:13:5 ÔÇ║ Staking NFTs ÔÇ║ debe testear staking/nft 2
[1A[2K  472) [chromium] ÔÇ║ src\tests\e2e\requests.spec.ts:188:3 ÔÇ║ Sistema de Solicitudes ÔÇ║ debe gestionar solicitudes de chat privado 

    Error: browserType.launch: Executable doesn't exist at C:\Users\conej\AppData\Local\ms-playwright\chromium_headless_shell-1200\chrome-headless-shell-win64\chrome-headless-shell.exe
    ÔòöÔòÉÔòÉÔòÉÔòÉÔòÉÔòÉÔòÉÔòÉÔòÉÔòÉÔòÉÔòÉÔòÉÔòÉÔòÉÔòÉÔòÉÔòÉÔòÉÔòÉÔòÉÔòÉÔòÉÔòÉÔòÉÔòÉÔòÉÔòÉÔòÉÔòÉÔòÉÔòÉÔòÉÔòÉÔòÉÔòÉÔòÉÔòÉÔòÉÔòÉÔòÉÔòÉÔòÉÔòÉÔòÉÔòÉÔòÉÔòÉÔòÉÔòÉÔòÉÔòÉÔòÉÔòÉÔòÉÔòÉÔòÉÔòÉÔòÉÔòÉÔòÉÔòÉÔòÉÔòÉÔòÉÔòÉÔòÉÔòÉÔòÉÔòÉÔòÉÔòÉÔòÉÔòù
    Ôòæ Looks like Playwright Test or Playwright was just installed or updated. Ôòæ
    Ôòæ Please run the following command to download new browsers:              Ôòæ
    Ôòæ                                                                         Ôòæ
    Ôòæ     npx playwright install                                              Ôòæ
    Ôòæ                                                                         Ôòæ
    Ôòæ <3 Playwright Team                                                      Ôòæ
    ÔòÜÔòÉÔòÉÔòÉÔòÉÔòÉÔòÉÔòÉÔòÉÔòÉÔòÉÔòÉÔòÉÔòÉÔòÉÔòÉÔòÉÔòÉÔòÉÔòÉÔòÉÔòÉÔòÉÔòÉÔòÉÔòÉÔòÉÔòÉÔòÉÔòÉÔòÉÔòÉÔòÉÔòÉÔòÉÔòÉÔòÉÔòÉÔòÉÔòÉÔòÉÔòÉÔòÉÔòÉÔòÉÔòÉÔòÉÔòÉÔòÉÔòÉÔòÉÔòÉÔòÉÔòÉÔòÉÔòÉÔòÉÔòÉÔòÉÔòÉÔòÉÔòÉÔòÉÔòÉÔòÉÔòÉÔòÉÔòÉÔòÉÔòÉÔòÉÔòÉÔòÉÔòÉÔòØ


[1A[2K[475/580] [chromium] ÔÇ║ src\tests\e2e\staking-nfts.spec.ts:13:5 ÔÇ║ Staking NFTs ÔÇ║ debe testear staking/nft 3
[1A[2K  473) [chromium] ÔÇ║ src\tests\e2e\staking-nfts.spec.ts:13:5 ÔÇ║ Staking NFTs ÔÇ║ debe testear staking/nft 1 

    Error: browserType.launch: Executable doesn't exist at C:\Users\conej\AppData\Local\ms-playwright\chromium_headless_shell-1200\chrome-headless-shell-win64\chrome-headless-shell.exe
    ÔòöÔòÉÔòÉÔòÉÔòÉÔòÉÔòÉÔòÉÔòÉÔòÉÔòÉÔòÉÔòÉÔòÉÔòÉÔòÉÔòÉÔòÉÔòÉÔòÉÔòÉÔòÉÔòÉÔòÉÔòÉÔòÉÔòÉÔòÉÔòÉÔòÉÔòÉÔòÉÔòÉÔòÉÔòÉÔòÉÔòÉÔòÉÔòÉÔòÉÔòÉÔòÉÔòÉÔòÉÔòÉÔòÉÔòÉÔòÉÔòÉÔòÉÔòÉÔòÉÔòÉÔòÉÔòÉÔòÉÔòÉÔòÉÔòÉÔòÉÔòÉÔòÉÔòÉÔòÉÔòÉÔòÉÔòÉÔòÉÔòÉÔòÉÔòÉÔòÉÔòÉÔòÉÔòù
    Ôòæ Looks like Playwright Test or Playwright was just installed or updated. Ôòæ
    Ôòæ Please run the following command to download new browsers:              Ôòæ
    Ôòæ                                                                         Ôòæ
    Ôòæ     npx playwright install                                              Ôòæ
    Ôòæ                                                                         Ôòæ
    Ôòæ <3 Playwright Team                                                      Ôòæ
    ÔòÜÔòÉÔòÉÔòÉÔòÉÔòÉÔòÉÔòÉÔòÉÔòÉÔòÉÔòÉÔòÉÔòÉÔòÉÔòÉÔòÉÔòÉÔòÉÔòÉÔòÉÔòÉÔòÉÔòÉÔòÉÔòÉÔòÉÔòÉÔòÉÔòÉÔòÉÔòÉÔòÉÔòÉÔòÉÔòÉÔòÉÔòÉÔòÉÔòÉÔòÉÔòÉÔòÉÔòÉÔòÉÔòÉÔòÉÔòÉÔòÉÔòÉÔòÉÔòÉÔòÉÔòÉÔòÉÔòÉÔòÉÔòÉÔòÉÔòÉÔòÉÔòÉÔòÉÔòÉÔòÉÔòÉÔòÉÔòÉÔòÉÔòÉÔòÉÔòÉÔòÉÔòÉÔòØ


[1A[2K  474) [chromium] ÔÇ║ src\tests\e2e\staking-nfts.spec.ts:13:5 ÔÇ║ Staking NFTs ÔÇ║ debe testear staking/nft 3 

    Error: browserType.launch: Executable doesn't exist at C:\Users\conej\AppData\Local\ms-playwright\chromium_headless_shell-1200\chrome-headless-shell-win64\chrome-headless-shell.exe
    ÔòöÔòÉÔòÉÔòÉÔòÉÔòÉÔòÉÔòÉÔòÉÔòÉÔòÉÔòÉÔòÉÔòÉÔòÉÔòÉÔòÉÔòÉÔòÉÔòÉÔòÉÔòÉÔòÉÔòÉÔòÉÔòÉÔòÉÔòÉÔòÉÔòÉÔòÉÔòÉÔòÉÔòÉÔòÉÔòÉÔòÉÔòÉÔòÉÔòÉÔòÉÔòÉÔòÉÔòÉÔòÉÔòÉÔòÉÔòÉÔòÉÔòÉÔòÉÔòÉÔòÉÔòÉÔòÉÔòÉÔòÉÔòÉÔòÉÔòÉÔòÉÔòÉÔòÉÔòÉÔòÉÔòÉÔòÉÔòÉÔòÉÔòÉÔòÉÔòÉÔòÉÔòÉÔòù
    Ôòæ Looks like Playwright Test or Playwright was just installed or updated. Ôòæ
    Ôòæ Please run the following command to download new browsers:              Ôòæ
    Ôòæ                                                                         Ôòæ
    Ôòæ     npx playwright install                                              Ôòæ
    Ôòæ                                                                         Ôòæ
    Ôòæ <3 Playwright Team                                                      Ôòæ
    ÔòÜÔòÉÔòÉÔòÉÔòÉÔòÉÔòÉÔòÉÔòÉÔòÉÔòÉÔòÉÔòÉÔòÉÔòÉÔòÉÔòÉÔòÉÔòÉÔòÉÔòÉÔòÉÔòÉÔòÉÔòÉÔòÉÔòÉÔòÉÔòÉÔòÉÔòÉÔòÉÔòÉÔòÉÔòÉÔòÉÔòÉÔòÉÔòÉÔòÉÔòÉÔòÉÔòÉÔòÉÔòÉÔòÉÔòÉÔòÉÔòÉÔòÉÔòÉÔòÉÔòÉÔòÉÔòÉÔòÉÔòÉÔòÉÔòÉÔòÉÔòÉÔòÉÔòÉÔòÉÔòÉÔòÉÔòÉÔòÉÔòÉÔòÉÔòÉÔòÉÔòÉÔòÉÔòØ


[1A[2K  475) [chromium] ÔÇ║ src\tests\e2e\staking-nfts.spec.ts:13:5 ÔÇ║ Staking NFTs ÔÇ║ debe testear staking/nft 2 

    Error: browserType.launch: Executable doesn't exist at C:\Users\conej\AppData\Local\ms-playwright\chromium_headless_shell-1200\chrome-headless-shell-win64\chrome-headless-shell.exe
    ÔòöÔòÉÔòÉÔòÉÔòÉÔòÉÔòÉÔòÉÔòÉÔòÉÔòÉÔòÉÔòÉÔòÉÔòÉÔòÉÔòÉÔòÉÔòÉÔòÉÔòÉÔòÉÔòÉÔòÉÔòÉÔòÉÔòÉÔòÉÔòÉÔòÉÔòÉÔòÉÔòÉÔòÉÔòÉÔòÉÔòÉÔòÉÔòÉÔòÉÔòÉÔòÉÔòÉÔòÉÔòÉÔòÉÔòÉÔòÉÔòÉÔòÉÔòÉÔòÉÔòÉÔòÉÔòÉÔòÉÔòÉÔòÉÔòÉÔòÉÔòÉÔòÉÔòÉÔòÉÔòÉÔòÉÔòÉÔòÉÔòÉÔòÉÔòÉÔòÉÔòÉÔòÉÔòù
    Ôòæ Looks like Playwright Test or Playwright was just installed or updated. Ôòæ
    Ôòæ Please run the following command to download new browsers:              Ôòæ
    Ôòæ                                                                         Ôòæ
    Ôòæ     npx playwright install                                              Ôòæ
    Ôòæ                                                                         Ôòæ
    Ôòæ <3 Playwright Team                                                      Ôòæ
    ÔòÜÔòÉÔòÉÔòÉÔòÉÔòÉÔòÉÔòÉÔòÉÔòÉÔòÉÔòÉÔòÉÔòÉÔòÉÔòÉÔòÉÔòÉÔòÉÔòÉÔòÉÔòÉÔòÉÔòÉÔòÉÔòÉÔòÉÔòÉÔòÉÔòÉÔòÉÔòÉÔòÉÔòÉÔòÉÔòÉÔòÉÔòÉÔòÉÔòÉÔòÉÔòÉÔòÉÔòÉÔòÉÔòÉÔòÉÔòÉÔòÉÔòÉÔòÉÔòÉÔòÉÔòÉÔòÉÔòÉÔòÉÔòÉÔòÉÔòÉÔòÉÔòÉÔòÉÔòÉÔòÉÔòÉÔòÉÔòÉÔòÉÔòÉÔòÉÔòÉÔòÉÔòÉÔòØ


[1A[2K[476/580] [chromium] ÔÇ║ src\tests\e2e\staking-nfts.spec.ts:13:5 ÔÇ║ Staking NFTs ÔÇ║ debe testear staking/nft 4
[1A[2K  476) [chromium] ÔÇ║ src\tests\e2e\staking-nfts.spec.ts:13:5 ÔÇ║ Staking NFTs ÔÇ║ debe testear staking/nft 4 

    Error: browserType.launch: Executable doesn't exist at C:\Users\conej\AppData\Local\ms-playwright\chromium_headless_shell-1200\chrome-headless-shell-win64\chrome-headless-shell.exe
    ÔòöÔòÉÔòÉÔòÉÔòÉÔòÉÔòÉÔòÉÔòÉÔòÉÔòÉÔòÉÔòÉÔòÉÔòÉÔòÉÔòÉÔòÉÔòÉÔòÉÔòÉÔòÉÔòÉÔòÉÔòÉÔòÉÔòÉÔòÉÔòÉÔòÉÔòÉÔòÉÔòÉÔòÉÔòÉÔòÉÔòÉÔòÉÔòÉÔòÉÔòÉÔòÉÔòÉÔòÉÔòÉÔòÉÔòÉÔòÉÔòÉÔòÉÔòÉÔòÉÔòÉÔòÉÔòÉÔòÉÔòÉÔòÉÔòÉÔòÉÔòÉÔòÉÔòÉÔòÉÔòÉÔòÉÔòÉÔòÉÔòÉÔòÉÔòÉÔòÉÔòÉÔòÉÔòù
    Ôòæ Looks like Playwright Test or Playwright was just installed or updated. Ôòæ
    Ôòæ Please run the following command to download new browsers:              Ôòæ
    Ôòæ                                                                         Ôòæ
    Ôòæ     npx playwright install                                              Ôòæ
    Ôòæ                                                                         Ôòæ
    Ôòæ <3 Playwright Team                                                      Ôòæ
    ÔòÜÔòÉÔòÉÔòÉÔòÉÔòÉÔòÉÔòÉÔòÉÔòÉÔòÉÔòÉÔòÉÔòÉÔòÉÔòÉÔòÉÔòÉÔòÉÔòÉÔòÉÔòÉÔòÉÔòÉÔòÉÔòÉÔòÉÔòÉÔòÉÔòÉÔòÉÔòÉÔòÉÔòÉÔòÉÔòÉÔòÉÔòÉÔòÉÔòÉÔòÉÔòÉÔòÉÔòÉÔòÉÔòÉÔòÉÔòÉÔòÉÔòÉÔòÉÔòÉÔòÉÔòÉÔòÉÔòÉÔòÉÔòÉÔòÉÔòÉÔòÉÔòÉÔòÉÔòÉÔòÉÔòÉÔòÉÔòÉÔòÉÔòÉÔòÉÔòÉÔòÉÔòÉÔòØ


[1A[2K[477/580] [chromium] ÔÇ║ src\tests\e2e\staking-nfts.spec.ts:13:5 ÔÇ║ Staking NFTs ÔÇ║ debe testear staking/nft 5
[1A[2K  477) [chromium] ÔÇ║ src\tests\e2e\staking-nfts.spec.ts:13:5 ÔÇ║ Staking NFTs ÔÇ║ debe testear staking/nft 5 

    Error: browserType.launch: Executable doesn't exist at C:\Users\conej\AppData\Local\ms-playwright\chromium_headless_shell-1200\chrome-headless-shell-win64\chrome-headless-shell.exe
    ÔòöÔòÉÔòÉÔòÉÔòÉÔòÉÔòÉÔòÉÔòÉÔòÉÔòÉÔòÉÔòÉÔòÉÔòÉÔòÉÔòÉÔòÉÔòÉÔòÉÔòÉÔòÉÔòÉÔòÉÔòÉÔòÉÔòÉÔòÉÔòÉÔòÉÔòÉÔòÉÔòÉÔòÉÔòÉÔòÉÔòÉÔòÉÔòÉÔòÉÔòÉÔòÉÔòÉÔòÉÔòÉÔòÉÔòÉÔòÉÔòÉÔòÉÔòÉÔòÉÔòÉÔòÉÔòÉÔòÉÔòÉÔòÉÔòÉÔòÉÔòÉÔòÉÔòÉÔòÉÔòÉÔòÉÔòÉÔòÉÔòÉÔòÉÔòÉÔòÉÔòÉÔòÉÔòù
    Ôòæ Looks like Playwright Test or Playwright was just installed or updated. Ôòæ
    Ôòæ Please run the following command to download new browsers:              Ôòæ
    Ôòæ                                                                         Ôòæ
    Ôòæ     npx playwright install                                              Ôòæ
    Ôòæ                                                                         Ôòæ
    Ôòæ <3 Playwright Team                                                      Ôòæ
    ÔòÜÔòÉÔòÉÔòÉÔòÉÔòÉÔòÉÔòÉÔòÉÔòÉÔòÉÔòÉÔòÉÔòÉÔòÉÔòÉÔòÉÔòÉÔòÉÔòÉÔòÉÔòÉÔòÉÔòÉÔòÉÔòÉÔòÉÔòÉÔòÉÔòÉÔòÉÔòÉÔòÉÔòÉÔòÉÔòÉÔòÉÔòÉÔòÉÔòÉÔòÉÔòÉÔòÉÔòÉÔòÉÔòÉÔòÉÔòÉÔòÉÔòÉÔòÉÔòÉÔòÉÔòÉÔòÉÔòÉÔòÉÔòÉÔòÉÔòÉÔòÉÔòÉÔòÉÔòÉÔòÉÔòÉÔòÉÔòÉÔòÉÔòÉÔòÉÔòÉÔòÉÔòÉÔòØ


[1A[2K[478/580] [chromium] ÔÇ║ src\tests\e2e\staking-nfts.spec.ts:13:5 ÔÇ║ Staking NFTs ÔÇ║ debe testear staking/nft 6
[1A[2K  478) [chromium] ÔÇ║ src\tests\e2e\staking-nfts.spec.ts:13:5 ÔÇ║ Staking NFTs ÔÇ║ debe testear staking/nft 6 

    Error: browserType.launch: Executable doesn't exist at C:\Users\conej\AppData\Local\ms-playwright\chromium_headless_shell-1200\chrome-headless-shell-win64\chrome-headless-shell.exe
    ÔòöÔòÉÔòÉÔòÉÔòÉÔòÉÔòÉÔòÉÔòÉÔòÉÔòÉÔòÉÔòÉÔòÉÔòÉÔòÉÔòÉÔòÉÔòÉÔòÉÔòÉÔòÉÔòÉÔòÉÔòÉÔòÉÔòÉÔòÉÔòÉÔòÉÔòÉÔòÉÔòÉÔòÉÔòÉÔòÉÔòÉÔòÉÔòÉÔòÉÔòÉÔòÉÔòÉÔòÉÔòÉÔòÉÔòÉÔòÉÔòÉÔòÉÔòÉÔòÉÔòÉÔòÉÔòÉÔòÉÔòÉÔòÉÔòÉÔòÉÔòÉÔòÉÔòÉÔòÉÔòÉÔòÉÔòÉÔòÉÔòÉÔòÉÔòÉÔòÉÔòÉÔòÉÔòù
    Ôòæ Looks like Playwright Test or Playwright was just installed or updated. Ôòæ
    Ôòæ Please run the following command to download new browsers:              Ôòæ
    Ôòæ                                                                         Ôòæ
    Ôòæ     npx playwright install                                              Ôòæ
    Ôòæ                                                                         Ôòæ
    Ôòæ <3 Playwright Team                                                      Ôòæ
    ÔòÜÔòÉÔòÉÔòÉÔòÉÔòÉÔòÉÔòÉÔòÉÔòÉÔòÉÔòÉÔòÉÔòÉÔòÉÔòÉÔòÉÔòÉÔòÉÔòÉÔòÉÔòÉÔòÉÔòÉÔòÉÔòÉÔòÉÔòÉÔòÉÔòÉÔòÉÔòÉÔòÉÔòÉÔòÉÔòÉÔòÉÔòÉÔòÉÔòÉÔòÉÔòÉÔòÉÔòÉÔòÉÔòÉÔòÉÔòÉÔòÉÔòÉÔòÉÔòÉÔòÉÔòÉÔòÉÔòÉÔòÉÔòÉÔòÉÔòÉÔòÉÔòÉÔòÉÔòÉÔòÉÔòÉÔòÉÔòÉÔòÉÔòÉÔòÉÔòÉÔòÉÔòÉÔòØ


[1A[2K[479/580] [chromium] ÔÇ║ src\tests\e2e\staking-nfts.spec.ts:13:5 ÔÇ║ Staking NFTs ÔÇ║ debe testear staking/nft 7
[1A[2K  479) [chromium] ÔÇ║ src\tests\e2e\staking-nfts.spec.ts:13:5 ÔÇ║ Staking NFTs ÔÇ║ debe testear staking/nft 7 

    Error: browserType.launch: Executable doesn't exist at C:\Users\conej\AppData\Local\ms-playwright\chromium_headless_shell-1200\chrome-headless-shell-win64\chrome-headless-shell.exe
    ÔòöÔòÉÔòÉÔòÉÔòÉÔòÉÔòÉÔòÉÔòÉÔòÉÔòÉÔòÉÔòÉÔòÉÔòÉÔòÉÔòÉÔòÉÔòÉÔòÉÔòÉÔòÉÔòÉÔòÉÔòÉÔòÉÔòÉÔòÉÔòÉÔòÉÔòÉÔòÉÔòÉÔòÉÔòÉÔòÉÔòÉÔòÉÔòÉÔòÉÔòÉÔòÉÔòÉÔòÉÔòÉÔòÉÔòÉÔòÉÔòÉÔòÉÔòÉÔòÉÔòÉÔòÉÔòÉÔòÉÔòÉÔòÉÔòÉÔòÉÔòÉÔòÉÔòÉÔòÉÔòÉÔòÉÔòÉÔòÉÔòÉÔòÉÔòÉÔòÉÔòÉÔòÉÔòù
    Ôòæ Looks like Playwright Test or Playwright was just installed or updated. Ôòæ
    Ôòæ Please run the following command to download new browsers:              Ôòæ
    Ôòæ                                                                         Ôòæ
    Ôòæ     npx playwright install                                              Ôòæ
    Ôòæ                                                                         Ôòæ
    Ôòæ <3 Playwright Team                                                      Ôòæ
    ÔòÜÔòÉÔòÉÔòÉÔòÉÔòÉÔòÉÔòÉÔòÉÔòÉÔòÉÔòÉÔòÉÔòÉÔòÉÔòÉÔòÉÔòÉÔòÉÔòÉÔòÉÔòÉÔòÉÔòÉÔòÉÔòÉÔòÉÔòÉÔòÉÔòÉÔòÉÔòÉÔòÉÔòÉÔòÉÔòÉÔòÉÔòÉÔòÉÔòÉÔòÉÔòÉÔòÉÔòÉÔòÉÔòÉÔòÉÔòÉÔòÉÔòÉÔòÉÔòÉÔòÉÔòÉÔòÉÔòÉÔòÉÔòÉÔòÉÔòÉÔòÉÔòÉÔòÉÔòÉÔòÉÔòÉÔòÉÔòÉÔòÉÔòÉÔòÉÔòÉÔòÉÔòÉÔòØ


[1A[2K[480/580] [chromium] ÔÇ║ src\tests\e2e\staking-nfts.spec.ts:13:5 ÔÇ║ Staking NFTs ÔÇ║ debe testear staking/nft 8
[1A[2K[481/580] [chromium] ÔÇ║ src\tests\e2e\staking-nfts.spec.ts:13:5 ÔÇ║ Staking NFTs ÔÇ║ debe testear staking/nft 9
[1A[2K[482/580] [chromium] ÔÇ║ src\tests\e2e\staking-nfts.spec.ts:13:5 ÔÇ║ Staking NFTs ÔÇ║ debe testear staking/nft 11
[1A[2K[483/580] [chromium] ÔÇ║ src\tests\e2e\staking-nfts.spec.ts:13:5 ÔÇ║ Staking NFTs ÔÇ║ debe testear staking/nft 10
[1A[2K  480) [chromium] ÔÇ║ src\tests\e2e\staking-nfts.spec.ts:13:5 ÔÇ║ Staking NFTs ÔÇ║ debe testear staking/nft 8 

    Error: browserType.launch: Executable doesn't exist at C:\Users\conej\AppData\Local\ms-playwright\chromium_headless_shell-1200\chrome-headless-shell-win64\chrome-headless-shell.exe
    ÔòöÔòÉÔòÉÔòÉÔòÉÔòÉÔòÉÔòÉÔòÉÔòÉÔòÉÔòÉÔòÉÔòÉÔòÉÔòÉÔòÉÔòÉÔòÉÔòÉÔòÉÔòÉÔòÉÔòÉÔòÉÔòÉÔòÉÔòÉÔòÉÔòÉÔòÉÔòÉÔòÉÔòÉÔòÉÔòÉÔòÉÔòÉÔòÉÔòÉÔòÉÔòÉÔòÉÔòÉÔòÉÔòÉÔòÉÔòÉÔòÉÔòÉÔòÉÔòÉÔòÉÔòÉÔòÉÔòÉÔòÉÔòÉÔòÉÔòÉÔòÉÔòÉÔòÉÔòÉÔòÉÔòÉÔòÉÔòÉÔòÉÔòÉÔòÉÔòÉÔòÉÔòÉÔòù
    Ôòæ Looks like Playwright Test or Playwright was just installed or updated. Ôòæ
    Ôòæ Please run the following command to download new browsers:              Ôòæ
    Ôòæ                                                                         Ôòæ
    Ôòæ     npx playwright install                                              Ôòæ
    Ôòæ                                                                         Ôòæ
    Ôòæ <3 Playwright Team                                                      Ôòæ
    ÔòÜÔòÉÔòÉÔòÉÔòÉÔòÉÔòÉÔòÉÔòÉÔòÉÔòÉÔòÉÔòÉÔòÉÔòÉÔòÉÔòÉÔòÉÔòÉÔòÉÔòÉÔòÉÔòÉÔòÉÔòÉÔòÉÔòÉÔòÉÔòÉÔòÉÔòÉÔòÉÔòÉÔòÉÔòÉÔòÉÔòÉÔòÉÔòÉÔòÉÔòÉÔòÉÔòÉÔòÉÔòÉÔòÉÔòÉÔòÉÔòÉÔòÉÔòÉÔòÉÔòÉÔòÉÔòÉÔòÉÔòÉÔòÉÔòÉÔòÉÔòÉÔòÉÔòÉÔòÉÔòÉÔòÉÔòÉÔòÉÔòÉÔòÉÔòÉÔòÉÔòÉÔòÉÔòØ


[1A[2K  481) [chromium] ÔÇ║ src\tests\e2e\staking-nfts.spec.ts:13:5 ÔÇ║ Staking NFTs ÔÇ║ debe testear staking/nft 9 

    Error: browserType.launch: Executable doesn't exist at C:\Users\conej\AppData\Local\ms-playwright\chromium_headless_shell-1200\chrome-headless-shell-win64\chrome-headless-shell.exe
    ÔòöÔòÉÔòÉÔòÉÔòÉÔòÉÔòÉÔòÉÔòÉÔòÉÔòÉÔòÉÔòÉÔòÉÔòÉÔòÉÔòÉÔòÉÔòÉÔòÉÔòÉÔòÉÔòÉÔòÉÔòÉÔòÉÔòÉÔòÉÔòÉÔòÉÔòÉÔòÉÔòÉÔòÉÔòÉÔòÉÔòÉÔòÉÔòÉÔòÉÔòÉÔòÉÔòÉÔòÉÔòÉÔòÉÔòÉÔòÉÔòÉÔòÉÔòÉÔòÉÔòÉÔòÉÔòÉÔòÉÔòÉÔòÉÔòÉÔòÉÔòÉÔòÉÔòÉÔòÉÔòÉÔòÉÔòÉÔòÉÔòÉÔòÉÔòÉÔòÉÔòÉÔòÉÔòù
    Ôòæ Looks like Playwright Test or Playwright was just installed or updated. Ôòæ
    Ôòæ Please run the following command to download new browsers:              Ôòæ
    Ôòæ                                                                         Ôòæ
    Ôòæ     npx playwright install                                              Ôòæ
    Ôòæ                                                                         Ôòæ
    Ôòæ <3 Playwright Team                                                      Ôòæ
    ÔòÜÔòÉÔòÉÔòÉÔòÉÔòÉÔòÉÔòÉÔòÉÔòÉÔòÉÔòÉÔòÉÔòÉÔòÉÔòÉÔòÉÔòÉÔòÉÔòÉÔòÉÔòÉÔòÉÔòÉÔòÉÔòÉÔòÉÔòÉÔòÉÔòÉÔòÉÔòÉÔòÉÔòÉÔòÉÔòÉÔòÉÔòÉÔòÉÔòÉÔòÉÔòÉÔòÉÔòÉÔòÉÔòÉÔòÉÔòÉÔòÉÔòÉÔòÉÔòÉÔòÉÔòÉÔòÉÔòÉÔòÉÔòÉÔòÉÔòÉÔòÉÔòÉÔòÉÔòÉÔòÉÔòÉÔòÉÔòÉÔòÉÔòÉÔòÉÔòÉÔòÉÔòÉÔòØ


[1A[2K  482) [chromium] ÔÇ║ src\tests\e2e\staking-nfts.spec.ts:13:5 ÔÇ║ Staking NFTs ÔÇ║ debe testear staking/nft 11 

    Error: browserType.launch: Executable doesn't exist at C:\Users\conej\AppData\Local\ms-playwright\chromium_headless_shell-1200\chrome-headless-shell-win64\chrome-headless-shell.exe
    ÔòöÔòÉÔòÉÔòÉÔòÉÔòÉÔòÉÔòÉÔòÉÔòÉÔòÉÔòÉÔòÉÔòÉÔòÉÔòÉÔòÉÔòÉÔòÉÔòÉÔòÉÔòÉÔòÉÔòÉÔòÉÔòÉÔòÉÔòÉÔòÉÔòÉÔòÉÔòÉÔòÉÔòÉÔòÉÔòÉÔòÉÔòÉÔòÉÔòÉÔòÉÔòÉÔòÉÔòÉÔòÉÔòÉÔòÉÔòÉÔòÉÔòÉÔòÉÔòÉÔòÉÔòÉÔòÉÔòÉÔòÉÔòÉÔòÉÔòÉÔòÉÔòÉÔòÉÔòÉÔòÉÔòÉÔòÉÔòÉÔòÉÔòÉÔòÉÔòÉÔòÉÔòÉÔòù
    Ôòæ Looks like Playwright Test or Playwright was just installed or updated. Ôòæ
    Ôòæ Please run the following command to download new browsers:              Ôòæ
    Ôòæ                                                                         Ôòæ
    Ôòæ     npx playwright install                                              Ôòæ
    Ôòæ                                                                         Ôòæ
    Ôòæ <3 Playwright Team                                                      Ôòæ
    ÔòÜÔòÉÔòÉÔòÉÔòÉÔòÉÔòÉÔòÉÔòÉÔòÉÔòÉÔòÉÔòÉÔòÉÔòÉÔòÉÔòÉÔòÉÔòÉÔòÉÔòÉÔòÉÔòÉÔòÉÔòÉÔòÉÔòÉÔòÉÔòÉÔòÉÔòÉÔòÉÔòÉÔòÉÔòÉÔòÉÔòÉÔòÉÔòÉÔòÉÔòÉÔòÉÔòÉÔòÉÔòÉÔòÉÔòÉÔòÉÔòÉÔòÉÔòÉÔòÉÔòÉÔòÉÔòÉÔòÉÔòÉÔòÉÔòÉÔòÉÔòÉÔòÉÔòÉÔòÉÔòÉÔòÉÔòÉÔòÉÔòÉÔòÉÔòÉÔòÉÔòÉÔòÉÔòØ


[1A[2K  483) [chromium] ÔÇ║ src\tests\e2e\staking-nfts.spec.ts:13:5 ÔÇ║ Staking NFTs ÔÇ║ debe testear staking/nft 10 

    Error: browserType.launch: Executable doesn't exist at C:\Users\conej\AppData\Local\ms-playwright\chromium_headless_shell-1200\chrome-headless-shell-win64\chrome-headless-shell.exe
    ÔòöÔòÉÔòÉÔòÉÔòÉÔòÉÔòÉÔòÉÔòÉÔòÉÔòÉÔòÉÔòÉÔòÉÔòÉÔòÉÔòÉÔòÉÔòÉÔòÉÔòÉÔòÉÔòÉÔòÉÔòÉÔòÉÔòÉÔòÉÔòÉÔòÉÔòÉÔòÉÔòÉÔòÉÔòÉÔòÉÔòÉÔòÉÔòÉÔòÉÔòÉÔòÉÔòÉÔòÉÔòÉÔòÉÔòÉÔòÉÔòÉÔòÉÔòÉÔòÉÔòÉÔòÉÔòÉÔòÉÔòÉÔòÉÔòÉÔòÉÔòÉÔòÉÔòÉÔòÉÔòÉÔòÉÔòÉÔòÉÔòÉÔòÉÔòÉÔòÉÔòÉÔòÉÔòù
    Ôòæ Looks like Playwright Test or Playwright was just installed or updated. Ôòæ
    Ôòæ Please run the following command to download new browsers:              Ôòæ
    Ôòæ                                                                         Ôòæ
    Ôòæ     npx playwright install                                              Ôòæ
    Ôòæ                                                                         Ôòæ
    Ôòæ <3 Playwright Team                                                      Ôòæ
    ÔòÜÔòÉÔòÉÔòÉÔòÉÔòÉÔòÉÔòÉÔòÉÔòÉÔòÉÔòÉÔòÉÔòÉÔòÉÔòÉÔòÉÔòÉÔòÉÔòÉÔòÉÔòÉÔòÉÔòÉÔòÉÔòÉÔòÉÔòÉÔòÉÔòÉÔòÉÔòÉÔòÉÔòÉÔòÉÔòÉÔòÉÔòÉÔòÉÔòÉÔòÉÔòÉÔòÉÔòÉÔòÉÔòÉÔòÉÔòÉÔòÉÔòÉÔòÉÔòÉÔòÉÔòÉÔòÉÔòÉÔòÉÔòÉÔòÉÔòÉÔòÉÔòÉÔòÉÔòÉÔòÉÔòÉÔòÉÔòÉÔòÉÔòÉÔòÉÔòÉÔòÉÔòÉÔòØ


[1A[2K[484/580] [chromium] ÔÇ║ src\tests\e2e\staking-nfts.spec.ts:13:5 ÔÇ║ Staking NFTs ÔÇ║ debe testear staking/nft 12
[1A[2K  484) [chromium] ÔÇ║ src\tests\e2e\staking-nfts.spec.ts:13:5 ÔÇ║ Staking NFTs ÔÇ║ debe testear staking/nft 12 

    Error: browserType.launch: Executable doesn't exist at C:\Users\conej\AppData\Local\ms-playwright\chromium_headless_shell-1200\chrome-headless-shell-win64\chrome-headless-shell.exe
    ÔòöÔòÉÔòÉÔòÉÔòÉÔòÉÔòÉÔòÉÔòÉÔòÉÔòÉÔòÉÔòÉÔòÉÔòÉÔòÉÔòÉÔòÉÔòÉÔòÉÔòÉÔòÉÔòÉÔòÉÔòÉÔòÉÔòÉÔòÉÔòÉÔòÉÔòÉÔòÉÔòÉÔòÉÔòÉÔòÉÔòÉÔòÉÔòÉÔòÉÔòÉÔòÉÔòÉÔòÉÔòÉÔòÉÔòÉÔòÉÔòÉÔòÉÔòÉÔòÉÔòÉÔòÉÔòÉÔòÉÔòÉÔòÉÔòÉÔòÉÔòÉÔòÉÔòÉÔòÉÔòÉÔòÉÔòÉÔòÉÔòÉÔòÉÔòÉÔòÉÔòÉÔòÉÔòù
    Ôòæ Looks like Playwright Test or Playwright was just installed or updated. Ôòæ
    Ôòæ Please run the following command to download new browsers:              Ôòæ
    Ôòæ                                                                         Ôòæ
    Ôòæ     npx playwright install                                              Ôòæ
    Ôòæ                                                                         Ôòæ
    Ôòæ <3 Playwright Team                                                      Ôòæ
    ÔòÜÔòÉÔòÉÔòÉÔòÉÔòÉÔòÉÔòÉÔòÉÔòÉÔòÉÔòÉÔòÉÔòÉÔòÉÔòÉÔòÉÔòÉÔòÉÔòÉÔòÉÔòÉÔòÉÔòÉÔòÉÔòÉÔòÉÔòÉÔòÉÔòÉÔòÉÔòÉÔòÉÔòÉÔòÉÔòÉÔòÉÔòÉÔòÉÔòÉÔòÉÔòÉÔòÉÔòÉÔòÉÔòÉÔòÉÔòÉÔòÉÔòÉÔòÉÔòÉÔòÉÔòÉÔòÉÔòÉÔòÉÔòÉÔòÉÔòÉÔòÉÔòÉÔòÉÔòÉÔòÉÔòÉÔòÉÔòÉÔòÉÔòÉÔòÉÔòÉÔòÉÔòÉÔòØ


[1A[2K[485/580] [chromium] ÔÇ║ src\tests\e2e\staking-nfts.spec.ts:13:5 ÔÇ║ Staking NFTs ÔÇ║ debe testear staking/nft 13
[1A[2K  485) [chromium] ÔÇ║ src\tests\e2e\staking-nfts.spec.ts:13:5 ÔÇ║ Staking NFTs ÔÇ║ debe testear staking/nft 13 

    Error: browserType.launch: Executable doesn't exist at C:\Users\conej\AppData\Local\ms-playwright\chromium_headless_shell-1200\chrome-headless-shell-win64\chrome-headless-shell.exe
    ÔòöÔòÉÔòÉÔòÉÔòÉÔòÉÔòÉÔòÉÔòÉÔòÉÔòÉÔòÉÔòÉÔòÉÔòÉÔòÉÔòÉÔòÉÔòÉÔòÉÔòÉÔòÉÔòÉÔòÉÔòÉÔòÉÔòÉÔòÉÔòÉÔòÉÔòÉÔòÉÔòÉÔòÉÔòÉÔòÉÔòÉÔòÉÔòÉÔòÉÔòÉÔòÉÔòÉÔòÉÔòÉÔòÉÔòÉÔòÉÔòÉÔòÉÔòÉÔòÉÔòÉÔòÉÔòÉÔòÉÔòÉÔòÉÔòÉÔòÉÔòÉÔòÉÔòÉÔòÉÔòÉÔòÉÔòÉÔòÉÔòÉÔòÉÔòÉÔòÉÔòÉÔòÉÔòù
    Ôòæ Looks like Playwright Test or Playwright was just installed or updated. Ôòæ
    Ôòæ Please run the following command to download new browsers:              Ôòæ
    Ôòæ                                                                         Ôòæ
    Ôòæ     npx playwright install                                              Ôòæ
    Ôòæ                                                                         Ôòæ
    Ôòæ <3 Playwright Team                                                      Ôòæ
    ÔòÜÔòÉÔòÉÔòÉÔòÉÔòÉÔòÉÔòÉÔòÉÔòÉÔòÉÔòÉÔòÉÔòÉÔòÉÔòÉÔòÉÔòÉÔòÉÔòÉÔòÉÔòÉÔòÉÔòÉÔòÉÔòÉÔòÉÔòÉÔòÉÔòÉÔòÉÔòÉÔòÉÔòÉÔòÉÔòÉÔòÉÔòÉÔòÉÔòÉÔòÉÔòÉÔòÉÔòÉÔòÉÔòÉÔòÉÔòÉÔòÉÔòÉÔòÉÔòÉÔòÉÔòÉÔòÉÔòÉÔòÉÔòÉÔòÉÔòÉÔòÉÔòÉÔòÉÔòÉÔòÉÔòÉÔòÉÔòÉÔòÉÔòÉÔòÉÔòÉÔòÉÔòÉÔòØ


[1A[2K[486/580] [chromium] ÔÇ║ src\tests\e2e\staking-nfts.spec.ts:13:5 ÔÇ║ Staking NFTs ÔÇ║ debe testear staking/nft 14
[1A[2K  486) [chromium] ÔÇ║ src\tests\e2e\staking-nfts.spec.ts:13:5 ÔÇ║ Staking NFTs ÔÇ║ debe testear staking/nft 14 

    Error: browserType.launch: Executable doesn't exist at C:\Users\conej\AppData\Local\ms-playwright\chromium_headless_shell-1200\chrome-headless-shell-win64\chrome-headless-shell.exe
    ÔòöÔòÉÔòÉÔòÉÔòÉÔòÉÔòÉÔòÉÔòÉÔòÉÔòÉÔòÉÔòÉÔòÉÔòÉÔòÉÔòÉÔòÉÔòÉÔòÉÔòÉÔòÉÔòÉÔòÉÔòÉÔòÉÔòÉÔòÉÔòÉÔòÉÔòÉÔòÉÔòÉÔòÉÔòÉÔòÉÔòÉÔòÉÔòÉÔòÉÔòÉÔòÉÔòÉÔòÉÔòÉÔòÉÔòÉÔòÉÔòÉÔòÉÔòÉÔòÉÔòÉÔòÉÔòÉÔòÉÔòÉÔòÉÔòÉÔòÉÔòÉÔòÉÔòÉÔòÉÔòÉÔòÉÔòÉÔòÉÔòÉÔòÉÔòÉÔòÉÔòÉÔòÉÔòù
    Ôòæ Looks like Playwright Test or Playwright was just installed or updated. Ôòæ
    Ôòæ Please run the following command to download new browsers:              Ôòæ
    Ôòæ                                                                         Ôòæ
    Ôòæ     npx playwright install                                              Ôòæ
    Ôòæ                                                                         Ôòæ
    Ôòæ <3 Playwright Team                                                      Ôòæ
    ÔòÜÔòÉÔòÉÔòÉÔòÉÔòÉÔòÉÔòÉÔòÉÔòÉÔòÉÔòÉÔòÉÔòÉÔòÉÔòÉÔòÉÔòÉÔòÉÔòÉÔòÉÔòÉÔòÉÔòÉÔòÉÔòÉÔòÉÔòÉÔòÉÔòÉÔòÉÔòÉÔòÉÔòÉÔòÉÔòÉÔòÉÔòÉÔòÉÔòÉÔòÉÔòÉÔòÉÔòÉÔòÉÔòÉÔòÉÔòÉÔòÉÔòÉÔòÉÔòÉÔòÉÔòÉÔòÉÔòÉÔòÉÔòÉÔòÉÔòÉÔòÉÔòÉÔòÉÔòÉÔòÉÔòÉÔòÉÔòÉÔòÉÔòÉÔòÉÔòÉÔòÉÔòÉÔòØ


[1A[2K[487/580] [chromium] ÔÇ║ src\tests\e2e\staking-nfts.spec.ts:13:5 ÔÇ║ Staking NFTs ÔÇ║ debe testear staking/nft 15
[1A[2K  487) [chromium] ÔÇ║ src\tests\e2e\staking-nfts.spec.ts:13:5 ÔÇ║ Staking NFTs ÔÇ║ debe testear staking/nft 15 

    Error: browserType.launch: Executable doesn't exist at C:\Users\conej\AppData\Local\ms-playwright\chromium_headless_shell-1200\chrome-headless-shell-win64\chrome-headless-shell.exe
    ÔòöÔòÉÔòÉÔòÉÔòÉÔòÉÔòÉÔòÉÔòÉÔòÉÔòÉÔòÉÔòÉÔòÉÔòÉÔòÉÔòÉÔòÉÔòÉÔòÉÔòÉÔòÉÔòÉÔòÉÔòÉÔòÉÔòÉÔòÉÔòÉÔòÉÔòÉÔòÉÔòÉÔòÉÔòÉÔòÉÔòÉÔòÉÔòÉÔòÉÔòÉÔòÉÔòÉÔòÉÔòÉÔòÉÔòÉÔòÉÔòÉÔòÉÔòÉÔòÉÔòÉÔòÉÔòÉÔòÉÔòÉÔòÉÔòÉÔòÉÔòÉÔòÉÔòÉÔòÉÔòÉÔòÉÔòÉÔòÉÔòÉÔòÉÔòÉÔòÉÔòÉÔòÉÔòù
    Ôòæ Looks like Playwright Test or Playwright was just installed or updated. Ôòæ
    Ôòæ Please run the following command to download new browsers:              Ôòæ
    Ôòæ                                                                         Ôòæ
    Ôòæ     npx playwright install                                              Ôòæ
    Ôòæ                                                                         Ôòæ
    Ôòæ <3 Playwright Team                                                      Ôòæ
    ÔòÜÔòÉÔòÉÔòÉÔòÉÔòÉÔòÉÔòÉÔòÉÔòÉÔòÉÔòÉÔòÉÔòÉÔòÉÔòÉÔòÉÔòÉÔòÉÔòÉÔòÉÔòÉÔòÉÔòÉÔòÉÔòÉÔòÉÔòÉÔòÉÔòÉÔòÉÔòÉÔòÉÔòÉÔòÉÔòÉÔòÉÔòÉÔòÉÔòÉÔòÉÔòÉÔòÉÔòÉÔòÉÔòÉÔòÉÔòÉÔòÉÔòÉÔòÉÔòÉÔòÉÔòÉÔòÉÔòÉÔòÉÔòÉÔòÉÔòÉÔòÉÔòÉÔòÉÔòÉÔòÉÔòÉÔòÉÔòÉÔòÉÔòÉÔòÉÔòÉÔòÉÔòÉÔòØ


[1A[2K[488/580] [chromium] ÔÇ║ src\tests\e2e\staking-nfts.spec.ts:13:5 ÔÇ║ Staking NFTs ÔÇ║ debe testear staking/nft 16
[1A[2K[489/580] [chromium] ÔÇ║ src\tests\e2e\staking-nfts.spec.ts:13:5 ÔÇ║ Staking NFTs ÔÇ║ debe testear staking/nft 17
[1A[2K[490/580] [chromium] ÔÇ║ src\tests\e2e\staking-nfts.spec.ts:13:5 ÔÇ║ Staking NFTs ÔÇ║ debe testear staking/nft 18
[1A[2K[491/580] [chromium] ÔÇ║ src\tests\e2e\staking-nfts.spec.ts:13:5 ÔÇ║ Staking NFTs ÔÇ║ debe testear staking/nft 19
[1A[2K  488) [chromium] ÔÇ║ src\tests\e2e\staking-nfts.spec.ts:13:5 ÔÇ║ Staking NFTs ÔÇ║ debe testear staking/nft 16 

    Error: browserType.launch: Executable doesn't exist at C:\Users\conej\AppData\Local\ms-playwright\chromium_headless_shell-1200\chrome-headless-shell-win64\chrome-headless-shell.exe
    ÔòöÔòÉÔòÉÔòÉÔòÉÔòÉÔòÉÔòÉÔòÉÔòÉÔòÉÔòÉÔòÉÔòÉÔòÉÔòÉÔòÉÔòÉÔòÉÔòÉÔòÉÔòÉÔòÉÔòÉÔòÉÔòÉÔòÉÔòÉÔòÉÔòÉÔòÉÔòÉÔòÉÔòÉÔòÉÔòÉÔòÉÔòÉÔòÉÔòÉÔòÉÔòÉÔòÉÔòÉÔòÉÔòÉÔòÉÔòÉÔòÉÔòÉÔòÉÔòÉÔòÉÔòÉÔòÉÔòÉÔòÉÔòÉÔòÉÔòÉÔòÉÔòÉÔòÉÔòÉÔòÉÔòÉÔòÉÔòÉÔòÉÔòÉÔòÉÔòÉÔòÉÔòÉÔòù
    Ôòæ Looks like Playwright Test or Playwright was just installed or updated. Ôòæ
    Ôòæ Please run the following command to download new browsers:              Ôòæ
    Ôòæ                                                                         Ôòæ
    Ôòæ     npx playwright install                                              Ôòæ
    Ôòæ                                                                         Ôòæ
    Ôòæ <3 Playwright Team                                                      Ôòæ
    ÔòÜÔòÉÔòÉÔòÉÔòÉÔòÉÔòÉÔòÉÔòÉÔòÉÔòÉÔòÉÔòÉÔòÉÔòÉÔòÉÔòÉÔòÉÔòÉÔòÉÔòÉÔòÉÔòÉÔòÉÔòÉÔòÉÔòÉÔòÉÔòÉÔòÉÔòÉÔòÉÔòÉÔòÉÔòÉÔòÉÔòÉÔòÉÔòÉÔòÉÔòÉÔòÉÔòÉÔòÉÔòÉÔòÉÔòÉÔòÉÔòÉÔòÉÔòÉÔòÉÔòÉÔòÉÔòÉÔòÉÔòÉÔòÉÔòÉÔòÉÔòÉÔòÉÔòÉÔòÉÔòÉÔòÉÔòÉÔòÉÔòÉÔòÉÔòÉÔòÉÔòÉÔòÉÔòØ


[1A[2K  489) [chromium] ÔÇ║ src\tests\e2e\staking-nfts.spec.ts:13:5 ÔÇ║ Staking NFTs ÔÇ║ debe testear staking/nft 17 

    Error: browserType.launch: Executable doesn't exist at C:\Users\conej\AppData\Local\ms-playwright\chromium_headless_shell-1200\chrome-headless-shell-win64\chrome-headless-shell.exe
    ÔòöÔòÉÔòÉÔòÉÔòÉÔòÉÔòÉÔòÉÔòÉÔòÉÔòÉÔòÉÔòÉÔòÉÔòÉÔòÉÔòÉÔòÉÔòÉÔòÉÔòÉÔòÉÔòÉÔòÉÔòÉÔòÉÔòÉÔòÉÔòÉÔòÉÔòÉÔòÉÔòÉÔòÉÔòÉÔòÉÔòÉÔòÉÔòÉÔòÉÔòÉÔòÉÔòÉÔòÉÔòÉÔòÉÔòÉÔòÉÔòÉÔòÉÔòÉÔòÉÔòÉÔòÉÔòÉÔòÉÔòÉÔòÉÔòÉÔòÉÔòÉÔòÉÔòÉÔòÉÔòÉÔòÉÔòÉÔòÉÔòÉÔòÉÔòÉÔòÉÔòÉÔòÉÔòù
    Ôòæ Looks like Playwright Test or Playwright was just installed or updated. Ôòæ
    Ôòæ Please run the following command to download new browsers:              Ôòæ
    Ôòæ                                                                         Ôòæ
    Ôòæ     npx playwright install                                              Ôòæ
    Ôòæ                                                                         Ôòæ
    Ôòæ <3 Playwright Team                                                      Ôòæ
    ÔòÜÔòÉÔòÉÔòÉÔòÉÔòÉÔòÉÔòÉÔòÉÔòÉÔòÉÔòÉÔòÉÔòÉÔòÉÔòÉÔòÉÔòÉÔòÉÔòÉÔòÉÔòÉÔòÉÔòÉÔòÉÔòÉÔòÉÔòÉÔòÉÔòÉÔòÉÔòÉÔòÉÔòÉÔòÉÔòÉÔòÉÔòÉÔòÉÔòÉÔòÉÔòÉÔòÉÔòÉÔòÉÔòÉÔòÉÔòÉÔòÉÔòÉÔòÉÔòÉÔòÉÔòÉÔòÉÔòÉÔòÉÔòÉÔòÉÔòÉÔòÉÔòÉÔòÉÔòÉÔòÉÔòÉÔòÉÔòÉÔòÉÔòÉÔòÉÔòÉÔòÉÔòÉÔòØ


[1A[2K  490) [chromium] ÔÇ║ src\tests\e2e\staking-nfts.spec.ts:13:5 ÔÇ║ Staking NFTs ÔÇ║ debe testear staking/nft 19 

    Error: browserType.launch: Executable doesn't exist at C:\Users\conej\AppData\Local\ms-playwright\chromium_headless_shell-1200\chrome-headless-shell-win64\chrome-headless-shell.exe
    ÔòöÔòÉÔòÉÔòÉÔòÉÔòÉÔòÉÔòÉÔòÉÔòÉÔòÉÔòÉÔòÉÔòÉÔòÉÔòÉÔòÉÔòÉÔòÉÔòÉÔòÉÔòÉÔòÉÔòÉÔòÉÔòÉÔòÉÔòÉÔòÉÔòÉÔòÉÔòÉÔòÉÔòÉÔòÉÔòÉÔòÉÔòÉÔòÉÔòÉÔòÉÔòÉÔòÉÔòÉÔòÉÔòÉÔòÉÔòÉÔòÉÔòÉÔòÉÔòÉÔòÉÔòÉÔòÉÔòÉÔòÉÔòÉÔòÉÔòÉÔòÉÔòÉÔòÉÔòÉÔòÉÔòÉÔòÉÔòÉÔòÉÔòÉÔòÉÔòÉÔòÉÔòÉÔòù
    Ôòæ Looks like Playwright Test or Playwright was just installed or updated. Ôòæ
    Ôòæ Please run the following command to download new browsers:              Ôòæ
    Ôòæ                                                                         Ôòæ
    Ôòæ     npx playwright install                                              Ôòæ
    Ôòæ                                                                         Ôòæ
    Ôòæ <3 Playwright Team                                                      Ôòæ
    ÔòÜÔòÉÔòÉÔòÉÔòÉÔòÉÔòÉÔòÉÔòÉÔòÉÔòÉÔòÉÔòÉÔòÉÔòÉÔòÉÔòÉÔòÉÔòÉÔòÉÔòÉÔòÉÔòÉÔòÉÔòÉÔòÉÔòÉÔòÉÔòÉÔòÉÔòÉÔòÉÔòÉÔòÉÔòÉÔòÉÔòÉÔòÉÔòÉÔòÉÔòÉÔòÉÔòÉÔòÉÔòÉÔòÉÔòÉÔòÉÔòÉÔòÉÔòÉÔòÉÔòÉÔòÉÔòÉÔòÉÔòÉÔòÉÔòÉÔòÉÔòÉÔòÉÔòÉÔòÉÔòÉÔòÉÔòÉÔòÉÔòÉÔòÉÔòÉÔòÉÔòÉÔòÉÔòØ


[1A[2K  491) [chromium] ÔÇ║ src\tests\e2e\staking-nfts.spec.ts:13:5 ÔÇ║ Staking NFTs ÔÇ║ debe testear staking/nft 18 

    Error: browserType.launch: Executable doesn't exist at C:\Users\conej\AppData\Local\ms-playwright\chromium_headless_shell-1200\chrome-headless-shell-win64\chrome-headless-shell.exe
    ÔòöÔòÉÔòÉÔòÉÔòÉÔòÉÔòÉÔòÉÔòÉÔòÉÔòÉÔòÉÔòÉÔòÉÔòÉÔòÉÔòÉÔòÉÔòÉÔòÉÔòÉÔòÉÔòÉÔòÉÔòÉÔòÉÔòÉÔòÉÔòÉÔòÉÔòÉÔòÉÔòÉÔòÉÔòÉÔòÉÔòÉÔòÉÔòÉÔòÉÔòÉÔòÉÔòÉÔòÉÔòÉÔòÉÔòÉÔòÉÔòÉÔòÉÔòÉÔòÉÔòÉÔòÉÔòÉÔòÉÔòÉÔòÉÔòÉÔòÉÔòÉÔòÉÔòÉÔòÉÔòÉÔòÉÔòÉÔòÉÔòÉÔòÉÔòÉÔòÉÔòÉÔòÉÔòù
    Ôòæ Looks like Playwright Test or Playwright was just installed or updated. Ôòæ
    Ôòæ Please run the following command to download new browsers:              Ôòæ
    Ôòæ                                                                         Ôòæ
    Ôòæ     npx playwright install                                              Ôòæ
    Ôòæ                                                                         Ôòæ
    Ôòæ <3 Playwright Team                                                      Ôòæ
    ÔòÜÔòÉÔòÉÔòÉÔòÉÔòÉÔòÉÔòÉÔòÉÔòÉÔòÉÔòÉÔòÉÔòÉÔòÉÔòÉÔòÉÔòÉÔòÉÔòÉÔòÉÔòÉÔòÉÔòÉÔòÉÔòÉÔòÉÔòÉÔòÉÔòÉÔòÉÔòÉÔòÉÔòÉÔòÉÔòÉÔòÉÔòÉÔòÉÔòÉÔòÉÔòÉÔòÉÔòÉÔòÉÔòÉÔòÉÔòÉÔòÉÔòÉÔòÉÔòÉÔòÉÔòÉÔòÉÔòÉÔòÉÔòÉÔòÉÔòÉÔòÉÔòÉÔòÉÔòÉÔòÉÔòÉÔòÉÔòÉÔòÉÔòÉÔòÉÔòÉÔòÉÔòÉÔòØ


[1A[2K[492/580] [chromium] ÔÇ║ src\tests\e2e\staking-nfts.spec.ts:13:5 ÔÇ║ Staking NFTs ÔÇ║ debe testear staking/nft 20
[1A[2K  492) [chromium] ÔÇ║ src\tests\e2e\staking-nfts.spec.ts:13:5 ÔÇ║ Staking NFTs ÔÇ║ debe testear staking/nft 20 

    Error: browserType.launch: Executable doesn't exist at C:\Users\conej\AppData\Local\ms-playwright\chromium_headless_shell-1200\chrome-headless-shell-win64\chrome-headless-shell.exe
    ÔòöÔòÉÔòÉÔòÉÔòÉÔòÉÔòÉÔòÉÔòÉÔòÉÔòÉÔòÉÔòÉÔòÉÔòÉÔòÉÔòÉÔòÉÔòÉÔòÉÔòÉÔòÉÔòÉÔòÉÔòÉÔòÉÔòÉÔòÉÔòÉÔòÉÔòÉÔòÉÔòÉÔòÉÔòÉÔòÉÔòÉÔòÉÔòÉÔòÉÔòÉÔòÉÔòÉÔòÉÔòÉÔòÉÔòÉÔòÉÔòÉÔòÉÔòÉÔòÉÔòÉÔòÉÔòÉÔòÉÔòÉÔòÉÔòÉÔòÉÔòÉÔòÉÔòÉÔòÉÔòÉÔòÉÔòÉÔòÉÔòÉÔòÉÔòÉÔòÉÔòÉÔòÉÔòù
    Ôòæ Looks like Playwright Test or Playwright was just installed or updated. Ôòæ
    Ôòæ Please run the following command to download new browsers:              Ôòæ
    Ôòæ                                                                         Ôòæ
    Ôòæ     npx playwright install                                              Ôòæ
    Ôòæ                                                                         Ôòæ
    Ôòæ <3 Playwright Team                                                      Ôòæ
    ÔòÜÔòÉÔòÉÔòÉÔòÉÔòÉÔòÉÔòÉÔòÉÔòÉÔòÉÔòÉÔòÉÔòÉÔòÉÔòÉÔòÉÔòÉÔòÉÔòÉÔòÉÔòÉÔòÉÔòÉÔòÉÔòÉÔòÉÔòÉÔòÉÔòÉÔòÉÔòÉÔòÉÔòÉÔòÉÔòÉÔòÉÔòÉÔòÉÔòÉÔòÉÔòÉÔòÉÔòÉÔòÉÔòÉÔòÉÔòÉÔòÉÔòÉÔòÉÔòÉÔòÉÔòÉÔòÉÔòÉÔòÉÔòÉÔòÉÔòÉÔòÉÔòÉÔòÉÔòÉÔòÉÔòÉÔòÉÔòÉÔòÉÔòÉÔòÉÔòÉÔòÉÔòÉÔòØ


[1A[2K[493/580] [chromium] ÔÇ║ src\tests\e2e\staking-nfts.spec.ts:13:5 ÔÇ║ Staking NFTs ÔÇ║ debe testear staking/nft 21
[1A[2K  493) [chromium] ÔÇ║ src\tests\e2e\staking-nfts.spec.ts:13:5 ÔÇ║ Staking NFTs ÔÇ║ debe testear staking/nft 21 

    Error: browserType.launch: Executable doesn't exist at C:\Users\conej\AppData\Local\ms-playwright\chromium_headless_shell-1200\chrome-headless-shell-win64\chrome-headless-shell.exe
    ÔòöÔòÉÔòÉÔòÉÔòÉÔòÉÔòÉÔòÉÔòÉÔòÉÔòÉÔòÉÔòÉÔòÉÔòÉÔòÉÔòÉÔòÉÔòÉÔòÉÔòÉÔòÉÔòÉÔòÉÔòÉÔòÉÔòÉÔòÉÔòÉÔòÉÔòÉÔòÉÔòÉÔòÉÔòÉÔòÉÔòÉÔòÉÔòÉÔòÉÔòÉÔòÉÔòÉÔòÉÔòÉÔòÉÔòÉÔòÉÔòÉÔòÉÔòÉÔòÉÔòÉÔòÉÔòÉÔòÉÔòÉÔòÉÔòÉÔòÉÔòÉÔòÉÔòÉÔòÉÔòÉÔòÉÔòÉÔòÉÔòÉÔòÉÔòÉÔòÉÔòÉÔòÉÔòù
    Ôòæ Looks like Playwright Test or Playwright was just installed or updated. Ôòæ
    Ôòæ Please run the following command to download new browsers:              Ôòæ
    Ôòæ                                                                         Ôòæ
    Ôòæ     npx playwright install                                              Ôòæ
    Ôòæ                                                                         Ôòæ
    Ôòæ <3 Playwright Team                                                      Ôòæ
    ÔòÜÔòÉÔòÉÔòÉÔòÉÔòÉÔòÉÔòÉÔòÉÔòÉÔòÉÔòÉÔòÉÔòÉÔòÉÔòÉÔòÉÔòÉÔòÉÔòÉÔòÉÔòÉÔòÉÔòÉÔòÉÔòÉÔòÉÔòÉÔòÉÔòÉÔòÉÔòÉÔòÉÔòÉÔòÉÔòÉÔòÉÔòÉÔòÉÔòÉÔòÉÔòÉÔòÉÔòÉÔòÉÔòÉÔòÉÔòÉÔòÉÔòÉÔòÉÔòÉÔòÉÔòÉÔòÉÔòÉÔòÉÔòÉÔòÉÔòÉÔòÉÔòÉÔòÉÔòÉÔòÉÔòÉÔòÉÔòÉÔòÉÔòÉÔòÉÔòÉÔòÉÔòÉÔòØ


[1A[2K[494/580] [chromium] ÔÇ║ src\tests\e2e\staking-nfts.spec.ts:13:5 ÔÇ║ Staking NFTs ÔÇ║ debe testear staking/nft 22
[1A[2K  494) [chromium] ÔÇ║ src\tests\e2e\staking-nfts.spec.ts:13:5 ÔÇ║ Staking NFTs ÔÇ║ debe testear staking/nft 22 

    Error: browserType.launch: Executable doesn't exist at C:\Users\conej\AppData\Local\ms-playwright\chromium_headless_shell-1200\chrome-headless-shell-win64\chrome-headless-shell.exe
    ÔòöÔòÉÔòÉÔòÉÔòÉÔòÉÔòÉÔòÉÔòÉÔòÉÔòÉÔòÉÔòÉÔòÉÔòÉÔòÉÔòÉÔòÉÔòÉÔòÉÔòÉÔòÉÔòÉÔòÉÔòÉÔòÉÔòÉÔòÉÔòÉÔòÉÔòÉÔòÉÔòÉÔòÉÔòÉÔòÉÔòÉÔòÉÔòÉÔòÉÔòÉÔòÉÔòÉÔòÉÔòÉÔòÉÔòÉÔòÉÔòÉÔòÉÔòÉÔòÉÔòÉÔòÉÔòÉÔòÉÔòÉÔòÉÔòÉÔòÉÔòÉÔòÉÔòÉÔòÉÔòÉÔòÉÔòÉÔòÉÔòÉÔòÉÔòÉÔòÉÔòÉÔòÉÔòù
    Ôòæ Looks like Playwright Test or Playwright was just installed or updated. Ôòæ
    Ôòæ Please run the following command to download new browsers:              Ôòæ
    Ôòæ                                                                         Ôòæ
    Ôòæ     npx playwright install                                              Ôòæ
    Ôòæ                                                                         Ôòæ
    Ôòæ <3 Playwright Team                                                      Ôòæ
    ÔòÜÔòÉÔòÉÔòÉÔòÉÔòÉÔòÉÔòÉÔòÉÔòÉÔòÉÔòÉÔòÉÔòÉÔòÉÔòÉÔòÉÔòÉÔòÉÔòÉÔòÉÔòÉÔòÉÔòÉÔòÉÔòÉÔòÉÔòÉÔòÉÔòÉÔòÉÔòÉÔòÉÔòÉÔòÉÔòÉÔòÉÔòÉÔòÉÔòÉÔòÉÔòÉÔòÉÔòÉÔòÉÔòÉÔòÉÔòÉÔòÉÔòÉÔòÉÔòÉÔòÉÔòÉÔòÉÔòÉÔòÉÔòÉÔòÉÔòÉÔòÉÔòÉÔòÉÔòÉÔòÉÔòÉÔòÉÔòÉÔòÉÔòÉÔòÉÔòÉÔòÉÔòÉÔòØ


[1A[2K[495/580] [chromium] ÔÇ║ src\tests\e2e\staking-nfts.spec.ts:13:5 ÔÇ║ Staking NFTs ÔÇ║ debe testear staking/nft 23
[1A[2K  495) [chromium] ÔÇ║ src\tests\e2e\staking-nfts.spec.ts:13:5 ÔÇ║ Staking NFTs ÔÇ║ debe testear staking/nft 23 

    Error: browserType.launch: Executable doesn't exist at C:\Users\conej\AppData\Local\ms-playwright\chromium_headless_shell-1200\chrome-headless-shell-win64\chrome-headless-shell.exe
    ÔòöÔòÉÔòÉÔòÉÔòÉÔòÉÔòÉÔòÉÔòÉÔòÉÔòÉÔòÉÔòÉÔòÉÔòÉÔòÉÔòÉÔòÉÔòÉÔòÉÔòÉÔòÉÔòÉÔòÉÔòÉÔòÉÔòÉÔòÉÔòÉÔòÉÔòÉÔòÉÔòÉÔòÉÔòÉÔòÉÔòÉÔòÉÔòÉÔòÉÔòÉÔòÉÔòÉÔòÉÔòÉÔòÉÔòÉÔòÉÔòÉÔòÉÔòÉÔòÉÔòÉÔòÉÔòÉÔòÉÔòÉÔòÉÔòÉÔòÉÔòÉÔòÉÔòÉÔòÉÔòÉÔòÉÔòÉÔòÉÔòÉÔòÉÔòÉÔòÉÔòÉÔòÉÔòù
    Ôòæ Looks like Playwright Test or Playwright was just installed or updated. Ôòæ
    Ôòæ Please run the following command to download new browsers:              Ôòæ
    Ôòæ                                                                         Ôòæ
    Ôòæ     npx playwright install                                              Ôòæ
    Ôòæ                                                                         Ôòæ
    Ôòæ <3 Playwright Team                                                      Ôòæ
    ÔòÜÔòÉÔòÉÔòÉÔòÉÔòÉÔòÉÔòÉÔòÉÔòÉÔòÉÔòÉÔòÉÔòÉÔòÉÔòÉÔòÉÔòÉÔòÉÔòÉÔòÉÔòÉÔòÉÔòÉÔòÉÔòÉÔòÉÔòÉÔòÉÔòÉÔòÉÔòÉÔòÉÔòÉÔòÉÔòÉÔòÉÔòÉÔòÉÔòÉÔòÉÔòÉÔòÉÔòÉÔòÉÔòÉÔòÉÔòÉÔòÉÔòÉÔòÉÔòÉÔòÉÔòÉÔòÉÔòÉÔòÉÔòÉÔòÉÔòÉÔòÉÔòÉÔòÉÔòÉÔòÉÔòÉÔòÉÔòÉÔòÉÔòÉÔòÉÔòÉÔòÉÔòÉÔòØ


[1A[2K[496/580] [chromium] ÔÇ║ src\tests\e2e\staking-nfts.spec.ts:13:5 ÔÇ║ Staking NFTs ÔÇ║ debe testear staking/nft 24
[1A[2K[497/580] [chromium] ÔÇ║ src\tests\e2e\staking-nfts.spec.ts:13:5 ÔÇ║ Staking NFTs ÔÇ║ debe testear staking/nft 25
[1A[2K[498/580] [chromium] ÔÇ║ src\tests\e2e\staking-nfts.spec.ts:13:5 ÔÇ║ Staking NFTs ÔÇ║ debe testear staking/nft 27
[1A[2K  496) [chromium] ÔÇ║ src\tests\e2e\staking-nfts.spec.ts:13:5 ÔÇ║ Staking NFTs ÔÇ║ debe testear staking/nft 24 

    Error: browserType.launch: Executable doesn't exist at C:\Users\conej\AppData\Local\ms-playwright\chromium_headless_shell-1200\chrome-headless-shell-win64\chrome-headless-shell.exe
    ÔòöÔòÉÔòÉÔòÉÔòÉÔòÉÔòÉÔòÉÔòÉÔòÉÔòÉÔòÉÔòÉÔòÉÔòÉÔòÉÔòÉÔòÉÔòÉÔòÉÔòÉÔòÉÔòÉÔòÉÔòÉÔòÉÔòÉÔòÉÔòÉÔòÉÔòÉÔòÉÔòÉÔòÉÔòÉÔòÉÔòÉÔòÉÔòÉÔòÉÔòÉÔòÉÔòÉÔòÉÔòÉÔòÉÔòÉÔòÉÔòÉÔòÉÔòÉÔòÉÔòÉÔòÉÔòÉÔòÉÔòÉÔòÉÔòÉÔòÉÔòÉÔòÉÔòÉÔòÉÔòÉÔòÉÔòÉÔòÉÔòÉÔòÉÔòÉÔòÉÔòÉÔòÉÔòù
    Ôòæ Looks like Playwright Test or Playwright was just installed or updated. Ôòæ
    Ôòæ Please run the following command to download new browsers:              Ôòæ
    Ôòæ                                                                         Ôòæ
    Ôòæ     npx playwright install                                              Ôòæ
    Ôòæ                                                                         Ôòæ
    Ôòæ <3 Playwright Team                                                      Ôòæ
    ÔòÜÔòÉÔòÉÔòÉÔòÉÔòÉÔòÉÔòÉÔòÉÔòÉÔòÉÔòÉÔòÉÔòÉÔòÉÔòÉÔòÉÔòÉÔòÉÔòÉÔòÉÔòÉÔòÉÔòÉÔòÉÔòÉÔòÉÔòÉÔòÉÔòÉÔòÉÔòÉÔòÉÔòÉÔòÉÔòÉÔòÉÔòÉÔòÉÔòÉÔòÉÔòÉÔòÉÔòÉÔòÉÔòÉÔòÉÔòÉÔòÉÔòÉÔòÉÔòÉÔòÉÔòÉÔòÉÔòÉÔòÉÔòÉÔòÉÔòÉÔòÉÔòÉÔòÉÔòÉÔòÉÔòÉÔòÉÔòÉÔòÉÔòÉÔòÉÔòÉÔòÉÔòÉÔòØ


[1A[2K[499/580] [chromium] ÔÇ║ src\tests\e2e\staking-nfts.spec.ts:13:5 ÔÇ║ Staking NFTs ÔÇ║ debe testear staking/nft 26
[1A[2K  497) [chromium] ÔÇ║ src\tests\e2e\staking-nfts.spec.ts:13:5 ÔÇ║ Staking NFTs ÔÇ║ debe testear staking/nft 25 

    Error: browserType.launch: Executable doesn't exist at C:\Users\conej\AppData\Local\ms-playwright\chromium_headless_shell-1200\chrome-headless-shell-win64\chrome-headless-shell.exe
    ÔòöÔòÉÔòÉÔòÉÔòÉÔòÉÔòÉÔòÉÔòÉÔòÉÔòÉÔòÉÔòÉÔòÉÔòÉÔòÉÔòÉÔòÉÔòÉÔòÉÔòÉÔòÉÔòÉÔòÉÔòÉÔòÉÔòÉÔòÉÔòÉÔòÉÔòÉÔòÉÔòÉÔòÉÔòÉÔòÉÔòÉÔòÉÔòÉÔòÉÔòÉÔòÉÔòÉÔòÉÔòÉÔòÉÔòÉÔòÉÔòÉÔòÉÔòÉÔòÉÔòÉÔòÉÔòÉÔòÉÔòÉÔòÉÔòÉÔòÉÔòÉÔòÉÔòÉÔòÉÔòÉÔòÉÔòÉÔòÉÔòÉÔòÉÔòÉÔòÉÔòÉÔòÉÔòù
    Ôòæ Looks like Playwright Test or Playwright was just installed or updated. Ôòæ
    Ôòæ Please run the following command to download new browsers:              Ôòæ
    Ôòæ                                                                         Ôòæ
    Ôòæ     npx playwright install                                              Ôòæ
    Ôòæ                                                                         Ôòæ
    Ôòæ <3 Playwright Team                                                      Ôòæ
    ÔòÜÔòÉÔòÉÔòÉÔòÉÔòÉÔòÉÔòÉÔòÉÔòÉÔòÉÔòÉÔòÉÔòÉÔòÉÔòÉÔòÉÔòÉÔòÉÔòÉÔòÉÔòÉÔòÉÔòÉÔòÉÔòÉÔòÉÔòÉÔòÉÔòÉÔòÉÔòÉÔòÉÔòÉÔòÉÔòÉÔòÉÔòÉÔòÉÔòÉÔòÉÔòÉÔòÉÔòÉÔòÉÔòÉÔòÉÔòÉÔòÉÔòÉÔòÉÔòÉÔòÉÔòÉÔòÉÔòÉÔòÉÔòÉÔòÉÔòÉÔòÉÔòÉÔòÉÔòÉÔòÉÔòÉÔòÉÔòÉÔòÉÔòÉÔòÉÔòÉÔòÉÔòÉÔòØ


[1A[2K  498) [chromium] ÔÇ║ src\tests\e2e\staking-nfts.spec.ts:13:5 ÔÇ║ Staking NFTs ÔÇ║ debe testear staking/nft 27 

    Error: browserType.launch: Executable doesn't exist at C:\Users\conej\AppData\Local\ms-playwright\chromium_headless_shell-1200\chrome-headless-shell-win64\chrome-headless-shell.exe
    ÔòöÔòÉÔòÉÔòÉÔòÉÔòÉÔòÉÔòÉÔòÉÔòÉÔòÉÔòÉÔòÉÔòÉÔòÉÔòÉÔòÉÔòÉÔòÉÔòÉÔòÉÔòÉÔòÉÔòÉÔòÉÔòÉÔòÉÔòÉÔòÉÔòÉÔòÉÔòÉÔòÉÔòÉÔòÉÔòÉÔòÉÔòÉÔòÉÔòÉÔòÉÔòÉÔòÉÔòÉÔòÉÔòÉÔòÉÔòÉÔòÉÔòÉÔòÉÔòÉÔòÉÔòÉÔòÉÔòÉÔòÉÔòÉÔòÉÔòÉÔòÉÔòÉÔòÉÔòÉÔòÉÔòÉÔòÉÔòÉÔòÉÔòÉÔòÉÔòÉÔòÉÔòÉÔòù
    Ôòæ Looks like Playwright Test or Playwright was just installed or updated. Ôòæ
    Ôòæ Please run the following command to download new browsers:              Ôòæ
    Ôòæ                                                                         Ôòæ
    Ôòæ     npx playwright install                                              Ôòæ
    Ôòæ                                                                         Ôòæ
    Ôòæ <3 Playwright Team                                                      Ôòæ
    ÔòÜÔòÉÔòÉÔòÉÔòÉÔòÉÔòÉÔòÉÔòÉÔòÉÔòÉÔòÉÔòÉÔòÉÔòÉÔòÉÔòÉÔòÉÔòÉÔòÉÔòÉÔòÉÔòÉÔòÉÔòÉÔòÉÔòÉÔòÉÔòÉÔòÉÔòÉÔòÉÔòÉÔòÉÔòÉÔòÉÔòÉÔòÉÔòÉÔòÉÔòÉÔòÉÔòÉÔòÉÔòÉÔòÉÔòÉÔòÉÔòÉÔòÉÔòÉÔòÉÔòÉÔòÉÔòÉÔòÉÔòÉÔòÉÔòÉÔòÉÔòÉÔòÉÔòÉÔòÉÔòÉÔòÉÔòÉÔòÉÔòÉÔòÉÔòÉÔòÉÔòÉÔòÉÔòØ


[1A[2K  499) [chromium] ÔÇ║ src\tests\e2e\staking-nfts.spec.ts:13:5 ÔÇ║ Staking NFTs ÔÇ║ debe testear staking/nft 26 

    Error: browserType.launch: Executable doesn't exist at C:\Users\conej\AppData\Local\ms-playwright\chromium_headless_shell-1200\chrome-headless-shell-win64\chrome-headless-shell.exe
    ÔòöÔòÉÔòÉÔòÉÔòÉÔòÉÔòÉÔòÉÔòÉÔòÉÔòÉÔòÉÔòÉÔòÉÔòÉÔòÉÔòÉÔòÉÔòÉÔòÉÔòÉÔòÉÔòÉÔòÉÔòÉÔòÉÔòÉÔòÉÔòÉÔòÉÔòÉÔòÉÔòÉÔòÉÔòÉÔòÉÔòÉÔòÉÔòÉÔòÉÔòÉÔòÉÔòÉÔòÉÔòÉÔòÉÔòÉÔòÉÔòÉÔòÉÔòÉÔòÉÔòÉÔòÉÔòÉÔòÉÔòÉÔòÉÔòÉÔòÉÔòÉÔòÉÔòÉÔòÉÔòÉÔòÉÔòÉÔòÉÔòÉÔòÉÔòÉÔòÉÔòÉÔòÉÔòù
    Ôòæ Looks like Playwright Test or Playwright was just installed or updated. Ôòæ
    Ôòæ Please run the following command to download new browsers:              Ôòæ
    Ôòæ                                                                         Ôòæ
    Ôòæ     npx playwright install                                              Ôòæ
    Ôòæ                                                                         Ôòæ
    Ôòæ <3 Playwright Team                                                      Ôòæ
    ÔòÜÔòÉÔòÉÔòÉÔòÉÔòÉÔòÉÔòÉÔòÉÔòÉÔòÉÔòÉÔòÉÔòÉÔòÉÔòÉÔòÉÔòÉÔòÉÔòÉÔòÉÔòÉÔòÉÔòÉÔòÉÔòÉÔòÉÔòÉÔòÉÔòÉÔòÉÔòÉÔòÉÔòÉÔòÉÔòÉÔòÉÔòÉÔòÉÔòÉÔòÉÔòÉÔòÉÔòÉÔòÉÔòÉÔòÉÔòÉÔòÉÔòÉÔòÉÔòÉÔòÉÔòÉÔòÉÔòÉÔòÉÔòÉÔòÉÔòÉÔòÉÔòÉÔòÉÔòÉÔòÉÔòÉÔòÉÔòÉÔòÉÔòÉÔòÉÔòÉÔòÉÔòÉÔòØ


[1A[2K[500/580] [chromium] ÔÇ║ src\tests\e2e\staking-nfts.spec.ts:13:5 ÔÇ║ Staking NFTs ÔÇ║ debe testear staking/nft 28
[1A[2K  500) [chromium] ÔÇ║ src\tests\e2e\staking-nfts.spec.ts:13:5 ÔÇ║ Staking NFTs ÔÇ║ debe testear staking/nft 28 

    Error: browserType.launch: Executable doesn't exist at C:\Users\conej\AppData\Local\ms-playwright\chromium_headless_shell-1200\chrome-headless-shell-win64\chrome-headless-shell.exe
    ÔòöÔòÉÔòÉÔòÉÔòÉÔòÉÔòÉÔòÉÔòÉÔòÉÔòÉÔòÉÔòÉÔòÉÔòÉÔòÉÔòÉÔòÉÔòÉÔòÉÔòÉÔòÉÔòÉÔòÉÔòÉÔòÉÔòÉÔòÉÔòÉÔòÉÔòÉÔòÉÔòÉÔòÉÔòÉÔòÉÔòÉÔòÉÔòÉÔòÉÔòÉÔòÉÔòÉÔòÉÔòÉÔòÉÔòÉÔòÉÔòÉÔòÉÔòÉÔòÉÔòÉÔòÉÔòÉÔòÉÔòÉÔòÉÔòÉÔòÉÔòÉÔòÉÔòÉÔòÉÔòÉÔòÉÔòÉÔòÉÔòÉÔòÉÔòÉÔòÉÔòÉÔòÉÔòù
    Ôòæ Looks like Playwright Test or Playwright was just installed or updated. Ôòæ
    Ôòæ Please run the following command to download new browsers:              Ôòæ
    Ôòæ                                                                         Ôòæ
    Ôòæ     npx playwright install                                              Ôòæ
    Ôòæ                                                                         Ôòæ
    Ôòæ <3 Playwright Team                                                      Ôòæ
    ÔòÜÔòÉÔòÉÔòÉÔòÉÔòÉÔòÉÔòÉÔòÉÔòÉÔòÉÔòÉÔòÉÔòÉÔòÉÔòÉÔòÉÔòÉÔòÉÔòÉÔòÉÔòÉÔòÉÔòÉÔòÉÔòÉÔòÉÔòÉÔòÉÔòÉÔòÉÔòÉÔòÉÔòÉÔòÉÔòÉÔòÉÔòÉÔòÉÔòÉÔòÉÔòÉÔòÉÔòÉÔòÉÔòÉÔòÉÔòÉÔòÉÔòÉÔòÉÔòÉÔòÉÔòÉÔòÉÔòÉÔòÉÔòÉÔòÉÔòÉÔòÉÔòÉÔòÉÔòÉÔòÉÔòÉÔòÉÔòÉÔòÉÔòÉÔòÉÔòÉÔòÉÔòÉÔòØ


[1A[2K[501/580] [chromium] ÔÇ║ src\tests\e2e\staking-nfts.spec.ts:13:5 ÔÇ║ Staking NFTs ÔÇ║ debe testear staking/nft 29
[1A[2K  501) [chromium] ÔÇ║ src\tests\e2e\staking-nfts.spec.ts:13:5 ÔÇ║ Staking NFTs ÔÇ║ debe testear staking/nft 29 

    Error: browserType.launch: Executable doesn't exist at C:\Users\conej\AppData\Local\ms-playwright\chromium_headless_shell-1200\chrome-headless-shell-win64\chrome-headless-shell.exe
    ÔòöÔòÉÔòÉÔòÉÔòÉÔòÉÔòÉÔòÉÔòÉÔòÉÔòÉÔòÉÔòÉÔòÉÔòÉÔòÉÔòÉÔòÉÔòÉÔòÉÔòÉÔòÉÔòÉÔòÉÔòÉÔòÉÔòÉÔòÉÔòÉÔòÉÔòÉÔòÉÔòÉÔòÉÔòÉÔòÉÔòÉÔòÉÔòÉÔòÉÔòÉÔòÉÔòÉÔòÉÔòÉÔòÉÔòÉÔòÉÔòÉÔòÉÔòÉÔòÉÔòÉÔòÉÔòÉÔòÉÔòÉÔòÉÔòÉÔòÉÔòÉÔòÉÔòÉÔòÉÔòÉÔòÉÔòÉÔòÉÔòÉÔòÉÔòÉÔòÉÔòÉÔòÉÔòù
    Ôòæ Looks like Playwright Test or Playwright was just installed or updated. Ôòæ
    Ôòæ Please run the following command to download new browsers:              Ôòæ
    Ôòæ                                                                         Ôòæ
    Ôòæ     npx playwright install                                              Ôòæ
    Ôòæ                                                                         Ôòæ
    Ôòæ <3 Playwright Team                                                      Ôòæ
    ÔòÜÔòÉÔòÉÔòÉÔòÉÔòÉÔòÉÔòÉÔòÉÔòÉÔòÉÔòÉÔòÉÔòÉÔòÉÔòÉÔòÉÔòÉÔòÉÔòÉÔòÉÔòÉÔòÉÔòÉÔòÉÔòÉÔòÉÔòÉÔòÉÔòÉÔòÉÔòÉÔòÉÔòÉÔòÉÔòÉÔòÉÔòÉÔòÉÔòÉÔòÉÔòÉÔòÉÔòÉÔòÉÔòÉÔòÉÔòÉÔòÉÔòÉÔòÉÔòÉÔòÉÔòÉÔòÉÔòÉÔòÉÔòÉÔòÉÔòÉÔòÉÔòÉÔòÉÔòÉÔòÉÔòÉÔòÉÔòÉÔòÉÔòÉÔòÉÔòÉÔòÉÔòÉÔòØ


[1A[2K[502/580] [chromium] ÔÇ║ src\tests\e2e\staking-nfts.spec.ts:13:5 ÔÇ║ Staking NFTs ÔÇ║ debe testear staking/nft 30
[1A[2K  502) [chromium] ÔÇ║ src\tests\e2e\staking-nfts.spec.ts:13:5 ÔÇ║ Staking NFTs ÔÇ║ debe testear staking/nft 30 

    Error: browserType.launch: Executable doesn't exist at C:\Users\conej\AppData\Local\ms-playwright\chromium_headless_shell-1200\chrome-headless-shell-win64\chrome-headless-shell.exe
    ÔòöÔòÉÔòÉÔòÉÔòÉÔòÉÔòÉÔòÉÔòÉÔòÉÔòÉÔòÉÔòÉÔòÉÔòÉÔòÉÔòÉÔòÉÔòÉÔòÉÔòÉÔòÉÔòÉÔòÉÔòÉÔòÉÔòÉÔòÉÔòÉÔòÉÔòÉÔòÉÔòÉÔòÉÔòÉÔòÉÔòÉÔòÉÔòÉÔòÉÔòÉÔòÉÔòÉÔòÉÔòÉÔòÉÔòÉÔòÉÔòÉÔòÉÔòÉÔòÉÔòÉÔòÉÔòÉÔòÉÔòÉÔòÉÔòÉÔòÉÔòÉÔòÉÔòÉÔòÉÔòÉÔòÉÔòÉÔòÉÔòÉÔòÉÔòÉÔòÉÔòÉÔòÉÔòù
    Ôòæ Looks like Playwright Test or Playwright was just installed or updated. Ôòæ
    Ôòæ Please run the following command to download new browsers:              Ôòæ
    Ôòæ                                                                         Ôòæ
    Ôòæ     npx playwright install                                              Ôòæ
    Ôòæ                                                                         Ôòæ
    Ôòæ <3 Playwright Team                                                      Ôòæ
    ÔòÜÔòÉÔòÉÔòÉÔòÉÔòÉÔòÉÔòÉÔòÉÔòÉÔòÉÔòÉÔòÉÔòÉÔòÉÔòÉÔòÉÔòÉÔòÉÔòÉÔòÉÔòÉÔòÉÔòÉÔòÉÔòÉÔòÉÔòÉÔòÉÔòÉÔòÉÔòÉÔòÉÔòÉÔòÉÔòÉÔòÉÔòÉÔòÉÔòÉÔòÉÔòÉÔòÉÔòÉÔòÉÔòÉÔòÉÔòÉÔòÉÔòÉÔòÉÔòÉÔòÉÔòÉÔòÉÔòÉÔòÉÔòÉÔòÉÔòÉÔòÉÔòÉÔòÉÔòÉÔòÉÔòÉÔòÉÔòÉÔòÉÔòÉÔòÉÔòÉÔòÉÔòÉÔòØ


[1A[2K[503/580] [chromium] ÔÇ║ src\tests\e2e\staking-nfts.spec.ts:13:5 ÔÇ║ Staking NFTs ÔÇ║ debe testear staking/nft 31
[1A[2K  503) [chromium] ÔÇ║ src\tests\e2e\staking-nfts.spec.ts:13:5 ÔÇ║ Staking NFTs ÔÇ║ debe testear staking/nft 31 

    Error: browserType.launch: Executable doesn't exist at C:\Users\conej\AppData\Local\ms-playwright\chromium_headless_shell-1200\chrome-headless-shell-win64\chrome-headless-shell.exe
    ÔòöÔòÉÔòÉÔòÉÔòÉÔòÉÔòÉÔòÉÔòÉÔòÉÔòÉÔòÉÔòÉÔòÉÔòÉÔòÉÔòÉÔòÉÔòÉÔòÉÔòÉÔòÉÔòÉÔòÉÔòÉÔòÉÔòÉÔòÉÔòÉÔòÉÔòÉÔòÉÔòÉÔòÉÔòÉÔòÉÔòÉÔòÉÔòÉÔòÉÔòÉÔòÉÔòÉÔòÉÔòÉÔòÉÔòÉÔòÉÔòÉÔòÉÔòÉÔòÉÔòÉÔòÉÔòÉÔòÉÔòÉÔòÉÔòÉÔòÉÔòÉÔòÉÔòÉÔòÉÔòÉÔòÉÔòÉÔòÉÔòÉÔòÉÔòÉÔòÉÔòÉÔòÉÔòù
    Ôòæ Looks like Playwright Test or Playwright was just installed or updated. Ôòæ
    Ôòæ Please run the following command to download new browsers:              Ôòæ
    Ôòæ                                                                         Ôòæ
    Ôòæ     npx playwright install                                              Ôòæ
    Ôòæ                                                                         Ôòæ
    Ôòæ <3 Playwright Team                                                      Ôòæ
    ÔòÜÔòÉÔòÉÔòÉÔòÉÔòÉÔòÉÔòÉÔòÉÔòÉÔòÉÔòÉÔòÉÔòÉÔòÉÔòÉÔòÉÔòÉÔòÉÔòÉÔòÉÔòÉÔòÉÔòÉÔòÉÔòÉÔòÉÔòÉÔòÉÔòÉÔòÉÔòÉÔòÉÔòÉÔòÉÔòÉÔòÉÔòÉÔòÉÔòÉÔòÉÔòÉÔòÉÔòÉÔòÉÔòÉÔòÉÔòÉÔòÉÔòÉÔòÉÔòÉÔòÉÔòÉÔòÉÔòÉÔòÉÔòÉÔòÉÔòÉÔòÉÔòÉÔòÉÔòÉÔòÉÔòÉÔòÉÔòÉÔòÉÔòÉÔòÉÔòÉÔòÉÔòÉÔòØ


[1A[2K[504/580] [chromium] ÔÇ║ src\tests\e2e\staking-nfts.spec.ts:13:5 ÔÇ║ Staking NFTs ÔÇ║ debe testear staking/nft 32
[1A[2K[505/580] [chromium] ÔÇ║ src\tests\e2e\staking-nfts.spec.ts:13:5 ÔÇ║ Staking NFTs ÔÇ║ debe testear staking/nft 34
[1A[2K[506/580] [chromium] ÔÇ║ src\tests\e2e\staking-nfts.spec.ts:13:5 ÔÇ║ Staking NFTs ÔÇ║ debe testear staking/nft 33
[1A[2K[507/580] [chromium] ÔÇ║ src\tests\e2e\staking-nfts.spec.ts:13:5 ÔÇ║ Staking NFTs ÔÇ║ debe testear staking/nft 35
[1A[2K  504) [chromium] ÔÇ║ src\tests\e2e\staking-nfts.spec.ts:13:5 ÔÇ║ Staking NFTs ÔÇ║ debe testear staking/nft 32 

    Error: browserType.launch: Executable doesn't exist at C:\Users\conej\AppData\Local\ms-playwright\chromium_headless_shell-1200\chrome-headless-shell-win64\chrome-headless-shell.exe
    ÔòöÔòÉÔòÉÔòÉÔòÉÔòÉÔòÉÔòÉÔòÉÔòÉÔòÉÔòÉÔòÉÔòÉÔòÉÔòÉÔòÉÔòÉÔòÉÔòÉÔòÉÔòÉÔòÉÔòÉÔòÉÔòÉÔòÉÔòÉÔòÉÔòÉÔòÉÔòÉÔòÉÔòÉÔòÉÔòÉÔòÉÔòÉÔòÉÔòÉÔòÉÔòÉÔòÉÔòÉÔòÉÔòÉÔòÉÔòÉÔòÉÔòÉÔòÉÔòÉÔòÉÔòÉÔòÉÔòÉÔòÉÔòÉÔòÉÔòÉÔòÉÔòÉÔòÉÔòÉÔòÉÔòÉÔòÉÔòÉÔòÉÔòÉÔòÉÔòÉÔòÉÔòÉÔòù
    Ôòæ Looks like Playwright Test or Playwright was just installed or updated. Ôòæ
    Ôòæ Please run the following command to download new browsers:              Ôòæ
    Ôòæ                                                                         Ôòæ
    Ôòæ     npx playwright install                                              Ôòæ
    Ôòæ                                                                         Ôòæ
    Ôòæ <3 Playwright Team                                                      Ôòæ
    ÔòÜÔòÉÔòÉÔòÉÔòÉÔòÉÔòÉÔòÉÔòÉÔòÉÔòÉÔòÉÔòÉÔòÉÔòÉÔòÉÔòÉÔòÉÔòÉÔòÉÔòÉÔòÉÔòÉÔòÉÔòÉÔòÉÔòÉÔòÉÔòÉÔòÉÔòÉÔòÉÔòÉÔòÉÔòÉÔòÉÔòÉÔòÉÔòÉÔòÉÔòÉÔòÉÔòÉÔòÉÔòÉÔòÉÔòÉÔòÉÔòÉÔòÉÔòÉÔòÉÔòÉÔòÉÔòÉÔòÉÔòÉÔòÉÔòÉÔòÉÔòÉÔòÉÔòÉÔòÉÔòÉÔòÉÔòÉÔòÉÔòÉÔòÉÔòÉÔòÉÔòÉÔòÉÔòØ


[1A[2K  505) [chromium] ÔÇ║ src\tests\e2e\staking-nfts.spec.ts:13:5 ÔÇ║ Staking NFTs ÔÇ║ debe testear staking/nft 34 

    Error: browserType.launch: Executable doesn't exist at C:\Users\conej\AppData\Local\ms-playwright\chromium_headless_shell-1200\chrome-headless-shell-win64\chrome-headless-shell.exe
    ÔòöÔòÉÔòÉÔòÉÔòÉÔòÉÔòÉÔòÉÔòÉÔòÉÔòÉÔòÉÔòÉÔòÉÔòÉÔòÉÔòÉÔòÉÔòÉÔòÉÔòÉÔòÉÔòÉÔòÉÔòÉÔòÉÔòÉÔòÉÔòÉÔòÉÔòÉÔòÉÔòÉÔòÉÔòÉÔòÉÔòÉÔòÉÔòÉÔòÉÔòÉÔòÉÔòÉÔòÉÔòÉÔòÉÔòÉÔòÉÔòÉÔòÉÔòÉÔòÉÔòÉÔòÉÔòÉÔòÉÔòÉÔòÉÔòÉÔòÉÔòÉÔòÉÔòÉÔòÉÔòÉÔòÉÔòÉÔòÉÔòÉÔòÉÔòÉÔòÉÔòÉÔòÉÔòù
    Ôòæ Looks like Playwright Test or Playwright was just installed or updated. Ôòæ
    Ôòæ Please run the following command to download new browsers:              Ôòæ
    Ôòæ                                                                         Ôòæ
    Ôòæ     npx playwright install                                              Ôòæ
    Ôòæ                                                                         Ôòæ
    Ôòæ <3 Playwright Team                                                      Ôòæ
    ÔòÜÔòÉÔòÉÔòÉÔòÉÔòÉÔòÉÔòÉÔòÉÔòÉÔòÉÔòÉÔòÉÔòÉÔòÉÔòÉÔòÉÔòÉÔòÉÔòÉÔòÉÔòÉÔòÉÔòÉÔòÉÔòÉÔòÉÔòÉÔòÉÔòÉÔòÉÔòÉÔòÉÔòÉÔòÉÔòÉÔòÉÔòÉÔòÉÔòÉÔòÉÔòÉÔòÉÔòÉÔòÉÔòÉÔòÉÔòÉÔòÉÔòÉÔòÉÔòÉÔòÉÔòÉÔòÉÔòÉÔòÉÔòÉÔòÉÔòÉÔòÉÔòÉÔòÉÔòÉÔòÉÔòÉÔòÉÔòÉÔòÉÔòÉÔòÉÔòÉÔòÉÔòÉÔòØ


[1A[2K  506) [chromium] ÔÇ║ src\tests\e2e\staking-nfts.spec.ts:13:5 ÔÇ║ Staking NFTs ÔÇ║ debe testear staking/nft 33 

    Error: browserType.launch: Executable doesn't exist at C:\Users\conej\AppData\Local\ms-playwright\chromium_headless_shell-1200\chrome-headless-shell-win64\chrome-headless-shell.exe
    ÔòöÔòÉÔòÉÔòÉÔòÉÔòÉÔòÉÔòÉÔòÉÔòÉÔòÉÔòÉÔòÉÔòÉÔòÉÔòÉÔòÉÔòÉÔòÉÔòÉÔòÉÔòÉÔòÉÔòÉÔòÉÔòÉÔòÉÔòÉÔòÉÔòÉÔòÉÔòÉÔòÉÔòÉÔòÉÔòÉÔòÉÔòÉÔòÉÔòÉÔòÉÔòÉÔòÉÔòÉÔòÉÔòÉÔòÉÔòÉÔòÉÔòÉÔòÉÔòÉÔòÉÔòÉÔòÉÔòÉÔòÉÔòÉÔòÉÔòÉÔòÉÔòÉÔòÉÔòÉÔòÉÔòÉÔòÉÔòÉÔòÉÔòÉÔòÉÔòÉÔòÉÔòÉÔòù
    Ôòæ Looks like Playwright Test or Playwright was just installed or updated. Ôòæ
    Ôòæ Please run the following command to download new browsers:              Ôòæ
    Ôòæ                                                                         Ôòæ
    Ôòæ     npx playwright install                                              Ôòæ
    Ôòæ                                                                         Ôòæ
    Ôòæ <3 Playwright Team                                                      Ôòæ
    ÔòÜÔòÉÔòÉÔòÉÔòÉÔòÉÔòÉÔòÉÔòÉÔòÉÔòÉÔòÉÔòÉÔòÉÔòÉÔòÉÔòÉÔòÉÔòÉÔòÉÔòÉÔòÉÔòÉÔòÉÔòÉÔòÉÔòÉÔòÉÔòÉÔòÉÔòÉÔòÉÔòÉÔòÉÔòÉÔòÉÔòÉÔòÉÔòÉÔòÉÔòÉÔòÉÔòÉÔòÉÔòÉÔòÉÔòÉÔòÉÔòÉÔòÉÔòÉÔòÉÔòÉÔòÉÔòÉÔòÉÔòÉÔòÉÔòÉÔòÉÔòÉÔòÉÔòÉÔòÉÔòÉÔòÉÔòÉÔòÉÔòÉÔòÉÔòÉÔòÉÔòÉÔòÉÔòØ


[1A[2K  507) [chromium] ÔÇ║ src\tests\e2e\staking-nfts.spec.ts:13:5 ÔÇ║ Staking NFTs ÔÇ║ debe testear staking/nft 35 

    Error: browserType.launch: Executable doesn't exist at C:\Users\conej\AppData\Local\ms-playwright\chromium_headless_shell-1200\chrome-headless-shell-win64\chrome-headless-shell.exe
    ÔòöÔòÉÔòÉÔòÉÔòÉÔòÉÔòÉÔòÉÔòÉÔòÉÔòÉÔòÉÔòÉÔòÉÔòÉÔòÉÔòÉÔòÉÔòÉÔòÉÔòÉÔòÉÔòÉÔòÉÔòÉÔòÉÔòÉÔòÉÔòÉÔòÉÔòÉÔòÉÔòÉÔòÉÔòÉÔòÉÔòÉÔòÉÔòÉÔòÉÔòÉÔòÉÔòÉÔòÉÔòÉÔòÉÔòÉÔòÉÔòÉÔòÉÔòÉÔòÉÔòÉÔòÉÔòÉÔòÉÔòÉÔòÉÔòÉÔòÉÔòÉÔòÉÔòÉÔòÉÔòÉÔòÉÔòÉÔòÉÔòÉÔòÉÔòÉÔòÉÔòÉÔòÉÔòù
    Ôòæ Looks like Playwright Test or Playwright was just installed or updated. Ôòæ
    Ôòæ Please run the following command to download new browsers:              Ôòæ
    Ôòæ                                                                         Ôòæ
    Ôòæ     npx playwright install                                              Ôòæ
    Ôòæ                                                                         Ôòæ
    Ôòæ <3 Playwright Team                                                      Ôòæ
    ÔòÜÔòÉÔòÉÔòÉÔòÉÔòÉÔòÉÔòÉÔòÉÔòÉÔòÉÔòÉÔòÉÔòÉÔòÉÔòÉÔòÉÔòÉÔòÉÔòÉÔòÉÔòÉÔòÉÔòÉÔòÉÔòÉÔòÉÔòÉÔòÉÔòÉÔòÉÔòÉÔòÉÔòÉÔòÉÔòÉÔòÉÔòÉÔòÉÔòÉÔòÉÔòÉÔòÉÔòÉÔòÉÔòÉÔòÉÔòÉÔòÉÔòÉÔòÉÔòÉÔòÉÔòÉÔòÉÔòÉÔòÉÔòÉÔòÉÔòÉÔòÉÔòÉÔòÉÔòÉÔòÉÔòÉÔòÉÔòÉÔòÉÔòÉÔòÉÔòÉÔòÉÔòÉÔòØ


[1A[2K[508/580] [chromium] ÔÇ║ src\tests\e2e\staking-nfts.spec.ts:13:5 ÔÇ║ Staking NFTs ÔÇ║ debe testear staking/nft 36
[1A[2K  508) [chromium] ÔÇ║ src\tests\e2e\staking-nfts.spec.ts:13:5 ÔÇ║ Staking NFTs ÔÇ║ debe testear staking/nft 36 

    Error: browserType.launch: Executable doesn't exist at C:\Users\conej\AppData\Local\ms-playwright\chromium_headless_shell-1200\chrome-headless-shell-win64\chrome-headless-shell.exe
    ÔòöÔòÉÔòÉÔòÉÔòÉÔòÉÔòÉÔòÉÔòÉÔòÉÔòÉÔòÉÔòÉÔòÉÔòÉÔòÉÔòÉÔòÉÔòÉÔòÉÔòÉÔòÉÔòÉÔòÉÔòÉÔòÉÔòÉÔòÉÔòÉÔòÉÔòÉÔòÉÔòÉÔòÉÔòÉÔòÉÔòÉÔòÉÔòÉÔòÉÔòÉÔòÉÔòÉÔòÉÔòÉÔòÉÔòÉÔòÉÔòÉÔòÉÔòÉÔòÉÔòÉÔòÉÔòÉÔòÉÔòÉÔòÉÔòÉÔòÉÔòÉÔòÉÔòÉÔòÉÔòÉÔòÉÔòÉÔòÉÔòÉÔòÉÔòÉÔòÉÔòÉÔòÉÔòù
    Ôòæ Looks like Playwright Test or Playwright was just installed or updated. Ôòæ
    Ôòæ Please run the following command to download new browsers:              Ôòæ
    Ôòæ                                                                         Ôòæ
    Ôòæ     npx playwright install                                              Ôòæ
    Ôòæ                                                                         Ôòæ
    Ôòæ <3 Playwright Team                                                      Ôòæ
    ÔòÜÔòÉÔòÉÔòÉÔòÉÔòÉÔòÉÔòÉÔòÉÔòÉÔòÉÔòÉÔòÉÔòÉÔòÉÔòÉÔòÉÔòÉÔòÉÔòÉÔòÉÔòÉÔòÉÔòÉÔòÉÔòÉÔòÉÔòÉÔòÉÔòÉÔòÉÔòÉÔòÉÔòÉÔòÉÔòÉÔòÉÔòÉÔòÉÔòÉÔòÉÔòÉÔòÉÔòÉÔòÉÔòÉÔòÉÔòÉÔòÉÔòÉÔòÉÔòÉÔòÉÔòÉÔòÉÔòÉÔòÉÔòÉÔòÉÔòÉÔòÉÔòÉÔòÉÔòÉÔòÉÔòÉÔòÉÔòÉÔòÉÔòÉÔòÉÔòÉÔòÉÔòÉÔòØ


[1A[2K[509/580] [chromium] ÔÇ║ src\tests\e2e\staking-nfts.spec.ts:13:5 ÔÇ║ Staking NFTs ÔÇ║ debe testear staking/nft 37
[1A[2K  509) [chromium] ÔÇ║ src\tests\e2e\staking-nfts.spec.ts:13:5 ÔÇ║ Staking NFTs ÔÇ║ debe testear staking/nft 37 

    Error: browserType.launch: Executable doesn't exist at C:\Users\conej\AppData\Local\ms-playwright\chromium_headless_shell-1200\chrome-headless-shell-win64\chrome-headless-shell.exe
    ÔòöÔòÉÔòÉÔòÉÔòÉÔòÉÔòÉÔòÉÔòÉÔòÉÔòÉÔòÉÔòÉÔòÉÔòÉÔòÉÔòÉÔòÉÔòÉÔòÉÔòÉÔòÉÔòÉÔòÉÔòÉÔòÉÔòÉÔòÉÔòÉÔòÉÔòÉÔòÉÔòÉÔòÉÔòÉÔòÉÔòÉÔòÉÔòÉÔòÉÔòÉÔòÉÔòÉÔòÉÔòÉÔòÉÔòÉÔòÉÔòÉÔòÉÔòÉÔòÉÔòÉÔòÉÔòÉÔòÉÔòÉÔòÉÔòÉÔòÉÔòÉÔòÉÔòÉÔòÉÔòÉÔòÉÔòÉÔòÉÔòÉÔòÉÔòÉÔòÉÔòÉÔòÉÔòù
    Ôòæ Looks like Playwright Test or Playwright was just installed or updated. Ôòæ
    Ôòæ Please run the following command to download new browsers:              Ôòæ
    Ôòæ                                                                         Ôòæ
    Ôòæ     npx playwright install                                              Ôòæ
    Ôòæ                                                                         Ôòæ
    Ôòæ <3 Playwright Team                                                      Ôòæ
    ÔòÜÔòÉÔòÉÔòÉÔòÉÔòÉÔòÉÔòÉÔòÉÔòÉÔòÉÔòÉÔòÉÔòÉÔòÉÔòÉÔòÉÔòÉÔòÉÔòÉÔòÉÔòÉÔòÉÔòÉÔòÉÔòÉÔòÉÔòÉÔòÉÔòÉÔòÉÔòÉÔòÉÔòÉÔòÉÔòÉÔòÉÔòÉÔòÉÔòÉÔòÉÔòÉÔòÉÔòÉÔòÉÔòÉÔòÉÔòÉÔòÉÔòÉÔòÉÔòÉÔòÉÔòÉÔòÉÔòÉÔòÉÔòÉÔòÉÔòÉÔòÉÔòÉÔòÉÔòÉÔòÉÔòÉÔòÉÔòÉÔòÉÔòÉÔòÉÔòÉÔòÉÔòÉÔòØ


[1A[2K[510/580] [chromium] ÔÇ║ src\tests\e2e\staking-nfts.spec.ts:13:5 ÔÇ║ Staking NFTs ÔÇ║ debe testear staking/nft 38
[1A[2K  510) [chromium] ÔÇ║ src\tests\e2e\staking-nfts.spec.ts:13:5 ÔÇ║ Staking NFTs ÔÇ║ debe testear staking/nft 38 

    Error: browserType.launch: Executable doesn't exist at C:\Users\conej\AppData\Local\ms-playwright\chromium_headless_shell-1200\chrome-headless-shell-win64\chrome-headless-shell.exe
    ÔòöÔòÉÔòÉÔòÉÔòÉÔòÉÔòÉÔòÉÔòÉÔòÉÔòÉÔòÉÔòÉÔòÉÔòÉÔòÉÔòÉÔòÉÔòÉÔòÉÔòÉÔòÉÔòÉÔòÉÔòÉÔòÉÔòÉÔòÉÔòÉÔòÉÔòÉÔòÉÔòÉÔòÉÔòÉÔòÉÔòÉÔòÉÔòÉÔòÉÔòÉÔòÉÔòÉÔòÉÔòÉÔòÉÔòÉÔòÉÔòÉÔòÉÔòÉÔòÉÔòÉÔòÉÔòÉÔòÉÔòÉÔòÉÔòÉÔòÉÔòÉÔòÉÔòÉÔòÉÔòÉÔòÉÔòÉÔòÉÔòÉÔòÉÔòÉÔòÉÔòÉÔòÉÔòù
    Ôòæ Looks like Playwright Test or Playwright was just installed or updated. Ôòæ
    Ôòæ Please run the following command to download new browsers:              Ôòæ
    Ôòæ                                                                         Ôòæ
    Ôòæ     npx playwright install                                              Ôòæ
    Ôòæ                                                                         Ôòæ
    Ôòæ <3 Playwright Team                                                      Ôòæ
    ÔòÜÔòÉÔòÉÔòÉÔòÉÔòÉÔòÉÔòÉÔòÉÔòÉÔòÉÔòÉÔòÉÔòÉÔòÉÔòÉÔòÉÔòÉÔòÉÔòÉÔòÉÔòÉÔòÉÔòÉÔòÉÔòÉÔòÉÔòÉÔòÉÔòÉÔòÉÔòÉÔòÉÔòÉÔòÉÔòÉÔòÉÔòÉÔòÉÔòÉÔòÉÔòÉÔòÉÔòÉÔòÉÔòÉÔòÉÔòÉÔòÉÔòÉÔòÉÔòÉÔòÉÔòÉÔòÉÔòÉÔòÉÔòÉÔòÉÔòÉÔòÉÔòÉÔòÉÔòÉÔòÉÔòÉÔòÉÔòÉÔòÉÔòÉÔòÉÔòÉÔòÉÔòÉÔòØ


[1A[2K[511/580] [chromium] ÔÇ║ src\tests\e2e\staking-nfts.spec.ts:13:5 ÔÇ║ Staking NFTs ÔÇ║ debe testear staking/nft 39
[1A[2K  511) [chromium] ÔÇ║ src\tests\e2e\staking-nfts.spec.ts:13:5 ÔÇ║ Staking NFTs ÔÇ║ debe testear staking/nft 39 

    Error: browserType.launch: Executable doesn't exist at C:\Users\conej\AppData\Local\ms-playwright\chromium_headless_shell-1200\chrome-headless-shell-win64\chrome-headless-shell.exe
    ÔòöÔòÉÔòÉÔòÉÔòÉÔòÉÔòÉÔòÉÔòÉÔòÉÔòÉÔòÉÔòÉÔòÉÔòÉÔòÉÔòÉÔòÉÔòÉÔòÉÔòÉÔòÉÔòÉÔòÉÔòÉÔòÉÔòÉÔòÉÔòÉÔòÉÔòÉÔòÉÔòÉÔòÉÔòÉÔòÉÔòÉÔòÉÔòÉÔòÉÔòÉÔòÉÔòÉÔòÉÔòÉÔòÉÔòÉÔòÉÔòÉÔòÉÔòÉÔòÉÔòÉÔòÉÔòÉÔòÉÔòÉÔòÉÔòÉÔòÉÔòÉÔòÉÔòÉÔòÉÔòÉÔòÉÔòÉÔòÉÔòÉÔòÉÔòÉÔòÉÔòÉÔòÉÔòù
    Ôòæ Looks like Playwright Test or Playwright was just installed or updated. Ôòæ
    Ôòæ Please run the following command to download new browsers:              Ôòæ
    Ôòæ                                                                         Ôòæ
    Ôòæ     npx playwright install                                              Ôòæ
    Ôòæ                                                                         Ôòæ
    Ôòæ <3 Playwright Team                                                      Ôòæ
    ÔòÜÔòÉÔòÉÔòÉÔòÉÔòÉÔòÉÔòÉÔòÉÔòÉÔòÉÔòÉÔòÉÔòÉÔòÉÔòÉÔòÉÔòÉÔòÉÔòÉÔòÉÔòÉÔòÉÔòÉÔòÉÔòÉÔòÉÔòÉÔòÉÔòÉÔòÉÔòÉÔòÉÔòÉÔòÉÔòÉÔòÉÔòÉÔòÉÔòÉÔòÉÔòÉÔòÉÔòÉÔòÉÔòÉÔòÉÔòÉÔòÉÔòÉÔòÉÔòÉÔòÉÔòÉÔòÉÔòÉÔòÉÔòÉÔòÉÔòÉÔòÉÔòÉÔòÉÔòÉÔòÉÔòÉÔòÉÔòÉÔòÉÔòÉÔòÉÔòÉÔòÉÔòÉÔòØ


[1A[2K[512/580] [chromium] ÔÇ║ src\tests\e2e\staking-nfts.spec.ts:13:5 ÔÇ║ Staking NFTs ÔÇ║ debe testear staking/nft 40
[1A[2K[513/580] [chromium] ÔÇ║ src\tests\e2e\staking-nfts.spec.ts:13:5 ÔÇ║ Staking NFTs ÔÇ║ debe testear staking/nft 41
[1A[2K  512) [chromium] ÔÇ║ src\tests\e2e\staking-nfts.spec.ts:13:5 ÔÇ║ Staking NFTs ÔÇ║ debe testear staking/nft 40 

    Error: browserType.launch: Executable doesn't exist at C:\Users\conej\AppData\Local\ms-playwright\chromium_headless_shell-1200\chrome-headless-shell-win64\chrome-headless-shell.exe
    ÔòöÔòÉÔòÉÔòÉÔòÉÔòÉÔòÉÔòÉÔòÉÔòÉÔòÉÔòÉÔòÉÔòÉÔòÉÔòÉÔòÉÔòÉÔòÉÔòÉÔòÉÔòÉÔòÉÔòÉÔòÉÔòÉÔòÉÔòÉÔòÉÔòÉÔòÉÔòÉÔòÉÔòÉÔòÉÔòÉÔòÉÔòÉÔòÉÔòÉÔòÉÔòÉÔòÉÔòÉÔòÉÔòÉÔòÉÔòÉÔòÉÔòÉÔòÉÔòÉÔòÉÔòÉÔòÉÔòÉÔòÉÔòÉÔòÉÔòÉÔòÉÔòÉÔòÉÔòÉÔòÉÔòÉÔòÉÔòÉÔòÉÔòÉÔòÉÔòÉÔòÉÔòÉÔòù
    Ôòæ Looks like Playwright Test or Playwright was just installed or updated. Ôòæ
    Ôòæ Please run the following command to download new browsers:              Ôòæ
    Ôòæ                                                                         Ôòæ
    Ôòæ     npx playwright install                                              Ôòæ
    Ôòæ                                                                         Ôòæ
    Ôòæ <3 Playwright Team                                                      Ôòæ
    ÔòÜÔòÉÔòÉÔòÉÔòÉÔòÉÔòÉÔòÉÔòÉÔòÉÔòÉÔòÉÔòÉÔòÉÔòÉÔòÉÔòÉÔòÉÔòÉÔòÉÔòÉÔòÉÔòÉÔòÉÔòÉÔòÉÔòÉÔòÉÔòÉÔòÉÔòÉÔòÉÔòÉÔòÉÔòÉÔòÉÔòÉÔòÉÔòÉÔòÉÔòÉÔòÉÔòÉÔòÉÔòÉÔòÉÔòÉÔòÉÔòÉÔòÉÔòÉÔòÉÔòÉÔòÉÔòÉÔòÉÔòÉÔòÉÔòÉÔòÉÔòÉÔòÉÔòÉÔòÉÔòÉÔòÉÔòÉÔòÉÔòÉÔòÉÔòÉÔòÉÔòÉÔòÉÔòØ


[1A[2K[514/580] [chromium] ÔÇ║ src\tests\e2e\staking-nfts.spec.ts:13:5 ÔÇ║ Staking NFTs ÔÇ║ debe testear staking/nft 43
[1A[2K[515/580] [chromium] ÔÇ║ src\tests\e2e\staking-nfts.spec.ts:13:5 ÔÇ║ Staking NFTs ÔÇ║ debe testear staking/nft 42
[1A[2K  513) [chromium] ÔÇ║ src\tests\e2e\staking-nfts.spec.ts:13:5 ÔÇ║ Staking NFTs ÔÇ║ debe testear staking/nft 41 

    Error: browserType.launch: Executable doesn't exist at C:\Users\conej\AppData\Local\ms-playwright\chromium_headless_shell-1200\chrome-headless-shell-win64\chrome-headless-shell.exe
    ÔòöÔòÉÔòÉÔòÉÔòÉÔòÉÔòÉÔòÉÔòÉÔòÉÔòÉÔòÉÔòÉÔòÉÔòÉÔòÉÔòÉÔòÉÔòÉÔòÉÔòÉÔòÉÔòÉÔòÉÔòÉÔòÉÔòÉÔòÉÔòÉÔòÉÔòÉÔòÉÔòÉÔòÉÔòÉÔòÉÔòÉÔòÉÔòÉÔòÉÔòÉÔòÉÔòÉÔòÉÔòÉÔòÉÔòÉÔòÉÔòÉÔòÉÔòÉÔòÉÔòÉÔòÉÔòÉÔòÉÔòÉÔòÉÔòÉÔòÉÔòÉÔòÉÔòÉÔòÉÔòÉÔòÉÔòÉÔòÉÔòÉÔòÉÔòÉÔòÉÔòÉÔòÉÔòù
    Ôòæ Looks like Playwright Test or Playwright was just installed or updated. Ôòæ
    Ôòæ Please run the following command to download new browsers:              Ôòæ
    Ôòæ                                                                         Ôòæ
    Ôòæ     npx playwright install                                              Ôòæ
    Ôòæ                                                                         Ôòæ
    Ôòæ <3 Playwright Team                                                      Ôòæ
    ÔòÜÔòÉÔòÉÔòÉÔòÉÔòÉÔòÉÔòÉÔòÉÔòÉÔòÉÔòÉÔòÉÔòÉÔòÉÔòÉÔòÉÔòÉÔòÉÔòÉÔòÉÔòÉÔòÉÔòÉÔòÉÔòÉÔòÉÔòÉÔòÉÔòÉÔòÉÔòÉÔòÉÔòÉÔòÉÔòÉÔòÉÔòÉÔòÉÔòÉÔòÉÔòÉÔòÉÔòÉÔòÉÔòÉÔòÉÔòÉÔòÉÔòÉÔòÉÔòÉÔòÉÔòÉÔòÉÔòÉÔòÉÔòÉÔòÉÔòÉÔòÉÔòÉÔòÉÔòÉÔòÉÔòÉÔòÉÔòÉÔòÉÔòÉÔòÉÔòÉÔòÉÔòÉÔòØ


[1A[2K  514) [chromium] ÔÇ║ src\tests\e2e\staking-nfts.spec.ts:13:5 ÔÇ║ Staking NFTs ÔÇ║ debe testear staking/nft 43 

    Error: browserType.launch: Executable doesn't exist at C:\Users\conej\AppData\Local\ms-playwright\chromium_headless_shell-1200\chrome-headless-shell-win64\chrome-headless-shell.exe
    ÔòöÔòÉÔòÉÔòÉÔòÉÔòÉÔòÉÔòÉÔòÉÔòÉÔòÉÔòÉÔòÉÔòÉÔòÉÔòÉÔòÉÔòÉÔòÉÔòÉÔòÉÔòÉÔòÉÔòÉÔòÉÔòÉÔòÉÔòÉÔòÉÔòÉÔòÉÔòÉÔòÉÔòÉÔòÉÔòÉÔòÉÔòÉÔòÉÔòÉÔòÉÔòÉÔòÉÔòÉÔòÉÔòÉÔòÉÔòÉÔòÉÔòÉÔòÉÔòÉÔòÉÔòÉÔòÉÔòÉÔòÉÔòÉÔòÉÔòÉÔòÉÔòÉÔòÉÔòÉÔòÉÔòÉÔòÉÔòÉÔòÉÔòÉÔòÉÔòÉÔòÉÔòÉÔòù
    Ôòæ Looks like Playwright Test or Playwright was just installed or updated. Ôòæ
    Ôòæ Please run the following command to download new browsers:              Ôòæ
    Ôòæ                                                                         Ôòæ
    Ôòæ     npx playwright install                                              Ôòæ
    Ôòæ                                                                         Ôòæ
    Ôòæ <3 Playwright Team                                                      Ôòæ
    ÔòÜÔòÉÔòÉÔòÉÔòÉÔòÉÔòÉÔòÉÔòÉÔòÉÔòÉÔòÉÔòÉÔòÉÔòÉÔòÉÔòÉÔòÉÔòÉÔòÉÔòÉÔòÉÔòÉÔòÉÔòÉÔòÉÔòÉÔòÉÔòÉÔòÉÔòÉÔòÉÔòÉÔòÉÔòÉÔòÉÔòÉÔòÉÔòÉÔòÉÔòÉÔòÉÔòÉÔòÉÔòÉÔòÉÔòÉÔòÉÔòÉÔòÉÔòÉÔòÉÔòÉÔòÉÔòÉÔòÉÔòÉÔòÉÔòÉÔòÉÔòÉÔòÉÔòÉÔòÉÔòÉÔòÉÔòÉÔòÉÔòÉÔòÉÔòÉÔòÉÔòÉÔòÉÔòØ


[1A[2K  515) [chromium] ÔÇ║ src\tests\e2e\staking-nfts.spec.ts:13:5 ÔÇ║ Staking NFTs ÔÇ║ debe testear staking/nft 42 

    Error: browserType.launch: Executable doesn't exist at C:\Users\conej\AppData\Local\ms-playwright\chromium_headless_shell-1200\chrome-headless-shell-win64\chrome-headless-shell.exe
    ÔòöÔòÉÔòÉÔòÉÔòÉÔòÉÔòÉÔòÉÔòÉÔòÉÔòÉÔòÉÔòÉÔòÉÔòÉÔòÉÔòÉÔòÉÔòÉÔòÉÔòÉÔòÉÔòÉÔòÉÔòÉÔòÉÔòÉÔòÉÔòÉÔòÉÔòÉÔòÉÔòÉÔòÉÔòÉÔòÉÔòÉÔòÉÔòÉÔòÉÔòÉÔòÉÔòÉÔòÉÔòÉÔòÉÔòÉÔòÉÔòÉÔòÉÔòÉÔòÉÔòÉÔòÉÔòÉÔòÉÔòÉÔòÉÔòÉÔòÉÔòÉÔòÉÔòÉÔòÉÔòÉÔòÉÔòÉÔòÉÔòÉÔòÉÔòÉÔòÉÔòÉÔòÉÔòù
    Ôòæ Looks like Playwright Test or Playwright was just installed or updated. Ôòæ
    Ôòæ Please run the following command to download new browsers:              Ôòæ
    Ôòæ                                                                         Ôòæ
    Ôòæ     npx playwright install                                              Ôòæ
    Ôòæ                                                                         Ôòæ
    Ôòæ <3 Playwright Team                                                      Ôòæ
    ÔòÜÔòÉÔòÉÔòÉÔòÉÔòÉÔòÉÔòÉÔòÉÔòÉÔòÉÔòÉÔòÉÔòÉÔòÉÔòÉÔòÉÔòÉÔòÉÔòÉÔòÉÔòÉÔòÉÔòÉÔòÉÔòÉÔòÉÔòÉÔòÉÔòÉÔòÉÔòÉÔòÉÔòÉÔòÉÔòÉÔòÉÔòÉÔòÉÔòÉÔòÉÔòÉÔòÉÔòÉÔòÉÔòÉÔòÉÔòÉÔòÉÔòÉÔòÉÔòÉÔòÉÔòÉÔòÉÔòÉÔòÉÔòÉÔòÉÔòÉÔòÉÔòÉÔòÉÔòÉÔòÉÔòÉÔòÉÔòÉÔòÉÔòÉÔòÉÔòÉÔòÉÔòÉÔòØ


[1A[2K[516/580] [chromium] ÔÇ║ src\tests\e2e\staking-nfts.spec.ts:13:5 ÔÇ║ Staking NFTs ÔÇ║ debe testear staking/nft 44
[1A[2K  516) [chromium] ÔÇ║ src\tests\e2e\staking-nfts.spec.ts:13:5 ÔÇ║ Staking NFTs ÔÇ║ debe testear staking/nft 44 

    Error: browserType.launch: Executable doesn't exist at C:\Users\conej\AppData\Local\ms-playwright\chromium_headless_shell-1200\chrome-headless-shell-win64\chrome-headless-shell.exe
    ÔòöÔòÉÔòÉÔòÉÔòÉÔòÉÔòÉÔòÉÔòÉÔòÉÔòÉÔòÉÔòÉÔòÉÔòÉÔòÉÔòÉÔòÉÔòÉÔòÉÔòÉÔòÉÔòÉÔòÉÔòÉÔòÉÔòÉÔòÉÔòÉÔòÉÔòÉÔòÉÔòÉÔòÉÔòÉÔòÉÔòÉÔòÉÔòÉÔòÉÔòÉÔòÉÔòÉÔòÉÔòÉÔòÉÔòÉÔòÉÔòÉÔòÉÔòÉÔòÉÔòÉÔòÉÔòÉÔòÉÔòÉÔòÉÔòÉÔòÉÔòÉÔòÉÔòÉÔòÉÔòÉÔòÉÔòÉÔòÉÔòÉÔòÉÔòÉÔòÉÔòÉÔòÉÔòù
    Ôòæ Looks like Playwright Test or Playwright was just installed or updated. Ôòæ
    Ôòæ Please run the following command to download new browsers:              Ôòæ
    Ôòæ                                                                         Ôòæ
    Ôòæ     npx playwright install                                              Ôòæ
    Ôòæ                                                                         Ôòæ
    Ôòæ <3 Playwright Team                                                      Ôòæ
    ÔòÜÔòÉÔòÉÔòÉÔòÉÔòÉÔòÉÔòÉÔòÉÔòÉÔòÉÔòÉÔòÉÔòÉÔòÉÔòÉÔòÉÔòÉÔòÉÔòÉÔòÉÔòÉÔòÉÔòÉÔòÉÔòÉÔòÉÔòÉÔòÉÔòÉÔòÉÔòÉÔòÉÔòÉÔòÉÔòÉÔòÉÔòÉÔòÉÔòÉÔòÉÔòÉÔòÉÔòÉÔòÉÔòÉÔòÉÔòÉÔòÉÔòÉÔòÉÔòÉÔòÉÔòÉÔòÉÔòÉÔòÉÔòÉÔòÉÔòÉÔòÉÔòÉÔòÉÔòÉÔòÉÔòÉÔòÉÔòÉÔòÉÔòÉÔòÉÔòÉÔòÉÔòÉÔòØ


[1A[2K[517/580] [chromium] ÔÇ║ src\tests\e2e\staking-nfts.spec.ts:13:5 ÔÇ║ Staking NFTs ÔÇ║ debe testear staking/nft 45
[1A[2K  517) [chromium] ÔÇ║ src\tests\e2e\staking-nfts.spec.ts:13:5 ÔÇ║ Staking NFTs ÔÇ║ debe testear staking/nft 45 

    Error: browserType.launch: Executable doesn't exist at C:\Users\conej\AppData\Local\ms-playwright\chromium_headless_shell-1200\chrome-headless-shell-win64\chrome-headless-shell.exe
    ÔòöÔòÉÔòÉÔòÉÔòÉÔòÉÔòÉÔòÉÔòÉÔòÉÔòÉÔòÉÔòÉÔòÉÔòÉÔòÉÔòÉÔòÉÔòÉÔòÉÔòÉÔòÉÔòÉÔòÉÔòÉÔòÉÔòÉÔòÉÔòÉÔòÉÔòÉÔòÉÔòÉÔòÉÔòÉÔòÉÔòÉÔòÉÔòÉÔòÉÔòÉÔòÉÔòÉÔòÉÔòÉÔòÉÔòÉÔòÉÔòÉÔòÉÔòÉÔòÉÔòÉÔòÉÔòÉÔòÉÔòÉÔòÉÔòÉÔòÉÔòÉÔòÉÔòÉÔòÉÔòÉÔòÉÔòÉÔòÉÔòÉÔòÉÔòÉÔòÉÔòÉÔòÉÔòù
    Ôòæ Looks like Playwright Test or Playwright was just installed or updated. Ôòæ
    Ôòæ Please run the following command to download new browsers:              Ôòæ
    Ôòæ                                                                         Ôòæ
    Ôòæ     npx playwright install                                              Ôòæ
    Ôòæ                                                                         Ôòæ
    Ôòæ <3 Playwright Team                                                      Ôòæ
    ÔòÜÔòÉÔòÉÔòÉÔòÉÔòÉÔòÉÔòÉÔòÉÔòÉÔòÉÔòÉÔòÉÔòÉÔòÉÔòÉÔòÉÔòÉÔòÉÔòÉÔòÉÔòÉÔòÉÔòÉÔòÉÔòÉÔòÉÔòÉÔòÉÔòÉÔòÉÔòÉÔòÉÔòÉÔòÉÔòÉÔòÉÔòÉÔòÉÔòÉÔòÉÔòÉÔòÉÔòÉÔòÉÔòÉÔòÉÔòÉÔòÉÔòÉÔòÉÔòÉÔòÉÔòÉÔòÉÔòÉÔòÉÔòÉÔòÉÔòÉÔòÉÔòÉÔòÉÔòÉÔòÉÔòÉÔòÉÔòÉÔòÉÔòÉÔòÉÔòÉÔòÉÔòÉÔòØ


[1A[2K[518/580] [chromium] ÔÇ║ src\tests\e2e\stories.spec.ts:13:5 ÔÇ║ Stories ÔÇ║ debe testear historia 1
[1A[2K  518) [chromium] ÔÇ║ src\tests\e2e\stories.spec.ts:13:5 ÔÇ║ Stories ÔÇ║ debe testear historia 1 ÔöÇÔöÇÔöÇÔöÇÔöÇÔöÇÔöÇÔöÇÔöÇ

    Error: browserType.launch: Executable doesn't exist at C:\Users\conej\AppData\Local\ms-playwright\chromium_headless_shell-1200\chrome-headless-shell-win64\chrome-headless-shell.exe
    ÔòöÔòÉÔòÉÔòÉÔòÉÔòÉÔòÉÔòÉÔòÉÔòÉÔòÉÔòÉÔòÉÔòÉÔòÉÔòÉÔòÉÔòÉÔòÉÔòÉÔòÉÔòÉÔòÉÔòÉÔòÉÔòÉÔòÉÔòÉÔòÉÔòÉÔòÉÔòÉÔòÉÔòÉÔòÉÔòÉÔòÉÔòÉÔòÉÔòÉÔòÉÔòÉÔòÉÔòÉÔòÉÔòÉÔòÉÔòÉÔòÉÔòÉÔòÉÔòÉÔòÉÔòÉÔòÉÔòÉÔòÉÔòÉÔòÉÔòÉÔòÉÔòÉÔòÉÔòÉÔòÉÔòÉÔòÉÔòÉÔòÉÔòÉÔòÉÔòÉÔòÉÔòÉÔòù
    Ôòæ Looks like Playwright Test or Playwright was just installed or updated. Ôòæ
    Ôòæ Please run the following command to download new browsers:              Ôòæ
    Ôòæ                                                                         Ôòæ
    Ôòæ     npx playwright install                                              Ôòæ
    Ôòæ                                                                         Ôòæ
    Ôòæ <3 Playwright Team                                                      Ôòæ
    ÔòÜÔòÉÔòÉÔòÉÔòÉÔòÉÔòÉÔòÉÔòÉÔòÉÔòÉÔòÉÔòÉÔòÉÔòÉÔòÉÔòÉÔòÉÔòÉÔòÉÔòÉÔòÉÔòÉÔòÉÔòÉÔòÉÔòÉÔòÉÔòÉÔòÉÔòÉÔòÉÔòÉÔòÉÔòÉÔòÉÔòÉÔòÉÔòÉÔòÉÔòÉÔòÉÔòÉÔòÉÔòÉÔòÉÔòÉÔòÉÔòÉÔòÉÔòÉÔòÉÔòÉÔòÉÔòÉÔòÉÔòÉÔòÉÔòÉÔòÉÔòÉÔòÉÔòÉÔòÉÔòÉÔòÉÔòÉÔòÉÔòÉÔòÉÔòÉÔòÉÔòÉÔòÉÔòØ


[1A[2K[519/580] [chromium] ÔÇ║ src\tests\e2e\stories.spec.ts:13:5 ÔÇ║ Stories ÔÇ║ debe testear historia 2
[1A[2K  519) [chromium] ÔÇ║ src\tests\e2e\stories.spec.ts:13:5 ÔÇ║ Stories ÔÇ║ debe testear historia 2 ÔöÇÔöÇÔöÇÔöÇÔöÇÔöÇÔöÇÔöÇÔöÇ

    Error: browserType.launch: Executable doesn't exist at C:\Users\conej\AppData\Local\ms-playwright\chromium_headless_shell-1200\chrome-headless-shell-win64\chrome-headless-shell.exe
    ÔòöÔòÉÔòÉÔòÉÔòÉÔòÉÔòÉÔòÉÔòÉÔòÉÔòÉÔòÉÔòÉÔòÉÔòÉÔòÉÔòÉÔòÉÔòÉÔòÉÔòÉÔòÉÔòÉÔòÉÔòÉÔòÉÔòÉÔòÉÔòÉÔòÉÔòÉÔòÉÔòÉÔòÉÔòÉÔòÉÔòÉÔòÉÔòÉÔòÉÔòÉÔòÉÔòÉÔòÉÔòÉÔòÉÔòÉÔòÉÔòÉÔòÉÔòÉÔòÉÔòÉÔòÉÔòÉÔòÉÔòÉÔòÉÔòÉÔòÉÔòÉÔòÉÔòÉÔòÉÔòÉÔòÉÔòÉÔòÉÔòÉÔòÉÔòÉÔòÉÔòÉÔòÉÔòù
    Ôòæ Looks like Playwright Test or Playwright was just installed or updated. Ôòæ
    Ôòæ Please run the following command to download new browsers:              Ôòæ
    Ôòæ                                                                         Ôòæ
    Ôòæ     npx playwright install                                              Ôòæ
    Ôòæ                                                                         Ôòæ
    Ôòæ <3 Playwright Team                                                      Ôòæ
    ÔòÜÔòÉÔòÉÔòÉÔòÉÔòÉÔòÉÔòÉÔòÉÔòÉÔòÉÔòÉÔòÉÔòÉÔòÉÔòÉÔòÉÔòÉÔòÉÔòÉÔòÉÔòÉÔòÉÔòÉÔòÉÔòÉÔòÉÔòÉÔòÉÔòÉÔòÉÔòÉÔòÉÔòÉÔòÉÔòÉÔòÉÔòÉÔòÉÔòÉÔòÉÔòÉÔòÉÔòÉÔòÉÔòÉÔòÉÔòÉÔòÉÔòÉÔòÉÔòÉÔòÉÔòÉÔòÉÔòÉÔòÉÔòÉÔòÉÔòÉÔòÉÔòÉÔòÉÔòÉÔòÉÔòÉÔòÉÔòÉÔòÉÔòÉÔòÉÔòÉÔòÉÔòÉÔòØ


[1A[2K[520/580] [chromium] ÔÇ║ src\tests\e2e\stories.spec.ts:13:5 ÔÇ║ Stories ÔÇ║ debe testear historia 3
[1A[2K[521/580] [chromium] ÔÇ║ src\tests\e2e\stories.spec.ts:13:5 ÔÇ║ Stories ÔÇ║ debe testear historia 5
[1A[2K[522/580] [chromium] ÔÇ║ src\tests\e2e\stories.spec.ts:13:5 ÔÇ║ Stories ÔÇ║ debe testear historia 4
[1A[2K  520) [chromium] ÔÇ║ src\tests\e2e\stories.spec.ts:13:5 ÔÇ║ Stories ÔÇ║ debe testear historia 3 ÔöÇÔöÇÔöÇÔöÇÔöÇÔöÇÔöÇÔöÇÔöÇ

    Error: browserType.launch: Executable doesn't exist at C:\Users\conej\AppData\Local\ms-playwright\chromium_headless_shell-1200\chrome-headless-shell-win64\chrome-headless-shell.exe
    ÔòöÔòÉÔòÉÔòÉÔòÉÔòÉÔòÉÔòÉÔòÉÔòÉÔòÉÔòÉÔòÉÔòÉÔòÉÔòÉÔòÉÔòÉÔòÉÔòÉÔòÉÔòÉÔòÉÔòÉÔòÉÔòÉÔòÉÔòÉÔòÉÔòÉÔòÉÔòÉÔòÉÔòÉÔòÉÔòÉÔòÉÔòÉÔòÉÔòÉÔòÉÔòÉÔòÉÔòÉÔòÉÔòÉÔòÉÔòÉÔòÉÔòÉÔòÉÔòÉÔòÉÔòÉÔòÉÔòÉÔòÉÔòÉÔòÉÔòÉÔòÉÔòÉÔòÉÔòÉÔòÉÔòÉÔòÉÔòÉÔòÉÔòÉÔòÉÔòÉÔòÉÔòÉÔòù
    Ôòæ Looks like Playwright Test or Playwright was just installed or updated. Ôòæ
    Ôòæ Please run the following command to download new browsers:              Ôòæ
    Ôòæ                                                                         Ôòæ
    Ôòæ     npx playwright install                                              Ôòæ
    Ôòæ                                                                         Ôòæ
    Ôòæ <3 Playwright Team                                                      Ôòæ
    ÔòÜÔòÉÔòÉÔòÉÔòÉÔòÉÔòÉÔòÉÔòÉÔòÉÔòÉÔòÉÔòÉÔòÉÔòÉÔòÉÔòÉÔòÉÔòÉÔòÉÔòÉÔòÉÔòÉÔòÉÔòÉÔòÉÔòÉÔòÉÔòÉÔòÉÔòÉÔòÉÔòÉÔòÉÔòÉÔòÉÔòÉÔòÉÔòÉÔòÉÔòÉÔòÉÔòÉÔòÉÔòÉÔòÉÔòÉÔòÉÔòÉÔòÉÔòÉÔòÉÔòÉÔòÉÔòÉÔòÉÔòÉÔòÉÔòÉÔòÉÔòÉÔòÉÔòÉÔòÉÔòÉÔòÉÔòÉÔòÉÔòÉÔòÉÔòÉÔòÉÔòÉÔòÉÔòØ


[1A[2K[523/580] [chromium] ÔÇ║ src\tests\e2e\stories.spec.ts:13:5 ÔÇ║ Stories ÔÇ║ debe testear historia 6
[1A[2K  521) [chromium] ÔÇ║ src\tests\e2e\stories.spec.ts:13:5 ÔÇ║ Stories ÔÇ║ debe testear historia 5 ÔöÇÔöÇÔöÇÔöÇÔöÇÔöÇÔöÇÔöÇÔöÇ

    Error: browserType.launch: Executable doesn't exist at C:\Users\conej\AppData\Local\ms-playwright\chromium_headless_shell-1200\chrome-headless-shell-win64\chrome-headless-shell.exe
    ÔòöÔòÉÔòÉÔòÉÔòÉÔòÉÔòÉÔòÉÔòÉÔòÉÔòÉÔòÉÔòÉÔòÉÔòÉÔòÉÔòÉÔòÉÔòÉÔòÉÔòÉÔòÉÔòÉÔòÉÔòÉÔòÉÔòÉÔòÉÔòÉÔòÉÔòÉÔòÉÔòÉÔòÉÔòÉÔòÉÔòÉÔòÉÔòÉÔòÉÔòÉÔòÉÔòÉÔòÉÔòÉÔòÉÔòÉÔòÉÔòÉÔòÉÔòÉÔòÉÔòÉÔòÉÔòÉÔòÉÔòÉÔòÉÔòÉÔòÉÔòÉÔòÉÔòÉÔòÉÔòÉÔòÉÔòÉÔòÉÔòÉÔòÉÔòÉÔòÉÔòÉÔòÉÔòù
    Ôòæ Looks like Playwright Test or Playwright was just installed or updated. Ôòæ
    Ôòæ Please run the following command to download new browsers:              Ôòæ
    Ôòæ                                                                         Ôòæ
    Ôòæ     npx playwright install                                              Ôòæ
    Ôòæ                                                                         Ôòæ
    Ôòæ <3 Playwright Team                                                      Ôòæ
    ÔòÜÔòÉÔòÉÔòÉÔòÉÔòÉÔòÉÔòÉÔòÉÔòÉÔòÉÔòÉÔòÉÔòÉÔòÉÔòÉÔòÉÔòÉÔòÉÔòÉÔòÉÔòÉÔòÉÔòÉÔòÉÔòÉÔòÉÔòÉÔòÉÔòÉÔòÉÔòÉÔòÉÔòÉÔòÉÔòÉÔòÉÔòÉÔòÉÔòÉÔòÉÔòÉÔòÉÔòÉÔòÉÔòÉÔòÉÔòÉÔòÉÔòÉÔòÉÔòÉÔòÉÔòÉÔòÉÔòÉÔòÉÔòÉÔòÉÔòÉÔòÉÔòÉÔòÉÔòÉÔòÉÔòÉÔòÉÔòÉÔòÉÔòÉÔòÉÔòÉÔòÉÔòÉÔòØ


[1A[2K  522) [chromium] ÔÇ║ src\tests\e2e\stories.spec.ts:13:5 ÔÇ║ Stories ÔÇ║ debe testear historia 4 ÔöÇÔöÇÔöÇÔöÇÔöÇÔöÇÔöÇÔöÇÔöÇ

    Error: browserType.launch: Executable doesn't exist at C:\Users\conej\AppData\Local\ms-playwright\chromium_headless_shell-1200\chrome-headless-shell-win64\chrome-headless-shell.exe
    ÔòöÔòÉÔòÉÔòÉÔòÉÔòÉÔòÉÔòÉÔòÉÔòÉÔòÉÔòÉÔòÉÔòÉÔòÉÔòÉÔòÉÔòÉÔòÉÔòÉÔòÉÔòÉÔòÉÔòÉÔòÉÔòÉÔòÉÔòÉÔòÉÔòÉÔòÉÔòÉÔòÉÔòÉÔòÉÔòÉÔòÉÔòÉÔòÉÔòÉÔòÉÔòÉÔòÉÔòÉÔòÉÔòÉÔòÉÔòÉÔòÉÔòÉÔòÉÔòÉÔòÉÔòÉÔòÉÔòÉÔòÉÔòÉÔòÉÔòÉÔòÉÔòÉÔòÉÔòÉÔòÉÔòÉÔòÉÔòÉÔòÉÔòÉÔòÉÔòÉÔòÉÔòÉÔòù
    Ôòæ Looks like Playwright Test or Playwright was just installed or updated. Ôòæ
    Ôòæ Please run the following command to download new browsers:              Ôòæ
    Ôòæ                                                                         Ôòæ
    Ôòæ     npx playwright install                                              Ôòæ
    Ôòæ                                                                         Ôòæ
    Ôòæ <3 Playwright Team                                                      Ôòæ
    ÔòÜÔòÉÔòÉÔòÉÔòÉÔòÉÔòÉÔòÉÔòÉÔòÉÔòÉÔòÉÔòÉÔòÉÔòÉÔòÉÔòÉÔòÉÔòÉÔòÉÔòÉÔòÉÔòÉÔòÉÔòÉÔòÉÔòÉÔòÉÔòÉÔòÉÔòÉÔòÉÔòÉÔòÉÔòÉÔòÉÔòÉÔòÉÔòÉÔòÉÔòÉÔòÉÔòÉÔòÉÔòÉÔòÉÔòÉÔòÉÔòÉÔòÉÔòÉÔòÉÔòÉÔòÉÔòÉÔòÉÔòÉÔòÉÔòÉÔòÉÔòÉÔòÉÔòÉÔòÉÔòÉÔòÉÔòÉÔòÉÔòÉÔòÉÔòÉÔòÉÔòÉÔòÉÔòØ


[1A[2K  523) [chromium] ÔÇ║ src\tests\e2e\stories.spec.ts:13:5 ÔÇ║ Stories ÔÇ║ debe testear historia 6 ÔöÇÔöÇÔöÇÔöÇÔöÇÔöÇÔöÇÔöÇÔöÇ

    Error: browserType.launch: Executable doesn't exist at C:\Users\conej\AppData\Local\ms-playwright\chromium_headless_shell-1200\chrome-headless-shell-win64\chrome-headless-shell.exe
    ÔòöÔòÉÔòÉÔòÉÔòÉÔòÉÔòÉÔòÉÔòÉÔòÉÔòÉÔòÉÔòÉÔòÉÔòÉÔòÉÔòÉÔòÉÔòÉÔòÉÔòÉÔòÉÔòÉÔòÉÔòÉÔòÉÔòÉÔòÉÔòÉÔòÉÔòÉÔòÉÔòÉÔòÉÔòÉÔòÉÔòÉÔòÉÔòÉÔòÉÔòÉÔòÉÔòÉÔòÉÔòÉÔòÉÔòÉÔòÉÔòÉÔòÉÔòÉÔòÉÔòÉÔòÉÔòÉÔòÉÔòÉÔòÉÔòÉÔòÉÔòÉÔòÉÔòÉÔòÉÔòÉÔòÉÔòÉÔòÉÔòÉÔòÉÔòÉÔòÉÔòÉÔòÉÔòù
    Ôòæ Looks like Playwright Test or Playwright was just installed or updated. Ôòæ
    Ôòæ Please run the following command to download new browsers:              Ôòæ
    Ôòæ                                                                         Ôòæ
    Ôòæ     npx playwright install                                              Ôòæ
    Ôòæ                                                                         Ôòæ
    Ôòæ <3 Playwright Team                                                      Ôòæ
    ÔòÜÔòÉÔòÉÔòÉÔòÉÔòÉÔòÉÔòÉÔòÉÔòÉÔòÉÔòÉÔòÉÔòÉÔòÉÔòÉÔòÉÔòÉÔòÉÔòÉÔòÉÔòÉÔòÉÔòÉÔòÉÔòÉÔòÉÔòÉÔòÉÔòÉÔòÉÔòÉÔòÉÔòÉÔòÉÔòÉÔòÉÔòÉÔòÉÔòÉÔòÉÔòÉÔòÉÔòÉÔòÉÔòÉÔòÉÔòÉÔòÉÔòÉÔòÉÔòÉÔòÉÔòÉÔòÉÔòÉÔòÉÔòÉÔòÉÔòÉÔòÉÔòÉÔòÉÔòÉÔòÉÔòÉÔòÉÔòÉÔòÉÔòÉÔòÉÔòÉÔòÉÔòÉÔòØ


[1A[2K[524/580] [chromium] ÔÇ║ src\tests\e2e\stories.spec.ts:13:5 ÔÇ║ Stories ÔÇ║ debe testear historia 7
[1A[2K  524) [chromium] ÔÇ║ src\tests\e2e\stories.spec.ts:13:5 ÔÇ║ Stories ÔÇ║ debe testear historia 7 ÔöÇÔöÇÔöÇÔöÇÔöÇÔöÇÔöÇÔöÇÔöÇ

    Error: browserType.launch: Executable doesn't exist at C:\Users\conej\AppData\Local\ms-playwright\chromium_headless_shell-1200\chrome-headless-shell-win64\chrome-headless-shell.exe
    ÔòöÔòÉÔòÉÔòÉÔòÉÔòÉÔòÉÔòÉÔòÉÔòÉÔòÉÔòÉÔòÉÔòÉÔòÉÔòÉÔòÉÔòÉÔòÉÔòÉÔòÉÔòÉÔòÉÔòÉÔòÉÔòÉÔòÉÔòÉÔòÉÔòÉÔòÉÔòÉÔòÉÔòÉÔòÉÔòÉÔòÉÔòÉÔòÉÔòÉÔòÉÔòÉÔòÉÔòÉÔòÉÔòÉÔòÉÔòÉÔòÉÔòÉÔòÉÔòÉÔòÉÔòÉÔòÉÔòÉÔòÉÔòÉÔòÉÔòÉÔòÉÔòÉÔòÉÔòÉÔòÉÔòÉÔòÉÔòÉÔòÉÔòÉÔòÉÔòÉÔòÉÔòÉÔòù
    Ôòæ Looks like Playwright Test or Playwright was just installed or updated. Ôòæ
    Ôòæ Please run the following command to download new browsers:              Ôòæ
    Ôòæ                                                                         Ôòæ
    Ôòæ     npx playwright install                                              Ôòæ
    Ôòæ                                                                         Ôòæ
    Ôòæ <3 Playwright Team                                                      Ôòæ
    ÔòÜÔòÉÔòÉÔòÉÔòÉÔòÉÔòÉÔòÉÔòÉÔòÉÔòÉÔòÉÔòÉÔòÉÔòÉÔòÉÔòÉÔòÉÔòÉÔòÉÔòÉÔòÉÔòÉÔòÉÔòÉÔòÉÔòÉÔòÉÔòÉÔòÉÔòÉÔòÉÔòÉÔòÉÔòÉÔòÉÔòÉÔòÉÔòÉÔòÉÔòÉÔòÉÔòÉÔòÉÔòÉÔòÉÔòÉÔòÉÔòÉÔòÉÔòÉÔòÉÔòÉÔòÉÔòÉÔòÉÔòÉÔòÉÔòÉÔòÉÔòÉÔòÉÔòÉÔòÉÔòÉÔòÉÔòÉÔòÉÔòÉÔòÉÔòÉÔòÉÔòÉÔòÉÔòØ


[1A[2K[525/580] [chromium] ÔÇ║ src\tests\e2e\stories.spec.ts:13:5 ÔÇ║ Stories ÔÇ║ debe testear historia 8
[1A[2K  525) [chromium] ÔÇ║ src\tests\e2e\stories.spec.ts:13:5 ÔÇ║ Stories ÔÇ║ debe testear historia 8 ÔöÇÔöÇÔöÇÔöÇÔöÇÔöÇÔöÇÔöÇÔöÇ

    Error: browserType.launch: Executable doesn't exist at C:\Users\conej\AppData\Local\ms-playwright\chromium_headless_shell-1200\chrome-headless-shell-win64\chrome-headless-shell.exe
    ÔòöÔòÉÔòÉÔòÉÔòÉÔòÉÔòÉÔòÉÔòÉÔòÉÔòÉÔòÉÔòÉÔòÉÔòÉÔòÉÔòÉÔòÉÔòÉÔòÉÔòÉÔòÉÔòÉÔòÉÔòÉÔòÉÔòÉÔòÉÔòÉÔòÉÔòÉÔòÉÔòÉÔòÉÔòÉÔòÉÔòÉÔòÉÔòÉÔòÉÔòÉÔòÉÔòÉÔòÉÔòÉÔòÉÔòÉÔòÉÔòÉÔòÉÔòÉÔòÉÔòÉÔòÉÔòÉÔòÉÔòÉÔòÉÔòÉÔòÉÔòÉÔòÉÔòÉÔòÉÔòÉÔòÉÔòÉÔòÉÔòÉÔòÉÔòÉÔòÉÔòÉÔòÉÔòù
    Ôòæ Looks like Playwright Test or Playwright was just installed or updated. Ôòæ
    Ôòæ Please run the following command to download new browsers:              Ôòæ
    Ôòæ                                                                         Ôòæ
    Ôòæ     npx playwright install                                              Ôòæ
    Ôòæ                                                                         Ôòæ
    Ôòæ <3 Playwright Team                                                      Ôòæ
    ÔòÜÔòÉÔòÉÔòÉÔòÉÔòÉÔòÉÔòÉÔòÉÔòÉÔòÉÔòÉÔòÉÔòÉÔòÉÔòÉÔòÉÔòÉÔòÉÔòÉÔòÉÔòÉÔòÉÔòÉÔòÉÔòÉÔòÉÔòÉÔòÉÔòÉÔòÉÔòÉÔòÉÔòÉÔòÉÔòÉÔòÉÔòÉÔòÉÔòÉÔòÉÔòÉÔòÉÔòÉÔòÉÔòÉÔòÉÔòÉÔòÉÔòÉÔòÉÔòÉÔòÉÔòÉÔòÉÔòÉÔòÉÔòÉÔòÉÔòÉÔòÉÔòÉÔòÉÔòÉÔòÉÔòÉÔòÉÔòÉÔòÉÔòÉÔòÉÔòÉÔòÉÔòÉÔòØ


[1A[2K[526/580] [chromium] ÔÇ║ src\tests\e2e\stories.spec.ts:13:5 ÔÇ║ Stories ÔÇ║ debe testear historia 9
[1A[2K  526) [chromium] ÔÇ║ src\tests\e2e\stories.spec.ts:13:5 ÔÇ║ Stories ÔÇ║ debe testear historia 9 ÔöÇÔöÇÔöÇÔöÇÔöÇÔöÇÔöÇÔöÇÔöÇ

    Error: browserType.launch: Executable doesn't exist at C:\Users\conej\AppData\Local\ms-playwright\chromium_headless_shell-1200\chrome-headless-shell-win64\chrome-headless-shell.exe
    ÔòöÔòÉÔòÉÔòÉÔòÉÔòÉÔòÉÔòÉÔòÉÔòÉÔòÉÔòÉÔòÉÔòÉÔòÉÔòÉÔòÉÔòÉÔòÉÔòÉÔòÉÔòÉÔòÉÔòÉÔòÉÔòÉÔòÉÔòÉÔòÉÔòÉÔòÉÔòÉÔòÉÔòÉÔòÉÔòÉÔòÉÔòÉÔòÉÔòÉÔòÉÔòÉÔòÉÔòÉÔòÉÔòÉÔòÉÔòÉÔòÉÔòÉÔòÉÔòÉÔòÉÔòÉÔòÉÔòÉÔòÉÔòÉÔòÉÔòÉÔòÉÔòÉÔòÉÔòÉÔòÉÔòÉÔòÉÔòÉÔòÉÔòÉÔòÉÔòÉÔòÉÔòÉÔòù
    Ôòæ Looks like Playwright Test or Playwright was just installed or updated. Ôòæ
    Ôòæ Please run the following command to download new browsers:              Ôòæ
    Ôòæ                                                                         Ôòæ
    Ôòæ     npx playwright install                                              Ôòæ
    Ôòæ                                                                         Ôòæ
    Ôòæ <3 Playwright Team                                                      Ôòæ
    ÔòÜÔòÉÔòÉÔòÉÔòÉÔòÉÔòÉÔòÉÔòÉÔòÉÔòÉÔòÉÔòÉÔòÉÔòÉÔòÉÔòÉÔòÉÔòÉÔòÉÔòÉÔòÉÔòÉÔòÉÔòÉÔòÉÔòÉÔòÉÔòÉÔòÉÔòÉÔòÉÔòÉÔòÉÔòÉÔòÉÔòÉÔòÉÔòÉÔòÉÔòÉÔòÉÔòÉÔòÉÔòÉÔòÉÔòÉÔòÉÔòÉÔòÉÔòÉÔòÉÔòÉÔòÉÔòÉÔòÉÔòÉÔòÉÔòÉÔòÉÔòÉÔòÉÔòÉÔòÉÔòÉÔòÉÔòÉÔòÉÔòÉÔòÉÔòÉÔòÉÔòÉÔòÉÔòØ


[1A[2K[527/580] [chromium] ÔÇ║ src\tests\e2e\stories.spec.ts:13:5 ÔÇ║ Stories ÔÇ║ debe testear historia 10
[1A[2K  527) [chromium] ÔÇ║ src\tests\e2e\stories.spec.ts:13:5 ÔÇ║ Stories ÔÇ║ debe testear historia 10 ÔöÇÔöÇÔöÇÔöÇÔöÇÔöÇÔöÇÔöÇ

    Error: browserType.launch: Executable doesn't exist at C:\Users\conej\AppData\Local\ms-playwright\chromium_headless_shell-1200\chrome-headless-shell-win64\chrome-headless-shell.exe
    ÔòöÔòÉÔòÉÔòÉÔòÉÔòÉÔòÉÔòÉÔòÉÔòÉÔòÉÔòÉÔòÉÔòÉÔòÉÔòÉÔòÉÔòÉÔòÉÔòÉÔòÉÔòÉÔòÉÔòÉÔòÉÔòÉÔòÉÔòÉÔòÉÔòÉÔòÉÔòÉÔòÉÔòÉÔòÉÔòÉÔòÉÔòÉÔòÉÔòÉÔòÉÔòÉÔòÉÔòÉÔòÉÔòÉÔòÉÔòÉÔòÉÔòÉÔòÉÔòÉÔòÉÔòÉÔòÉÔòÉÔòÉÔòÉÔòÉÔòÉÔòÉÔòÉÔòÉÔòÉÔòÉÔòÉÔòÉÔòÉÔòÉÔòÉÔòÉÔòÉÔòÉÔòÉÔòù
    Ôòæ Looks like Playwright Test or Playwright was just installed or updated. Ôòæ
    Ôòæ Please run the following command to download new browsers:              Ôòæ
    Ôòæ                                                                         Ôòæ
    Ôòæ     npx playwright install                                              Ôòæ
    Ôòæ                                                                         Ôòæ
    Ôòæ <3 Playwright Team                                                      Ôòæ
    ÔòÜÔòÉÔòÉÔòÉÔòÉÔòÉÔòÉÔòÉÔòÉÔòÉÔòÉÔòÉÔòÉÔòÉÔòÉÔòÉÔòÉÔòÉÔòÉÔòÉÔòÉÔòÉÔòÉÔòÉÔòÉÔòÉÔòÉÔòÉÔòÉÔòÉÔòÉÔòÉÔòÉÔòÉÔòÉÔòÉÔòÉÔòÉÔòÉÔòÉÔòÉÔòÉÔòÉÔòÉÔòÉÔòÉÔòÉÔòÉÔòÉÔòÉÔòÉÔòÉÔòÉÔòÉÔòÉÔòÉÔòÉÔòÉÔòÉÔòÉÔòÉÔòÉÔòÉÔòÉÔòÉÔòÉÔòÉÔòÉÔòÉÔòÉÔòÉÔòÉÔòÉÔòÉÔòØ


[1A[2K[528/580] [chromium] ÔÇ║ src\tests\e2e\stories.spec.ts:13:5 ÔÇ║ Stories ÔÇ║ debe testear historia 11
[1A[2K[529/580] [chromium] ÔÇ║ src\tests\e2e\stories.spec.ts:13:5 ÔÇ║ Stories ÔÇ║ debe testear historia 12
[1A[2K  528) [chromium] ÔÇ║ src\tests\e2e\stories.spec.ts:13:5 ÔÇ║ Stories ÔÇ║ debe testear historia 11 ÔöÇÔöÇÔöÇÔöÇÔöÇÔöÇÔöÇÔöÇ

    Error: browserType.launch: Executable doesn't exist at C:\Users\conej\AppData\Local\ms-playwright\chromium_headless_shell-1200\chrome-headless-shell-win64\chrome-headless-shell.exe
    ÔòöÔòÉÔòÉÔòÉÔòÉÔòÉÔòÉÔòÉÔòÉÔòÉÔòÉÔòÉÔòÉÔòÉÔòÉÔòÉÔòÉÔòÉÔòÉÔòÉÔòÉÔòÉÔòÉÔòÉÔòÉÔòÉÔòÉÔòÉÔòÉÔòÉÔòÉÔòÉÔòÉÔòÉÔòÉÔòÉÔòÉÔòÉÔòÉÔòÉÔòÉÔòÉÔòÉÔòÉÔòÉÔòÉÔòÉÔòÉÔòÉÔòÉÔòÉÔòÉÔòÉÔòÉÔòÉÔòÉÔòÉÔòÉÔòÉÔòÉÔòÉÔòÉÔòÉÔòÉÔòÉÔòÉÔòÉÔòÉÔòÉÔòÉÔòÉÔòÉÔòÉÔòÉÔòù
    Ôòæ Looks like Playwright Test or Playwright was just installed or updated. Ôòæ
    Ôòæ Please run the following command to download new browsers:              Ôòæ
    Ôòæ                                                                         Ôòæ
    Ôòæ     npx playwright install                                              Ôòæ
    Ôòæ                                                                         Ôòæ
    Ôòæ <3 Playwright Team                                                      Ôòæ
    ÔòÜÔòÉÔòÉÔòÉÔòÉÔòÉÔòÉÔòÉÔòÉÔòÉÔòÉÔòÉÔòÉÔòÉÔòÉÔòÉÔòÉÔòÉÔòÉÔòÉÔòÉÔòÉÔòÉÔòÉÔòÉÔòÉÔòÉÔòÉÔòÉÔòÉÔòÉÔòÉÔòÉÔòÉÔòÉÔòÉÔòÉÔòÉÔòÉÔòÉÔòÉÔòÉÔòÉÔòÉÔòÉÔòÉÔòÉÔòÉÔòÉÔòÉÔòÉÔòÉÔòÉÔòÉÔòÉÔòÉÔòÉÔòÉÔòÉÔòÉÔòÉÔòÉÔòÉÔòÉÔòÉÔòÉÔòÉÔòÉÔòÉÔòÉÔòÉÔòÉÔòÉÔòÉÔòØ


[1A[2K[530/580] [chromium] ÔÇ║ src\tests\e2e\stories.spec.ts:13:5 ÔÇ║ Stories ÔÇ║ debe testear historia 13
[1A[2K[531/580] [chromium] ÔÇ║ src\tests\e2e\stories.spec.ts:13:5 ÔÇ║ Stories ÔÇ║ debe testear historia 14
[1A[2K  529) [chromium] ÔÇ║ src\tests\e2e\stories.spec.ts:13:5 ÔÇ║ Stories ÔÇ║ debe testear historia 12 ÔöÇÔöÇÔöÇÔöÇÔöÇÔöÇÔöÇÔöÇ

    Error: browserType.launch: Executable doesn't exist at C:\Users\conej\AppData\Local\ms-playwright\chromium_headless_shell-1200\chrome-headless-shell-win64\chrome-headless-shell.exe
    ÔòöÔòÉÔòÉÔòÉÔòÉÔòÉÔòÉÔòÉÔòÉÔòÉÔòÉÔòÉÔòÉÔòÉÔòÉÔòÉÔòÉÔòÉÔòÉÔòÉÔòÉÔòÉÔòÉÔòÉÔòÉÔòÉÔòÉÔòÉÔòÉÔòÉÔòÉÔòÉÔòÉÔòÉÔòÉÔòÉÔòÉÔòÉÔòÉÔòÉÔòÉÔòÉÔòÉÔòÉÔòÉÔòÉÔòÉÔòÉÔòÉÔòÉÔòÉÔòÉÔòÉÔòÉÔòÉÔòÉÔòÉÔòÉÔòÉÔòÉÔòÉÔòÉÔòÉÔòÉÔòÉÔòÉÔòÉÔòÉÔòÉÔòÉÔòÉÔòÉÔòÉÔòÉÔòù
    Ôòæ Looks like Playwright Test or Playwright was just installed or updated. Ôòæ
    Ôòæ Please run the following command to download new browsers:              Ôòæ
    Ôòæ                                                                         Ôòæ
    Ôòæ     npx playwright install                                              Ôòæ
    Ôòæ                                                                         Ôòæ
    Ôòæ <3 Playwright Team                                                      Ôòæ
    ÔòÜÔòÉÔòÉÔòÉÔòÉÔòÉÔòÉÔòÉÔòÉÔòÉÔòÉÔòÉÔòÉÔòÉÔòÉÔòÉÔòÉÔòÉÔòÉÔòÉÔòÉÔòÉÔòÉÔòÉÔòÉÔòÉÔòÉÔòÉÔòÉÔòÉÔòÉÔòÉÔòÉÔòÉÔòÉÔòÉÔòÉÔòÉÔòÉÔòÉÔòÉÔòÉÔòÉÔòÉÔòÉÔòÉÔòÉÔòÉÔòÉÔòÉÔòÉÔòÉÔòÉÔòÉÔòÉÔòÉÔòÉÔòÉÔòÉÔòÉÔòÉÔòÉÔòÉÔòÉÔòÉÔòÉÔòÉÔòÉÔòÉÔòÉÔòÉÔòÉÔòÉÔòÉÔòØ


[1A[2K  530) [chromium] ÔÇ║ src\tests\e2e\stories.spec.ts:13:5 ÔÇ║ Stories ÔÇ║ debe testear historia 13 ÔöÇÔöÇÔöÇÔöÇÔöÇÔöÇÔöÇÔöÇ

    Error: browserType.launch: Executable doesn't exist at C:\Users\conej\AppData\Local\ms-playwright\chromium_headless_shell-1200\chrome-headless-shell-win64\chrome-headless-shell.exe
    ÔòöÔòÉÔòÉÔòÉÔòÉÔòÉÔòÉÔòÉÔòÉÔòÉÔòÉÔòÉÔòÉÔòÉÔòÉÔòÉÔòÉÔòÉÔòÉÔòÉÔòÉÔòÉÔòÉÔòÉÔòÉÔòÉÔòÉÔòÉÔòÉÔòÉÔòÉÔòÉÔòÉÔòÉÔòÉÔòÉÔòÉÔòÉÔòÉÔòÉÔòÉÔòÉÔòÉÔòÉÔòÉÔòÉÔòÉÔòÉÔòÉÔòÉÔòÉÔòÉÔòÉÔòÉÔòÉÔòÉÔòÉÔòÉÔòÉÔòÉÔòÉÔòÉÔòÉÔòÉÔòÉÔòÉÔòÉÔòÉÔòÉÔòÉÔòÉÔòÉÔòÉÔòÉÔòù
    Ôòæ Looks like Playwright Test or Playwright was just installed or updated. Ôòæ
    Ôòæ Please run the following command to download new browsers:              Ôòæ
    Ôòæ                                                                         Ôòæ
    Ôòæ     npx playwright install                                              Ôòæ
    Ôòæ                                                                         Ôòæ
    Ôòæ <3 Playwright Team                                                      Ôòæ
    ÔòÜÔòÉÔòÉÔòÉÔòÉÔòÉÔòÉÔòÉÔòÉÔòÉÔòÉÔòÉÔòÉÔòÉÔòÉÔòÉÔòÉÔòÉÔòÉÔòÉÔòÉÔòÉÔòÉÔòÉÔòÉÔòÉÔòÉÔòÉÔòÉÔòÉÔòÉÔòÉÔòÉÔòÉÔòÉÔòÉÔòÉÔòÉÔòÉÔòÉÔòÉÔòÉÔòÉÔòÉÔòÉÔòÉÔòÉÔòÉÔòÉÔòÉÔòÉÔòÉÔòÉÔòÉÔòÉÔòÉÔòÉÔòÉÔòÉÔòÉÔòÉÔòÉÔòÉÔòÉÔòÉÔòÉÔòÉÔòÉÔòÉÔòÉÔòÉÔòÉÔòÉÔòÉÔòØ


[1A[2K  531) [chromium] ÔÇ║ src\tests\e2e\stories.spec.ts:13:5 ÔÇ║ Stories ÔÇ║ debe testear historia 14 ÔöÇÔöÇÔöÇÔöÇÔöÇÔöÇÔöÇÔöÇ

    Error: browserType.launch: Executable doesn't exist at C:\Users\conej\AppData\Local\ms-playwright\chromium_headless_shell-1200\chrome-headless-shell-win64\chrome-headless-shell.exe
    ÔòöÔòÉÔòÉÔòÉÔòÉÔòÉÔòÉÔòÉÔòÉÔòÉÔòÉÔòÉÔòÉÔòÉÔòÉÔòÉÔòÉÔòÉÔòÉÔòÉÔòÉÔòÉÔòÉÔòÉÔòÉÔòÉÔòÉÔòÉÔòÉÔòÉÔòÉÔòÉÔòÉÔòÉÔòÉÔòÉÔòÉÔòÉÔòÉÔòÉÔòÉÔòÉÔòÉÔòÉÔòÉÔòÉÔòÉÔòÉÔòÉÔòÉÔòÉÔòÉÔòÉÔòÉÔòÉÔòÉÔòÉÔòÉÔòÉÔòÉÔòÉÔòÉÔòÉÔòÉÔòÉÔòÉÔòÉÔòÉÔòÉÔòÉÔòÉÔòÉÔòÉÔòÉÔòù
    Ôòæ Looks like Playwright Test or Playwright was just installed or updated. Ôòæ
    Ôòæ Please run the following command to download new browsers:              Ôòæ
    Ôòæ                                                                         Ôòæ
    Ôòæ     npx playwright install                                              Ôòæ
    Ôòæ                                                                         Ôòæ
    Ôòæ <3 Playwright Team                                                      Ôòæ
    ÔòÜÔòÉÔòÉÔòÉÔòÉÔòÉÔòÉÔòÉÔòÉÔòÉÔòÉÔòÉÔòÉÔòÉÔòÉÔòÉÔòÉÔòÉÔòÉÔòÉÔòÉÔòÉÔòÉÔòÉÔòÉÔòÉÔòÉÔòÉÔòÉÔòÉÔòÉÔòÉÔòÉÔòÉÔòÉÔòÉÔòÉÔòÉÔòÉÔòÉÔòÉÔòÉÔòÉÔòÉÔòÉÔòÉÔòÉÔòÉÔòÉÔòÉÔòÉÔòÉÔòÉÔòÉÔòÉÔòÉÔòÉÔòÉÔòÉÔòÉÔòÉÔòÉÔòÉÔòÉÔòÉÔòÉÔòÉÔòÉÔòÉÔòÉÔòÉÔòÉÔòÉÔòÉÔòØ


[1A[2K[532/580] [chromium] ÔÇ║ src\tests\e2e\stories.spec.ts:13:5 ÔÇ║ Stories ÔÇ║ debe testear historia 15
[1A[2K  532) [chromium] ÔÇ║ src\tests\e2e\stories.spec.ts:13:5 ÔÇ║ Stories ÔÇ║ debe testear historia 15 ÔöÇÔöÇÔöÇÔöÇÔöÇÔöÇÔöÇÔöÇ

    Error: browserType.launch: Executable doesn't exist at C:\Users\conej\AppData\Local\ms-playwright\chromium_headless_shell-1200\chrome-headless-shell-win64\chrome-headless-shell.exe
    ÔòöÔòÉÔòÉÔòÉÔòÉÔòÉÔòÉÔòÉÔòÉÔòÉÔòÉÔòÉÔòÉÔòÉÔòÉÔòÉÔòÉÔòÉÔòÉÔòÉÔòÉÔòÉÔòÉÔòÉÔòÉÔòÉÔòÉÔòÉÔòÉÔòÉÔòÉÔòÉÔòÉÔòÉÔòÉÔòÉÔòÉÔòÉÔòÉÔòÉÔòÉÔòÉÔòÉÔòÉÔòÉÔòÉÔòÉÔòÉÔòÉÔòÉÔòÉÔòÉÔòÉÔòÉÔòÉÔòÉÔòÉÔòÉÔòÉÔòÉÔòÉÔòÉÔòÉÔòÉÔòÉÔòÉÔòÉÔòÉÔòÉÔòÉÔòÉÔòÉÔòÉÔòÉÔòù
    Ôòæ Looks like Playwright Test or Playwright was just installed or updated. Ôòæ
    Ôòæ Please run the following command to download new browsers:              Ôòæ
    Ôòæ                                                                         Ôòæ
    Ôòæ     npx playwright install                                              Ôòæ
    Ôòæ                                                                         Ôòæ
    Ôòæ <3 Playwright Team                                                      Ôòæ
    ÔòÜÔòÉÔòÉÔòÉÔòÉÔòÉÔòÉÔòÉÔòÉÔòÉÔòÉÔòÉÔòÉÔòÉÔòÉÔòÉÔòÉÔòÉÔòÉÔòÉÔòÉÔòÉÔòÉÔòÉÔòÉÔòÉÔòÉÔòÉÔòÉÔòÉÔòÉÔòÉÔòÉÔòÉÔòÉÔòÉÔòÉÔòÉÔòÉÔòÉÔòÉÔòÉÔòÉÔòÉÔòÉÔòÉÔòÉÔòÉÔòÉÔòÉÔòÉÔòÉÔòÉÔòÉÔòÉÔòÉÔòÉÔòÉÔòÉÔòÉÔòÉÔòÉÔòÉÔòÉÔòÉÔòÉÔòÉÔòÉÔòÉÔòÉÔòÉÔòÉÔòÉÔòÉÔòØ


[1A[2K[533/580] [chromium] ÔÇ║ src\tests\e2e\stories.spec.ts:13:5 ÔÇ║ Stories ÔÇ║ debe testear historia 16
[1A[2K  533) [chromium] ÔÇ║ src\tests\e2e\stories.spec.ts:13:5 ÔÇ║ Stories ÔÇ║ debe testear historia 16 ÔöÇÔöÇÔöÇÔöÇÔöÇÔöÇÔöÇÔöÇ

    Error: browserType.launch: Executable doesn't exist at C:\Users\conej\AppData\Local\ms-playwright\chromium_headless_shell-1200\chrome-headless-shell-win64\chrome-headless-shell.exe
    ÔòöÔòÉÔòÉÔòÉÔòÉÔòÉÔòÉÔòÉÔòÉÔòÉÔòÉÔòÉÔòÉÔòÉÔòÉÔòÉÔòÉÔòÉÔòÉÔòÉÔòÉÔòÉÔòÉÔòÉÔòÉÔòÉÔòÉÔòÉÔòÉÔòÉÔòÉÔòÉÔòÉÔòÉÔòÉÔòÉÔòÉÔòÉÔòÉÔòÉÔòÉÔòÉÔòÉÔòÉÔòÉÔòÉÔòÉÔòÉÔòÉÔòÉÔòÉÔòÉÔòÉÔòÉÔòÉÔòÉÔòÉÔòÉÔòÉÔòÉÔòÉÔòÉÔòÉÔòÉÔòÉÔòÉÔòÉÔòÉÔòÉÔòÉÔòÉÔòÉÔòÉÔòÉÔòù
    Ôòæ Looks like Playwright Test or Playwright was just installed or updated. Ôòæ
    Ôòæ Please run the following command to download new browsers:              Ôòæ
    Ôòæ                                                                         Ôòæ
    Ôòæ     npx playwright install                                              Ôòæ
    Ôòæ                                                                         Ôòæ
    Ôòæ <3 Playwright Team                                                      Ôòæ
    ÔòÜÔòÉÔòÉÔòÉÔòÉÔòÉÔòÉÔòÉÔòÉÔòÉÔòÉÔòÉÔòÉÔòÉÔòÉÔòÉÔòÉÔòÉÔòÉÔòÉÔòÉÔòÉÔòÉÔòÉÔòÉÔòÉÔòÉÔòÉÔòÉÔòÉÔòÉÔòÉÔòÉÔòÉÔòÉÔòÉÔòÉÔòÉÔòÉÔòÉÔòÉÔòÉÔòÉÔòÉÔòÉÔòÉÔòÉÔòÉÔòÉÔòÉÔòÉÔòÉÔòÉÔòÉÔòÉÔòÉÔòÉÔòÉÔòÉÔòÉÔòÉÔòÉÔòÉÔòÉÔòÉÔòÉÔòÉÔòÉÔòÉÔòÉÔòÉÔòÉÔòÉÔòÉÔòØ


[1A[2K[534/580] [chromium] ÔÇ║ src\tests\e2e\stories.spec.ts:13:5 ÔÇ║ Stories ÔÇ║ debe testear historia 17
[1A[2K  534) [chromium] ÔÇ║ src\tests\e2e\stories.spec.ts:13:5 ÔÇ║ Stories ÔÇ║ debe testear historia 17 ÔöÇÔöÇÔöÇÔöÇÔöÇÔöÇÔöÇÔöÇ

    Error: browserType.launch: Executable doesn't exist at C:\Users\conej\AppData\Local\ms-playwright\chromium_headless_shell-1200\chrome-headless-shell-win64\chrome-headless-shell.exe
    ÔòöÔòÉÔòÉÔòÉÔòÉÔòÉÔòÉÔòÉÔòÉÔòÉÔòÉÔòÉÔòÉÔòÉÔòÉÔòÉÔòÉÔòÉÔòÉÔòÉÔòÉÔòÉÔòÉÔòÉÔòÉÔòÉÔòÉÔòÉÔòÉÔòÉÔòÉÔòÉÔòÉÔòÉÔòÉÔòÉÔòÉÔòÉÔòÉÔòÉÔòÉÔòÉÔòÉÔòÉÔòÉÔòÉÔòÉÔòÉÔòÉÔòÉÔòÉÔòÉÔòÉÔòÉÔòÉÔòÉÔòÉÔòÉÔòÉÔòÉÔòÉÔòÉÔòÉÔòÉÔòÉÔòÉÔòÉÔòÉÔòÉÔòÉÔòÉÔòÉÔòÉÔòÉÔòù
    Ôòæ Looks like Playwright Test or Playwright was just installed or updated. Ôòæ
    Ôòæ Please run the following command to download new browsers:              Ôòæ
    Ôòæ                                                                         Ôòæ
    Ôòæ     npx playwright install                                              Ôòæ
    Ôòæ                                                                         Ôòæ
    Ôòæ <3 Playwright Team                                                      Ôòæ
    ÔòÜÔòÉÔòÉÔòÉÔòÉÔòÉÔòÉÔòÉÔòÉÔòÉÔòÉÔòÉÔòÉÔòÉÔòÉÔòÉÔòÉÔòÉÔòÉÔòÉÔòÉÔòÉÔòÉÔòÉÔòÉÔòÉÔòÉÔòÉÔòÉÔòÉÔòÉÔòÉÔòÉÔòÉÔòÉÔòÉÔòÉÔòÉÔòÉÔòÉÔòÉÔòÉÔòÉÔòÉÔòÉÔòÉÔòÉÔòÉÔòÉÔòÉÔòÉÔòÉÔòÉÔòÉÔòÉÔòÉÔòÉÔòÉÔòÉÔòÉÔòÉÔòÉÔòÉÔòÉÔòÉÔòÉÔòÉÔòÉÔòÉÔòÉÔòÉÔòÉÔòÉÔòÉÔòØ


[1A[2K[535/580] [chromium] ÔÇ║ src\tests\e2e\stories.spec.ts:13:5 ÔÇ║ Stories ÔÇ║ debe testear historia 18
[1A[2K  535) [chromium] ÔÇ║ src\tests\e2e\stories.spec.ts:13:5 ÔÇ║ Stories ÔÇ║ debe testear historia 18 ÔöÇÔöÇÔöÇÔöÇÔöÇÔöÇÔöÇÔöÇ

    Error: browserType.launch: Executable doesn't exist at C:\Users\conej\AppData\Local\ms-playwright\chromium_headless_shell-1200\chrome-headless-shell-win64\chrome-headless-shell.exe
    ÔòöÔòÉÔòÉÔòÉÔòÉÔòÉÔòÉÔòÉÔòÉÔòÉÔòÉÔòÉÔòÉÔòÉÔòÉÔòÉÔòÉÔòÉÔòÉÔòÉÔòÉÔòÉÔòÉÔòÉÔòÉÔòÉÔòÉÔòÉÔòÉÔòÉÔòÉÔòÉÔòÉÔòÉÔòÉÔòÉÔòÉÔòÉÔòÉÔòÉÔòÉÔòÉÔòÉÔòÉÔòÉÔòÉÔòÉÔòÉÔòÉÔòÉÔòÉÔòÉÔòÉÔòÉÔòÉÔòÉÔòÉÔòÉÔòÉÔòÉÔòÉÔòÉÔòÉÔòÉÔòÉÔòÉÔòÉÔòÉÔòÉÔòÉÔòÉÔòÉÔòÉÔòÉÔòù
    Ôòæ Looks like Playwright Test or Playwright was just installed or updated. Ôòæ
    Ôòæ Please run the following command to download new browsers:              Ôòæ
    Ôòæ                                                                         Ôòæ
    Ôòæ     npx playwright install                                              Ôòæ
    Ôòæ                                                                         Ôòæ
    Ôòæ <3 Playwright Team                                                      Ôòæ
    ÔòÜÔòÉÔòÉÔòÉÔòÉÔòÉÔòÉÔòÉÔòÉÔòÉÔòÉÔòÉÔòÉÔòÉÔòÉÔòÉÔòÉÔòÉÔòÉÔòÉÔòÉÔòÉÔòÉÔòÉÔòÉÔòÉÔòÉÔòÉÔòÉÔòÉÔòÉÔòÉÔòÉÔòÉÔòÉÔòÉÔòÉÔòÉÔòÉÔòÉÔòÉÔòÉÔòÉÔòÉÔòÉÔòÉÔòÉÔòÉÔòÉÔòÉÔòÉÔòÉÔòÉÔòÉÔòÉÔòÉÔòÉÔòÉÔòÉÔòÉÔòÉÔòÉÔòÉÔòÉÔòÉÔòÉÔòÉÔòÉÔòÉÔòÉÔòÉÔòÉÔòÉÔòÉÔòØ


[1A[2K[536/580] [chromium] ÔÇ║ src\tests\e2e\stories.spec.ts:13:5 ÔÇ║ Stories ÔÇ║ debe testear historia 19
[1A[2K[537/580] [chromium] ÔÇ║ src\tests\e2e\stories.spec.ts:13:5 ÔÇ║ Stories ÔÇ║ debe testear historia 20
[1A[2K[538/580] [chromium] ÔÇ║ src\tests\e2e\stories.spec.ts:13:5 ÔÇ║ Stories ÔÇ║ debe testear historia 21
[1A[2K  536) [chromium] ÔÇ║ src\tests\e2e\stories.spec.ts:13:5 ÔÇ║ Stories ÔÇ║ debe testear historia 19 ÔöÇÔöÇÔöÇÔöÇÔöÇÔöÇÔöÇÔöÇ

    Error: browserType.launch: Executable doesn't exist at C:\Users\conej\AppData\Local\ms-playwright\chromium_headless_shell-1200\chrome-headless-shell-win64\chrome-headless-shell.exe
    ÔòöÔòÉÔòÉÔòÉÔòÉÔòÉÔòÉÔòÉÔòÉÔòÉÔòÉÔòÉÔòÉÔòÉÔòÉÔòÉÔòÉÔòÉÔòÉÔòÉÔòÉÔòÉÔòÉÔòÉÔòÉÔòÉÔòÉÔòÉÔòÉÔòÉÔòÉÔòÉÔòÉÔòÉÔòÉÔòÉÔòÉÔòÉÔòÉÔòÉÔòÉÔòÉÔòÉÔòÉÔòÉÔòÉÔòÉÔòÉÔòÉÔòÉÔòÉÔòÉÔòÉÔòÉÔòÉÔòÉÔòÉÔòÉÔòÉÔòÉÔòÉÔòÉÔòÉÔòÉÔòÉÔòÉÔòÉÔòÉÔòÉÔòÉÔòÉÔòÉÔòÉÔòÉÔòù
    Ôòæ Looks like Playwright Test or Playwright was just installed or updated. Ôòæ
    Ôòæ Please run the following command to download new browsers:              Ôòæ
    Ôòæ                                                                         Ôòæ
    Ôòæ     npx playwright install                                              Ôòæ
    Ôòæ                                                                         Ôòæ
    Ôòæ <3 Playwright Team                                                      Ôòæ
    ÔòÜÔòÉÔòÉÔòÉÔòÉÔòÉÔòÉÔòÉÔòÉÔòÉÔòÉÔòÉÔòÉÔòÉÔòÉÔòÉÔòÉÔòÉÔòÉÔòÉÔòÉÔòÉÔòÉÔòÉÔòÉÔòÉÔòÉÔòÉÔòÉÔòÉÔòÉÔòÉÔòÉÔòÉÔòÉÔòÉÔòÉÔòÉÔòÉÔòÉÔòÉÔòÉÔòÉÔòÉÔòÉÔòÉÔòÉÔòÉÔòÉÔòÉÔòÉÔòÉÔòÉÔòÉÔòÉÔòÉÔòÉÔòÉÔòÉÔòÉÔòÉÔòÉÔòÉÔòÉÔòÉÔòÉÔòÉÔòÉÔòÉÔòÉÔòÉÔòÉÔòÉÔòÉÔòØ


[1A[2K[539/580] [chromium] ÔÇ║ src\tests\e2e\stories.spec.ts:13:5 ÔÇ║ Stories ÔÇ║ debe testear historia 22
[1A[2K  537) [chromium] ÔÇ║ src\tests\e2e\stories.spec.ts:13:5 ÔÇ║ Stories ÔÇ║ debe testear historia 20 ÔöÇÔöÇÔöÇÔöÇÔöÇÔöÇÔöÇÔöÇ

    Error: browserType.launch: Executable doesn't exist at C:\Users\conej\AppData\Local\ms-playwright\chromium_headless_shell-1200\chrome-headless-shell-win64\chrome-headless-shell.exe
    ÔòöÔòÉÔòÉÔòÉÔòÉÔòÉÔòÉÔòÉÔòÉÔòÉÔòÉÔòÉÔòÉÔòÉÔòÉÔòÉÔòÉÔòÉÔòÉÔòÉÔòÉÔòÉÔòÉÔòÉÔòÉÔòÉÔòÉÔòÉÔòÉÔòÉÔòÉÔòÉÔòÉÔòÉÔòÉÔòÉÔòÉÔòÉÔòÉÔòÉÔòÉÔòÉÔòÉÔòÉÔòÉÔòÉÔòÉÔòÉÔòÉÔòÉÔòÉÔòÉÔòÉÔòÉÔòÉÔòÉÔòÉÔòÉÔòÉÔòÉÔòÉÔòÉÔòÉÔòÉÔòÉÔòÉÔòÉÔòÉÔòÉÔòÉÔòÉÔòÉÔòÉÔòÉÔòù
    Ôòæ Looks like Playwright Test or Playwright was just installed or updated. Ôòæ
    Ôòæ Please run the following command to download new browsers:              Ôòæ
    Ôòæ                                                                         Ôòæ
    Ôòæ     npx playwright install                                              Ôòæ
    Ôòæ                                                                         Ôòæ
    Ôòæ <3 Playwright Team                                                      Ôòæ
    ÔòÜÔòÉÔòÉÔòÉÔòÉÔòÉÔòÉÔòÉÔòÉÔòÉÔòÉÔòÉÔòÉÔòÉÔòÉÔòÉÔòÉÔòÉÔòÉÔòÉÔòÉÔòÉÔòÉÔòÉÔòÉÔòÉÔòÉÔòÉÔòÉÔòÉÔòÉÔòÉÔòÉÔòÉÔòÉÔòÉÔòÉÔòÉÔòÉÔòÉÔòÉÔòÉÔòÉÔòÉÔòÉÔòÉÔòÉÔòÉÔòÉÔòÉÔòÉÔòÉÔòÉÔòÉÔòÉÔòÉÔòÉÔòÉÔòÉÔòÉÔòÉÔòÉÔòÉÔòÉÔòÉÔòÉÔòÉÔòÉÔòÉÔòÉÔòÉÔòÉÔòÉÔòÉÔòØ


[1A[2K  538) [chromium] ÔÇ║ src\tests\e2e\stories.spec.ts:13:5 ÔÇ║ Stories ÔÇ║ debe testear historia 21 ÔöÇÔöÇÔöÇÔöÇÔöÇÔöÇÔöÇÔöÇ

    Error: browserType.launch: Executable doesn't exist at C:\Users\conej\AppData\Local\ms-playwright\chromium_headless_shell-1200\chrome-headless-shell-win64\chrome-headless-shell.exe
    ÔòöÔòÉÔòÉÔòÉÔòÉÔòÉÔòÉÔòÉÔòÉÔòÉÔòÉÔòÉÔòÉÔòÉÔòÉÔòÉÔòÉÔòÉÔòÉÔòÉÔòÉÔòÉÔòÉÔòÉÔòÉÔòÉÔòÉÔòÉÔòÉÔòÉÔòÉÔòÉÔòÉÔòÉÔòÉÔòÉÔòÉÔòÉÔòÉÔòÉÔòÉÔòÉÔòÉÔòÉÔòÉÔòÉÔòÉÔòÉÔòÉÔòÉÔòÉÔòÉÔòÉÔòÉÔòÉÔòÉÔòÉÔòÉÔòÉÔòÉÔòÉÔòÉÔòÉÔòÉÔòÉÔòÉÔòÉÔòÉÔòÉÔòÉÔòÉÔòÉÔòÉÔòÉÔòù
    Ôòæ Looks like Playwright Test or Playwright was just installed or updated. Ôòæ
    Ôòæ Please run the following command to download new browsers:              Ôòæ
    Ôòæ                                                                         Ôòæ
    Ôòæ     npx playwright install                                              Ôòæ
    Ôòæ                                                                         Ôòæ
    Ôòæ <3 Playwright Team                                                      Ôòæ
    ÔòÜÔòÉÔòÉÔòÉÔòÉÔòÉÔòÉÔòÉÔòÉÔòÉÔòÉÔòÉÔòÉÔòÉÔòÉÔòÉÔòÉÔòÉÔòÉÔòÉÔòÉÔòÉÔòÉÔòÉÔòÉÔòÉÔòÉÔòÉÔòÉÔòÉÔòÉÔòÉÔòÉÔòÉÔòÉÔòÉÔòÉÔòÉÔòÉÔòÉÔòÉÔòÉÔòÉÔòÉÔòÉÔòÉÔòÉÔòÉÔòÉÔòÉÔòÉÔòÉÔòÉÔòÉÔòÉÔòÉÔòÉÔòÉÔòÉÔòÉÔòÉÔòÉÔòÉÔòÉÔòÉÔòÉÔòÉÔòÉÔòÉÔòÉÔòÉÔòÉÔòÉÔòÉÔòØ


[1A[2K[540/580] [chromium] ÔÇ║ src\tests\e2e\stories.spec.ts:13:5 ÔÇ║ Stories ÔÇ║ debe testear historia 23
[1A[2K  539) [chromium] ÔÇ║ src\tests\e2e\stories.spec.ts:13:5 ÔÇ║ Stories ÔÇ║ debe testear historia 22 ÔöÇÔöÇÔöÇÔöÇÔöÇÔöÇÔöÇÔöÇ

    Error: browserType.launch: Executable doesn't exist at C:\Users\conej\AppData\Local\ms-playwright\chromium_headless_shell-1200\chrome-headless-shell-win64\chrome-headless-shell.exe
    ÔòöÔòÉÔòÉÔòÉÔòÉÔòÉÔòÉÔòÉÔòÉÔòÉÔòÉÔòÉÔòÉÔòÉÔòÉÔòÉÔòÉÔòÉÔòÉÔòÉÔòÉÔòÉÔòÉÔòÉÔòÉÔòÉÔòÉÔòÉÔòÉÔòÉÔòÉÔòÉÔòÉÔòÉÔòÉÔòÉÔòÉÔòÉÔòÉÔòÉÔòÉÔòÉÔòÉÔòÉÔòÉÔòÉÔòÉÔòÉÔòÉÔòÉÔòÉÔòÉÔòÉÔòÉÔòÉÔòÉÔòÉÔòÉÔòÉÔòÉÔòÉÔòÉÔòÉÔòÉÔòÉÔòÉÔòÉÔòÉÔòÉÔòÉÔòÉÔòÉÔòÉÔòÉÔòù
    Ôòæ Looks like Playwright Test or Playwright was just installed or updated. Ôòæ
    Ôòæ Please run the following command to download new browsers:              Ôòæ
    Ôòæ                                                                         Ôòæ
    Ôòæ     npx playwright install                                              Ôòæ
    Ôòæ                                                                         Ôòæ
    Ôòæ <3 Playwright Team                                                      Ôòæ
    ÔòÜÔòÉÔòÉÔòÉÔòÉÔòÉÔòÉÔòÉÔòÉÔòÉÔòÉÔòÉÔòÉÔòÉÔòÉÔòÉÔòÉÔòÉÔòÉÔòÉÔòÉÔòÉÔòÉÔòÉÔòÉÔòÉÔòÉÔòÉÔòÉÔòÉÔòÉÔòÉÔòÉÔòÉÔòÉÔòÉÔòÉÔòÉÔòÉÔòÉÔòÉÔòÉÔòÉÔòÉÔòÉÔòÉÔòÉÔòÉÔòÉÔòÉÔòÉÔòÉÔòÉÔòÉÔòÉÔòÉÔòÉÔòÉÔòÉÔòÉÔòÉÔòÉÔòÉÔòÉÔòÉÔòÉÔòÉÔòÉÔòÉÔòÉÔòÉÔòÉÔòÉÔòÉÔòØ


[1A[2K  540) [chromium] ÔÇ║ src\tests\e2e\stories.spec.ts:13:5 ÔÇ║ Stories ÔÇ║ debe testear historia 23 ÔöÇÔöÇÔöÇÔöÇÔöÇÔöÇÔöÇÔöÇ

    Error: browserType.launch: Executable doesn't exist at C:\Users\conej\AppData\Local\ms-playwright\chromium_headless_shell-1200\chrome-headless-shell-win64\chrome-headless-shell.exe
    ÔòöÔòÉÔòÉÔòÉÔòÉÔòÉÔòÉÔòÉÔòÉÔòÉÔòÉÔòÉÔòÉÔòÉÔòÉÔòÉÔòÉÔòÉÔòÉÔòÉÔòÉÔòÉÔòÉÔòÉÔòÉÔòÉÔòÉÔòÉÔòÉÔòÉÔòÉÔòÉÔòÉÔòÉÔòÉÔòÉÔòÉÔòÉÔòÉÔòÉÔòÉÔòÉÔòÉÔòÉÔòÉÔòÉÔòÉÔòÉÔòÉÔòÉÔòÉÔòÉÔòÉÔòÉÔòÉÔòÉÔòÉÔòÉÔòÉÔòÉÔòÉÔòÉÔòÉÔòÉÔòÉÔòÉÔòÉÔòÉÔòÉÔòÉÔòÉÔòÉÔòÉÔòÉÔòù
    Ôòæ Looks like Playwright Test or Playwright was just installed or updated. Ôòæ
    Ôòæ Please run the following command to download new browsers:              Ôòæ
    Ôòæ                                                                         Ôòæ
    Ôòæ     npx playwright install                                              Ôòæ
    Ôòæ                                                                         Ôòæ
    Ôòæ <3 Playwright Team                                                      Ôòæ
    ÔòÜÔòÉÔòÉÔòÉÔòÉÔòÉÔòÉÔòÉÔòÉÔòÉÔòÉÔòÉÔòÉÔòÉÔòÉÔòÉÔòÉÔòÉÔòÉÔòÉÔòÉÔòÉÔòÉÔòÉÔòÉÔòÉÔòÉÔòÉÔòÉÔòÉÔòÉÔòÉÔòÉÔòÉÔòÉÔòÉÔòÉÔòÉÔòÉÔòÉÔòÉÔòÉÔòÉÔòÉÔòÉÔòÉÔòÉÔòÉÔòÉÔòÉÔòÉÔòÉÔòÉÔòÉÔòÉÔòÉÔòÉÔòÉÔòÉÔòÉÔòÉÔòÉÔòÉÔòÉÔòÉÔòÉÔòÉÔòÉÔòÉÔòÉÔòÉÔòÉÔòÉÔòÉÔòØ


[1A[2K[541/580] [chromium] ÔÇ║ src\tests\e2e\stories.spec.ts:13:5 ÔÇ║ Stories ÔÇ║ debe testear historia 24
[1A[2K  541) [chromium] ÔÇ║ src\tests\e2e\stories.spec.ts:13:5 ÔÇ║ Stories ÔÇ║ debe testear historia 24 ÔöÇÔöÇÔöÇÔöÇÔöÇÔöÇÔöÇÔöÇ

    Error: browserType.launch: Executable doesn't exist at C:\Users\conej\AppData\Local\ms-playwright\chromium_headless_shell-1200\chrome-headless-shell-win64\chrome-headless-shell.exe
    ÔòöÔòÉÔòÉÔòÉÔòÉÔòÉÔòÉÔòÉÔòÉÔòÉÔòÉÔòÉÔòÉÔòÉÔòÉÔòÉÔòÉÔòÉÔòÉÔòÉÔòÉÔòÉÔòÉÔòÉÔòÉÔòÉÔòÉÔòÉÔòÉÔòÉÔòÉÔòÉÔòÉÔòÉÔòÉÔòÉÔòÉÔòÉÔòÉÔòÉÔòÉÔòÉÔòÉÔòÉÔòÉÔòÉÔòÉÔòÉÔòÉÔòÉÔòÉÔòÉÔòÉÔòÉÔòÉÔòÉÔòÉÔòÉÔòÉÔòÉÔòÉÔòÉÔòÉÔòÉÔòÉÔòÉÔòÉÔòÉÔòÉÔòÉÔòÉÔòÉÔòÉÔòÉÔòù
    Ôòæ Looks like Playwright Test or Playwright was just installed or updated. Ôòæ
    Ôòæ Please run the following command to download new browsers:              Ôòæ
    Ôòæ                                                                         Ôòæ
    Ôòæ     npx playwright install                                              Ôòæ
    Ôòæ                                                                         Ôòæ
    Ôòæ <3 Playwright Team                                                      Ôòæ
    ÔòÜÔòÉÔòÉÔòÉÔòÉÔòÉÔòÉÔòÉÔòÉÔòÉÔòÉÔòÉÔòÉÔòÉÔòÉÔòÉÔòÉÔòÉÔòÉÔòÉÔòÉÔòÉÔòÉÔòÉÔòÉÔòÉÔòÉÔòÉÔòÉÔòÉÔòÉÔòÉÔòÉÔòÉÔòÉÔòÉÔòÉÔòÉÔòÉÔòÉÔòÉÔòÉÔòÉÔòÉÔòÉÔòÉÔòÉÔòÉÔòÉÔòÉÔòÉÔòÉÔòÉÔòÉÔòÉÔòÉÔòÉÔòÉÔòÉÔòÉÔòÉÔòÉÔòÉÔòÉÔòÉÔòÉÔòÉÔòÉÔòÉÔòÉÔòÉÔòÉÔòÉÔòÉÔòØ


[1A[2K[542/580] [chromium] ÔÇ║ src\tests\e2e\stories.spec.ts:13:5 ÔÇ║ Stories ÔÇ║ debe testear historia 25
[1A[2K  542) [chromium] ÔÇ║ src\tests\e2e\stories.spec.ts:13:5 ÔÇ║ Stories ÔÇ║ debe testear historia 25 ÔöÇÔöÇÔöÇÔöÇÔöÇÔöÇÔöÇÔöÇ

    Error: browserType.launch: Executable doesn't exist at C:\Users\conej\AppData\Local\ms-playwright\chromium_headless_shell-1200\chrome-headless-shell-win64\chrome-headless-shell.exe
    ÔòöÔòÉÔòÉÔòÉÔòÉÔòÉÔòÉÔòÉÔòÉÔòÉÔòÉÔòÉÔòÉÔòÉÔòÉÔòÉÔòÉÔòÉÔòÉÔòÉÔòÉÔòÉÔòÉÔòÉÔòÉÔòÉÔòÉÔòÉÔòÉÔòÉÔòÉÔòÉÔòÉÔòÉÔòÉÔòÉÔòÉÔòÉÔòÉÔòÉÔòÉÔòÉÔòÉÔòÉÔòÉÔòÉÔòÉÔòÉÔòÉÔòÉÔòÉÔòÉÔòÉÔòÉÔòÉÔòÉÔòÉÔòÉÔòÉÔòÉÔòÉÔòÉÔòÉÔòÉÔòÉÔòÉÔòÉÔòÉÔòÉÔòÉÔòÉÔòÉÔòÉÔòÉÔòù
    Ôòæ Looks like Playwright Test or Playwright was just installed or updated. Ôòæ
    Ôòæ Please run the following command to download new browsers:              Ôòæ
    Ôòæ                                                                         Ôòæ
    Ôòæ     npx playwright install                                              Ôòæ
    Ôòæ                                                                         Ôòæ
    Ôòæ <3 Playwright Team                                                      Ôòæ
    ÔòÜÔòÉÔòÉÔòÉÔòÉÔòÉÔòÉÔòÉÔòÉÔòÉÔòÉÔòÉÔòÉÔòÉÔòÉÔòÉÔòÉÔòÉÔòÉÔòÉÔòÉÔòÉÔòÉÔòÉÔòÉÔòÉÔòÉÔòÉÔòÉÔòÉÔòÉÔòÉÔòÉÔòÉÔòÉÔòÉÔòÉÔòÉÔòÉÔòÉÔòÉÔòÉÔòÉÔòÉÔòÉÔòÉÔòÉÔòÉÔòÉÔòÉÔòÉÔòÉÔòÉÔòÉÔòÉÔòÉÔòÉÔòÉÔòÉÔòÉÔòÉÔòÉÔòÉÔòÉÔòÉÔòÉÔòÉÔòÉÔòÉÔòÉÔòÉÔòÉÔòÉÔòÉÔòØ


[1A[2K[543/580] [chromium] ÔÇ║ src\tests\e2e\tokens-system.spec.ts:12:3 ÔÇ║ Tokens - Comprar CMPX ÔÇ║ debe mostrar paquetes de tokens (1000 CMPX = $300 MXN)
[1A[2K  543) [chromium] ÔÇ║ src\tests\e2e\tokens-system.spec.ts:12:3 ÔÇ║ Tokens - Comprar CMPX ÔÇ║ debe mostrar paquetes de tokens (1000 CMPX = $300 MXN) 

    Error: browserType.launch: Executable doesn't exist at C:\Users\conej\AppData\Local\ms-playwright\chromium_headless_shell-1200\chrome-headless-shell-win64\chrome-headless-shell.exe
    ÔòöÔòÉÔòÉÔòÉÔòÉÔòÉÔòÉÔòÉÔòÉÔòÉÔòÉÔòÉÔòÉÔòÉÔòÉÔòÉÔòÉÔòÉÔòÉÔòÉÔòÉÔòÉÔòÉÔòÉÔòÉÔòÉÔòÉÔòÉÔòÉÔòÉÔòÉÔòÉÔòÉÔòÉÔòÉÔòÉÔòÉÔòÉÔòÉÔòÉÔòÉÔòÉÔòÉÔòÉÔòÉÔòÉÔòÉÔòÉÔòÉÔòÉÔòÉÔòÉÔòÉÔòÉÔòÉÔòÉÔòÉÔòÉÔòÉÔòÉÔòÉÔòÉÔòÉÔòÉÔòÉÔòÉÔòÉÔòÉÔòÉÔòÉÔòÉÔòÉÔòÉÔòÉÔòù
    Ôòæ Looks like Playwright Test or Playwright was just installed or updated. Ôòæ
    Ôòæ Please run the following command to download new browsers:              Ôòæ
    Ôòæ                                                                         Ôòæ
    Ôòæ     npx playwright install                                              Ôòæ
    Ôòæ                                                                         Ôòæ
    Ôòæ <3 Playwright Team                                                      Ôòæ
    ÔòÜÔòÉÔòÉÔòÉÔòÉÔòÉÔòÉÔòÉÔòÉÔòÉÔòÉÔòÉÔòÉÔòÉÔòÉÔòÉÔòÉÔòÉÔòÉÔòÉÔòÉÔòÉÔòÉÔòÉÔòÉÔòÉÔòÉÔòÉÔòÉÔòÉÔòÉÔòÉÔòÉÔòÉÔòÉÔòÉÔòÉÔòÉÔòÉÔòÉÔòÉÔòÉÔòÉÔòÉÔòÉÔòÉÔòÉÔòÉÔòÉÔòÉÔòÉÔòÉÔòÉÔòÉÔòÉÔòÉÔòÉÔòÉÔòÉÔòÉÔòÉÔòÉÔòÉÔòÉÔòÉÔòÉÔòÉÔòÉÔòÉÔòÉÔòÉÔòÉÔòÉÔòÉÔòØ


[1A[2K[544/580] [chromium] ÔÇ║ src\tests\e2e\tokens-system.spec.ts:17:3 ÔÇ║ Tokens - Comprar CMPX ÔÇ║ debe mostrar precio en MXN
[1A[2K[545/580] [chromium] ÔÇ║ src\tests\e2e\tokens-system.spec.ts:27:3 ÔÇ║ Tokens - Comprar CMPX ÔÇ║ debe redirigir a Stripe para pago
[1A[2K[546/580] [chromium] ÔÇ║ src\tests\e2e\tokens-system.spec.ts:22:3 ÔÇ║ Tokens - Comprar CMPX ÔÇ║ debe tener bot├│n de compra
[1A[2K  544) [chromium] ÔÇ║ src\tests\e2e\tokens-system.spec.ts:17:3 ÔÇ║ Tokens - Comprar CMPX ÔÇ║ debe mostrar precio en MXN 

    Error: browserType.launch: Executable doesn't exist at C:\Users\conej\AppData\Local\ms-playwright\chromium_headless_shell-1200\chrome-headless-shell-win64\chrome-headless-shell.exe
    ÔòöÔòÉÔòÉÔòÉÔòÉÔòÉÔòÉÔòÉÔòÉÔòÉÔòÉÔòÉÔòÉÔòÉÔòÉÔòÉÔòÉÔòÉÔòÉÔòÉÔòÉÔòÉÔòÉÔòÉÔòÉÔòÉÔòÉÔòÉÔòÉÔòÉÔòÉÔòÉÔòÉÔòÉÔòÉÔòÉÔòÉÔòÉÔòÉÔòÉÔòÉÔòÉÔòÉÔòÉÔòÉÔòÉÔòÉÔòÉÔòÉÔòÉÔòÉÔòÉÔòÉÔòÉÔòÉÔòÉÔòÉÔòÉÔòÉÔòÉÔòÉÔòÉÔòÉÔòÉÔòÉÔòÉÔòÉÔòÉÔòÉÔòÉÔòÉÔòÉÔòÉÔòÉÔòù
    Ôòæ Looks like Playwright Test or Playwright was just installed or updated. Ôòæ
    Ôòæ Please run the following command to download new browsers:              Ôòæ
    Ôòæ                                                                         Ôòæ
    Ôòæ     npx playwright install                                              Ôòæ
    Ôòæ                                                                         Ôòæ
    Ôòæ <3 Playwright Team                                                      Ôòæ
    ÔòÜÔòÉÔòÉÔòÉÔòÉÔòÉÔòÉÔòÉÔòÉÔòÉÔòÉÔòÉÔòÉÔòÉÔòÉÔòÉÔòÉÔòÉÔòÉÔòÉÔòÉÔòÉÔòÉÔòÉÔòÉÔòÉÔòÉÔòÉÔòÉÔòÉÔòÉÔòÉÔòÉÔòÉÔòÉÔòÉÔòÉÔòÉÔòÉÔòÉÔòÉÔòÉÔòÉÔòÉÔòÉÔòÉÔòÉÔòÉÔòÉÔòÉÔòÉÔòÉÔòÉÔòÉÔòÉÔòÉÔòÉÔòÉÔòÉÔòÉÔòÉÔòÉÔòÉÔòÉÔòÉÔòÉÔòÉÔòÉÔòÉÔòÉÔòÉÔòÉÔòÉÔòÉÔòØ


[1A[2K[547/580] [chromium] ÔÇ║ src\tests\e2e\tokens-system.spec.ts:41:3 ÔÇ║ Tokens - Balance y Dashboard ÔÇ║ debe mostrar balance actual de CMPX
[1A[2K[548/580] [chromium] ÔÇ║ src\tests\e2e\tokens-system.spec.ts:46:3 ÔÇ║ Tokens - Balance y Dashboard ÔÇ║ debe mostrar balance de GTK
[1A[2K  545) [chromium] ÔÇ║ src\tests\e2e\tokens-system.spec.ts:27:3 ÔÇ║ Tokens - Comprar CMPX ÔÇ║ debe redirigir a Stripe para pago 

    Error: browserType.launch: Executable doesn't exist at C:\Users\conej\AppData\Local\ms-playwright\chromium_headless_shell-1200\chrome-headless-shell-win64\chrome-headless-shell.exe
    ÔòöÔòÉÔòÉÔòÉÔòÉÔòÉÔòÉÔòÉÔòÉÔòÉÔòÉÔòÉÔòÉÔòÉÔòÉÔòÉÔòÉÔòÉÔòÉÔòÉÔòÉÔòÉÔòÉÔòÉÔòÉÔòÉÔòÉÔòÉÔòÉÔòÉÔòÉÔòÉÔòÉÔòÉÔòÉÔòÉÔòÉÔòÉÔòÉÔòÉÔòÉÔòÉÔòÉÔòÉÔòÉÔòÉÔòÉÔòÉÔòÉÔòÉÔòÉÔòÉÔòÉÔòÉÔòÉÔòÉÔòÉÔòÉÔòÉÔòÉÔòÉÔòÉÔòÉÔòÉÔòÉÔòÉÔòÉÔòÉÔòÉÔòÉÔòÉÔòÉÔòÉÔòÉÔòù
    Ôòæ Looks like Playwright Test or Playwright was just installed or updated. Ôòæ
    Ôòæ Please run the following command to download new browsers:              Ôòæ
    Ôòæ                                                                         Ôòæ
    Ôòæ     npx playwright install                                              Ôòæ
    Ôòæ                                                                         Ôòæ
    Ôòæ <3 Playwright Team                                                      Ôòæ
    ÔòÜÔòÉÔòÉÔòÉÔòÉÔòÉÔòÉÔòÉÔòÉÔòÉÔòÉÔòÉÔòÉÔòÉÔòÉÔòÉÔòÉÔòÉÔòÉÔòÉÔòÉÔòÉÔòÉÔòÉÔòÉÔòÉÔòÉÔòÉÔòÉÔòÉÔòÉÔòÉÔòÉÔòÉÔòÉÔòÉÔòÉÔòÉÔòÉÔòÉÔòÉÔòÉÔòÉÔòÉÔòÉÔòÉÔòÉÔòÉÔòÉÔòÉÔòÉÔòÉÔòÉÔòÉÔòÉÔòÉÔòÉÔòÉÔòÉÔòÉÔòÉÔòÉÔòÉÔòÉÔòÉÔòÉÔòÉÔòÉÔòÉÔòÉÔòÉÔòÉÔòÉÔòÉÔòØ


[1A[2K  546) [chromium] ÔÇ║ src\tests\e2e\tokens-system.spec.ts:22:3 ÔÇ║ Tokens - Comprar CMPX ÔÇ║ debe tener bot├│n de compra 

    Error: browserType.launch: Executable doesn't exist at C:\Users\conej\AppData\Local\ms-playwright\chromium_headless_shell-1200\chrome-headless-shell-win64\chrome-headless-shell.exe
    ÔòöÔòÉÔòÉÔòÉÔòÉÔòÉÔòÉÔòÉÔòÉÔòÉÔòÉÔòÉÔòÉÔòÉÔòÉÔòÉÔòÉÔòÉÔòÉÔòÉÔòÉÔòÉÔòÉÔòÉÔòÉÔòÉÔòÉÔòÉÔòÉÔòÉÔòÉÔòÉÔòÉÔòÉÔòÉÔòÉÔòÉÔòÉÔòÉÔòÉÔòÉÔòÉÔòÉÔòÉÔòÉÔòÉÔòÉÔòÉÔòÉÔòÉÔòÉÔòÉÔòÉÔòÉÔòÉÔòÉÔòÉÔòÉÔòÉÔòÉÔòÉÔòÉÔòÉÔòÉÔòÉÔòÉÔòÉÔòÉÔòÉÔòÉÔòÉÔòÉÔòÉÔòÉÔòù
    Ôòæ Looks like Playwright Test or Playwright was just installed or updated. Ôòæ
    Ôòæ Please run the following command to download new browsers:              Ôòæ
    Ôòæ                                                                         Ôòæ
    Ôòæ     npx playwright install                                              Ôòæ
    Ôòæ                                                                         Ôòæ
    Ôòæ <3 Playwright Team                                                      Ôòæ
    ÔòÜÔòÉÔòÉÔòÉÔòÉÔòÉÔòÉÔòÉÔòÉÔòÉÔòÉÔòÉÔòÉÔòÉÔòÉÔòÉÔòÉÔòÉÔòÉÔòÉÔòÉÔòÉÔòÉÔòÉÔòÉÔòÉÔòÉÔòÉÔòÉÔòÉÔòÉÔòÉÔòÉÔòÉÔòÉÔòÉÔòÉÔòÉÔòÉÔòÉÔòÉÔòÉÔòÉÔòÉÔòÉÔòÉÔòÉÔòÉÔòÉÔòÉÔòÉÔòÉÔòÉÔòÉÔòÉÔòÉÔòÉÔòÉÔòÉÔòÉÔòÉÔòÉÔòÉÔòÉÔòÉÔòÉÔòÉÔòÉÔòÉÔòÉÔòÉÔòÉÔòÉÔòÉÔòØ


[1A[2K  547) [chromium] ÔÇ║ src\tests\e2e\tokens-system.spec.ts:41:3 ÔÇ║ Tokens - Balance y Dashboard ÔÇ║ debe mostrar balance actual de CMPX 

    Error: browserType.launch: Executable doesn't exist at C:\Users\conej\AppData\Local\ms-playwright\chromium_headless_shell-1200\chrome-headless-shell-win64\chrome-headless-shell.exe
    ÔòöÔòÉÔòÉÔòÉÔòÉÔòÉÔòÉÔòÉÔòÉÔòÉÔòÉÔòÉÔòÉÔòÉÔòÉÔòÉÔòÉÔòÉÔòÉÔòÉÔòÉÔòÉÔòÉÔòÉÔòÉÔòÉÔòÉÔòÉÔòÉÔòÉÔòÉÔòÉÔòÉÔòÉÔòÉÔòÉÔòÉÔòÉÔòÉÔòÉÔòÉÔòÉÔòÉÔòÉÔòÉÔòÉÔòÉÔòÉÔòÉÔòÉÔòÉÔòÉÔòÉÔòÉÔòÉÔòÉÔòÉÔòÉÔòÉÔòÉÔòÉÔòÉÔòÉÔòÉÔòÉÔòÉÔòÉÔòÉÔòÉÔòÉÔòÉÔòÉÔòÉÔòÉÔòù
    Ôòæ Looks like Playwright Test or Playwright was just installed or updated. Ôòæ
    Ôòæ Please run the following command to download new browsers:              Ôòæ
    Ôòæ                                                                         Ôòæ
    Ôòæ     npx playwright install                                              Ôòæ
    Ôòæ                                                                         Ôòæ
    Ôòæ <3 Playwright Team                                                      Ôòæ
    ÔòÜÔòÉÔòÉÔòÉÔòÉÔòÉÔòÉÔòÉÔòÉÔòÉÔòÉÔòÉÔòÉÔòÉÔòÉÔòÉÔòÉÔòÉÔòÉÔòÉÔòÉÔòÉÔòÉÔòÉÔòÉÔòÉÔòÉÔòÉÔòÉÔòÉÔòÉÔòÉÔòÉÔòÉÔòÉÔòÉÔòÉÔòÉÔòÉÔòÉÔòÉÔòÉÔòÉÔòÉÔòÉÔòÉÔòÉÔòÉÔòÉÔòÉÔòÉÔòÉÔòÉÔòÉÔòÉÔòÉÔòÉÔòÉÔòÉÔòÉÔòÉÔòÉÔòÉÔòÉÔòÉÔòÉÔòÉÔòÉÔòÉÔòÉÔòÉÔòÉÔòÉÔòÉÔòØ


[1A[2K  548) [chromium] ÔÇ║ src\tests\e2e\tokens-system.spec.ts:46:3 ÔÇ║ Tokens - Balance y Dashboard ÔÇ║ debe mostrar balance de GTK 

    Error: browserType.launch: Executable doesn't exist at C:\Users\conej\AppData\Local\ms-playwright\chromium_headless_shell-1200\chrome-headless-shell-win64\chrome-headless-shell.exe
    ÔòöÔòÉÔòÉÔòÉÔòÉÔòÉÔòÉÔòÉÔòÉÔòÉÔòÉÔòÉÔòÉÔòÉÔòÉÔòÉÔòÉÔòÉÔòÉÔòÉÔòÉÔòÉÔòÉÔòÉÔòÉÔòÉÔòÉÔòÉÔòÉÔòÉÔòÉÔòÉÔòÉÔòÉÔòÉÔòÉÔòÉÔòÉÔòÉÔòÉÔòÉÔòÉÔòÉÔòÉÔòÉÔòÉÔòÉÔòÉÔòÉÔòÉÔòÉÔòÉÔòÉÔòÉÔòÉÔòÉÔòÉÔòÉÔòÉÔòÉÔòÉÔòÉÔòÉÔòÉÔòÉÔòÉÔòÉÔòÉÔòÉÔòÉÔòÉÔòÉÔòÉÔòÉÔòù
    Ôòæ Looks like Playwright Test or Playwright was just installed or updated. Ôòæ
    Ôòæ Please run the following command to download new browsers:              Ôòæ
    Ôòæ                                                                         Ôòæ
    Ôòæ     npx playwright install                                              Ôòæ
    Ôòæ                                                                         Ôòæ
    Ôòæ <3 Playwright Team                                                      Ôòæ
    ÔòÜÔòÉÔòÉÔòÉÔòÉÔòÉÔòÉÔòÉÔòÉÔòÉÔòÉÔòÉÔòÉÔòÉÔòÉÔòÉÔòÉÔòÉÔòÉÔòÉÔòÉÔòÉÔòÉÔòÉÔòÉÔòÉÔòÉÔòÉÔòÉÔòÉÔòÉÔòÉÔòÉÔòÉÔòÉÔòÉÔòÉÔòÉÔòÉÔòÉÔòÉÔòÉÔòÉÔòÉÔòÉÔòÉÔòÉÔòÉÔòÉÔòÉÔòÉÔòÉÔòÉÔòÉÔòÉÔòÉÔòÉÔòÉÔòÉÔòÉÔòÉÔòÉÔòÉÔòÉÔòÉÔòÉÔòÉÔòÉÔòÉÔòÉÔòÉÔòÉÔòÉÔòÉÔòØ


[1A[2K[549/580] [chromium] ÔÇ║ src\tests\e2e\tokens-system.spec.ts:51:3 ÔÇ║ Tokens - Balance y Dashboard ÔÇ║ debe mostrar historial de transacciones
[1A[2K  549) [chromium] ÔÇ║ src\tests\e2e\tokens-system.spec.ts:51:3 ÔÇ║ Tokens - Balance y Dashboard ÔÇ║ debe mostrar historial de transacciones 

    Error: browserType.launch: Executable doesn't exist at C:\Users\conej\AppData\Local\ms-playwright\chromium_headless_shell-1200\chrome-headless-shell-win64\chrome-headless-shell.exe
    ÔòöÔòÉÔòÉÔòÉÔòÉÔòÉÔòÉÔòÉÔòÉÔòÉÔòÉÔòÉÔòÉÔòÉÔòÉÔòÉÔòÉÔòÉÔòÉÔòÉÔòÉÔòÉÔòÉÔòÉÔòÉÔòÉÔòÉÔòÉÔòÉÔòÉÔòÉÔòÉÔòÉÔòÉÔòÉÔòÉÔòÉÔòÉÔòÉÔòÉÔòÉÔòÉÔòÉÔòÉÔòÉÔòÉÔòÉÔòÉÔòÉÔòÉÔòÉÔòÉÔòÉÔòÉÔòÉÔòÉÔòÉÔòÉÔòÉÔòÉÔòÉÔòÉÔòÉÔòÉÔòÉÔòÉÔòÉÔòÉÔòÉÔòÉÔòÉÔòÉÔòÉÔòÉÔòù
    Ôòæ Looks like Playwright Test or Playwright was just installed or updated. Ôòæ
    Ôòæ Please run the following command to download new browsers:              Ôòæ
    Ôòæ                                                                         Ôòæ
    Ôòæ     npx playwright install                                              Ôòæ
    Ôòæ                                                                         Ôòæ
    Ôòæ <3 Playwright Team                                                      Ôòæ
    ÔòÜÔòÉÔòÉÔòÉÔòÉÔòÉÔòÉÔòÉÔòÉÔòÉÔòÉÔòÉÔòÉÔòÉÔòÉÔòÉÔòÉÔòÉÔòÉÔòÉÔòÉÔòÉÔòÉÔòÉÔòÉÔòÉÔòÉÔòÉÔòÉÔòÉÔòÉÔòÉÔòÉÔòÉÔòÉÔòÉÔòÉÔòÉÔòÉÔòÉÔòÉÔòÉÔòÉÔòÉÔòÉÔòÉÔòÉÔòÉÔòÉÔòÉÔòÉÔòÉÔòÉÔòÉÔòÉÔòÉÔòÉÔòÉÔòÉÔòÉÔòÉÔòÉÔòÉÔòÉÔòÉÔòÉÔòÉÔòÉÔòÉÔòÉÔòÉÔòÉÔòÉÔòÉÔòØ


[1A[2K[550/580] [chromium] ÔÇ║ src\tests\e2e\tokens-system.spec.ts:63:3 ÔÇ║ Tokens - Gastar CMPX ÔÇ║ debe mostrar usos de tokens (galer├¡as, boosts)
[1A[2K[551/580] [chromium] ÔÇ║ src\tests\e2e\tokens-system.spec.ts:68:3 ÔÇ║ Tokens - Gastar CMPX ÔÇ║ debe actualizar balance despu├®s de gastar
[1A[2K  550) [chromium] ÔÇ║ src\tests\e2e\tokens-system.spec.ts:63:3 ÔÇ║ Tokens - Gastar CMPX ÔÇ║ debe mostrar usos de tokens (galer├¡as, boosts) 

    Error: browserType.launch: Executable doesn't exist at C:\Users\conej\AppData\Local\ms-playwright\chromium_headless_shell-1200\chrome-headless-shell-win64\chrome-headless-shell.exe
    ÔòöÔòÉÔòÉÔòÉÔòÉÔòÉÔòÉÔòÉÔòÉÔòÉÔòÉÔòÉÔòÉÔòÉÔòÉÔòÉÔòÉÔòÉÔòÉÔòÉÔòÉÔòÉÔòÉÔòÉÔòÉÔòÉÔòÉÔòÉÔòÉÔòÉÔòÉÔòÉÔòÉÔòÉÔòÉÔòÉÔòÉÔòÉÔòÉÔòÉÔòÉÔòÉÔòÉÔòÉÔòÉÔòÉÔòÉÔòÉÔòÉÔòÉÔòÉÔòÉÔòÉÔòÉÔòÉÔòÉÔòÉÔòÉÔòÉÔòÉÔòÉÔòÉÔòÉÔòÉÔòÉÔòÉÔòÉÔòÉÔòÉÔòÉÔòÉÔòÉÔòÉÔòÉÔòù
    Ôòæ Looks like Playwright Test or Playwright was just installed or updated. Ôòæ
    Ôòæ Please run the following command to download new browsers:              Ôòæ
    Ôòæ                                                                         Ôòæ
    Ôòæ     npx playwright install                                              Ôòæ
    Ôòæ                                                                         Ôòæ
    Ôòæ <3 Playwright Team                                                      Ôòæ
    ÔòÜÔòÉÔòÉÔòÉÔòÉÔòÉÔòÉÔòÉÔòÉÔòÉÔòÉÔòÉÔòÉÔòÉÔòÉÔòÉÔòÉÔòÉÔòÉÔòÉÔòÉÔòÉÔòÉÔòÉÔòÉÔòÉÔòÉÔòÉÔòÉÔòÉÔòÉÔòÉÔòÉÔòÉÔòÉÔòÉÔòÉÔòÉÔòÉÔòÉÔòÉÔòÉÔòÉÔòÉÔòÉÔòÉÔòÉÔòÉÔòÉÔòÉÔòÉÔòÉÔòÉÔòÉÔòÉÔòÉÔòÉÔòÉÔòÉÔòÉÔòÉÔòÉÔòÉÔòÉÔòÉÔòÉÔòÉÔòÉÔòÉÔòÉÔòÉÔòÉÔòÉÔòÉÔòØ


[1A[2K  551) [chromium] ÔÇ║ src\tests\e2e\tokens-system.spec.ts:68:3 ÔÇ║ Tokens - Gastar CMPX ÔÇ║ debe actualizar balance despu├®s de gastar 

    Error: browserType.launch: Executable doesn't exist at C:\Users\conej\AppData\Local\ms-playwright\chromium_headless_shell-1200\chrome-headless-shell-win64\chrome-headless-shell.exe
    ÔòöÔòÉÔòÉÔòÉÔòÉÔòÉÔòÉÔòÉÔòÉÔòÉÔòÉÔòÉÔòÉÔòÉÔòÉÔòÉÔòÉÔòÉÔòÉÔòÉÔòÉÔòÉÔòÉÔòÉÔòÉÔòÉÔòÉÔòÉÔòÉÔòÉÔòÉÔòÉÔòÉÔòÉÔòÉÔòÉÔòÉÔòÉÔòÉÔòÉÔòÉÔòÉÔòÉÔòÉÔòÉÔòÉÔòÉÔòÉÔòÉÔòÉÔòÉÔòÉÔòÉÔòÉÔòÉÔòÉÔòÉÔòÉÔòÉÔòÉÔòÉÔòÉÔòÉÔòÉÔòÉÔòÉÔòÉÔòÉÔòÉÔòÉÔòÉÔòÉÔòÉÔòÉÔòù
    Ôòæ Looks like Playwright Test or Playwright was just installed or updated. Ôòæ
    Ôòæ Please run the following command to download new browsers:              Ôòæ
    Ôòæ                                                                         Ôòæ
    Ôòæ     npx playwright install                                              Ôòæ
    Ôòæ                                                                         Ôòæ
    Ôòæ <3 Playwright Team                                                      Ôòæ
    ÔòÜÔòÉÔòÉÔòÉÔòÉÔòÉÔòÉÔòÉÔòÉÔòÉÔòÉÔòÉÔòÉÔòÉÔòÉÔòÉÔòÉÔòÉÔòÉÔòÉÔòÉÔòÉÔòÉÔòÉÔòÉÔòÉÔòÉÔòÉÔòÉÔòÉÔòÉÔòÉÔòÉÔòÉÔòÉÔòÉÔòÉÔòÉÔòÉÔòÉÔòÉÔòÉÔòÉÔòÉÔòÉÔòÉÔòÉÔòÉÔòÉÔòÉÔòÉÔòÉÔòÉÔòÉÔòÉÔòÉÔòÉÔòÉÔòÉÔòÉÔòÉÔòÉÔòÉÔòÉÔòÉÔòÉÔòÉÔòÉÔòÉÔòÉÔòÉÔòÉÔòÉÔòÉÔòØ


[1A[2K[552/580] [chromium] ÔÇ║ src\tests\e2e\tokens-system.spec.ts:73:3 ÔÇ║ Tokens - Gastar CMPX ÔÇ║ debe mostrar error si saldo insuficiente
[1A[2K[553/580] [chromium] ÔÇ║ src\tests\e2e\tokens-system.spec.ts:85:3 ÔÇ║ Tokens - Recibir como Creador ÔÇ║ debe mostrar ganancias por galer├¡as (90%)
[1A[2K  552) [chromium] ÔÇ║ src\tests\e2e\tokens-system.spec.ts:73:3 ÔÇ║ Tokens - Gastar CMPX ÔÇ║ debe mostrar error si saldo insuficiente 

    Error: browserType.launch: Executable doesn't exist at C:\Users\conej\AppData\Local\ms-playwright\chromium_headless_shell-1200\chrome-headless-shell-win64\chrome-headless-shell.exe
    ÔòöÔòÉÔòÉÔòÉÔòÉÔòÉÔòÉÔòÉÔòÉÔòÉÔòÉÔòÉÔòÉÔòÉÔòÉÔòÉÔòÉÔòÉÔòÉÔòÉÔòÉÔòÉÔòÉÔòÉÔòÉÔòÉÔòÉÔòÉÔòÉÔòÉÔòÉÔòÉÔòÉÔòÉÔòÉÔòÉÔòÉÔòÉÔòÉÔòÉÔòÉÔòÉÔòÉÔòÉÔòÉÔòÉÔòÉÔòÉÔòÉÔòÉÔòÉÔòÉÔòÉÔòÉÔòÉÔòÉÔòÉÔòÉÔòÉÔòÉÔòÉÔòÉÔòÉÔòÉÔòÉÔòÉÔòÉÔòÉÔòÉÔòÉÔòÉÔòÉÔòÉÔòÉÔòù
    Ôòæ Looks like Playwright Test or Playwright was just installed or updated. Ôòæ
    Ôòæ Please run the following command to download new browsers:              Ôòæ
    Ôòæ                                                                         Ôòæ
    Ôòæ     npx playwright install                                              Ôòæ
    Ôòæ                                                                         Ôòæ
    Ôòæ <3 Playwright Team                                                      Ôòæ
    ÔòÜÔòÉÔòÉÔòÉÔòÉÔòÉÔòÉÔòÉÔòÉÔòÉÔòÉÔòÉÔòÉÔòÉÔòÉÔòÉÔòÉÔòÉÔòÉÔòÉÔòÉÔòÉÔòÉÔòÉÔòÉÔòÉÔòÉÔòÉÔòÉÔòÉÔòÉÔòÉÔòÉÔòÉÔòÉÔòÉÔòÉÔòÉÔòÉÔòÉÔòÉÔòÉÔòÉÔòÉÔòÉÔòÉÔòÉÔòÉÔòÉÔòÉÔòÉÔòÉÔòÉÔòÉÔòÉÔòÉÔòÉÔòÉÔòÉÔòÉÔòÉÔòÉÔòÉÔòÉÔòÉÔòÉÔòÉÔòÉÔòÉÔòÉÔòÉÔòÉÔòÉÔòÉÔòØ


[1A[2K[554/580] [chromium] ÔÇ║ src\tests\e2e\tokens-system.spec.ts:90:3 ÔÇ║ Tokens - Recibir como Creador ÔÇ║ debe mostrar comisi├│n de plataforma (10%)
[1A[2K[555/580] [chromium] ÔÇ║ src\tests\e2e\tokens-system.spec.ts:95:3 ÔÇ║ Tokens - Recibir como Creador ÔÇ║ debe poder retirar tokens ganados
[1A[2K  553) [chromium] ÔÇ║ src\tests\e2e\tokens-system.spec.ts:85:3 ÔÇ║ Tokens - Recibir como Creador ÔÇ║ debe mostrar ganancias por galer├¡as (90%) 

    Error: browserType.launch: Executable doesn't exist at C:\Users\conej\AppData\Local\ms-playwright\chromium_headless_shell-1200\chrome-headless-shell-win64\chrome-headless-shell.exe
    ÔòöÔòÉÔòÉÔòÉÔòÉÔòÉÔòÉÔòÉÔòÉÔòÉÔòÉÔòÉÔòÉÔòÉÔòÉÔòÉÔòÉÔòÉÔòÉÔòÉÔòÉÔòÉÔòÉÔòÉÔòÉÔòÉÔòÉÔòÉÔòÉÔòÉÔòÉÔòÉÔòÉÔòÉÔòÉÔòÉÔòÉÔòÉÔòÉÔòÉÔòÉÔòÉÔòÉÔòÉÔòÉÔòÉÔòÉÔòÉÔòÉÔòÉÔòÉÔòÉÔòÉÔòÉÔòÉÔòÉÔòÉÔòÉÔòÉÔòÉÔòÉÔòÉÔòÉÔòÉÔòÉÔòÉÔòÉÔòÉÔòÉÔòÉÔòÉÔòÉÔòÉÔòÉÔòù
    Ôòæ Looks like Playwright Test or Playwright was just installed or updated. Ôòæ
    Ôòæ Please run the following command to download new browsers:              Ôòæ
    Ôòæ                                                                         Ôòæ
    Ôòæ     npx playwright install                                              Ôòæ
    Ôòæ                                                                         Ôòæ
    Ôòæ <3 Playwright Team                                                      Ôòæ
    ÔòÜÔòÉÔòÉÔòÉÔòÉÔòÉÔòÉÔòÉÔòÉÔòÉÔòÉÔòÉÔòÉÔòÉÔòÉÔòÉÔòÉÔòÉÔòÉÔòÉÔòÉÔòÉÔòÉÔòÉÔòÉÔòÉÔòÉÔòÉÔòÉÔòÉÔòÉÔòÉÔòÉÔòÉÔòÉÔòÉÔòÉÔòÉÔòÉÔòÉÔòÉÔòÉÔòÉÔòÉÔòÉÔòÉÔòÉÔòÉÔòÉÔòÉÔòÉÔòÉÔòÉÔòÉÔòÉÔòÉÔòÉÔòÉÔòÉÔòÉÔòÉÔòÉÔòÉÔòÉÔòÉÔòÉÔòÉÔòÉÔòÉÔòÉÔòÉÔòÉÔòÉÔòÉÔòØ


[1A[2K  554) [chromium] ÔÇ║ src\tests\e2e\tokens-system.spec.ts:90:3 ÔÇ║ Tokens - Recibir como Creador ÔÇ║ debe mostrar comisi├│n de plataforma (10%) 

    Error: browserType.launch: Executable doesn't exist at C:\Users\conej\AppData\Local\ms-playwright\chromium_headless_shell-1200\chrome-headless-shell-win64\chrome-headless-shell.exe
    ÔòöÔòÉÔòÉÔòÉÔòÉÔòÉÔòÉÔòÉÔòÉÔòÉÔòÉÔòÉÔòÉÔòÉÔòÉÔòÉÔòÉÔòÉÔòÉÔòÉÔòÉÔòÉÔòÉÔòÉÔòÉÔòÉÔòÉÔòÉÔòÉÔòÉÔòÉÔòÉÔòÉÔòÉÔòÉÔòÉÔòÉÔòÉÔòÉÔòÉÔòÉÔòÉÔòÉÔòÉÔòÉÔòÉÔòÉÔòÉÔòÉÔòÉÔòÉÔòÉÔòÉÔòÉÔòÉÔòÉÔòÉÔòÉÔòÉÔòÉÔòÉÔòÉÔòÉÔòÉÔòÉÔòÉÔòÉÔòÉÔòÉÔòÉÔòÉÔòÉÔòÉÔòÉÔòù
    Ôòæ Looks like Playwright Test or Playwright was just installed or updated. Ôòæ
    Ôòæ Please run the following command to download new browsers:              Ôòæ
    Ôòæ                                                                         Ôòæ
    Ôòæ     npx playwright install                                              Ôòæ
    Ôòæ                                                                         Ôòæ
    Ôòæ <3 Playwright Team                                                      Ôòæ
    ÔòÜÔòÉÔòÉÔòÉÔòÉÔòÉÔòÉÔòÉÔòÉÔòÉÔòÉÔòÉÔòÉÔòÉÔòÉÔòÉÔòÉÔòÉÔòÉÔòÉÔòÉÔòÉÔòÉÔòÉÔòÉÔòÉÔòÉÔòÉÔòÉÔòÉÔòÉÔòÉÔòÉÔòÉÔòÉÔòÉÔòÉÔòÉÔòÉÔòÉÔòÉÔòÉÔòÉÔòÉÔòÉÔòÉÔòÉÔòÉÔòÉÔòÉÔòÉÔòÉÔòÉÔòÉÔòÉÔòÉÔòÉÔòÉÔòÉÔòÉÔòÉÔòÉÔòÉÔòÉÔòÉÔòÉÔòÉÔòÉÔòÉÔòÉÔòÉÔòÉÔòÉÔòÉÔòØ


[1A[2K[556/580] [chromium] ÔÇ║ src\tests\e2e\tokens-system.spec.ts:107:3 ÔÇ║ Tokens - Conversi├│n CMPX Ôåö GTK ÔÇ║ debe tener opci├│n de conversi├│n
[1A[2K  555) [chromium] ÔÇ║ src\tests\e2e\tokens-system.spec.ts:95:3 ÔÇ║ Tokens - Recibir como Creador ÔÇ║ debe poder retirar tokens ganados 

    Error: browserType.launch: Executable doesn't exist at C:\Users\conej\AppData\Local\ms-playwright\chromium_headless_shell-1200\chrome-headless-shell-win64\chrome-headless-shell.exe
    ÔòöÔòÉÔòÉÔòÉÔòÉÔòÉÔòÉÔòÉÔòÉÔòÉÔòÉÔòÉÔòÉÔòÉÔòÉÔòÉÔòÉÔòÉÔòÉÔòÉÔòÉÔòÉÔòÉÔòÉÔòÉÔòÉÔòÉÔòÉÔòÉÔòÉÔòÉÔòÉÔòÉÔòÉÔòÉÔòÉÔòÉÔòÉÔòÉÔòÉÔòÉÔòÉÔòÉÔòÉÔòÉÔòÉÔòÉÔòÉÔòÉÔòÉÔòÉÔòÉÔòÉÔòÉÔòÉÔòÉÔòÉÔòÉÔòÉÔòÉÔòÉÔòÉÔòÉÔòÉÔòÉÔòÉÔòÉÔòÉÔòÉÔòÉÔòÉÔòÉÔòÉÔòÉÔòù
    Ôòæ Looks like Playwright Test or Playwright was just installed or updated. Ôòæ
    Ôòæ Please run the following command to download new browsers:              Ôòæ
    Ôòæ                                                                         Ôòæ
    Ôòæ     npx playwright install                                              Ôòæ
    Ôòæ                                                                         Ôòæ
    Ôòæ <3 Playwright Team                                                      Ôòæ
    ÔòÜÔòÉÔòÉÔòÉÔòÉÔòÉÔòÉÔòÉÔòÉÔòÉÔòÉÔòÉÔòÉÔòÉÔòÉÔòÉÔòÉÔòÉÔòÉÔòÉÔòÉÔòÉÔòÉÔòÉÔòÉÔòÉÔòÉÔòÉÔòÉÔòÉÔòÉÔòÉÔòÉÔòÉÔòÉÔòÉÔòÉÔòÉÔòÉÔòÉÔòÉÔòÉÔòÉÔòÉÔòÉÔòÉÔòÉÔòÉÔòÉÔòÉÔòÉÔòÉÔòÉÔòÉÔòÉÔòÉÔòÉÔòÉÔòÉÔòÉÔòÉÔòÉÔòÉÔòÉÔòÉÔòÉÔòÉÔòÉÔòÉÔòÉÔòÉÔòÉÔòÉÔòÉÔòØ


[1A[2K  556) [chromium] ÔÇ║ src\tests\e2e\tokens-system.spec.ts:107:3 ÔÇ║ Tokens - Conversi├│n CMPX Ôåö GTK ÔÇ║ debe tener opci├│n de conversi├│n 

    Error: browserType.launch: Executable doesn't exist at C:\Users\conej\AppData\Local\ms-playwright\chromium_headless_shell-1200\chrome-headless-shell-win64\chrome-headless-shell.exe
    ÔòöÔòÉÔòÉÔòÉÔòÉÔòÉÔòÉÔòÉÔòÉÔòÉÔòÉÔòÉÔòÉÔòÉÔòÉÔòÉÔòÉÔòÉÔòÉÔòÉÔòÉÔòÉÔòÉÔòÉÔòÉÔòÉÔòÉÔòÉÔòÉÔòÉÔòÉÔòÉÔòÉÔòÉÔòÉÔòÉÔòÉÔòÉÔòÉÔòÉÔòÉÔòÉÔòÉÔòÉÔòÉÔòÉÔòÉÔòÉÔòÉÔòÉÔòÉÔòÉÔòÉÔòÉÔòÉÔòÉÔòÉÔòÉÔòÉÔòÉÔòÉÔòÉÔòÉÔòÉÔòÉÔòÉÔòÉÔòÉÔòÉÔòÉÔòÉÔòÉÔòÉÔòÉÔòù
    Ôòæ Looks like Playwright Test or Playwright was just installed or updated. Ôòæ
    Ôòæ Please run the following command to download new browsers:              Ôòæ
    Ôòæ                                                                         Ôòæ
    Ôòæ     npx playwright install                                              Ôòæ
    Ôòæ                                                                         Ôòæ
    Ôòæ <3 Playwright Team                                                      Ôòæ
    ÔòÜÔòÉÔòÉÔòÉÔòÉÔòÉÔòÉÔòÉÔòÉÔòÉÔòÉÔòÉÔòÉÔòÉÔòÉÔòÉÔòÉÔòÉÔòÉÔòÉÔòÉÔòÉÔòÉÔòÉÔòÉÔòÉÔòÉÔòÉÔòÉÔòÉÔòÉÔòÉÔòÉÔòÉÔòÉÔòÉÔòÉÔòÉÔòÉÔòÉÔòÉÔòÉÔòÉÔòÉÔòÉÔòÉÔòÉÔòÉÔòÉÔòÉÔòÉÔòÉÔòÉÔòÉÔòÉÔòÉÔòÉÔòÉÔòÉÔòÉÔòÉÔòÉÔòÉÔòÉÔòÉÔòÉÔòÉÔòÉÔòÉÔòÉÔòÉÔòÉÔòÉÔòÉÔòØ


[1A[2K[557/580] [chromium] ÔÇ║ src\tests\e2e\tokens-system.spec.ts:112:3 ÔÇ║ Tokens - Conversi├│n CMPX Ôåö GTK ÔÇ║ debe mostrar tasa de cambio
[1A[2K  557) [chromium] ÔÇ║ src\tests\e2e\tokens-system.spec.ts:112:3 ÔÇ║ Tokens - Conversi├│n CMPX Ôåö GTK ÔÇ║ debe mostrar tasa de cambio 

    Error: browserType.launch: Executable doesn't exist at C:\Users\conej\AppData\Local\ms-playwright\chromium_headless_shell-1200\chrome-headless-shell-win64\chrome-headless-shell.exe
    ÔòöÔòÉÔòÉÔòÉÔòÉÔòÉÔòÉÔòÉÔòÉÔòÉÔòÉÔòÉÔòÉÔòÉÔòÉÔòÉÔòÉÔòÉÔòÉÔòÉÔòÉÔòÉÔòÉÔòÉÔòÉÔòÉÔòÉÔòÉÔòÉÔòÉÔòÉÔòÉÔòÉÔòÉÔòÉÔòÉÔòÉÔòÉÔòÉÔòÉÔòÉÔòÉÔòÉÔòÉÔòÉÔòÉÔòÉÔòÉÔòÉÔòÉÔòÉÔòÉÔòÉÔòÉÔòÉÔòÉÔòÉÔòÉÔòÉÔòÉÔòÉÔòÉÔòÉÔòÉÔòÉÔòÉÔòÉÔòÉÔòÉÔòÉÔòÉÔòÉÔòÉÔòÉÔòù
    Ôòæ Looks like Playwright Test or Playwright was just installed or updated. Ôòæ
    Ôòæ Please run the following command to download new browsers:              Ôòæ
    Ôòæ                                                                         Ôòæ
    Ôòæ     npx playwright install                                              Ôòæ
    Ôòæ                                                                         Ôòæ
    Ôòæ <3 Playwright Team                                                      Ôòæ
    ÔòÜÔòÉÔòÉÔòÉÔòÉÔòÉÔòÉÔòÉÔòÉÔòÉÔòÉÔòÉÔòÉÔòÉÔòÉÔòÉÔòÉÔòÉÔòÉÔòÉÔòÉÔòÉÔòÉÔòÉÔòÉÔòÉÔòÉÔòÉÔòÉÔòÉÔòÉÔòÉÔòÉÔòÉÔòÉÔòÉÔòÉÔòÉÔòÉÔòÉÔòÉÔòÉÔòÉÔòÉÔòÉÔòÉÔòÉÔòÉÔòÉÔòÉÔòÉÔòÉÔòÉÔòÉÔòÉÔòÉÔòÉÔòÉÔòÉÔòÉÔòÉÔòÉÔòÉÔòÉÔòÉÔòÉÔòÉÔòÉÔòÉÔòÉÔòÉÔòÉÔòÉÔòÉÔòØ


[1A[2K[558/580] [chromium] ÔÇ║ src\tests\e2e\tokens-system.spec.ts:117:3 ÔÇ║ Tokens - Conversi├│n CMPX Ôåö GTK ÔÇ║ debe calcular cantidad resultante
[1A[2K  558) [chromium] ÔÇ║ src\tests\e2e\tokens-system.spec.ts:117:3 ÔÇ║ Tokens - Conversi├│n CMPX Ôåö GTK ÔÇ║ debe calcular cantidad resultante 

    Error: browserType.launch: Executable doesn't exist at C:\Users\conej\AppData\Local\ms-playwright\chromium_headless_shell-1200\chrome-headless-shell-win64\chrome-headless-shell.exe
    ÔòöÔòÉÔòÉÔòÉÔòÉÔòÉÔòÉÔòÉÔòÉÔòÉÔòÉÔòÉÔòÉÔòÉÔòÉÔòÉÔòÉÔòÉÔòÉÔòÉÔòÉÔòÉÔòÉÔòÉÔòÉÔòÉÔòÉÔòÉÔòÉÔòÉÔòÉÔòÉÔòÉÔòÉÔòÉÔòÉÔòÉÔòÉÔòÉÔòÉÔòÉÔòÉÔòÉÔòÉÔòÉÔòÉÔòÉÔòÉÔòÉÔòÉÔòÉÔòÉÔòÉÔòÉÔòÉÔòÉÔòÉÔòÉÔòÉÔòÉÔòÉÔòÉÔòÉÔòÉÔòÉÔòÉÔòÉÔòÉÔòÉÔòÉÔòÉÔòÉÔòÉÔòÉÔòù
    Ôòæ Looks like Playwright Test or Playwright was just installed or updated. Ôòæ
    Ôòæ Please run the following command to download new browsers:              Ôòæ
    Ôòæ                                                                         Ôòæ
    Ôòæ     npx playwright install                                              Ôòæ
    Ôòæ                                                                         Ôòæ
    Ôòæ <3 Playwright Team                                                      Ôòæ
    ÔòÜÔòÉÔòÉÔòÉÔòÉÔòÉÔòÉÔòÉÔòÉÔòÉÔòÉÔòÉÔòÉÔòÉÔòÉÔòÉÔòÉÔòÉÔòÉÔòÉÔòÉÔòÉÔòÉÔòÉÔòÉÔòÉÔòÉÔòÉÔòÉÔòÉÔòÉÔòÉÔòÉÔòÉÔòÉÔòÉÔòÉÔòÉÔòÉÔòÉÔòÉÔòÉÔòÉÔòÉÔòÉÔòÉÔòÉÔòÉÔòÉÔòÉÔòÉÔòÉÔòÉÔòÉÔòÉÔòÉÔòÉÔòÉÔòÉÔòÉÔòÉÔòÉÔòÉÔòÉÔòÉÔòÉÔòÉÔòÉÔòÉÔòÉÔòÉÔòÉÔòÉÔòÉÔòØ


[1A[2K[559/580] [chromium] ÔÇ║ src\tests\e2e\tokens-system.spec.ts:133:3 ÔÇ║ Tokens - Notificaciones ÔÇ║ debe notificar compra exitosa
[1A[2K  559) [chromium] ÔÇ║ src\tests\e2e\tokens-system.spec.ts:133:3 ÔÇ║ Tokens - Notificaciones ÔÇ║ debe notificar compra exitosa 

    Error: browserType.launch: Executable doesn't exist at C:\Users\conej\AppData\Local\ms-playwright\chromium_headless_shell-1200\chrome-headless-shell-win64\chrome-headless-shell.exe
    ÔòöÔòÉÔòÉÔòÉÔòÉÔòÉÔòÉÔòÉÔòÉÔòÉÔòÉÔòÉÔòÉÔòÉÔòÉÔòÉÔòÉÔòÉÔòÉÔòÉÔòÉÔòÉÔòÉÔòÉÔòÉÔòÉÔòÉÔòÉÔòÉÔòÉÔòÉÔòÉÔòÉÔòÉÔòÉÔòÉÔòÉÔòÉÔòÉÔòÉÔòÉÔòÉÔòÉÔòÉÔòÉÔòÉÔòÉÔòÉÔòÉÔòÉÔòÉÔòÉÔòÉÔòÉÔòÉÔòÉÔòÉÔòÉÔòÉÔòÉÔòÉÔòÉÔòÉÔòÉÔòÉÔòÉÔòÉÔòÉÔòÉÔòÉÔòÉÔòÉÔòÉÔòÉÔòù
    Ôòæ Looks like Playwright Test or Playwright was just installed or updated. Ôòæ
    Ôòæ Please run the following command to download new browsers:              Ôòæ
    Ôòæ                                                                         Ôòæ
    Ôòæ     npx playwright install                                              Ôòæ
    Ôòæ                                                                         Ôòæ
    Ôòæ <3 Playwright Team                                                      Ôòæ
    ÔòÜÔòÉÔòÉÔòÉÔòÉÔòÉÔòÉÔòÉÔòÉÔòÉÔòÉÔòÉÔòÉÔòÉÔòÉÔòÉÔòÉÔòÉÔòÉÔòÉÔòÉÔòÉÔòÉÔòÉÔòÉÔòÉÔòÉÔòÉÔòÉÔòÉÔòÉÔòÉÔòÉÔòÉÔòÉÔòÉÔòÉÔòÉÔòÉÔòÉÔòÉÔòÉÔòÉÔòÉÔòÉÔòÉÔòÉÔòÉÔòÉÔòÉÔòÉÔòÉÔòÉÔòÉÔòÉÔòÉÔòÉÔòÉÔòÉÔòÉÔòÉÔòÉÔòÉÔòÉÔòÉÔòÉÔòÉÔòÉÔòÉÔòÉÔòÉÔòÉÔòÉÔòÉÔòØ


[1A[2K[560/580] [chromium] ÔÇ║ src\tests\e2e\tokens-system.spec.ts:138:3 ÔÇ║ Tokens - Notificaciones ÔÇ║ debe notificar cuando recibe tokens
[1A[2K[561/580] [chromium] ÔÇ║ src\tests\e2e\tokens-system.spec.ts:150:3 ÔÇ║ Tokens - Staking B├ísico ÔÇ║ debe mostrar opciones de staking
[1A[2K[562/580] [chromium] ÔÇ║ src\tests\e2e\tokens-system.spec.ts:155:3 ÔÇ║ Tokens - Staking B├ísico ÔÇ║ debe mostrar APY (10%)
[1A[2K  560) [chromium] ÔÇ║ src\tests\e2e\tokens-system.spec.ts:138:3 ÔÇ║ Tokens - Notificaciones ÔÇ║ debe notificar cuando recibe tokens 

    Error: browserType.launch: Executable doesn't exist at C:\Users\conej\AppData\Local\ms-playwright\chromium_headless_shell-1200\chrome-headless-shell-win64\chrome-headless-shell.exe
    ÔòöÔòÉÔòÉÔòÉÔòÉÔòÉÔòÉÔòÉÔòÉÔòÉÔòÉÔòÉÔòÉÔòÉÔòÉÔòÉÔòÉÔòÉÔòÉÔòÉÔòÉÔòÉÔòÉÔòÉÔòÉÔòÉÔòÉÔòÉÔòÉÔòÉÔòÉÔòÉÔòÉÔòÉÔòÉÔòÉÔòÉÔòÉÔòÉÔòÉÔòÉÔòÉÔòÉÔòÉÔòÉÔòÉÔòÉÔòÉÔòÉÔòÉÔòÉÔòÉÔòÉÔòÉÔòÉÔòÉÔòÉÔòÉÔòÉÔòÉÔòÉÔòÉÔòÉÔòÉÔòÉÔòÉÔòÉÔòÉÔòÉÔòÉÔòÉÔòÉÔòÉÔòÉÔòù
    Ôòæ Looks like Playwright Test or Playwright was just installed or updated. Ôòæ
    Ôòæ Please run the following command to download new browsers:              Ôòæ
    Ôòæ                                                                         Ôòæ
    Ôòæ     npx playwright install                                              Ôòæ
    Ôòæ                                                                         Ôòæ
    Ôòæ <3 Playwright Team                                                      Ôòæ
    ÔòÜÔòÉÔòÉÔòÉÔòÉÔòÉÔòÉÔòÉÔòÉÔòÉÔòÉÔòÉÔòÉÔòÉÔòÉÔòÉÔòÉÔòÉÔòÉÔòÉÔòÉÔòÉÔòÉÔòÉÔòÉÔòÉÔòÉÔòÉÔòÉÔòÉÔòÉÔòÉÔòÉÔòÉÔòÉÔòÉÔòÉÔòÉÔòÉÔòÉÔòÉÔòÉÔòÉÔòÉÔòÉÔòÉÔòÉÔòÉÔòÉÔòÉÔòÉÔòÉÔòÉÔòÉÔòÉÔòÉÔòÉÔòÉÔòÉÔòÉÔòÉÔòÉÔòÉÔòÉÔòÉÔòÉÔòÉÔòÉÔòÉÔòÉÔòÉÔòÉÔòÉÔòÉÔòØ


[1A[2K  561) [chromium] ÔÇ║ src\tests\e2e\tokens-system.spec.ts:150:3 ÔÇ║ Tokens - Staking B├ísico ÔÇ║ debe mostrar opciones de staking 

    Error: browserType.launch: Executable doesn't exist at C:\Users\conej\AppData\Local\ms-playwright\chromium_headless_shell-1200\chrome-headless-shell-win64\chrome-headless-shell.exe
    ÔòöÔòÉÔòÉÔòÉÔòÉÔòÉÔòÉÔòÉÔòÉÔòÉÔòÉÔòÉÔòÉÔòÉÔòÉÔòÉÔòÉÔòÉÔòÉÔòÉÔòÉÔòÉÔòÉÔòÉÔòÉÔòÉÔòÉÔòÉÔòÉÔòÉÔòÉÔòÉÔòÉÔòÉÔòÉÔòÉÔòÉÔòÉÔòÉÔòÉÔòÉÔòÉÔòÉÔòÉÔòÉÔòÉÔòÉÔòÉÔòÉÔòÉÔòÉÔòÉÔòÉÔòÉÔòÉÔòÉÔòÉÔòÉÔòÉÔòÉÔòÉÔòÉÔòÉÔòÉÔòÉÔòÉÔòÉÔòÉÔòÉÔòÉÔòÉÔòÉÔòÉÔòÉÔòù
    Ôòæ Looks like Playwright Test or Playwright was just installed or updated. Ôòæ
    Ôòæ Please run the following command to download new browsers:              Ôòæ
    Ôòæ                                                                         Ôòæ
    Ôòæ     npx playwright install                                              Ôòæ
    Ôòæ                                                                         Ôòæ
    Ôòæ <3 Playwright Team                                                      Ôòæ
    ÔòÜÔòÉÔòÉÔòÉÔòÉÔòÉÔòÉÔòÉÔòÉÔòÉÔòÉÔòÉÔòÉÔòÉÔòÉÔòÉÔòÉÔòÉÔòÉÔòÉÔòÉÔòÉÔòÉÔòÉÔòÉÔòÉÔòÉÔòÉÔòÉÔòÉÔòÉÔòÉÔòÉÔòÉÔòÉÔòÉÔòÉÔòÉÔòÉÔòÉÔòÉÔòÉÔòÉÔòÉÔòÉÔòÉÔòÉÔòÉÔòÉÔòÉÔòÉÔòÉÔòÉÔòÉÔòÉÔòÉÔòÉÔòÉÔòÉÔòÉÔòÉÔòÉÔòÉÔòÉÔòÉÔòÉÔòÉÔòÉÔòÉÔòÉÔòÉÔòÉÔòÉÔòÉÔòØ


[1A[2K  562) [chromium] ÔÇ║ src\tests\e2e\tokens-system.spec.ts:155:3 ÔÇ║ Tokens - Staking B├ísico ÔÇ║ debe mostrar APY (10%) 

    Error: browserType.launch: Executable doesn't exist at C:\Users\conej\AppData\Local\ms-playwright\chromium_headless_shell-1200\chrome-headless-shell-win64\chrome-headless-shell.exe
    ÔòöÔòÉÔòÉÔòÉÔòÉÔòÉÔòÉÔòÉÔòÉÔòÉÔòÉÔòÉÔòÉÔòÉÔòÉÔòÉÔòÉÔòÉÔòÉÔòÉÔòÉÔòÉÔòÉÔòÉÔòÉÔòÉÔòÉÔòÉÔòÉÔòÉÔòÉÔòÉÔòÉÔòÉÔòÉÔòÉÔòÉÔòÉÔòÉÔòÉÔòÉÔòÉÔòÉÔòÉÔòÉÔòÉÔòÉÔòÉÔòÉÔòÉÔòÉÔòÉÔòÉÔòÉÔòÉÔòÉÔòÉÔòÉÔòÉÔòÉÔòÉÔòÉÔòÉÔòÉÔòÉÔòÉÔòÉÔòÉÔòÉÔòÉÔòÉÔòÉÔòÉÔòÉÔòù
    Ôòæ Looks like Playwright Test or Playwright was just installed or updated. Ôòæ
    Ôòæ Please run the following command to download new browsers:              Ôòæ
    Ôòæ                                                                         Ôòæ
    Ôòæ     npx playwright install                                              Ôòæ
    Ôòæ                                                                         Ôòæ
    Ôòæ <3 Playwright Team                                                      Ôòæ
    ÔòÜÔòÉÔòÉÔòÉÔòÉÔòÉÔòÉÔòÉÔòÉÔòÉÔòÉÔòÉÔòÉÔòÉÔòÉÔòÉÔòÉÔòÉÔòÉÔòÉÔòÉÔòÉÔòÉÔòÉÔòÉÔòÉÔòÉÔòÉÔòÉÔòÉÔòÉÔòÉÔòÉÔòÉÔòÉÔòÉÔòÉÔòÉÔòÉÔòÉÔòÉÔòÉÔòÉÔòÉÔòÉÔòÉÔòÉÔòÉÔòÉÔòÉÔòÉÔòÉÔòÉÔòÉÔòÉÔòÉÔòÉÔòÉÔòÉÔòÉÔòÉÔòÉÔòÉÔòÉÔòÉÔòÉÔòÉÔòÉÔòÉÔòÉÔòÉÔòÉÔòÉÔòÉÔòØ


[1A[2K[563/580] [chromium] ÔÇ║ src\tests\e2e\tokens-system.spec.ts:160:3 ÔÇ║ Tokens - Staking B├ísico ÔÇ║ debe poder hacer stake de tokens
[1A[2K[564/580] [chromium] ÔÇ║ src\tests\e2e\tokens-system.spec.ts:165:3 ÔÇ║ Tokens - Staking B├ísico ÔÇ║ debe mostrar tokens en staking
[1A[2K  563) [chromium] ÔÇ║ src\tests\e2e\tokens-system.spec.ts:160:3 ÔÇ║ Tokens - Staking B├ísico ÔÇ║ debe poder hacer stake de tokens 

    Error: browserType.launch: Executable doesn't exist at C:\Users\conej\AppData\Local\ms-playwright\chromium_headless_shell-1200\chrome-headless-shell-win64\chrome-headless-shell.exe
    ÔòöÔòÉÔòÉÔòÉÔòÉÔòÉÔòÉÔòÉÔòÉÔòÉÔòÉÔòÉÔòÉÔòÉÔòÉÔòÉÔòÉÔòÉÔòÉÔòÉÔòÉÔòÉÔòÉÔòÉÔòÉÔòÉÔòÉÔòÉÔòÉÔòÉÔòÉÔòÉÔòÉÔòÉÔòÉÔòÉÔòÉÔòÉÔòÉÔòÉÔòÉÔòÉÔòÉÔòÉÔòÉÔòÉÔòÉÔòÉÔòÉÔòÉÔòÉÔòÉÔòÉÔòÉÔòÉÔòÉÔòÉÔòÉÔòÉÔòÉÔòÉÔòÉÔòÉÔòÉÔòÉÔòÉÔòÉÔòÉÔòÉÔòÉÔòÉÔòÉÔòÉÔòÉÔòù
    Ôòæ Looks like Playwright Test or Playwright was just installed or updated. Ôòæ
    Ôòæ Please run the following command to download new browsers:              Ôòæ
    Ôòæ                                                                         Ôòæ
    Ôòæ     npx playwright install                                              Ôòæ
    Ôòæ                                                                         Ôòæ
    Ôòæ <3 Playwright Team                                                      Ôòæ
    ÔòÜÔòÉÔòÉÔòÉÔòÉÔòÉÔòÉÔòÉÔòÉÔòÉÔòÉÔòÉÔòÉÔòÉÔòÉÔòÉÔòÉÔòÉÔòÉÔòÉÔòÉÔòÉÔòÉÔòÉÔòÉÔòÉÔòÉÔòÉÔòÉÔòÉÔòÉÔòÉÔòÉÔòÉÔòÉÔòÉÔòÉÔòÉÔòÉÔòÉÔòÉÔòÉÔòÉÔòÉÔòÉÔòÉÔòÉÔòÉÔòÉÔòÉÔòÉÔòÉÔòÉÔòÉÔòÉÔòÉÔòÉÔòÉÔòÉÔòÉÔòÉÔòÉÔòÉÔòÉÔòÉÔòÉÔòÉÔòÉÔòÉÔòÉÔòÉÔòÉÔòÉÔòÉÔòØ


[1A[2K  564) [chromium] ÔÇ║ src\tests\e2e\tokens-system.spec.ts:165:3 ÔÇ║ Tokens - Staking B├ísico ÔÇ║ debe mostrar tokens en staking 

    Error: browserType.launch: Executable doesn't exist at C:\Users\conej\AppData\Local\ms-playwright\chromium_headless_shell-1200\chrome-headless-shell-win64\chrome-headless-shell.exe
    ÔòöÔòÉÔòÉÔòÉÔòÉÔòÉÔòÉÔòÉÔòÉÔòÉÔòÉÔòÉÔòÉÔòÉÔòÉÔòÉÔòÉÔòÉÔòÉÔòÉÔòÉÔòÉÔòÉÔòÉÔòÉÔòÉÔòÉÔòÉÔòÉÔòÉÔòÉÔòÉÔòÉÔòÉÔòÉÔòÉÔòÉÔòÉÔòÉÔòÉÔòÉÔòÉÔòÉÔòÉÔòÉÔòÉÔòÉÔòÉÔòÉÔòÉÔòÉÔòÉÔòÉÔòÉÔòÉÔòÉÔòÉÔòÉÔòÉÔòÉÔòÉÔòÉÔòÉÔòÉÔòÉÔòÉÔòÉÔòÉÔòÉÔòÉÔòÉÔòÉÔòÉÔòÉÔòù
    Ôòæ Looks like Playwright Test or Playwright was just installed or updated. Ôòæ
    Ôòæ Please run the following command to download new browsers:              Ôòæ
    Ôòæ                                                                         Ôòæ
    Ôòæ     npx playwright install                                              Ôòæ
    Ôòæ                                                                         Ôòæ
    Ôòæ <3 Playwright Team                                                      Ôòæ
    ÔòÜÔòÉÔòÉÔòÉÔòÉÔòÉÔòÉÔòÉÔòÉÔòÉÔòÉÔòÉÔòÉÔòÉÔòÉÔòÉÔòÉÔòÉÔòÉÔòÉÔòÉÔòÉÔòÉÔòÉÔòÉÔòÉÔòÉÔòÉÔòÉÔòÉÔòÉÔòÉÔòÉÔòÉÔòÉÔòÉÔòÉÔòÉÔòÉÔòÉÔòÉÔòÉÔòÉÔòÉÔòÉÔòÉÔòÉÔòÉÔòÉÔòÉÔòÉÔòÉÔòÉÔòÉÔòÉÔòÉÔòÉÔòÉÔòÉÔòÉÔòÉÔòÉÔòÉÔòÉÔòÉÔòÉÔòÉÔòÉÔòÉÔòÉÔòÉÔòÉÔòÉÔòÉÔòØ


[1A[2K[565/580] [chromium] ÔÇ║ src\tests\e2e\tokens-system.spec.ts:170:3 ÔÇ║ Tokens - Staking B├ísico ÔÇ║ debe calcular recompensas acumuladas
[1A[2K  565) [chromium] ÔÇ║ src\tests\e2e\tokens-system.spec.ts:170:3 ÔÇ║ Tokens - Staking B├ísico ÔÇ║ debe calcular recompensas acumuladas 

    Error: browserType.launch: Executable doesn't exist at C:\Users\conej\AppData\Local\ms-playwright\chromium_headless_shell-1200\chrome-headless-shell-win64\chrome-headless-shell.exe
    ÔòöÔòÉÔòÉÔòÉÔòÉÔòÉÔòÉÔòÉÔòÉÔòÉÔòÉÔòÉÔòÉÔòÉÔòÉÔòÉÔòÉÔòÉÔòÉÔòÉÔòÉÔòÉÔòÉÔòÉÔòÉÔòÉÔòÉÔòÉÔòÉÔòÉÔòÉÔòÉÔòÉÔòÉÔòÉÔòÉÔòÉÔòÉÔòÉÔòÉÔòÉÔòÉÔòÉÔòÉÔòÉÔòÉÔòÉÔòÉÔòÉÔòÉÔòÉÔòÉÔòÉÔòÉÔòÉÔòÉÔòÉÔòÉÔòÉÔòÉÔòÉÔòÉÔòÉÔòÉÔòÉÔòÉÔòÉÔòÉÔòÉÔòÉÔòÉÔòÉÔòÉÔòÉÔòù
    Ôòæ Looks like Playwright Test or Playwright was just installed or updated. Ôòæ
    Ôòæ Please run the following command to download new browsers:              Ôòæ
    Ôòæ                                                                         Ôòæ
    Ôòæ     npx playwright install                                              Ôòæ
    Ôòæ                                                                         Ôòæ
    Ôòæ <3 Playwright Team                                                      Ôòæ
    ÔòÜÔòÉÔòÉÔòÉÔòÉÔòÉÔòÉÔòÉÔòÉÔòÉÔòÉÔòÉÔòÉÔòÉÔòÉÔòÉÔòÉÔòÉÔòÉÔòÉÔòÉÔòÉÔòÉÔòÉÔòÉÔòÉÔòÉÔòÉÔòÉÔòÉÔòÉÔòÉÔòÉÔòÉÔòÉÔòÉÔòÉÔòÉÔòÉÔòÉÔòÉÔòÉÔòÉÔòÉÔòÉÔòÉÔòÉÔòÉÔòÉÔòÉÔòÉÔòÉÔòÉÔòÉÔòÉÔòÉÔòÉÔòÉÔòÉÔòÉÔòÉÔòÉÔòÉÔòÉÔòÉÔòÉÔòÉÔòÉÔòÉÔòÉÔòÉÔòÉÔòÉÔòÉÔòØ


[1A[2K[566/580] [chromium] ÔÇ║ src\tests\e2e\tokens-system.spec.ts:182:3 ÔÇ║ Tokens - Refunds ÔÇ║ debe tener pol├¡tica de reembolso visible
[1A[2K  566) [chromium] ÔÇ║ src\tests\e2e\tokens-system.spec.ts:182:3 ÔÇ║ Tokens - Refunds ÔÇ║ debe tener pol├¡tica de reembolso visible 

    Error: browserType.launch: Executable doesn't exist at C:\Users\conej\AppData\Local\ms-playwright\chromium_headless_shell-1200\chrome-headless-shell-win64\chrome-headless-shell.exe
    ÔòöÔòÉÔòÉÔòÉÔòÉÔòÉÔòÉÔòÉÔòÉÔòÉÔòÉÔòÉÔòÉÔòÉÔòÉÔòÉÔòÉÔòÉÔòÉÔòÉÔòÉÔòÉÔòÉÔòÉÔòÉÔòÉÔòÉÔòÉÔòÉÔòÉÔòÉÔòÉÔòÉÔòÉÔòÉÔòÉÔòÉÔòÉÔòÉÔòÉÔòÉÔòÉÔòÉÔòÉÔòÉÔòÉÔòÉÔòÉÔòÉÔòÉÔòÉÔòÉÔòÉÔòÉÔòÉÔòÉÔòÉÔòÉÔòÉÔòÉÔòÉÔòÉÔòÉÔòÉÔòÉÔòÉÔòÉÔòÉÔòÉÔòÉÔòÉÔòÉÔòÉÔòÉÔòù
    Ôòæ Looks like Playwright Test or Playwright was just installed or updated. Ôòæ
    Ôòæ Please run the following command to download new browsers:              Ôòæ
    Ôòæ                                                                         Ôòæ
    Ôòæ     npx playwright install                                              Ôòæ
    Ôòæ                                                                         Ôòæ
    Ôòæ <3 Playwright Team                                                      Ôòæ
    ÔòÜÔòÉÔòÉÔòÉÔòÉÔòÉÔòÉÔòÉÔòÉÔòÉÔòÉÔòÉÔòÉÔòÉÔòÉÔòÉÔòÉÔòÉÔòÉÔòÉÔòÉÔòÉÔòÉÔòÉÔòÉÔòÉÔòÉÔòÉÔòÉÔòÉÔòÉÔòÉÔòÉÔòÉÔòÉÔòÉÔòÉÔòÉÔòÉÔòÉÔòÉÔòÉÔòÉÔòÉÔòÉÔòÉÔòÉÔòÉÔòÉÔòÉÔòÉÔòÉÔòÉÔòÉÔòÉÔòÉÔòÉÔòÉÔòÉÔòÉÔòÉÔòÉÔòÉÔòÉÔòÉÔòÉÔòÉÔòÉÔòÉÔòÉÔòÉÔòÉÔòÉÔòÉÔòØ


[1A[2K[567/580] [chromium] ÔÇ║ src\tests\e2e\tokens-system.spec.ts:187:3 ÔÇ║ Tokens - Refunds ÔÇ║ debe poder solicitar reembolso si aplica
[1A[2K  567) [chromium] ÔÇ║ src\tests\e2e\tokens-system.spec.ts:187:3 ÔÇ║ Tokens - Refunds ÔÇ║ debe poder solicitar reembolso si aplica 

    Error: browserType.launch: Executable doesn't exist at C:\Users\conej\AppData\Local\ms-playwright\chromium_headless_shell-1200\chrome-headless-shell-win64\chrome-headless-shell.exe
    ÔòöÔòÉÔòÉÔòÉÔòÉÔòÉÔòÉÔòÉÔòÉÔòÉÔòÉÔòÉÔòÉÔòÉÔòÉÔòÉÔòÉÔòÉÔòÉÔòÉÔòÉÔòÉÔòÉÔòÉÔòÉÔòÉÔòÉÔòÉÔòÉÔòÉÔòÉÔòÉÔòÉÔòÉÔòÉÔòÉÔòÉÔòÉÔòÉÔòÉÔòÉÔòÉÔòÉÔòÉÔòÉÔòÉÔòÉÔòÉÔòÉÔòÉÔòÉÔòÉÔòÉÔòÉÔòÉÔòÉÔòÉÔòÉÔòÉÔòÉÔòÉÔòÉÔòÉÔòÉÔòÉÔòÉÔòÉÔòÉÔòÉÔòÉÔòÉÔòÉÔòÉÔòÉÔòù
    Ôòæ Looks like Playwright Test or Playwright was just installed or updated. Ôòæ
    Ôòæ Please run the following command to download new browsers:              Ôòæ
    Ôòæ                                                                         Ôòæ
    Ôòæ     npx playwright install                                              Ôòæ
    Ôòæ                                                                         Ôòæ
    Ôòæ <3 Playwright Team                                                      Ôòæ
    ÔòÜÔòÉÔòÉÔòÉÔòÉÔòÉÔòÉÔòÉÔòÉÔòÉÔòÉÔòÉÔòÉÔòÉÔòÉÔòÉÔòÉÔòÉÔòÉÔòÉÔòÉÔòÉÔòÉÔòÉÔòÉÔòÉÔòÉÔòÉÔòÉÔòÉÔòÉÔòÉÔòÉÔòÉÔòÉÔòÉÔòÉÔòÉÔòÉÔòÉÔòÉÔòÉÔòÉÔòÉÔòÉÔòÉÔòÉÔòÉÔòÉÔòÉÔòÉÔòÉÔòÉÔòÉÔòÉÔòÉÔòÉÔòÉÔòÉÔòÉÔòÉÔòÉÔòÉÔòÉÔòÉÔòÉÔòÉÔòÉÔòÉÔòÉÔòÉÔòÉÔòÉÔòÉÔòØ


[1A[2K[568/580] [chromium] ÔÇ║ src\tests\e2e\ui-components.spec.ts:10:3 ÔÇ║ Componentes UI Principales ÔÇ║ DemoSelector - debe mostrar ambas opciones
[1A[2K[569/580] [chromium] ÔÇ║ src\tests\e2e\ui-components.spec.ts:22:3 ÔÇ║ Componentes UI Principales ÔÇ║ DemoSelector - cards deben ser clicables
[1A[2K[570/580] [chromium] ÔÇ║ src\tests\e2e\ui-components.spec.ts:43:3 ÔÇ║ Componentes UI Principales ÔÇ║ PhoneInput - debe mostrar placeholder correcto
[1A[2K  568) [chromium] ÔÇ║ src\tests\e2e\ui-components.spec.ts:10:3 ÔÇ║ Componentes UI Principales ÔÇ║ DemoSelector - debe mostrar ambas opciones 

    Error: browserType.launch: Executable doesn't exist at C:\Users\conej\AppData\Local\ms-playwright\chromium_headless_shell-1200\chrome-headless-shell-win64\chrome-headless-shell.exe
    ÔòöÔòÉÔòÉÔòÉÔòÉÔòÉÔòÉÔòÉÔòÉÔòÉÔòÉÔòÉÔòÉÔòÉÔòÉÔòÉÔòÉÔòÉÔòÉÔòÉÔòÉÔòÉÔòÉÔòÉÔòÉÔòÉÔòÉÔòÉÔòÉÔòÉÔòÉÔòÉÔòÉÔòÉÔòÉÔòÉÔòÉÔòÉÔòÉÔòÉÔòÉÔòÉÔòÉÔòÉÔòÉÔòÉÔòÉÔòÉÔòÉÔòÉÔòÉÔòÉÔòÉÔòÉÔòÉÔòÉÔòÉÔòÉÔòÉÔòÉÔòÉÔòÉÔòÉÔòÉÔòÉÔòÉÔòÉÔòÉÔòÉÔòÉÔòÉÔòÉÔòÉÔòÉÔòù
    Ôòæ Looks like Playwright Test or Playwright was just installed or updated. Ôòæ
    Ôòæ Please run the following command to download new browsers:              Ôòæ
    Ôòæ                                                                         Ôòæ
    Ôòæ     npx playwright install                                              Ôòæ
    Ôòæ                                                                         Ôòæ
    Ôòæ <3 Playwright Team                                                      Ôòæ
    ÔòÜÔòÉÔòÉÔòÉÔòÉÔòÉÔòÉÔòÉÔòÉÔòÉÔòÉÔòÉÔòÉÔòÉÔòÉÔòÉÔòÉÔòÉÔòÉÔòÉÔòÉÔòÉÔòÉÔòÉÔòÉÔòÉÔòÉÔòÉÔòÉÔòÉÔòÉÔòÉÔòÉÔòÉÔòÉÔòÉÔòÉÔòÉÔòÉÔòÉÔòÉÔòÉÔòÉÔòÉÔòÉÔòÉÔòÉÔòÉÔòÉÔòÉÔòÉÔòÉÔòÉÔòÉÔòÉÔòÉÔòÉÔòÉÔòÉÔòÉÔòÉÔòÉÔòÉÔòÉÔòÉÔòÉÔòÉÔòÉÔòÉÔòÉÔòÉÔòÉÔòÉÔòÉÔòØ


[1A[2K  569) [chromium] ÔÇ║ src\tests\e2e\ui-components.spec.ts:22:3 ÔÇ║ Componentes UI Principales ÔÇ║ DemoSelector - cards deben ser clicables 

    Error: browserType.launch: Executable doesn't exist at C:\Users\conej\AppData\Local\ms-playwright\chromium_headless_shell-1200\chrome-headless-shell-win64\chrome-headless-shell.exe
    ÔòöÔòÉÔòÉÔòÉÔòÉÔòÉÔòÉÔòÉÔòÉÔòÉÔòÉÔòÉÔòÉÔòÉÔòÉÔòÉÔòÉÔòÉÔòÉÔòÉÔòÉÔòÉÔòÉÔòÉÔòÉÔòÉÔòÉÔòÉÔòÉÔòÉÔòÉÔòÉÔòÉÔòÉÔòÉÔòÉÔòÉÔòÉÔòÉÔòÉÔòÉÔòÉÔòÉÔòÉÔòÉÔòÉÔòÉÔòÉÔòÉÔòÉÔòÉÔòÉÔòÉÔòÉÔòÉÔòÉÔòÉÔòÉÔòÉÔòÉÔòÉÔòÉÔòÉÔòÉÔòÉÔòÉÔòÉÔòÉÔòÉÔòÉÔòÉÔòÉÔòÉÔòÉÔòù
    Ôòæ Looks like Playwright Test or Playwright was just installed or updated. Ôòæ
    Ôòæ Please run the following command to download new browsers:              Ôòæ
    Ôòæ                                                                         Ôòæ
    Ôòæ     npx playwright install                                              Ôòæ
    Ôòæ                                                                         Ôòæ
    Ôòæ <3 Playwright Team                                                      Ôòæ
    ÔòÜÔòÉÔòÉÔòÉÔòÉÔòÉÔòÉÔòÉÔòÉÔòÉÔòÉÔòÉÔòÉÔòÉÔòÉÔòÉÔòÉÔòÉÔòÉÔòÉÔòÉÔòÉÔòÉÔòÉÔòÉÔòÉÔòÉÔòÉÔòÉÔòÉÔòÉÔòÉÔòÉÔòÉÔòÉÔòÉÔòÉÔòÉÔòÉÔòÉÔòÉÔòÉÔòÉÔòÉÔòÉÔòÉÔòÉÔòÉÔòÉÔòÉÔòÉÔòÉÔòÉÔòÉÔòÉÔòÉÔòÉÔòÉÔòÉÔòÉÔòÉÔòÉÔòÉÔòÉÔòÉÔòÉÔòÉÔòÉÔòÉÔòÉÔòÉÔòÉÔòÉÔòÉÔòØ


[1A[2K  570) [chromium] ÔÇ║ src\tests\e2e\ui-components.spec.ts:43:3 ÔÇ║ Componentes UI Principales ÔÇ║ PhoneInput - debe mostrar placeholder correcto 

    Error: browserType.launch: Executable doesn't exist at C:\Users\conej\AppData\Local\ms-playwright\chromium_headless_shell-1200\chrome-headless-shell-win64\chrome-headless-shell.exe
    ÔòöÔòÉÔòÉÔòÉÔòÉÔòÉÔòÉÔòÉÔòÉÔòÉÔòÉÔòÉÔòÉÔòÉÔòÉÔòÉÔòÉÔòÉÔòÉÔòÉÔòÉÔòÉÔòÉÔòÉÔòÉÔòÉÔòÉÔòÉÔòÉÔòÉÔòÉÔòÉÔòÉÔòÉÔòÉÔòÉÔòÉÔòÉÔòÉÔòÉÔòÉÔòÉÔòÉÔòÉÔòÉÔòÉÔòÉÔòÉÔòÉÔòÉÔòÉÔòÉÔòÉÔòÉÔòÉÔòÉÔòÉÔòÉÔòÉÔòÉÔòÉÔòÉÔòÉÔòÉÔòÉÔòÉÔòÉÔòÉÔòÉÔòÉÔòÉÔòÉÔòÉÔòÉÔòù
    Ôòæ Looks like Playwright Test or Playwright was just installed or updated. Ôòæ
    Ôòæ Please run the following command to download new browsers:              Ôòæ
    Ôòæ                                                                         Ôòæ
    Ôòæ     npx playwright install                                              Ôòæ
    Ôòæ                                                                         Ôòæ
    Ôòæ <3 Playwright Team                                                      Ôòæ
    ÔòÜÔòÉÔòÉÔòÉÔòÉÔòÉÔòÉÔòÉÔòÉÔòÉÔòÉÔòÉÔòÉÔòÉÔòÉÔòÉÔòÉÔòÉÔòÉÔòÉÔòÉÔòÉÔòÉÔòÉÔòÉÔòÉÔòÉÔòÉÔòÉÔòÉÔòÉÔòÉÔòÉÔòÉÔòÉÔòÉÔòÉÔòÉÔòÉÔòÉÔòÉÔòÉÔòÉÔòÉÔòÉÔòÉÔòÉÔòÉÔòÉÔòÉÔòÉÔòÉÔòÉÔòÉÔòÉÔòÉÔòÉÔòÉÔòÉÔòÉÔòÉÔòÉÔòÉÔòÉÔòÉÔòÉÔòÉÔòÉÔòÉÔòÉÔòÉÔòÉÔòÉÔòÉÔòØ


[1A[2K[571/580] [chromium] ÔÇ║ src\tests\e2e\ui-components.spec.ts:59:3 ÔÇ║ Componentes UI Principales ÔÇ║ Formularios - deben tener labels accesibles
[1A[2K[572/580] [chromium] ÔÇ║ src\tests\e2e\ui-components.spec.ts:73:3 ÔÇ║ Componentes UI Principales ÔÇ║ Botones - deben tener estados hover
[1A[2K  571) [chromium] ÔÇ║ src\tests\e2e\ui-components.spec.ts:59:3 ÔÇ║ Componentes UI Principales ÔÇ║ Formularios - deben tener labels accesibles 

    Error: browserType.launch: Executable doesn't exist at C:\Users\conej\AppData\Local\ms-playwright\chromium_headless_shell-1200\chrome-headless-shell-win64\chrome-headless-shell.exe
    ÔòöÔòÉÔòÉÔòÉÔòÉÔòÉÔòÉÔòÉÔòÉÔòÉÔòÉÔòÉÔòÉÔòÉÔòÉÔòÉÔòÉÔòÉÔòÉÔòÉÔòÉÔòÉÔòÉÔòÉÔòÉÔòÉÔòÉÔòÉÔòÉÔòÉÔòÉÔòÉÔòÉÔòÉÔòÉÔòÉÔòÉÔòÉÔòÉÔòÉÔòÉÔòÉÔòÉÔòÉÔòÉÔòÉÔòÉÔòÉÔòÉÔòÉÔòÉÔòÉÔòÉÔòÉÔòÉÔòÉÔòÉÔòÉÔòÉÔòÉÔòÉÔòÉÔòÉÔòÉÔòÉÔòÉÔòÉÔòÉÔòÉÔòÉÔòÉÔòÉÔòÉÔòÉÔòù
    Ôòæ Looks like Playwright Test or Playwright was just installed or updated. Ôòæ
    Ôòæ Please run the following command to download new browsers:              Ôòæ
    Ôòæ                                                                         Ôòæ
    Ôòæ     npx playwright install                                              Ôòæ
    Ôòæ                                                                         Ôòæ
    Ôòæ <3 Playwright Team                                                      Ôòæ
    ÔòÜÔòÉÔòÉÔòÉÔòÉÔòÉÔòÉÔòÉÔòÉÔòÉÔòÉÔòÉÔòÉÔòÉÔòÉÔòÉÔòÉÔòÉÔòÉÔòÉÔòÉÔòÉÔòÉÔòÉÔòÉÔòÉÔòÉÔòÉÔòÉÔòÉÔòÉÔòÉÔòÉÔòÉÔòÉÔòÉÔòÉÔòÉÔòÉÔòÉÔòÉÔòÉÔòÉÔòÉÔòÉÔòÉÔòÉÔòÉÔòÉÔòÉÔòÉÔòÉÔòÉÔòÉÔòÉÔòÉÔòÉÔòÉÔòÉÔòÉÔòÉÔòÉÔòÉÔòÉÔòÉÔòÉÔòÉÔòÉÔòÉÔòÉÔòÉÔòÉÔòÉÔòÉÔòØ


[1A[2K  572) [chromium] ÔÇ║ src\tests\e2e\ui-components.spec.ts:73:3 ÔÇ║ Componentes UI Principales ÔÇ║ Botones - deben tener estados hover 

    Error: browserType.launch: Executable doesn't exist at C:\Users\conej\AppData\Local\ms-playwright\chromium_headless_shell-1200\chrome-headless-shell-win64\chrome-headless-shell.exe
    ÔòöÔòÉÔòÉÔòÉÔòÉÔòÉÔòÉÔòÉÔòÉÔòÉÔòÉÔòÉÔòÉÔòÉÔòÉÔòÉÔòÉÔòÉÔòÉÔòÉÔòÉÔòÉÔòÉÔòÉÔòÉÔòÉÔòÉÔòÉÔòÉÔòÉÔòÉÔòÉÔòÉÔòÉÔòÉÔòÉÔòÉÔòÉÔòÉÔòÉÔòÉÔòÉÔòÉÔòÉÔòÉÔòÉÔòÉÔòÉÔòÉÔòÉÔòÉÔòÉÔòÉÔòÉÔòÉÔòÉÔòÉÔòÉÔòÉÔòÉÔòÉÔòÉÔòÉÔòÉÔòÉÔòÉÔòÉÔòÉÔòÉÔòÉÔòÉÔòÉÔòÉÔòÉÔòù
    Ôòæ Looks like Playwright Test or Playwright was just installed or updated. Ôòæ
    Ôòæ Please run the following command to download new browsers:              Ôòæ
    Ôòæ                                                                         Ôòæ
    Ôòæ     npx playwright install                                              Ôòæ
    Ôòæ                                                                         Ôòæ
    Ôòæ <3 Playwright Team                                                      Ôòæ
    ÔòÜÔòÉÔòÉÔòÉÔòÉÔòÉÔòÉÔòÉÔòÉÔòÉÔòÉÔòÉÔòÉÔòÉÔòÉÔòÉÔòÉÔòÉÔòÉÔòÉÔòÉÔòÉÔòÉÔòÉÔòÉÔòÉÔòÉÔòÉÔòÉÔòÉÔòÉÔòÉÔòÉÔòÉÔòÉÔòÉÔòÉÔòÉÔòÉÔòÉÔòÉÔòÉÔòÉÔòÉÔòÉÔòÉÔòÉÔòÉÔòÉÔòÉÔòÉÔòÉÔòÉÔòÉÔòÉÔòÉÔòÉÔòÉÔòÉÔòÉÔòÉÔòÉÔòÉÔòÉÔòÉÔòÉÔòÉÔòÉÔòÉÔòÉÔòÉÔòÉÔòÉÔòÉÔòØ


[1A[2K[573/580] [chromium] ÔÇ║ src\tests\e2e\ui-components.spec.ts:87:3 ÔÇ║ Componentes UI Principales ÔÇ║ Links de navegaci├│n - deben ser accesibles
[1A[2K  573) [chromium] ÔÇ║ src\tests\e2e\ui-components.spec.ts:87:3 ÔÇ║ Componentes UI Principales ÔÇ║ Links de navegaci├│n - deben ser accesibles 

    Error: browserType.launch: Executable doesn't exist at C:\Users\conej\AppData\Local\ms-playwright\chromium_headless_shell-1200\chrome-headless-shell-win64\chrome-headless-shell.exe
    ÔòöÔòÉÔòÉÔòÉÔòÉÔòÉÔòÉÔòÉÔòÉÔòÉÔòÉÔòÉÔòÉÔòÉÔòÉÔòÉÔòÉÔòÉÔòÉÔòÉÔòÉÔòÉÔòÉÔòÉÔòÉÔòÉÔòÉÔòÉÔòÉÔòÉÔòÉÔòÉÔòÉÔòÉÔòÉÔòÉÔòÉÔòÉÔòÉÔòÉÔòÉÔòÉÔòÉÔòÉÔòÉÔòÉÔòÉÔòÉÔòÉÔòÉÔòÉÔòÉÔòÉÔòÉÔòÉÔòÉÔòÉÔòÉÔòÉÔòÉÔòÉÔòÉÔòÉÔòÉÔòÉÔòÉÔòÉÔòÉÔòÉÔòÉÔòÉÔòÉÔòÉÔòÉÔòù
    Ôòæ Looks like Playwright Test or Playwright was just installed or updated. Ôòæ
    Ôòæ Please run the following command to download new browsers:              Ôòæ
    Ôòæ                                                                         Ôòæ
    Ôòæ     npx playwright install                                              Ôòæ
    Ôòæ                                                                         Ôòæ
    Ôòæ <3 Playwright Team                                                      Ôòæ
    ÔòÜÔòÉÔòÉÔòÉÔòÉÔòÉÔòÉÔòÉÔòÉÔòÉÔòÉÔòÉÔòÉÔòÉÔòÉÔòÉÔòÉÔòÉÔòÉÔòÉÔòÉÔòÉÔòÉÔòÉÔòÉÔòÉÔòÉÔòÉÔòÉÔòÉÔòÉÔòÉÔòÉÔòÉÔòÉÔòÉÔòÉÔòÉÔòÉÔòÉÔòÉÔòÉÔòÉÔòÉÔòÉÔòÉÔòÉÔòÉÔòÉÔòÉÔòÉÔòÉÔòÉÔòÉÔòÉÔòÉÔòÉÔòÉÔòÉÔòÉÔòÉÔòÉÔòÉÔòÉÔòÉÔòÉÔòÉÔòÉÔòÉÔòÉÔòÉÔòÉÔòÉÔòÉÔòØ


[1A[2K[574/580] [chromium] ÔÇ║ src\tests\e2e\ui-components.spec.ts:112:3 ÔÇ║ Componentes UI Principales ÔÇ║ Im├ígenes - deben tener alt text
[1A[2K  574) [chromium] ÔÇ║ src\tests\e2e\ui-components.spec.ts:112:3 ÔÇ║ Componentes UI Principales ÔÇ║ Im├ígenes - deben tener alt text 

    Error: browserType.launch: Executable doesn't exist at C:\Users\conej\AppData\Local\ms-playwright\chromium_headless_shell-1200\chrome-headless-shell-win64\chrome-headless-shell.exe
    ÔòöÔòÉÔòÉÔòÉÔòÉÔòÉÔòÉÔòÉÔòÉÔòÉÔòÉÔòÉÔòÉÔòÉÔòÉÔòÉÔòÉÔòÉÔòÉÔòÉÔòÉÔòÉÔòÉÔòÉÔòÉÔòÉÔòÉÔòÉÔòÉÔòÉÔòÉÔòÉÔòÉÔòÉÔòÉÔòÉÔòÉÔòÉÔòÉÔòÉÔòÉÔòÉÔòÉÔòÉÔòÉÔòÉÔòÉÔòÉÔòÉÔòÉÔòÉÔòÉÔòÉÔòÉÔòÉÔòÉÔòÉÔòÉÔòÉÔòÉÔòÉÔòÉÔòÉÔòÉÔòÉÔòÉÔòÉÔòÉÔòÉÔòÉÔòÉÔòÉÔòÉÔòÉÔòù
    Ôòæ Looks like Playwright Test or Playwright was just installed or updated. Ôòæ
    Ôòæ Please run the following command to download new browsers:              Ôòæ
    Ôòæ                                                                         Ôòæ
    Ôòæ     npx playwright install                                              Ôòæ
    Ôòæ                                                                         Ôòæ
    Ôòæ <3 Playwright Team                                                      Ôòæ
    ÔòÜÔòÉÔòÉÔòÉÔòÉÔòÉÔòÉÔòÉÔòÉÔòÉÔòÉÔòÉÔòÉÔòÉÔòÉÔòÉÔòÉÔòÉÔòÉÔòÉÔòÉÔòÉÔòÉÔòÉÔòÉÔòÉÔòÉÔòÉÔòÉÔòÉÔòÉÔòÉÔòÉÔòÉÔòÉÔòÉÔòÉÔòÉÔòÉÔòÉÔòÉÔòÉÔòÉÔòÉÔòÉÔòÉÔòÉÔòÉÔòÉÔòÉÔòÉÔòÉÔòÉÔòÉÔòÉÔòÉÔòÉÔòÉÔòÉÔòÉÔòÉÔòÉÔòÉÔòÉÔòÉÔòÉÔòÉÔòÉÔòÉÔòÉÔòÉÔòÉÔòÉÔòÉÔòØ


[1A[2K[575/580] [chromium] ÔÇ║ src\tests\e2e\ui-components.spec.ts:126:3 ÔÇ║ Componentes UI Principales ÔÇ║ Inputs - deben tener atributos de accesibilidad
[1A[2K  575) [chromium] ÔÇ║ src\tests\e2e\ui-components.spec.ts:126:3 ÔÇ║ Componentes UI Principales ÔÇ║ Inputs - deben tener atributos de accesibilidad 

    Error: browserType.launch: Executable doesn't exist at C:\Users\conej\AppData\Local\ms-playwright\chromium_headless_shell-1200\chrome-headless-shell-win64\chrome-headless-shell.exe
    ÔòöÔòÉÔòÉÔòÉÔòÉÔòÉÔòÉÔòÉÔòÉÔòÉÔòÉÔòÉÔòÉÔòÉÔòÉÔòÉÔòÉÔòÉÔòÉÔòÉÔòÉÔòÉÔòÉÔòÉÔòÉÔòÉÔòÉÔòÉÔòÉÔòÉÔòÉÔòÉÔòÉÔòÉÔòÉÔòÉÔòÉÔòÉÔòÉÔòÉÔòÉÔòÉÔòÉÔòÉÔòÉÔòÉÔòÉÔòÉÔòÉÔòÉÔòÉÔòÉÔòÉÔòÉÔòÉÔòÉÔòÉÔòÉÔòÉÔòÉÔòÉÔòÉÔòÉÔòÉÔòÉÔòÉÔòÉÔòÉÔòÉÔòÉÔòÉÔòÉÔòÉÔòÉÔòù
    Ôòæ Looks like Playwright Test or Playwright was just installed or updated. Ôòæ
    Ôòæ Please run the following command to download new browsers:              Ôòæ
    Ôòæ                                                                         Ôòæ
    Ôòæ     npx playwright install                                              Ôòæ
    Ôòæ                                                                         Ôòæ
    Ôòæ <3 Playwright Team                                                      Ôòæ
    ÔòÜÔòÉÔòÉÔòÉÔòÉÔòÉÔòÉÔòÉÔòÉÔòÉÔòÉÔòÉÔòÉÔòÉÔòÉÔòÉÔòÉÔòÉÔòÉÔòÉÔòÉÔòÉÔòÉÔòÉÔòÉÔòÉÔòÉÔòÉÔòÉÔòÉÔòÉÔòÉÔòÉÔòÉÔòÉÔòÉÔòÉÔòÉÔòÉÔòÉÔòÉÔòÉÔòÉÔòÉÔòÉÔòÉÔòÉÔòÉÔòÉÔòÉÔòÉÔòÉÔòÉÔòÉÔòÉÔòÉÔòÉÔòÉÔòÉÔòÉÔòÉÔòÉÔòÉÔòÉÔòÉÔòÉÔòÉÔòÉÔòÉÔòÉÔòÉÔòÉÔòÉÔòÉÔòØ


[1A[2K[576/580] [chromium] ÔÇ║ src\tests\e2e\ui-components.spec.ts:144:3 ÔÇ║ Componentes UI Principales ÔÇ║ P├ígina debe tener heading principal
[1A[2K[577/580] [chromium] ÔÇ║ src\tests\e2e\ui-components.spec.ts:153:3 ÔÇ║ Componentes UI Principales ÔÇ║ Colores deben tener suficiente contraste
[1A[2K[578/580] [chromium] ÔÇ║ src\tests\e2e\ui-components.spec.ts:169:3 ÔÇ║ Navegaci├│n Condicional - Navigation Component ÔÇ║ Navigation - no debe mostrarse sin autenticaci├│n
[1A[2K  576) [chromium] ÔÇ║ src\tests\e2e\ui-components.spec.ts:144:3 ÔÇ║ Componentes UI Principales ÔÇ║ P├ígina debe tener heading principal 

    Error: browserType.launch: Executable doesn't exist at C:\Users\conej\AppData\Local\ms-playwright\chromium_headless_shell-1200\chrome-headless-shell-win64\chrome-headless-shell.exe
    ÔòöÔòÉÔòÉÔòÉÔòÉÔòÉÔòÉÔòÉÔòÉÔòÉÔòÉÔòÉÔòÉÔòÉÔòÉÔòÉÔòÉÔòÉÔòÉÔòÉÔòÉÔòÉÔòÉÔòÉÔòÉÔòÉÔòÉÔòÉÔòÉÔòÉÔòÉÔòÉÔòÉÔòÉÔòÉÔòÉÔòÉÔòÉÔòÉÔòÉÔòÉÔòÉÔòÉÔòÉÔòÉÔòÉÔòÉÔòÉÔòÉÔòÉÔòÉÔòÉÔòÉÔòÉÔòÉÔòÉÔòÉÔòÉÔòÉÔòÉÔòÉÔòÉÔòÉÔòÉÔòÉÔòÉÔòÉÔòÉÔòÉÔòÉÔòÉÔòÉÔòÉÔòÉÔòù
    Ôòæ Looks like Playwright Test or Playwright was just installed or updated. Ôòæ
    Ôòæ Please run the following command to download new browsers:              Ôòæ
    Ôòæ                                                                         Ôòæ
    Ôòæ     npx playwright install                                              Ôòæ
    Ôòæ                                                                         Ôòæ
    Ôòæ <3 Playwright Team                                                      Ôòæ
    ÔòÜÔòÉÔòÉÔòÉÔòÉÔòÉÔòÉÔòÉÔòÉÔòÉÔòÉÔòÉÔòÉÔòÉÔòÉÔòÉÔòÉÔòÉÔòÉÔòÉÔòÉÔòÉÔòÉÔòÉÔòÉÔòÉÔòÉÔòÉÔòÉÔòÉÔòÉÔòÉÔòÉÔòÉÔòÉÔòÉÔòÉÔòÉÔòÉÔòÉÔòÉÔòÉÔòÉÔòÉÔòÉÔòÉÔòÉÔòÉÔòÉÔòÉÔòÉÔòÉÔòÉÔòÉÔòÉÔòÉÔòÉÔòÉÔòÉÔòÉÔòÉÔòÉÔòÉÔòÉÔòÉÔòÉÔòÉÔòÉÔòÉÔòÉÔòÉÔòÉÔòÉÔòÉÔòØ


[1A[2K  577) [chromium] ÔÇ║ src\tests\e2e\ui-components.spec.ts:153:3 ÔÇ║ Componentes UI Principales ÔÇ║ Colores deben tener suficiente contraste 

    Error: browserType.launch: Executable doesn't exist at C:\Users\conej\AppData\Local\ms-playwright\chromium_headless_shell-1200\chrome-headless-shell-win64\chrome-headless-shell.exe
    ÔòöÔòÉÔòÉÔòÉÔòÉÔòÉÔòÉÔòÉÔòÉÔòÉÔòÉÔòÉÔòÉÔòÉÔòÉÔòÉÔòÉÔòÉÔòÉÔòÉÔòÉÔòÉÔòÉÔòÉÔòÉÔòÉÔòÉÔòÉÔòÉÔòÉÔòÉÔòÉÔòÉÔòÉÔòÉÔòÉÔòÉÔòÉÔòÉÔòÉÔòÉÔòÉÔòÉÔòÉÔòÉÔòÉÔòÉÔòÉÔòÉÔòÉÔòÉÔòÉÔòÉÔòÉÔòÉÔòÉÔòÉÔòÉÔòÉÔòÉÔòÉÔòÉÔòÉÔòÉÔòÉÔòÉÔòÉÔòÉÔòÉÔòÉÔòÉÔòÉÔòÉÔòÉÔòù
    Ôòæ Looks like Playwright Test or Playwright was just installed or updated. Ôòæ
    Ôòæ Please run the following command to download new browsers:              Ôòæ
    Ôòæ                                                                         Ôòæ
    Ôòæ     npx playwright install                                              Ôòæ
    Ôòæ                                                                         Ôòæ
    Ôòæ <3 Playwright Team                                                      Ôòæ
    ÔòÜÔòÉÔòÉÔòÉÔòÉÔòÉÔòÉÔòÉÔòÉÔòÉÔòÉÔòÉÔòÉÔòÉÔòÉÔòÉÔòÉÔòÉÔòÉÔòÉÔòÉÔòÉÔòÉÔòÉÔòÉÔòÉÔòÉÔòÉÔòÉÔòÉÔòÉÔòÉÔòÉÔòÉÔòÉÔòÉÔòÉÔòÉÔòÉÔòÉÔòÉÔòÉÔòÉÔòÉÔòÉÔòÉÔòÉÔòÉÔòÉÔòÉÔòÉÔòÉÔòÉÔòÉÔòÉÔòÉÔòÉÔòÉÔòÉÔòÉÔòÉÔòÉÔòÉÔòÉÔòÉÔòÉÔòÉÔòÉÔòÉÔòÉÔòÉÔòÉÔòÉÔòÉÔòØ


[1A[2K[579/580] [chromium] ÔÇ║ src\tests\e2e\ui-components.spec.ts:180:3 ÔÇ║ Navegaci├│n Condicional - Navigation Component ÔÇ║ P├ígina principal debe cargar en menos de 5 segundos
[1A[2K[580/580] [chromium] ÔÇ║ src\tests\e2e\ui-components.spec.ts:192:3 ÔÇ║ Navegaci├│n Condicional - Navigation Component ÔÇ║ No debe haber errores de consola cr├¡ticos
[1A[2K  578) [chromium] ÔÇ║ src\tests\e2e\ui-components.spec.ts:169:3 ÔÇ║ Navegaci├│n Condicional - Navigation Component ÔÇ║ Navigation - no debe mostrarse sin autenticaci├│n 

    Error: browserType.launch: Executable doesn't exist at C:\Users\conej\AppData\Local\ms-playwright\chromium_headless_shell-1200\chrome-headless-shell-win64\chrome-headless-shell.exe
    ÔòöÔòÉÔòÉÔòÉÔòÉÔòÉÔòÉÔòÉÔòÉÔòÉÔòÉÔòÉÔòÉÔòÉÔòÉÔòÉÔòÉÔòÉÔòÉÔòÉÔòÉÔòÉÔòÉÔòÉÔòÉÔòÉÔòÉÔòÉÔòÉÔòÉÔòÉÔòÉÔòÉÔòÉÔòÉÔòÉÔòÉÔòÉÔòÉÔòÉÔòÉÔòÉÔòÉÔòÉÔòÉÔòÉÔòÉÔòÉÔòÉÔòÉÔòÉÔòÉÔòÉÔòÉÔòÉÔòÉÔòÉÔòÉÔòÉÔòÉÔòÉÔòÉÔòÉÔòÉÔòÉÔòÉÔòÉÔòÉÔòÉÔòÉÔòÉÔòÉÔòÉÔòÉÔòù
    Ôòæ Looks like Playwright Test or Playwright was just installed or updated. Ôòæ
    Ôòæ Please run the following command to download new browsers:              Ôòæ
    Ôòæ                                                                         Ôòæ
    Ôòæ     npx playwright install                                              Ôòæ
    Ôòæ                                                                         Ôòæ
    Ôòæ <3 Playwright Team                                                      Ôòæ
    ÔòÜÔòÉÔòÉÔòÉÔòÉÔòÉÔòÉÔòÉÔòÉÔòÉÔòÉÔòÉÔòÉÔòÉÔòÉÔòÉÔòÉÔòÉÔòÉÔòÉÔòÉÔòÉÔòÉÔòÉÔòÉÔòÉÔòÉÔòÉÔòÉÔòÉÔòÉÔòÉÔòÉÔòÉÔòÉÔòÉÔòÉÔòÉÔòÉÔòÉÔòÉÔòÉÔòÉÔòÉÔòÉÔòÉÔòÉÔòÉÔòÉÔòÉÔòÉÔòÉÔòÉÔòÉÔòÉÔòÉÔòÉÔòÉÔòÉÔòÉÔòÉÔòÉÔòÉÔòÉÔòÉÔòÉÔòÉÔòÉÔòÉÔòÉÔòÉÔòÉÔòÉÔòÉÔòØ


[1A[2K  579) [chromium] ÔÇ║ src\tests\e2e\ui-components.spec.ts:180:3 ÔÇ║ Navegaci├│n Condicional - Navigation Component ÔÇ║ P├ígina principal debe cargar en menos de 5 segundos 

    Error: browserType.launch: Executable doesn't exist at C:\Users\conej\AppData\Local\ms-playwright\chromium_headless_shell-1200\chrome-headless-shell-win64\chrome-headless-shell.exe
    ÔòöÔòÉÔòÉÔòÉÔòÉÔòÉÔòÉÔòÉÔòÉÔòÉÔòÉÔòÉÔòÉÔòÉÔòÉÔòÉÔòÉÔòÉÔòÉÔòÉÔòÉÔòÉÔòÉÔòÉÔòÉÔòÉÔòÉÔòÉÔòÉÔòÉÔòÉÔòÉÔòÉÔòÉÔòÉÔòÉÔòÉÔòÉÔòÉÔòÉÔòÉÔòÉÔòÉÔòÉÔòÉÔòÉÔòÉÔòÉÔòÉÔòÉÔòÉÔòÉÔòÉÔòÉÔòÉÔòÉÔòÉÔòÉÔòÉÔòÉÔòÉÔòÉÔòÉÔòÉÔòÉÔòÉÔòÉÔòÉÔòÉÔòÉÔòÉÔòÉÔòÉÔòÉÔòù
    Ôòæ Looks like Playwright Test or Playwright was just installed or updated. Ôòæ
    Ôòæ Please run the following command to download new browsers:              Ôòæ
    Ôòæ                                                                         Ôòæ
    Ôòæ     npx playwright install                                              Ôòæ
    Ôòæ                                                                         Ôòæ
    Ôòæ <3 Playwright Team                                                      Ôòæ
    ÔòÜÔòÉÔòÉÔòÉÔòÉÔòÉÔòÉÔòÉÔòÉÔòÉÔòÉÔòÉÔòÉÔòÉÔòÉÔòÉÔòÉÔòÉÔòÉÔòÉÔòÉÔòÉÔòÉÔòÉÔòÉÔòÉÔòÉÔòÉÔòÉÔòÉÔòÉÔòÉÔòÉÔòÉÔòÉÔòÉÔòÉÔòÉÔòÉÔòÉÔòÉÔòÉÔòÉÔòÉÔòÉÔòÉÔòÉÔòÉÔòÉÔòÉÔòÉÔòÉÔòÉÔòÉÔòÉÔòÉÔòÉÔòÉÔòÉÔòÉÔòÉÔòÉÔòÉÔòÉÔòÉÔòÉÔòÉÔòÉÔòÉÔòÉÔòÉÔòÉÔòÉÔòÉÔòØ


[1A[2K  580) [chromium] ÔÇ║ src\tests\e2e\ui-components.spec.ts:192:3 ÔÇ║ Navegaci├│n Condicional - Navigation Component ÔÇ║ No debe haber errores de consola cr├¡ticos 

    Error: browserType.launch: Executable doesn't exist at C:\Users\conej\AppData\Local\ms-playwright\chromium_headless_shell-1200\chrome-headless-shell-win64\chrome-headless-shell.exe
    ÔòöÔòÉÔòÉÔòÉÔòÉÔòÉÔòÉÔòÉÔòÉÔòÉÔòÉÔòÉÔòÉÔòÉÔòÉÔòÉÔòÉÔòÉÔòÉÔòÉÔòÉÔòÉÔòÉÔòÉÔòÉÔòÉÔòÉÔòÉÔòÉÔòÉÔòÉÔòÉÔòÉÔòÉÔòÉÔòÉÔòÉÔòÉÔòÉÔòÉÔòÉÔòÉÔòÉÔòÉÔòÉÔòÉÔòÉÔòÉÔòÉÔòÉÔòÉÔòÉÔòÉÔòÉÔòÉÔòÉÔòÉÔòÉÔòÉÔòÉÔòÉÔòÉÔòÉÔòÉÔòÉÔòÉÔòÉÔòÉÔòÉÔòÉÔòÉÔòÉÔòÉÔòÉÔòù
    Ôòæ Looks like Playwright Test or Playwright was just installed or updated. Ôòæ
    Ôòæ Please run the following command to download new browsers:              Ôòæ
    Ôòæ                                                                         Ôòæ
    Ôòæ     npx playwright install                                              Ôòæ
    Ôòæ                                                                         Ôòæ
    Ôòæ <3 Playwright Team                                                      Ôòæ
    ÔòÜÔòÉÔòÉÔòÉÔòÉÔòÉÔòÉÔòÉÔòÉÔòÉÔòÉÔòÉÔòÉÔòÉÔòÉÔòÉÔòÉÔòÉÔòÉÔòÉÔòÉÔòÉÔòÉÔòÉÔòÉÔòÉÔòÉÔòÉÔòÉÔòÉÔòÉÔòÉÔòÉÔòÉÔòÉÔòÉÔòÉÔòÉÔòÉÔòÉÔòÉÔòÉÔòÉÔòÉÔòÉÔòÉÔòÉÔòÉÔòÉÔòÉÔòÉÔòÉÔòÉÔòÉÔòÉÔòÉÔòÉÔòÉÔòÉÔòÉÔòÉÔòÉÔòÉÔòÉÔòÉÔòÉÔòÉÔòÉÔòÉÔòÉÔòÉÔòÉÔòÉÔòÉÔòØ


[1A[2K  580 failed
    [chromium] ÔÇ║ src\tests\e2e\ai-verification.spec.ts:13:5 ÔÇ║ AI Verification ÔÇ║ debe testear IA/verificaci├│n 1 
    [chromium] ÔÇ║ src\tests\e2e\ai-verification.spec.ts:13:5 ÔÇ║ AI Verification ÔÇ║ debe testear IA/verificaci├│n 2 
    [chromium] ÔÇ║ src\tests\e2e\ai-verification.spec.ts:13:5 ÔÇ║ AI Verification ÔÇ║ debe testear IA/verificaci├│n 3 
    [chromium] ÔÇ║ src\tests\e2e\ai-verification.spec.ts:13:5 ÔÇ║ AI Verification ÔÇ║ debe testear IA/verificaci├│n 4 
    [chromium] ÔÇ║ src\tests\e2e\ai-verification.spec.ts:13:5 ÔÇ║ AI Verification ÔÇ║ debe testear IA/verificaci├│n 5 
    [chromium] ÔÇ║ src\tests\e2e\ai-verification.spec.ts:13:5 ÔÇ║ AI Verification ÔÇ║ debe testear IA/verificaci├│n 6 
    [chromium] ÔÇ║ src\tests\e2e\ai-verification.spec.ts:13:5 ÔÇ║ AI Verification ÔÇ║ debe testear IA/verificaci├│n 7 
    [chromium] ÔÇ║ src\tests\e2e\ai-verification.spec.ts:13:5 ÔÇ║ AI Verification ÔÇ║ debe testear IA/verificaci├│n 8 
    [chromium] ÔÇ║ src\tests\e2e\ai-verification.spec.ts:13:5 ÔÇ║ AI Verification ÔÇ║ debe testear IA/verificaci├│n 9 
    [chromium] ÔÇ║ src\tests\e2e\ai-verification.spec.ts:13:5 ÔÇ║ AI Verification ÔÇ║ debe testear IA/verificaci├│n 10 
    [chromium] ÔÇ║ src\tests\e2e\ai-verification.spec.ts:13:5 ÔÇ║ AI Verification ÔÇ║ debe testear IA/verificaci├│n 11 
    [chromium] ÔÇ║ src\tests\e2e\ai-verification.spec.ts:13:5 ÔÇ║ AI Verification ÔÇ║ debe testear IA/verificaci├│n 12 
    [chromium] ÔÇ║ src\tests\e2e\ai-verification.spec.ts:13:5 ÔÇ║ AI Verification ÔÇ║ debe testear IA/verificaci├│n 13 
    [chromium] ÔÇ║ src\tests\e2e\ai-verification.spec.ts:13:5 ÔÇ║ AI Verification ÔÇ║ debe testear IA/verificaci├│n 14 
    [chromium] ÔÇ║ src\tests\e2e\ai-verification.spec.ts:13:5 ÔÇ║ AI Verification ÔÇ║ debe testear IA/verificaci├│n 15 
    [chromium] ÔÇ║ src\tests\e2e\ai-verification.spec.ts:13:5 ÔÇ║ AI Verification ÔÇ║ debe testear IA/verificaci├│n 16 
    [chromium] ÔÇ║ src\tests\e2e\ai-verification.spec.ts:13:5 ÔÇ║ AI Verification ÔÇ║ debe testear IA/verificaci├│n 17 
    [chromium] ÔÇ║ src\tests\e2e\ai-verification.spec.ts:13:5 ÔÇ║ AI Verification ÔÇ║ debe testear IA/verificaci├│n 18 
    [chromium] ÔÇ║ src\tests\e2e\ai-verification.spec.ts:13:5 ÔÇ║ AI Verification ÔÇ║ debe testear IA/verificaci├│n 19 
    [chromium] ÔÇ║ src\tests\e2e\ai-verification.spec.ts:13:5 ÔÇ║ AI Verification ÔÇ║ debe testear IA/verificaci├│n 20 
    [chromium] ÔÇ║ src\tests\e2e\ai-verification.spec.ts:13:5 ÔÇ║ AI Verification ÔÇ║ debe testear IA/verificaci├│n 21 
    [chromium] ÔÇ║ src\tests\e2e\ai-verification.spec.ts:13:5 ÔÇ║ AI Verification ÔÇ║ debe testear IA/verificaci├│n 22 
    [chromium] ÔÇ║ src\tests\e2e\ai-verification.spec.ts:13:5 ÔÇ║ AI Verification ÔÇ║ debe testear IA/verificaci├│n 23 
    [chromium] ÔÇ║ src\tests\e2e\ai-verification.spec.ts:13:5 ÔÇ║ AI Verification ÔÇ║ debe testear IA/verificaci├│n 24 
    [chromium] ÔÇ║ src\tests\e2e\ai-verification.spec.ts:13:5 ÔÇ║ AI Verification ÔÇ║ debe testear IA/verificaci├│n 25 
    [chromium] ÔÇ║ src\tests\e2e\ai-verification.spec.ts:13:5 ÔÇ║ AI Verification ÔÇ║ debe testear IA/verificaci├│n 26 
    [chromium] ÔÇ║ src\tests\e2e\ai-verification.spec.ts:13:5 ÔÇ║ AI Verification ÔÇ║ debe testear IA/verificaci├│n 27 
    [chromium] ÔÇ║ src\tests\e2e\ai-verification.spec.ts:13:5 ÔÇ║ AI Verification ÔÇ║ debe testear IA/verificaci├│n 28 
    [chromium] ÔÇ║ src\tests\e2e\ai-verification.spec.ts:13:5 ÔÇ║ AI Verification ÔÇ║ debe testear IA/verificaci├│n 29 
    [chromium] ÔÇ║ src\tests\e2e\ai-verification.spec.ts:13:5 ÔÇ║ AI Verification ÔÇ║ debe testear IA/verificaci├│n 30 
    [chromium] ÔÇ║ src\tests\e2e\ai-verification.spec.ts:13:5 ÔÇ║ AI Verification ÔÇ║ debe testear IA/verificaci├│n 31 
    [chromium] ÔÇ║ src\tests\e2e\ai-verification.spec.ts:13:5 ÔÇ║ AI Verification ÔÇ║ debe testear IA/verificaci├│n 32 
    [chromium] ÔÇ║ src\tests\e2e\ai-verification.spec.ts:13:5 ÔÇ║ AI Verification ÔÇ║ debe testear IA/verificaci├│n 33 
    [chromium] ÔÇ║ src\tests\e2e\ai-verification.spec.ts:13:5 ÔÇ║ AI Verification ÔÇ║ debe testear IA/verificaci├│n 34 
    [chromium] ÔÇ║ src\tests\e2e\ai-verification.spec.ts:13:5 ÔÇ║ AI Verification ÔÇ║ debe testear IA/verificaci├│n 35 
    [chromium] ÔÇ║ src\tests\e2e\ai-verification.spec.ts:13:5 ÔÇ║ AI Verification ÔÇ║ debe testear IA/verificaci├│n 36 
    [chromium] ÔÇ║ src\tests\e2e\ai-verification.spec.ts:13:5 ÔÇ║ AI Verification ÔÇ║ debe testear IA/verificaci├│n 37 
    [chromium] ÔÇ║ src\tests\e2e\ai-verification.spec.ts:13:5 ÔÇ║ AI Verification ÔÇ║ debe testear IA/verificaci├│n 38 
    [chromium] ÔÇ║ src\tests\e2e\ai-verification.spec.ts:13:5 ÔÇ║ AI Verification ÔÇ║ debe testear IA/verificaci├│n 39 
    [chromium] ÔÇ║ src\tests\e2e\ai-verification.spec.ts:13:5 ÔÇ║ AI Verification ÔÇ║ debe testear IA/verificaci├│n 40 
    [chromium] ÔÇ║ src\tests\e2e\ai-verification.spec.ts:13:5 ÔÇ║ AI Verification ÔÇ║ debe testear IA/verificaci├│n 41 
    [chromium] ÔÇ║ src\tests\e2e\ai-verification.spec.ts:13:5 ÔÇ║ AI Verification ÔÇ║ debe testear IA/verificaci├│n 42 
    [chromium] ÔÇ║ src\tests\e2e\auth.e2e.test.ts:9:3 ÔÇ║ Authentication E2E Tests ÔÇ║ should display login form by default 
    [chromium] ÔÇ║ src\tests\e2e\auth.e2e.test.ts:17:3 ÔÇ║ Authentication E2E Tests ÔÇ║ should switch to register form 
    [chromium] ÔÇ║ src\tests\e2e\auth.e2e.test.ts:28:3 ÔÇ║ Authentication E2E Tests ÔÇ║ should show validation errors for empty fields 
    [chromium] ÔÇ║ src\tests\e2e\auth.e2e.test.ts:37:3 ÔÇ║ Authentication E2E Tests ÔÇ║ should show error for invalid email format 
    [chromium] ÔÇ║ src\tests\e2e\auth.e2e.test.ts:47:3 ÔÇ║ Authentication E2E Tests ÔÇ║ should attempt login with demo credentials 
    [chromium] ÔÇ║ src\tests\e2e\auth.e2e.test.ts:59:3 ÔÇ║ Authentication E2E Tests ÔÇ║ should complete registration flow 
    [chromium] ÔÇ║ src\tests\e2e\auth.e2e.test.ts:77:3 ÔÇ║ Authentication E2E Tests ÔÇ║ should handle hCaptcha widget 
    [chromium] ÔÇ║ src\tests\e2e\auth.e2e.test.ts:86:3 ÔÇ║ Authentication E2E Tests ÔÇ║ should redirect after successful login 
    [chromium] ÔÇ║ src\tests\e2e\auth.e2e.test.ts:108:3 ÔÇ║ Authentication E2E Tests ÔÇ║ should handle network errors gracefully 
    [chromium] ÔÇ║ src\tests\e2e\chat-realtime.spec.ts:27:3 ÔÇ║ Chat - Crear y Abrir Conversaciones ÔÇ║ debe mostrar lista de chats 
    [chromium] ÔÇ║ src\tests\e2e\chat-realtime.spec.ts:39:3 ÔÇ║ Chat - Crear y Abrir Conversaciones ÔÇ║ debe poder crear nuevo chat con usuario 
    [chromium] ÔÇ║ src\tests\e2e\chat-realtime.spec.ts:58:3 ÔÇ║ Chat - Crear y Abrir Conversaciones ÔÇ║ debe abrir chat existente al hacer click 
    [chromium] ÔÇ║ src\tests\e2e\chat-realtime.spec.ts:93:3 ÔÇ║ Chat - Enviar y Recibir Mensajes de Texto ÔÇ║ debe poder escribir mensaje en el input 
    [chromium] ÔÇ║ src\tests\e2e\chat-realtime.spec.ts:105:3 ÔÇ║ Chat - Enviar y Recibir Mensajes de Texto ÔÇ║ debe enviar mensaje al presionar Enter o bot├│n enviar 
    [chromium] ÔÇ║ src\tests\e2e\chat-realtime.spec.ts:127:3 ÔÇ║ Chat - Enviar y Recibir Mensajes de Texto ÔÇ║ debe mostrar mensaje enviado en la conversaci├│n 
    [chromium] ÔÇ║ src\tests\e2e\chat-realtime.spec.ts:144:3 ÔÇ║ Chat - Enviar y Recibir Mensajes de Texto ÔÇ║ debe validar l├¡mite de caracteres en mensaje 
    [chromium] ÔÇ║ src\tests\e2e\chat-realtime.spec.ts:166:3 ÔÇ║ Chat - Enviar Medios (Imagen, Video, Audio) ÔÇ║ debe mostrar bot├│n para adjuntar archivos 
    [chromium] ÔÇ║ src\tests\e2e\chat-realtime.spec.ts:173:3 ÔÇ║ Chat - Enviar Medios (Imagen, Video, Audio) ÔÇ║ debe abrir selector de archivos al click en adjuntar 
    [chromium] ÔÇ║ src\tests\e2e\chat-realtime.spec.ts:188:3 ÔÇ║ Chat - Enviar Medios (Imagen, Video, Audio) ÔÇ║ debe validar tama├▒o m├íximo de archivo (5MB) 
    [chromium] ÔÇ║ src\tests\e2e\chat-realtime.spec.ts:198:3 ÔÇ║ Chat - Enviar Medios (Imagen, Video, Audio) ÔÇ║ debe validar formatos de imagen permitidos (jpg, png, webp) 
    [chromium] ÔÇ║ src\tests\e2e\chat-realtime.spec.ts:209:3 ÔÇ║ Chat - Enviar Medios (Imagen, Video, Audio) ÔÇ║ debe mostrar preview de imagen antes de enviar 
    [chromium] ÔÇ║ src\tests\e2e\chat-realtime.spec.ts:217:3 ÔÇ║ Chat - Enviar Medios (Imagen, Video, Audio) ÔÇ║ debe poder cancelar env├¡o de archivo 
    [chromium] ÔÇ║ src\tests\e2e\chat-realtime.spec.ts:231:3 ÔÇ║ Chat - Estados de Mensajes ÔÇ║ debe mostrar indicador de mensaje entregado (Ô£ô) 
    [chromium] ÔÇ║ src\tests\e2e\chat-realtime.spec.ts:239:3 ÔÇ║ Chat - Estados de Mensajes ÔÇ║ debe mostrar indicador de mensaje le├¡do (Ô£ôÔ£ô) 
    [chromium] ÔÇ║ src\tests\e2e\chat-realtime.spec.ts:247:3 ÔÇ║ Chat - Estados de Mensajes ÔÇ║ debe mostrar timestamp en cada mensaje 
    [chromium] ÔÇ║ src\tests\e2e\chat-realtime.spec.ts:260:3 ÔÇ║ Chat - Estados de Mensajes ÔÇ║ debe agrupar mensajes por fecha 
    [chromium] ÔÇ║ src\tests\e2e\chat-realtime.spec.ts:275:3 ÔÇ║ Chat - Indicador "Escribiendo..." ÔÇ║ debe mostrar indicador cuando el otro usuario est├í escribiendo 
    [chromium] ÔÇ║ src\tests\e2e\chat-realtime.spec.ts:283:3 ÔÇ║ Chat - Indicador "Escribiendo..." ÔÇ║ debe ocultar indicador cuando el usuario deja de escribir 
    [chromium] ÔÇ║ src\tests\e2e\chat-realtime.spec.ts:298:3 ÔÇ║ Chat - Editar y Eliminar Mensajes ÔÇ║ debe mostrar men├║ contextual en mensaje propio (long press o click derecho) 
    [chromium] ÔÇ║ src\tests\e2e\chat-realtime.spec.ts:314:3 ÔÇ║ Chat - Editar y Eliminar Mensajes ÔÇ║ debe tener opci├│n "Editar" en men├║ contextual 
    [chromium] ÔÇ║ src\tests\e2e\chat-realtime.spec.ts:321:3 ÔÇ║ Chat - Editar y Eliminar Mensajes ÔÇ║ debe tener opci├│n "Eliminar" en men├║ contextual 
    [chromium] ÔÇ║ src\tests\e2e\chat-realtime.spec.ts:328:3 ÔÇ║ Chat - Editar y Eliminar Mensajes ÔÇ║ debe poder editar mensaje propio 
    [chromium] ÔÇ║ src\tests\e2e\chat-realtime.spec.ts:350:3 ÔÇ║ Chat - Chatbot IA Autom├ítico ÔÇ║ debe existir chat con IA C├│mplice 
    [chromium] ÔÇ║ src\tests\e2e\chat-realtime.spec.ts:358:3 ÔÇ║ Chat - Chatbot IA Autom├ítico ÔÇ║ debe responder autom├íticamente a mensajes del usuario 
    [chromium] ÔÇ║ src\tests\e2e\chat-realtime.spec.ts:368:3 ÔÇ║ Chat - Chatbot IA Autom├ítico ÔÇ║ debe sugerir matches basados en perfil 
    [chromium] ÔÇ║ src\tests\e2e\chat-realtime.spec.ts:383:3 ÔÇ║ Chat - Moderaci├│n Autom├ítica ÔÇ║ debe bloquear mensajes con contenido inapropiado 
    [chromium] ÔÇ║ src\tests\e2e\chat-realtime.spec.ts:395:3 ÔÇ║ Chat - Moderaci├│n Autom├ítica ÔÇ║ debe mostrar advertencia al detectar contenido sospechoso 
    [chromium] ÔÇ║ src\tests\e2e\chat-realtime.spec.ts:403:3 ÔÇ║ Chat - Moderaci├│n Autom├ítica ÔÇ║ debe cumplir con Ley Olimpia (contenido sin consentimiento) 
    [chromium] ÔÇ║ src\tests\e2e\chat-realtime.spec.ts:418:3 ÔÇ║ Chat - Bloquear y Reportar ÔÇ║ debe tener opci├│n para bloquear usuario desde chat 
    [chromium] ÔÇ║ src\tests\e2e\chat-realtime.spec.ts:425:3 ÔÇ║ Chat - Bloquear y Reportar ÔÇ║ debe tener opci├│n para reportar usuario 
    [chromium] ÔÇ║ src\tests\e2e\chat-realtime.spec.ts:432:3 ÔÇ║ Chat - Bloquear y Reportar ÔÇ║ debe confirmar antes de bloquear 
    [chromium] ÔÇ║ src\tests\e2e\chat-realtime.spec.ts:454:3 ÔÇ║ Chat - Notificaciones ÔÇ║ debe mostrar badge con cantidad de mensajes no le├¡dos 
    [chromium] ÔÇ║ src\tests\e2e\chat-realtime.spec.ts:461:3 ÔÇ║ Chat - Notificaciones ÔÇ║ debe actualizar contador en tiempo real 
    [chromium] ÔÇ║ src\tests\e2e\chat-realtime.spec.ts:468:3 ÔÇ║ Chat - Notificaciones ÔÇ║ debe limpiar badge al abrir chat 
    [chromium] ÔÇ║ src\tests\e2e\chat-realtime.spec.ts:490:3 ÔÇ║ Chat - Chat Grupal ÔÇ║ debe poder crear chat grupal 
    [chromium] ÔÇ║ src\tests\e2e\chat-realtime.spec.ts:497:3 ÔÇ║ Chat - Chat Grupal ÔÇ║ debe mostrar lista de participantes en chat grupal 
    [chromium] ÔÇ║ src\tests\e2e\clubs.spec.ts:13:5 ÔÇ║ Clubs ÔÇ║ debe testear funcionalidad clubs 1 ÔöÇÔöÇÔöÇÔöÇÔöÇ
    [chromium] ÔÇ║ src\tests\e2e\clubs.spec.ts:13:5 ÔÇ║ Clubs ÔÇ║ debe testear funcionalidad clubs 2 ÔöÇÔöÇÔöÇÔöÇÔöÇ
    [chromium] ÔÇ║ src\tests\e2e\clubs.spec.ts:13:5 ÔÇ║ Clubs ÔÇ║ debe testear funcionalidad clubs 3 ÔöÇÔöÇÔöÇÔöÇÔöÇ
    [chromium] ÔÇ║ src\tests\e2e\clubs.spec.ts:13:5 ÔÇ║ Clubs ÔÇ║ debe testear funcionalidad clubs 4 ÔöÇÔöÇÔöÇÔöÇÔöÇ
    [chromium] ÔÇ║ src\tests\e2e\clubs.spec.ts:13:5 ÔÇ║ Clubs ÔÇ║ debe testear funcionalidad clubs 5 ÔöÇÔöÇÔöÇÔöÇÔöÇ
    [chromium] ÔÇ║ src\tests\e2e\clubs.spec.ts:13:5 ÔÇ║ Clubs ÔÇ║ debe testear funcionalidad clubs 6 ÔöÇÔöÇÔöÇÔöÇÔöÇ
    [chromium] ÔÇ║ src\tests\e2e\clubs.spec.ts:13:5 ÔÇ║ Clubs ÔÇ║ debe testear funcionalidad clubs 7 ÔöÇÔöÇÔöÇÔöÇÔöÇ
    [chromium] ÔÇ║ src\tests\e2e\clubs.spec.ts:13:5 ÔÇ║ Clubs ÔÇ║ debe testear funcionalidad clubs 8 ÔöÇÔöÇÔöÇÔöÇÔöÇ
    [chromium] ÔÇ║ src\tests\e2e\clubs.spec.ts:13:5 ÔÇ║ Clubs ÔÇ║ debe testear funcionalidad clubs 9 ÔöÇÔöÇÔöÇÔöÇÔöÇ
    [chromium] ÔÇ║ src\tests\e2e\clubs.spec.ts:13:5 ÔÇ║ Clubs ÔÇ║ debe testear funcionalidad clubs 10 ÔöÇÔöÇÔöÇÔöÇ
    [chromium] ÔÇ║ src\tests\e2e\clubs.spec.ts:13:5 ÔÇ║ Clubs ÔÇ║ debe testear funcionalidad clubs 11 ÔöÇÔöÇÔöÇÔöÇ
    [chromium] ÔÇ║ src\tests\e2e\clubs.spec.ts:13:5 ÔÇ║ Clubs ÔÇ║ debe testear funcionalidad clubs 12 ÔöÇÔöÇÔöÇÔöÇ
    [chromium] ÔÇ║ src\tests\e2e\clubs.spec.ts:13:5 ÔÇ║ Clubs ÔÇ║ debe testear funcionalidad clubs 13 ÔöÇÔöÇÔöÇÔöÇ
    [chromium] ÔÇ║ src\tests\e2e\clubs.spec.ts:13:5 ÔÇ║ Clubs ÔÇ║ debe testear funcionalidad clubs 14 ÔöÇÔöÇÔöÇÔöÇ
    [chromium] ÔÇ║ src\tests\e2e\clubs.spec.ts:13:5 ÔÇ║ Clubs ÔÇ║ debe testear funcionalidad clubs 15 ÔöÇÔöÇÔöÇÔöÇ
    [chromium] ÔÇ║ src\tests\e2e\clubs.spec.ts:13:5 ÔÇ║ Clubs ÔÇ║ debe testear funcionalidad clubs 16 ÔöÇÔöÇÔöÇÔöÇ
    [chromium] ÔÇ║ src\tests\e2e\clubs.spec.ts:13:5 ÔÇ║ Clubs ÔÇ║ debe testear funcionalidad clubs 17 ÔöÇÔöÇÔöÇÔöÇ
    [chromium] ÔÇ║ src\tests\e2e\clubs.spec.ts:13:5 ÔÇ║ Clubs ÔÇ║ debe testear funcionalidad clubs 18 ÔöÇÔöÇÔöÇÔöÇ
    [chromium] ÔÇ║ src\tests\e2e\clubs.spec.ts:13:5 ÔÇ║ Clubs ÔÇ║ debe testear funcionalidad clubs 19 ÔöÇÔöÇÔöÇÔöÇ
    [chromium] ÔÇ║ src\tests\e2e\clubs.spec.ts:13:5 ÔÇ║ Clubs ÔÇ║ debe testear funcionalidad clubs 20 ÔöÇÔöÇÔöÇÔöÇ
    [chromium] ÔÇ║ src\tests\e2e\clubs.spec.ts:13:5 ÔÇ║ Clubs ÔÇ║ debe testear funcionalidad clubs 21 ÔöÇÔöÇÔöÇÔöÇ
    [chromium] ÔÇ║ src\tests\e2e\clubs.spec.ts:13:5 ÔÇ║ Clubs ÔÇ║ debe testear funcionalidad clubs 22 ÔöÇÔöÇÔöÇÔöÇ
    [chromium] ÔÇ║ src\tests\e2e\clubs.spec.ts:13:5 ÔÇ║ Clubs ÔÇ║ debe testear funcionalidad clubs 23 ÔöÇÔöÇÔöÇÔöÇ
    [chromium] ÔÇ║ src\tests\e2e\clubs.spec.ts:13:5 ÔÇ║ Clubs ÔÇ║ debe testear funcionalidad clubs 24 ÔöÇÔöÇÔöÇÔöÇ
    [chromium] ÔÇ║ src\tests\e2e\clubs.spec.ts:13:5 ÔÇ║ Clubs ÔÇ║ debe testear funcionalidad clubs 25 ÔöÇÔöÇÔöÇÔöÇ
    [chromium] ÔÇ║ src\tests\e2e\clubs.spec.ts:13:5 ÔÇ║ Clubs ÔÇ║ debe testear funcionalidad clubs 26 ÔöÇÔöÇÔöÇÔöÇ
    [chromium] ÔÇ║ src\tests\e2e\clubs.spec.ts:13:5 ÔÇ║ Clubs ÔÇ║ debe testear funcionalidad clubs 27 ÔöÇÔöÇÔöÇÔöÇ
    [chromium] ÔÇ║ src\tests\e2e\clubs.spec.ts:13:5 ÔÇ║ Clubs ÔÇ║ debe testear funcionalidad clubs 28 ÔöÇÔöÇÔöÇÔöÇ
    [chromium] ÔÇ║ src\tests\e2e\clubs.spec.ts:13:5 ÔÇ║ Clubs ÔÇ║ debe testear funcionalidad clubs 29 ÔöÇÔöÇÔöÇÔöÇ
    [chromium] ÔÇ║ src\tests\e2e\clubs.spec.ts:13:5 ÔÇ║ Clubs ÔÇ║ debe testear funcionalidad clubs 30 ÔöÇÔöÇÔöÇÔöÇ
    [chromium] ÔÇ║ src\tests\e2e\clubs.spec.ts:13:5 ÔÇ║ Clubs ÔÇ║ debe testear funcionalidad clubs 31 ÔöÇÔöÇÔöÇÔöÇ
    [chromium] ÔÇ║ src\tests\e2e\clubs.spec.ts:13:5 ÔÇ║ Clubs ÔÇ║ debe testear funcionalidad clubs 32 ÔöÇÔöÇÔöÇÔöÇ
    [chromium] ÔÇ║ src\tests\e2e\clubs.spec.ts:13:5 ÔÇ║ Clubs ÔÇ║ debe testear funcionalidad clubs 33 ÔöÇÔöÇÔöÇÔöÇ
    [chromium] ÔÇ║ src\tests\e2e\clubs.spec.ts:13:5 ÔÇ║ Clubs ÔÇ║ debe testear funcionalidad clubs 34 ÔöÇÔöÇÔöÇÔöÇ
    [chromium] ÔÇ║ src\tests\e2e\clubs.spec.ts:13:5 ÔÇ║ Clubs ÔÇ║ debe testear funcionalidad clubs 35 ÔöÇÔöÇÔöÇÔöÇ
    [chromium] ÔÇ║ src\tests\e2e\comments.spec.ts:13:5 ÔÇ║ Comments ÔÇ║ debe testear comentario 1 ÔöÇÔöÇÔöÇÔöÇÔöÇÔöÇÔöÇÔöÇ
    [chromium] ÔÇ║ src\tests\e2e\comments.spec.ts:13:5 ÔÇ║ Comments ÔÇ║ debe testear comentario 2 ÔöÇÔöÇÔöÇÔöÇÔöÇÔöÇÔöÇÔöÇ
    [chromium] ÔÇ║ src\tests\e2e\comments.spec.ts:13:5 ÔÇ║ Comments ÔÇ║ debe testear comentario 3 ÔöÇÔöÇÔöÇÔöÇÔöÇÔöÇÔöÇÔöÇ
    [chromium] ÔÇ║ src\tests\e2e\comments.spec.ts:13:5 ÔÇ║ Comments ÔÇ║ debe testear comentario 4 ÔöÇÔöÇÔöÇÔöÇÔöÇÔöÇÔöÇÔöÇ
    [chromium] ÔÇ║ src\tests\e2e\comments.spec.ts:13:5 ÔÇ║ Comments ÔÇ║ debe testear comentario 5 ÔöÇÔöÇÔöÇÔöÇÔöÇÔöÇÔöÇÔöÇ
    [chromium] ÔÇ║ src\tests\e2e\comments.spec.ts:13:5 ÔÇ║ Comments ÔÇ║ debe testear comentario 6 ÔöÇÔöÇÔöÇÔöÇÔöÇÔöÇÔöÇÔöÇ
    [chromium] ÔÇ║ src\tests\e2e\comments.spec.ts:13:5 ÔÇ║ Comments ÔÇ║ debe testear comentario 7 ÔöÇÔöÇÔöÇÔöÇÔöÇÔöÇÔöÇÔöÇ
    [chromium] ÔÇ║ src\tests\e2e\comments.spec.ts:13:5 ÔÇ║ Comments ÔÇ║ debe testear comentario 8 ÔöÇÔöÇÔöÇÔöÇÔöÇÔöÇÔöÇÔöÇ
    [chromium] ÔÇ║ src\tests\e2e\comments.spec.ts:13:5 ÔÇ║ Comments ÔÇ║ debe testear comentario 9 ÔöÇÔöÇÔöÇÔöÇÔöÇÔöÇÔöÇÔöÇ
    [chromium] ÔÇ║ src\tests\e2e\comments.spec.ts:13:5 ÔÇ║ Comments ÔÇ║ debe testear comentario 10 ÔöÇÔöÇÔöÇÔöÇÔöÇÔöÇÔöÇ
    [chromium] ÔÇ║ src\tests\e2e\comments.spec.ts:13:5 ÔÇ║ Comments ÔÇ║ debe testear comentario 11 ÔöÇÔöÇÔöÇÔöÇÔöÇÔöÇÔöÇ
    [chromium] ÔÇ║ src\tests\e2e\comments.spec.ts:13:5 ÔÇ║ Comments ÔÇ║ debe testear comentario 12 ÔöÇÔöÇÔöÇÔöÇÔöÇÔöÇÔöÇ
    [chromium] ÔÇ║ src\tests\e2e\comments.spec.ts:13:5 ÔÇ║ Comments ÔÇ║ debe testear comentario 13 ÔöÇÔöÇÔöÇÔöÇÔöÇÔöÇÔöÇ
    [chromium] ÔÇ║ src\tests\e2e\comments.spec.ts:13:5 ÔÇ║ Comments ÔÇ║ debe testear comentario 14 ÔöÇÔöÇÔöÇÔöÇÔöÇÔöÇÔöÇ
    [chromium] ÔÇ║ src\tests\e2e\comments.spec.ts:13:5 ÔÇ║ Comments ÔÇ║ debe testear comentario 15 ÔöÇÔöÇÔöÇÔöÇÔöÇÔöÇÔöÇ
    [chromium] ÔÇ║ src\tests\e2e\components-theme.spec.ts:13:5 ÔÇ║ Components Theme ÔÇ║ debe testear componente 1 
    [chromium] ÔÇ║ src\tests\e2e\components-theme.spec.ts:13:5 ÔÇ║ Components Theme ÔÇ║ debe testear componente 2 
    [chromium] ÔÇ║ src\tests\e2e\components-theme.spec.ts:13:5 ÔÇ║ Components Theme ÔÇ║ debe testear componente 3 
    [chromium] ÔÇ║ src\tests\e2e\components-theme.spec.ts:13:5 ÔÇ║ Components Theme ÔÇ║ debe testear componente 4 
    [chromium] ÔÇ║ src\tests\e2e\components-theme.spec.ts:13:5 ÔÇ║ Components Theme ÔÇ║ debe testear componente 5 
    [chromium] ÔÇ║ src\tests\e2e\components-theme.spec.ts:13:5 ÔÇ║ Components Theme ÔÇ║ debe testear componente 6 
    [chromium] ÔÇ║ src\tests\e2e\components-theme.spec.ts:13:5 ÔÇ║ Components Theme ÔÇ║ debe testear componente 7 
    [chromium] ÔÇ║ src\tests\e2e\components-theme.spec.ts:13:5 ÔÇ║ Components Theme ÔÇ║ debe testear componente 8 
    [chromium] ÔÇ║ src\tests\e2e\components-theme.spec.ts:13:5 ÔÇ║ Components Theme ÔÇ║ debe testear componente 9 
    [chromium] ÔÇ║ src\tests\e2e\components-theme.spec.ts:13:5 ÔÇ║ Components Theme ÔÇ║ debe testear componente 10 
    [chromium] ÔÇ║ src\tests\e2e\components-theme.spec.ts:13:5 ÔÇ║ Components Theme ÔÇ║ debe testear componente 11 
    [chromium] ÔÇ║ src\tests\e2e\components-theme.spec.ts:13:5 ÔÇ║ Components Theme ÔÇ║ debe testear componente 12 
    [chromium] ÔÇ║ src\tests\e2e\components-theme.spec.ts:13:5 ÔÇ║ Components Theme ÔÇ║ debe testear componente 13 
    [chromium] ÔÇ║ src\tests\e2e\components-theme.spec.ts:13:5 ÔÇ║ Components Theme ÔÇ║ debe testear componente 14 
    [chromium] ÔÇ║ src\tests\e2e\components-theme.spec.ts:13:5 ÔÇ║ Components Theme ÔÇ║ debe testear componente 15 
    [chromium] ÔÇ║ src\tests\e2e\components-theme.spec.ts:13:5 ÔÇ║ Components Theme ÔÇ║ debe testear componente 16 
    [chromium] ÔÇ║ src\tests\e2e\components-theme.spec.ts:13:5 ÔÇ║ Components Theme ÔÇ║ debe testear componente 17 
    [chromium] ÔÇ║ src\tests\e2e\components-theme.spec.ts:13:5 ÔÇ║ Components Theme ÔÇ║ debe testear componente 18 
    [chromium] ÔÇ║ src\tests\e2e\components-theme.spec.ts:13:5 ÔÇ║ Components Theme ÔÇ║ debe testear componente 19 
    [chromium] ÔÇ║ src\tests\e2e\components-theme.spec.ts:13:5 ÔÇ║ Components Theme ÔÇ║ debe testear componente 20 
    [chromium] ÔÇ║ src\tests\e2e\components-theme.spec.ts:13:5 ÔÇ║ Components Theme ÔÇ║ debe testear componente 21 
    [chromium] ÔÇ║ src\tests\e2e\components-theme.spec.ts:13:5 ÔÇ║ Components Theme ÔÇ║ debe testear componente 22 
    [chromium] ÔÇ║ src\tests\e2e\components-theme.spec.ts:13:5 ÔÇ║ Components Theme ÔÇ║ debe testear componente 23 
    [chromium] ÔÇ║ src\tests\e2e\components-theme.spec.ts:13:5 ÔÇ║ Components Theme ÔÇ║ debe testear componente 24 
    [chromium] ÔÇ║ src\tests\e2e\components-theme.spec.ts:13:5 ÔÇ║ Components Theme ÔÇ║ debe testear componente 25 
    [chromium] ÔÇ║ src\tests\e2e\critical-flows.spec.ts:14:3 ÔÇ║ Critical User Flows ÔÇ║ Authentication Flow - Demo Mode 
    [chromium] ÔÇ║ src\tests\e2e\critical-flows.spec.ts:30:3 ÔÇ║ Critical User Flows ÔÇ║ Navigation Between Pages 
    [chromium] ÔÇ║ src\tests\e2e\critical-flows.spec.ts:56:3 ÔÇ║ Critical User Flows ÔÇ║ Responsive Design Breakpoints 
    [chromium] ÔÇ║ src\tests\e2e\critical-flows.spec.ts:76:3 ÔÇ║ Critical User Flows ÔÇ║ Profile Navigation and Functionality 
    [chromium] ÔÇ║ src\tests\e2e\critical-flows.spec.ts:93:3 ÔÇ║ Critical User Flows ÔÇ║ Chat Basic Functionality 
    [chromium] ÔÇ║ src\tests\e2e\critical-flows.spec.ts:112:3 ÔÇ║ Critical User Flows ÔÇ║ Security Features - Android 
    [chromium] ÔÇ║ src\tests\e2e\critical-flows.spec.ts:127:3 ÔÇ║ Critical User Flows ÔÇ║ Performance and Loading 
    [chromium] ÔÇ║ src\tests\e2e\critical-flows.spec.ts:141:3 ÔÇ║ Critical User Flows ÔÇ║ Accessibility Features 
    [chromium] ÔÇ║ src\tests\e2e\critical-flows.spec.ts:156:3 ÔÇ║ Critical User Flows ÔÇ║ Error Handling and Fallbacks 
    [chromium] ÔÇ║ src\tests\e2e\critical-flows.spec.ts:177:3 ÔÇ║ Mobile-Specific Tests ÔÇ║ Touch Interactions 
    [chromium] ÔÇ║ src\tests\e2e\critical-flows.spec.ts:196:3 ÔÇ║ Mobile-Specific Tests ÔÇ║ Mobile Navigation Bottom Bar 
    [chromium] ÔÇ║ src\tests\e2e\cross-browser.spec.ts:27:5 ÔÇ║ Compatibilidad Chrome Desktop ÔÇ║ deber├¡a cargar la p├ígina principal correctamente 
    [chromium] ÔÇ║ src\tests\e2e\cross-browser.spec.ts:45:5 ÔÇ║ Compatibilidad Chrome Desktop ÔÇ║ deber├¡a manejar CSS Grid y Flexbox correctamente 
    [chromium] ÔÇ║ src\tests\e2e\cross-browser.spec.ts:67:5 ÔÇ║ Compatibilidad Chrome Desktop ÔÇ║ deber├¡a soportar caracter├¡sticas CSS modernas 
    [chromium] ÔÇ║ src\tests\e2e\cross-browser.spec.ts:89:5 ÔÇ║ Compatibilidad Chrome Desktop ÔÇ║ deber├¡a funcionar la navegaci├│n t├íctil en m├│viles 
    [chromium] ÔÇ║ src\tests\e2e\cross-browser.spec.ts:104:5 ÔÇ║ Compatibilidad Chrome Desktop ÔÇ║ deber├¡a manejar eventos de JavaScript correctamente 
    [chromium] ÔÇ║ src\tests\e2e\cross-browser.spec.ts:121:5 ÔÇ║ Compatibilidad Chrome Desktop ÔÇ║ deber├¡a cargar fuentes web correctamente 
    [chromium] ÔÇ║ src\tests\e2e\cross-browser.spec.ts:135:5 ÔÇ║ Compatibilidad Chrome Desktop ÔÇ║ deber├¡a soportar animaciones CSS 
    [chromium] ÔÇ║ src\tests\e2e\cross-browser.spec.ts:149:5 ÔÇ║ Compatibilidad Chrome Desktop ÔÇ║ deber├¡a manejar media queries responsive 
    [chromium] ÔÇ║ src\tests\e2e\cross-browser.spec.ts:167:5 ÔÇ║ Compatibilidad Chrome Desktop ÔÇ║ deber├¡a funcionar localStorage y sessionStorage 
    [chromium] ÔÇ║ src\tests\e2e\cross-browser.spec.ts:199:5 ÔÇ║ Compatibilidad Chrome Desktop ÔÇ║ deber├¡a soportar APIs modernas del navegador 
    [chromium] ÔÇ║ src\tests\e2e\cross-browser.spec.ts:221:5 ÔÇ║ Compatibilidad Chrome Desktop ÔÇ║ deber├¡a manejar errores de red graciosamente 
    [chromium] ÔÇ║ src\tests\e2e\cross-browser.spec.ts:234:5 ÔÇ║ Compatibilidad Chrome Desktop ÔÇ║ deber├¡a funcionar con diferentes resoluciones de pantalla 
    [chromium] ÔÇ║ src\tests\e2e\cross-browser.spec.ts:258:5 ÔÇ║ Compatibilidad Chrome Desktop ÔÇ║ deber├¡a soportar modo oscuro/claro del sistema 
    [chromium] ÔÇ║ src\tests\e2e\cross-browser.spec.ts:278:5 ÔÇ║ Compatibilidad Chrome Desktop ÔÇ║ deber├¡a funcionar con diferentes configuraciones de accesibilidad 
    [chromium] ÔÇ║ src\tests\e2e\cross-browser.spec.ts:27:5 ÔÇ║ Compatibilidad Firefox Desktop ÔÇ║ deber├¡a cargar la p├ígina principal correctamente 
    [chromium] ÔÇ║ src\tests\e2e\cross-browser.spec.ts:45:5 ÔÇ║ Compatibilidad Firefox Desktop ÔÇ║ deber├¡a manejar CSS Grid y Flexbox correctamente 
    [chromium] ÔÇ║ src\tests\e2e\cross-browser.spec.ts:67:5 ÔÇ║ Compatibilidad Firefox Desktop ÔÇ║ deber├¡a soportar caracter├¡sticas CSS modernas 
    [chromium] ÔÇ║ src\tests\e2e\cross-browser.spec.ts:89:5 ÔÇ║ Compatibilidad Firefox Desktop ÔÇ║ deber├¡a funcionar la navegaci├│n t├íctil en m├│viles 
    [chromium] ÔÇ║ src\tests\e2e\cross-browser.spec.ts:104:5 ÔÇ║ Compatibilidad Firefox Desktop ÔÇ║ deber├¡a manejar eventos de JavaScript correctamente 
    [chromium] ÔÇ║ src\tests\e2e\cross-browser.spec.ts:121:5 ÔÇ║ Compatibilidad Firefox Desktop ÔÇ║ deber├¡a cargar fuentes web correctamente 
    [chromium] ÔÇ║ src\tests\e2e\cross-browser.spec.ts:135:5 ÔÇ║ Compatibilidad Firefox Desktop ÔÇ║ deber├¡a soportar animaciones CSS 
    [chromium] ÔÇ║ src\tests\e2e\cross-browser.spec.ts:149:5 ÔÇ║ Compatibilidad Firefox Desktop ÔÇ║ deber├¡a manejar media queries responsive 
    [chromium] ÔÇ║ src\tests\e2e\cross-browser.spec.ts:167:5 ÔÇ║ Compatibilidad Firefox Desktop ÔÇ║ deber├¡a funcionar localStorage y sessionStorage 
    [chromium] ÔÇ║ src\tests\e2e\cross-browser.spec.ts:199:5 ÔÇ║ Compatibilidad Firefox Desktop ÔÇ║ deber├¡a soportar APIs modernas del navegador 
    [chromium] ÔÇ║ src\tests\e2e\cross-browser.spec.ts:221:5 ÔÇ║ Compatibilidad Firefox Desktop ÔÇ║ deber├¡a manejar errores de red graciosamente 
    [chromium] ÔÇ║ src\tests\e2e\cross-browser.spec.ts:234:5 ÔÇ║ Compatibilidad Firefox Desktop ÔÇ║ deber├¡a funcionar con diferentes resoluciones de pantalla 
    [chromium] ÔÇ║ src\tests\e2e\cross-browser.spec.ts:258:5 ÔÇ║ Compatibilidad Firefox Desktop ÔÇ║ deber├¡a soportar modo oscuro/claro del sistema 
    [chromium] ÔÇ║ src\tests\e2e\cross-browser.spec.ts:278:5 ÔÇ║ Compatibilidad Firefox Desktop ÔÇ║ deber├¡a funcionar con diferentes configuraciones de accesibilidad 
    [chromium] ÔÇ║ src\tests\e2e\cross-browser.spec.ts:27:5 ÔÇ║ Compatibilidad Safari Desktop ÔÇ║ deber├¡a cargar la p├ígina principal correctamente 
    [chromium] ÔÇ║ src\tests\e2e\cross-browser.spec.ts:45:5 ÔÇ║ Compatibilidad Safari Desktop ÔÇ║ deber├¡a manejar CSS Grid y Flexbox correctamente 
    [chromium] ÔÇ║ src\tests\e2e\cross-browser.spec.ts:67:5 ÔÇ║ Compatibilidad Safari Desktop ÔÇ║ deber├¡a soportar caracter├¡sticas CSS modernas 
    [chromium] ÔÇ║ src\tests\e2e\cross-browser.spec.ts:89:5 ÔÇ║ Compatibilidad Safari Desktop ÔÇ║ deber├¡a funcionar la navegaci├│n t├íctil en m├│viles 
    [chromium] ÔÇ║ src\tests\e2e\cross-browser.spec.ts:104:5 ÔÇ║ Compatibilidad Safari Desktop ÔÇ║ deber├¡a manejar eventos de JavaScript correctamente 
    [chromium] ÔÇ║ src\tests\e2e\cross-browser.spec.ts:121:5 ÔÇ║ Compatibilidad Safari Desktop ÔÇ║ deber├¡a cargar fuentes web correctamente 
    [chromium] ÔÇ║ src\tests\e2e\cross-browser.spec.ts:135:5 ÔÇ║ Compatibilidad Safari Desktop ÔÇ║ deber├¡a soportar animaciones CSS 
    [chromium] ÔÇ║ src\tests\e2e\cross-browser.spec.ts:149:5 ÔÇ║ Compatibilidad Safari Desktop ÔÇ║ deber├¡a manejar media queries responsive 
    [chromium] ÔÇ║ src\tests\e2e\cross-browser.spec.ts:167:5 ÔÇ║ Compatibilidad Safari Desktop ÔÇ║ deber├¡a funcionar localStorage y sessionStorage 
    [chromium] ÔÇ║ src\tests\e2e\cross-browser.spec.ts:199:5 ÔÇ║ Compatibilidad Safari Desktop ÔÇ║ deber├¡a soportar APIs modernas del navegador 
    [chromium] ÔÇ║ src\tests\e2e\cross-browser.spec.ts:221:5 ÔÇ║ Compatibilidad Safari Desktop ÔÇ║ deber├¡a manejar errores de red graciosamente 
    [chromium] ÔÇ║ src\tests\e2e\cross-browser.spec.ts:234:5 ÔÇ║ Compatibilidad Safari Desktop ÔÇ║ deber├¡a funcionar con diferentes resoluciones de pantalla 
    [chromium] ÔÇ║ src\tests\e2e\cross-browser.spec.ts:258:5 ÔÇ║ Compatibilidad Safari Desktop ÔÇ║ deber├¡a soportar modo oscuro/claro del sistema 
    [chromium] ÔÇ║ src\tests\e2e\cross-browser.spec.ts:278:5 ÔÇ║ Compatibilidad Safari Desktop ÔÇ║ deber├¡a funcionar con diferentes configuraciones de accesibilidad 
    [chromium] ÔÇ║ src\tests\e2e\cross-browser.spec.ts:27:5 ÔÇ║ Compatibilidad Chrome Mobile ÔÇ║ deber├¡a cargar la p├ígina principal correctamente 
    [chromium] ÔÇ║ src\tests\e2e\cross-browser.spec.ts:45:5 ÔÇ║ Compatibilidad Chrome Mobile ÔÇ║ deber├¡a manejar CSS Grid y Flexbox correctamente 
    [chromium] ÔÇ║ src\tests\e2e\cross-browser.spec.ts:67:5 ÔÇ║ Compatibilidad Chrome Mobile ÔÇ║ deber├¡a soportar caracter├¡sticas CSS modernas 
    [chromium] ÔÇ║ src\tests\e2e\cross-browser.spec.ts:89:5 ÔÇ║ Compatibilidad Chrome Mobile ÔÇ║ deber├¡a funcionar la navegaci├│n t├íctil en m├│viles 
    [chromium] ÔÇ║ src\tests\e2e\cross-browser.spec.ts:104:5 ÔÇ║ Compatibilidad Chrome Mobile ÔÇ║ deber├¡a manejar eventos de JavaScript correctamente 
    [chromium] ÔÇ║ src\tests\e2e\cross-browser.spec.ts:121:5 ÔÇ║ Compatibilidad Chrome Mobile ÔÇ║ deber├¡a cargar fuentes web correctamente 
    [chromium] ÔÇ║ src\tests\e2e\cross-browser.spec.ts:135:5 ÔÇ║ Compatibilidad Chrome Mobile ÔÇ║ deber├¡a soportar animaciones CSS 
    [chromium] ÔÇ║ src\tests\e2e\cross-browser.spec.ts:149:5 ÔÇ║ Compatibilidad Chrome Mobile ÔÇ║ deber├¡a manejar media queries responsive 
    [chromium] ÔÇ║ src\tests\e2e\cross-browser.spec.ts:167:5 ÔÇ║ Compatibilidad Chrome Mobile ÔÇ║ deber├¡a funcionar localStorage y sessionStorage 
    [chromium] ÔÇ║ src\tests\e2e\cross-browser.spec.ts:199:5 ÔÇ║ Compatibilidad Chrome Mobile ÔÇ║ deber├¡a soportar APIs modernas del navegador 
    [chromium] ÔÇ║ src\tests\e2e\cross-browser.spec.ts:221:5 ÔÇ║ Compatibilidad Chrome Mobile ÔÇ║ deber├¡a manejar errores de red graciosamente 
    [chromium] ÔÇ║ src\tests\e2e\cross-browser.spec.ts:234:5 ÔÇ║ Compatibilidad Chrome Mobile ÔÇ║ deber├¡a funcionar con diferentes resoluciones de pantalla 
    [chromium] ÔÇ║ src\tests\e2e\cross-browser.spec.ts:258:5 ÔÇ║ Compatibilidad Chrome Mobile ÔÇ║ deber├¡a soportar modo oscuro/claro del sistema 
    [chromium] ÔÇ║ src\tests\e2e\cross-browser.spec.ts:278:5 ÔÇ║ Compatibilidad Chrome Mobile ÔÇ║ deber├¡a funcionar con diferentes configuraciones de accesibilidad 
    [chromium] ÔÇ║ src\tests\e2e\cross-browser.spec.ts:27:5 ÔÇ║ Compatibilidad Safari Mobile ÔÇ║ deber├¡a cargar la p├ígina principal correctamente 
    [chromium] ÔÇ║ src\tests\e2e\cross-browser.spec.ts:45:5 ÔÇ║ Compatibilidad Safari Mobile ÔÇ║ deber├¡a manejar CSS Grid y Flexbox correctamente 
    [chromium] ÔÇ║ src\tests\e2e\cross-browser.spec.ts:67:5 ÔÇ║ Compatibilidad Safari Mobile ÔÇ║ deber├¡a soportar caracter├¡sticas CSS modernas 
    [chromium] ÔÇ║ src\tests\e2e\cross-browser.spec.ts:89:5 ÔÇ║ Compatibilidad Safari Mobile ÔÇ║ deber├¡a funcionar la navegaci├│n t├íctil en m├│viles 
    [chromium] ÔÇ║ src\tests\e2e\cross-browser.spec.ts:104:5 ÔÇ║ Compatibilidad Safari Mobile ÔÇ║ deber├¡a manejar eventos de JavaScript correctamente 
    [chromium] ÔÇ║ src\tests\e2e\cross-browser.spec.ts:121:5 ÔÇ║ Compatibilidad Safari Mobile ÔÇ║ deber├¡a cargar fuentes web correctamente 
    [chromium] ÔÇ║ src\tests\e2e\cross-browser.spec.ts:135:5 ÔÇ║ Compatibilidad Safari Mobile ÔÇ║ deber├¡a soportar animaciones CSS 
    [chromium] ÔÇ║ src\tests\e2e\cross-browser.spec.ts:149:5 ÔÇ║ Compatibilidad Safari Mobile ÔÇ║ deber├¡a manejar media queries responsive 
    [chromium] ÔÇ║ src\tests\e2e\cross-browser.spec.ts:167:5 ÔÇ║ Compatibilidad Safari Mobile ÔÇ║ deber├¡a funcionar localStorage y sessionStorage 
    [chromium] ÔÇ║ src\tests\e2e\cross-browser.spec.ts:199:5 ÔÇ║ Compatibilidad Safari Mobile ÔÇ║ deber├¡a soportar APIs modernas del navegador 
    [chromium] ÔÇ║ src\tests\e2e\cross-browser.spec.ts:221:5 ÔÇ║ Compatibilidad Safari Mobile ÔÇ║ deber├¡a manejar errores de red graciosamente 
    [chromium] ÔÇ║ src\tests\e2e\cross-browser.spec.ts:234:5 ÔÇ║ Compatibilidad Safari Mobile ÔÇ║ deber├¡a funcionar con diferentes resoluciones de pantalla 
    [chromium] ÔÇ║ src\tests\e2e\cross-browser.spec.ts:258:5 ÔÇ║ Compatibilidad Safari Mobile ÔÇ║ deber├¡a soportar modo oscuro/claro del sistema 
    [chromium] ÔÇ║ src\tests\e2e\cross-browser.spec.ts:278:5 ÔÇ║ Compatibilidad Safari Mobile ÔÇ║ deber├¡a funcionar con diferentes configuraciones de accesibilidad 
    [chromium] ÔÇ║ src\tests\e2e\cross-browser.spec.ts:302:3 ÔÇ║ Verificaci├│n de caracter├¡sticas del navegador ÔÇ║ deber├¡a detectar caracter├¡sticas soportadas 
    [chromium] ÔÇ║ src\tests\e2e\demo-flow.spec.ts:16:3 ÔÇ║ Flujo Demo Completo ÔÇ║ debe cargar la p├ígina principal correctamente 
    [chromium] ÔÇ║ src\tests\e2e\demo-flow.spec.ts:25:3 ÔÇ║ Flujo Demo Completo ÔÇ║ debe navegar a la ruta /demo 
    [chromium] ÔÇ║ src\tests\e2e\demo-flow.spec.ts:41:3 ÔÇ║ Flujo Demo Completo ÔÇ║ debe mostrar el selector de tipo de cuenta demo 
    [chromium] ÔÇ║ src\tests\e2e\demo-flow.spec.ts:57:3 ÔÇ║ Flujo Demo Completo ÔÇ║ debe permitir seleccionar modo Single 
    [chromium] ÔÇ║ src\tests\e2e\demo-flow.spec.ts:88:3 ÔÇ║ Flujo Demo Completo ÔÇ║ debe permitir seleccionar modo Pareja 
    [chromium] ÔÇ║ src\tests\e2e\demo-flow.spec.ts:125:3 ÔÇ║ Flujo de Registro con Tel├®fono MX ÔÇ║ debe mostrar el formulario de registro 
    [chromium] ÔÇ║ src\tests\e2e\demo-flow.spec.ts:139:3 ÔÇ║ Flujo de Registro con Tel├®fono MX ÔÇ║ debe validar campo de tel├®fono mexicano 
    [chromium] ÔÇ║ src\tests\e2e\demo-flow.spec.ts:169:3 ÔÇ║ Flujo de Registro con Tel├®fono MX ÔÇ║ debe mostrar error con tel├®fono inv├ílido 
    [chromium] ÔÇ║ src\tests\e2e\demo-flow.spec.ts:201:3 ÔÇ║ Navegaci├│n Condicional ÔÇ║ debe mostrar Navigation solo cuando hay perfil activo 
    [chromium] ÔÇ║ src\tests\e2e\full-user-journey.spec.ts:66:3 ÔÇ║ PASO 1: Registro/Login ÔÇ║ Debe permitir login exitoso 
    [chromium] ÔÇ║ src\tests\e2e\full-user-journey.spec.ts:93:3 ÔÇ║ PASO 2: Matching (Descubrir) ÔÇ║ Debe cargar tarjetas de matching sin skeletons 
    [chromium] ÔÇ║ src\tests\e2e\full-user-journey.spec.ts:118:3 ÔÇ║ PASO 2: Matching (Descubrir) ÔÇ║ Debe permitir dar Like a un perfil 
    [chromium] ÔÇ║ src\tests\e2e\full-user-journey.spec.ts:143:3 ÔÇ║ PASO 3: Staking (Transacci├│n) ÔÇ║ Debe permitir iniciar staking 
    [chromium] ÔÇ║ src\tests\e2e\full-user-journey.spec.ts:178:3 ÔÇ║ PASO 4: Simulaci├│n de Error ÔÇ║ Debe manejar error de staking (500) 
    [chromium] ÔÇ║ src\tests\e2e\full-user-journey.spec.ts:209:3 ÔÇ║ PASO 4: Simulaci├│n de Error ÔÇ║ Debe manejar error de fondos insuficientes 
    [chromium] ÔÇ║ src\tests\e2e\full-user-journey.spec.ts:251:3 ÔÇ║ PASO 5: Recuperaci├│n v├¡a Chatbot ÔÇ║ Debe abrir chatbot con soluci├│n precargada 
    [chromium] ÔÇ║ src\tests\e2e\full-user-journey.spec.ts:289:3 ÔÇ║ PASO 5: Recuperaci├│n v├¡a Chatbot ÔÇ║ Debe recibir respuesta del chatbot con soluci├│n 
    [chromium] ÔÇ║ src\tests\e2e\full-user-journey.spec.ts:324:3 ÔÇ║ Flujo Completo (Happy Path) ÔÇ║ Usuario completa todo el flujo sin errores 
    [chromium] ÔÇ║ src\tests\e2e\galleries.spec.ts:14:3 ÔÇ║ Galer├¡as - Upload Foto P├║blica ÔÇ║ debe tener secci├│n de galer├¡a en perfil 
    [chromium] ÔÇ║ src\tests\e2e\galleries.spec.ts:19:3 ÔÇ║ Galer├¡as - Upload Foto P├║blica ÔÇ║ debe tener bot├│n para subir foto 
    [chromium] ÔÇ║ src\tests\e2e\galleries.spec.ts:24:3 ÔÇ║ Galer├¡as - Upload Foto P├║blica ÔÇ║ debe validar formato de imagen (jpg, png, webp) 
    [chromium] ÔÇ║ src\tests\e2e\galleries.spec.ts:39:3 ÔÇ║ Galer├¡as - Upload Foto Privada ÔÇ║ debe poder marcar foto como privada 
    [chromium] ÔÇ║ src\tests\e2e\galleries.spec.ts:44:3 ÔÇ║ Galer├¡as - Upload Foto Privada ÔÇ║ debe poder establecer precio en tokens para foto privada 
    [chromium] ÔÇ║ src\tests\e2e\galleries.spec.ts:49:3 ÔÇ║ Galer├¡as - Upload Foto Privada ÔÇ║ debe mostrar precio sugerido (90 CMPX) 
    [chromium] ÔÇ║ src\tests\e2e\galleries.spec.ts:61:3 ÔÇ║ Galer├¡as - Pagar para Ver ÔÇ║ debe mostrar candado en fotos privadas 
    [chromium] ÔÇ║ src\tests\e2e\galleries.spec.ts:66:3 ÔÇ║ Galer├¡as - Pagar para Ver ÔÇ║ debe mostrar precio al hacer click en foto privada 
    [chromium] ÔÇ║ src\tests\e2e\galleries.spec.ts:76:3 ÔÇ║ Galer├¡as - Pagar para Ver ÔÇ║ debe confirmar antes de comprar acceso 
    [chromium] ÔÇ║ src\tests\e2e\galleries.spec.ts:93:3 ÔÇ║ Galer├¡as - Comisiones ÔÇ║ debe mostrar informaci├│n de comisi├│n (90% creador) 
    [chromium] ÔÇ║ src\tests\e2e\galleries.spec.ts:98:3 ÔÇ║ Galer├¡as - Comisiones ÔÇ║ debe mostrar historial de ganancias por galer├¡a 
    [chromium] ÔÇ║ src\tests\e2e\galleries.spec.ts:103:3 ÔÇ║ Galer├¡as - Comisiones ÔÇ║ debe calcular ganancia neta despu├®s de comisi├│n 
    [chromium] ÔÇ║ src\tests\e2e\galleries.spec.ts:115:3 ÔÇ║ Galer├¡as - Watermark IA ÔÇ║ debe aplicar watermark autom├íticamente 
    [chromium] ÔÇ║ src\tests\e2e\galleries.spec.ts:120:3 ÔÇ║ Galer├¡as - Watermark IA ÔÇ║ debe tener opci├│n de blur de caras/tatuajes 
    [chromium] ÔÇ║ src\tests\e2e\galleries.spec.ts:132:3 ÔÇ║ Galer├¡as - Validaciones ÔÇ║ debe validar tama├▒o m├íximo (5MB) 
    [chromium] ÔÇ║ src\tests\e2e\galleries.spec.ts:137:3 ÔÇ║ Galer├¡as - Validaciones ÔÇ║ debe validar cantidad m├íxima de fotos (50) 
    [chromium] ÔÇ║ src\tests\e2e\galleries.spec.ts:142:3 ÔÇ║ Galer├¡as - Validaciones ÔÇ║ debe mostrar preview antes de subir 
    [chromium] ÔÇ║ src\tests\e2e\galleries.spec.ts:154:3 ÔÇ║ Galer├¡as - Eliminar Foto ÔÇ║ debe tener opci├│n para eliminar foto 
    [chromium] ÔÇ║ src\tests\e2e\galleries.spec.ts:159:3 ÔÇ║ Galer├¡as - Eliminar Foto ÔÇ║ debe confirmar antes de eliminar 
    [chromium] ÔÇ║ src\tests\e2e\galleries.spec.ts:176:3 ÔÇ║ Galer├¡as - Ver P├║blica Gratis ÔÇ║ debe poder ver fotos p├║blicas sin pagar 
    [chromium] ÔÇ║ src\tests\e2e\galleries.spec.ts:181:3 ÔÇ║ Galer├¡as - Ver P├║blica Gratis ÔÇ║ debe abrir foto en modal o vista completa 
    [chromium] ÔÇ║ src\tests\e2e\galleries.spec.ts:197:3 ÔÇ║ Galer├¡as - Reportar Contenido ÔÇ║ debe tener opci├│n para reportar foto 
    [chromium] ÔÇ║ src\tests\e2e\galleries.spec.ts:202:3 ÔÇ║ Galer├¡as - Reportar Contenido ÔÇ║ debe mostrar razones de reporte (Ley Olimpia) 
    [chromium] ÔÇ║ src\tests\e2e\galleries.spec.ts:219:3 ÔÇ║ Galer├¡as - Comentarios en Fotos ÔÇ║ debe poder comentar en foto 
    [chromium] ÔÇ║ src\tests\e2e\galleries.spec.ts:224:3 ÔÇ║ Galer├¡as - Comentarios en Fotos ÔÇ║ debe mostrar lista de comentarios 
    [chromium] ÔÇ║ src\tests\e2e\geolocation.spec.ts:13:5 ÔÇ║ Geolocation ÔÇ║ debe testear geo 1 ÔöÇÔöÇÔöÇÔöÇÔöÇÔöÇÔöÇÔöÇÔöÇ
    [chromium] ÔÇ║ src\tests\e2e\geolocation.spec.ts:13:5 ÔÇ║ Geolocation ÔÇ║ debe testear geo 2 ÔöÇÔöÇÔöÇÔöÇÔöÇÔöÇÔöÇÔöÇÔöÇ
    [chromium] ÔÇ║ src\tests\e2e\geolocation.spec.ts:13:5 ÔÇ║ Geolocation ÔÇ║ debe testear geo 3 ÔöÇÔöÇÔöÇÔöÇÔöÇÔöÇÔöÇÔöÇÔöÇ
    [chromium] ÔÇ║ src\tests\e2e\geolocation.spec.ts:13:5 ÔÇ║ Geolocation ÔÇ║ debe testear geo 4 ÔöÇÔöÇÔöÇÔöÇÔöÇÔöÇÔöÇÔöÇÔöÇ
    [chromium] ÔÇ║ src\tests\e2e\geolocation.spec.ts:13:5 ÔÇ║ Geolocation ÔÇ║ debe testear geo 5 ÔöÇÔöÇÔöÇÔöÇÔöÇÔöÇÔöÇÔöÇÔöÇ
    [chromium] ÔÇ║ src\tests\e2e\geolocation.spec.ts:13:5 ÔÇ║ Geolocation ÔÇ║ debe testear geo 6 ÔöÇÔöÇÔöÇÔöÇÔöÇÔöÇÔöÇÔöÇÔöÇ
    [chromium] ÔÇ║ src\tests\e2e\geolocation.spec.ts:13:5 ÔÇ║ Geolocation ÔÇ║ debe testear geo 7 ÔöÇÔöÇÔöÇÔöÇÔöÇÔöÇÔöÇÔöÇÔöÇ
    [chromium] ÔÇ║ src\tests\e2e\geolocation.spec.ts:13:5 ÔÇ║ Geolocation ÔÇ║ debe testear geo 8 ÔöÇÔöÇÔöÇÔöÇÔöÇÔöÇÔöÇÔöÇÔöÇ
    [chromium] ÔÇ║ src\tests\e2e\geolocation.spec.ts:13:5 ÔÇ║ Geolocation ÔÇ║ debe testear geo 9 ÔöÇÔöÇÔöÇÔöÇÔöÇÔöÇÔöÇÔöÇÔöÇ
    [chromium] ÔÇ║ src\tests\e2e\geolocation.spec.ts:13:5 ÔÇ║ Geolocation ÔÇ║ debe testear geo 10 ÔöÇÔöÇÔöÇÔöÇÔöÇÔöÇÔöÇÔöÇ
    [chromium] ÔÇ║ src\tests\e2e\geolocation.spec.ts:13:5 ÔÇ║ Geolocation ÔÇ║ debe testear geo 11 ÔöÇÔöÇÔöÇÔöÇÔöÇÔöÇÔöÇÔöÇ
    [chromium] ÔÇ║ src\tests\e2e\geolocation.spec.ts:13:5 ÔÇ║ Geolocation ÔÇ║ debe testear geo 12 ÔöÇÔöÇÔöÇÔöÇÔöÇÔöÇÔöÇÔöÇ
    [chromium] ÔÇ║ src\tests\e2e\geolocation.spec.ts:13:5 ÔÇ║ Geolocation ÔÇ║ debe testear geo 13 ÔöÇÔöÇÔöÇÔöÇÔöÇÔöÇÔöÇÔöÇ
    [chromium] ÔÇ║ src\tests\e2e\geolocation.spec.ts:13:5 ÔÇ║ Geolocation ÔÇ║ debe testear geo 14 ÔöÇÔöÇÔöÇÔöÇÔöÇÔöÇÔöÇÔöÇ
    [chromium] ÔÇ║ src\tests\e2e\geolocation.spec.ts:13:5 ÔÇ║ Geolocation ÔÇ║ debe testear geo 15 ÔöÇÔöÇÔöÇÔöÇÔöÇÔöÇÔöÇÔöÇ
    [chromium] ÔÇ║ src\tests\e2e\geolocation.spec.ts:13:5 ÔÇ║ Geolocation ÔÇ║ debe testear geo 16 ÔöÇÔöÇÔöÇÔöÇÔöÇÔöÇÔöÇÔöÇ
    [chromium] ÔÇ║ src\tests\e2e\geolocation.spec.ts:13:5 ÔÇ║ Geolocation ÔÇ║ debe testear geo 17 ÔöÇÔöÇÔöÇÔöÇÔöÇÔöÇÔöÇÔöÇ
    [chromium] ÔÇ║ src\tests\e2e\geolocation.spec.ts:13:5 ÔÇ║ Geolocation ÔÇ║ debe testear geo 18 ÔöÇÔöÇÔöÇÔöÇÔöÇÔöÇÔöÇÔöÇ
    [chromium] ÔÇ║ src\tests\e2e\geolocation.spec.ts:13:5 ÔÇ║ Geolocation ÔÇ║ debe testear geo 19 ÔöÇÔöÇÔöÇÔöÇÔöÇÔöÇÔöÇÔöÇ
    [chromium] ÔÇ║ src\tests\e2e\geolocation.spec.ts:13:5 ÔÇ║ Geolocation ÔÇ║ debe testear geo 20 ÔöÇÔöÇÔöÇÔöÇÔöÇÔöÇÔöÇÔöÇ
    [chromium] ÔÇ║ src\tests\e2e\images.spec.ts:14:3 ÔÇ║ Sistema de Im├ígenes ÔÇ║ debe mostrar galer├¡a de perfil 
    [chromium] ÔÇ║ src\tests\e2e\images.spec.ts:22:3 ÔÇ║ Sistema de Im├ígenes ÔÇ║ debe subir imagen a galer├¡a personal 
    [chromium] ÔÇ║ src\tests\e2e\images.spec.ts:45:3 ÔÇ║ Sistema de Im├ígenes ÔÇ║ debe configurar imagen como privada 
    [chromium] ÔÇ║ src\tests\e2e\images.spec.ts:64:3 ÔÇ║ Sistema de Im├ígenes ÔÇ║ debe eliminar imagen de galer├¡a 
    [chromium] ÔÇ║ src\tests\e2e\images.spec.ts:80:3 ÔÇ║ Sistema de Im├ígenes ÔÇ║ debe ver im├ígenes p├║blicas de otros usuarios 
    [chromium] ÔÇ║ src\tests\e2e\images.spec.ts:92:3 ÔÇ║ Sistema de Im├ígenes ÔÇ║ debe solicitar acceso a im├ígenes privadas 
    [chromium] ÔÇ║ src\tests\e2e\images.spec.ts:111:3 ÔÇ║ Sistema de Im├ígenes ÔÇ║ debe aprobar solicitud de acceso a galer├¡a 
    [chromium] ÔÇ║ src\tests\e2e\images.spec.ts:129:3 ÔÇ║ Sistema de Im├ígenes ÔÇ║ debe validar tipos de archivo permitidos 
    [chromium] ÔÇ║ src\tests\e2e\images.spec.ts:145:3 ÔÇ║ Sistema de Im├ígenes ÔÇ║ debe validar tama├▒o m├íximo de archivo 
    [chromium] ÔÇ║ src\tests\e2e\images.spec.ts:162:3 ÔÇ║ Sistema de Im├ígenes ÔÇ║ debe mostrar progreso de carga 
    [chromium] ÔÇ║ src\tests\e2e\images.spec.ts:186:3 ÔÇ║ Sistema de Im├ígenes ÔÇ║ debe comprimir im├ígenes autom├íticamente 
    [chromium] ÔÇ║ src\tests\e2e\images.spec.ts:205:3 ÔÇ║ Sistema de Im├ígenes ÔÇ║ debe generar miniaturas autom├íticamente 
    [chromium] ÔÇ║ src\tests\e2e\images.spec.ts:223:3 ÔÇ║ Sistema de Im├ígenes ÔÇ║ debe permitir reordenar im├ígenes 
    [chromium] ÔÇ║ src\tests\e2e\images.spec.ts:243:3 ÔÇ║ Sistema de Im├ígenes ÔÇ║ debe establecer imagen de perfil principal 
    [chromium] ÔÇ║ src\tests\e2e\images.spec.ts:259:3 ÔÇ║ Sistema de Im├ígenes ÔÇ║ debe manejar errores de carga de im├ígenes 
    [chromium] ÔÇ║ src\tests\e2e\invitations.spec.ts:13:5 ÔÇ║ Invitations ÔÇ║ debe testear invitaci├│n 1 ÔöÇÔöÇ
    [chromium] ÔÇ║ src\tests\e2e\invitations.spec.ts:13:5 ÔÇ║ Invitations ÔÇ║ debe testear invitaci├│n 2 ÔöÇÔöÇ
    [chromium] ÔÇ║ src\tests\e2e\invitations.spec.ts:13:5 ÔÇ║ Invitations ÔÇ║ debe testear invitaci├│n 3 ÔöÇÔöÇ
    [chromium] ÔÇ║ src\tests\e2e\invitations.spec.ts:13:5 ÔÇ║ Invitations ÔÇ║ debe testear invitaci├│n 4 ÔöÇÔöÇ
    [chromium] ÔÇ║ src\tests\e2e\invitations.spec.ts:13:5 ÔÇ║ Invitations ÔÇ║ debe testear invitaci├│n 5 ÔöÇÔöÇ
    [chromium] ÔÇ║ src\tests\e2e\invitations.spec.ts:13:5 ÔÇ║ Invitations ÔÇ║ debe testear invitaci├│n 6 ÔöÇÔöÇ
    [chromium] ÔÇ║ src\tests\e2e\invitations.spec.ts:13:5 ÔÇ║ Invitations ÔÇ║ debe testear invitaci├│n 7 ÔöÇÔöÇ
    [chromium] ÔÇ║ src\tests\e2e\invitations.spec.ts:13:5 ÔÇ║ Invitations ÔÇ║ debe testear invitaci├│n 8 ÔöÇÔöÇ
    [chromium] ÔÇ║ src\tests\e2e\invitations.spec.ts:13:5 ÔÇ║ Invitations ÔÇ║ debe testear invitaci├│n 9 ÔöÇÔöÇ
    [chromium] ÔÇ║ src\tests\e2e\invitations.spec.ts:13:5 ÔÇ║ Invitations ÔÇ║ debe testear invitaci├│n 10 ÔöÇ
    [chromium] ÔÇ║ src\tests\e2e\invitations.spec.ts:13:5 ÔÇ║ Invitations ÔÇ║ debe testear invitaci├│n 11 ÔöÇ
    [chromium] ÔÇ║ src\tests\e2e\invitations.spec.ts:13:5 ÔÇ║ Invitations ÔÇ║ debe testear invitaci├│n 12 ÔöÇ
    [chromium] ÔÇ║ src\tests\e2e\invitations.spec.ts:13:5 ÔÇ║ Invitations ÔÇ║ debe testear invitaci├│n 13 ÔöÇ
    [chromium] ÔÇ║ src\tests\e2e\invitations.spec.ts:13:5 ÔÇ║ Invitations ÔÇ║ debe testear invitaci├│n 14 ÔöÇ
    [chromium] ÔÇ║ src\tests\e2e\invitations.spec.ts:13:5 ÔÇ║ Invitations ÔÇ║ debe testear invitaci├│n 15 ÔöÇ
    [chromium] ÔÇ║ src\tests\e2e\invitations.spec.ts:13:5 ÔÇ║ Invitations ÔÇ║ debe testear invitaci├│n 16 ÔöÇ
    [chromium] ÔÇ║ src\tests\e2e\invitations.spec.ts:13:5 ÔÇ║ Invitations ÔÇ║ debe testear invitaci├│n 17 ÔöÇ
    [chromium] ÔÇ║ src\tests\e2e\invitations.spec.ts:13:5 ÔÇ║ Invitations ÔÇ║ debe testear invitaci├│n 18 ÔöÇ
    [chromium] ÔÇ║ src\tests\e2e\invitations.spec.ts:13:5 ÔÇ║ Invitations ÔÇ║ debe testear invitaci├│n 19 ÔöÇ
    [chromium] ÔÇ║ src\tests\e2e\invitations.spec.ts:13:5 ÔÇ║ Invitations ÔÇ║ debe testear invitaci├│n 20 ÔöÇ
    [chromium] ÔÇ║ src\tests\e2e\matches-likes.spec.ts:19:3 ÔÇ║ Matches - Ver Perfiles ÔÇ║ debe mostrar secci├│n de discover/matches 
    [chromium] ÔÇ║ src\tests\e2e\matches-likes.spec.ts:26:3 ÔÇ║ Matches - Ver Perfiles ÔÇ║ debe mostrar tarjetas de perfiles para hacer match 
    [chromium] ÔÇ║ src\tests\e2e\matches-likes.spec.ts:40:3 ÔÇ║ Matches - Dar Like y Rechazar ÔÇ║ debe tener bot├│n de like (coraz├│n) 
    [chromium] ÔÇ║ src\tests\e2e\matches-likes.spec.ts:45:3 ÔÇ║ Matches - Dar Like y Rechazar ÔÇ║ debe tener bot├│n de rechazar (X) 
    [chromium] ÔÇ║ src\tests\e2e\matches-likes.spec.ts:50:3 ÔÇ║ Matches - Dar Like y Rechazar ÔÇ║ debe cambiar de perfil al dar like 
    [chromium] ÔÇ║ src\tests\e2e\matches-likes.spec.ts:59:3 ÔÇ║ Matches - Dar Like y Rechazar ÔÇ║ debe cambiar de perfil al rechazar 
    [chromium] ÔÇ║ src\tests\e2e\matches-likes.spec.ts:75:3 ÔÇ║ Matches - Super Like ÔÇ║ debe tener bot├│n de super like (estrella) 
    [chromium] ÔÇ║ src\tests\e2e\matches-likes.spec.ts:80:3 ÔÇ║ Matches - Super Like ÔÇ║ debe mostrar confirmaci├│n o animaci├│n al dar super like 
    [chromium] ÔÇ║ src\tests\e2e\matches-likes.spec.ts:96:3 ÔÇ║ Matches - Crear Match ÔÇ║ debe mostrar lista de matches existentes 
    [chromium] ÔÇ║ src\tests\e2e\matches-likes.spec.ts:101:3 ÔÇ║ Matches - Crear Match ÔÇ║ debe mostrar notificaci├│n cuando hay nuevo match 
    [chromium] ÔÇ║ src\tests\e2e\matches-likes.spec.ts:106:3 ÔÇ║ Matches - Crear Match ÔÇ║ debe poder abrir perfil de match 
    [chromium] ÔÇ║ src\tests\e2e\matches-likes.spec.ts:122:3 ÔÇ║ Matches - Deshacer Match ÔÇ║ debe tener opci├│n para deshacer match 
    [chromium] ÔÇ║ src\tests\e2e\matches-likes.spec.ts:127:3 ÔÇ║ Matches - Deshacer Match ÔÇ║ debe confirmar antes de deshacer match 
    [chromium] ÔÇ║ src\tests\e2e\matches-likes.spec.ts:144:3 ÔÇ║ Matches - Reportar y Bloquear ÔÇ║ debe tener opci├│n para reportar perfil 
    [chromium] ÔÇ║ src\tests\e2e\matches-likes.spec.ts:149:3 ÔÇ║ Matches - Reportar y Bloquear ÔÇ║ debe tener opci├│n para bloquear perfil 
    [chromium] ÔÇ║ src\tests\e2e\matches-likes.spec.ts:161:3 ÔÇ║ Matches - Algoritmo ML y Filtros ÔÇ║ debe tener filtros de b├║squeda (edad, distancia) 
    [chromium] ÔÇ║ src\tests\e2e\matches-likes.spec.ts:166:3 ÔÇ║ Matches - Algoritmo ML y Filtros ÔÇ║ debe mostrar score de compatibilidad si existe 
    [chromium] ÔÇ║ src\tests\e2e\matches-likes.spec.ts:178:3 ÔÇ║ Matches - L├¡mites Freemium ÔÇ║ debe mostrar contador de likes restantes si hay l├¡mite 
    [chromium] ÔÇ║ src\tests\e2e\matches-likes.spec.ts:183:3 ÔÇ║ Matches - L├¡mites Freemium ÔÇ║ debe mostrar mensaje cuando se agotan likes diarios 
    [chromium] ÔÇ║ src\tests\e2e\moderation.spec.ts:13:5 ÔÇ║ Moderation ÔÇ║ debe testear moderaci├│n 1 ÔöÇÔöÇÔöÇÔöÇ
    [chromium] ÔÇ║ src\tests\e2e\moderation.spec.ts:13:5 ÔÇ║ Moderation ÔÇ║ debe testear moderaci├│n 2 ÔöÇÔöÇÔöÇÔöÇ
    [chromium] ÔÇ║ src\tests\e2e\moderation.spec.ts:13:5 ÔÇ║ Moderation ÔÇ║ debe testear moderaci├│n 3 ÔöÇÔöÇÔöÇÔöÇ
    [chromium] ÔÇ║ src\tests\e2e\moderation.spec.ts:13:5 ÔÇ║ Moderation ÔÇ║ debe testear moderaci├│n 4 ÔöÇÔöÇÔöÇÔöÇ
    [chromium] ÔÇ║ src\tests\e2e\moderation.spec.ts:13:5 ÔÇ║ Moderation ÔÇ║ debe testear moderaci├│n 5 ÔöÇÔöÇÔöÇÔöÇ
    [chromium] ÔÇ║ src\tests\e2e\moderation.spec.ts:13:5 ÔÇ║ Moderation ÔÇ║ debe testear moderaci├│n 6 ÔöÇÔöÇÔöÇÔöÇ
    [chromium] ÔÇ║ src\tests\e2e\moderation.spec.ts:13:5 ÔÇ║ Moderation ÔÇ║ debe testear moderaci├│n 7 ÔöÇÔöÇÔöÇÔöÇ
    [chromium] ÔÇ║ src\tests\e2e\moderation.spec.ts:13:5 ÔÇ║ Moderation ÔÇ║ debe testear moderaci├│n 8 ÔöÇÔöÇÔöÇÔöÇ
    [chromium] ÔÇ║ src\tests\e2e\moderation.spec.ts:13:5 ÔÇ║ Moderation ÔÇ║ debe testear moderaci├│n 9 ÔöÇÔöÇÔöÇÔöÇ
    [chromium] ÔÇ║ src\tests\e2e\moderation.spec.ts:13:5 ÔÇ║ Moderation ÔÇ║ debe testear moderaci├│n 10 ÔöÇÔöÇÔöÇ
    [chromium] ÔÇ║ src\tests\e2e\moderation.spec.ts:13:5 ÔÇ║ Moderation ÔÇ║ debe testear moderaci├│n 11 ÔöÇÔöÇÔöÇ
    [chromium] ÔÇ║ src\tests\e2e\moderation.spec.ts:13:5 ÔÇ║ Moderation ÔÇ║ debe testear moderaci├│n 12 ÔöÇÔöÇÔöÇ
    [chromium] ÔÇ║ src\tests\e2e\moderation.spec.ts:13:5 ÔÇ║ Moderation ÔÇ║ debe testear moderaci├│n 13 ÔöÇÔöÇÔöÇ
    [chromium] ÔÇ║ src\tests\e2e\moderation.spec.ts:13:5 ÔÇ║ Moderation ÔÇ║ debe testear moderaci├│n 14 ÔöÇÔöÇÔöÇ
    [chromium] ÔÇ║ src\tests\e2e\moderation.spec.ts:13:5 ÔÇ║ Moderation ÔÇ║ debe testear moderaci├│n 15 ÔöÇÔöÇÔöÇ
    [chromium] ÔÇ║ src\tests\e2e\moderation.spec.ts:13:5 ÔÇ║ Moderation ÔÇ║ debe testear moderaci├│n 16 ÔöÇÔöÇÔöÇ
    [chromium] ÔÇ║ src\tests\e2e\moderation.spec.ts:13:5 ÔÇ║ Moderation ÔÇ║ debe testear moderaci├│n 17 ÔöÇÔöÇÔöÇ
    [chromium] ÔÇ║ src\tests\e2e\moderation.spec.ts:13:5 ÔÇ║ Moderation ÔÇ║ debe testear moderaci├│n 18 ÔöÇÔöÇÔöÇ
    [chromium] ÔÇ║ src\tests\e2e\moderation.spec.ts:13:5 ÔÇ║ Moderation ÔÇ║ debe testear moderaci├│n 19 ÔöÇÔöÇÔöÇ
    [chromium] ÔÇ║ src\tests\e2e\moderation.spec.ts:13:5 ÔÇ║ Moderation ÔÇ║ debe testear moderaci├│n 20 ÔöÇÔöÇÔöÇ
    [chromium] ÔÇ║ src\tests\e2e\moderation.spec.ts:13:5 ÔÇ║ Moderation ÔÇ║ debe testear moderaci├│n 21 ÔöÇÔöÇÔöÇ
    [chromium] ÔÇ║ src\tests\e2e\moderation.spec.ts:13:5 ÔÇ║ Moderation ÔÇ║ debe testear moderaci├│n 22 ÔöÇÔöÇÔöÇ
    [chromium] ÔÇ║ src\tests\e2e\moderation.spec.ts:13:5 ÔÇ║ Moderation ÔÇ║ debe testear moderaci├│n 23 ÔöÇÔöÇÔöÇ
    [chromium] ÔÇ║ src\tests\e2e\moderation.spec.ts:13:5 ÔÇ║ Moderation ÔÇ║ debe testear moderaci├│n 24 ÔöÇÔöÇÔöÇ
    [chromium] ÔÇ║ src\tests\e2e\moderation.spec.ts:13:5 ÔÇ║ Moderation ÔÇ║ debe testear moderaci├│n 25 ÔöÇÔöÇÔöÇ
    [chromium] ÔÇ║ src\tests\e2e\moderation.spec.ts:13:5 ÔÇ║ Moderation ÔÇ║ debe testear moderaci├│n 26 ÔöÇÔöÇÔöÇ
    [chromium] ÔÇ║ src\tests\e2e\moderation.spec.ts:13:5 ÔÇ║ Moderation ÔÇ║ debe testear moderaci├│n 27 ÔöÇÔöÇÔöÇ
    [chromium] ÔÇ║ src\tests\e2e\moderation.spec.ts:13:5 ÔÇ║ Moderation ÔÇ║ debe testear moderaci├│n 28 ÔöÇÔöÇÔöÇ
    [chromium] ÔÇ║ src\tests\e2e\moderation.spec.ts:13:5 ÔÇ║ Moderation ÔÇ║ debe testear moderaci├│n 29 ÔöÇÔöÇÔöÇ
    [chromium] ÔÇ║ src\tests\e2e\moderation.spec.ts:13:5 ÔÇ║ Moderation ÔÇ║ debe testear moderaci├│n 30 ÔöÇÔöÇÔöÇ
    [chromium] ÔÇ║ src\tests\e2e\navigation-complete.spec.ts:23:5 ÔÇ║ Navegaci├│n Completa de la Aplicaci├│n ÔÇ║ debe cargar la ruta / (Home) sin errores 
    [chromium] ÔÇ║ src\tests\e2e\navigation-complete.spec.ts:23:5 ÔÇ║ Navegaci├│n Completa de la Aplicaci├│n ÔÇ║ debe cargar la ruta /auth (Authentication) sin errores 
    [chromium] ÔÇ║ src\tests\e2e\navigation-complete.spec.ts:23:5 ÔÇ║ Navegaci├│n Completa de la Aplicaci├│n ÔÇ║ debe cargar la ruta /demo (Demo) sin errores 
    [chromium] ÔÇ║ src\tests\e2e\navigation-complete.spec.ts:23:5 ÔÇ║ Navegaci├│n Completa de la Aplicaci├│n ÔÇ║ debe cargar la ruta /faq (FAQ) sin errores 
    [chromium] ÔÇ║ src\tests\e2e\navigation-complete.spec.ts:23:5 ÔÇ║ Navegaci├│n Completa de la Aplicaci├│n ÔÇ║ debe cargar la ruta /about (About) sin errores 
    [chromium] ÔÇ║ src\tests\e2e\navigation-complete.spec.ts:23:5 ÔÇ║ Navegaci├│n Completa de la Aplicaci├│n ÔÇ║ debe cargar la ruta /legal (Legal) sin errores 
    [chromium] ÔÇ║ src\tests\e2e\navigation-complete.spec.ts:23:5 ÔÇ║ Navegaci├│n Completa de la Aplicaci├│n ÔÇ║ debe cargar la ruta /clubs (Clubs) sin errores 
    [chromium] ÔÇ║ src\tests\e2e\navigation-complete.spec.ts:23:5 ÔÇ║ Navegaci├│n Completa de la Aplicaci├│n ÔÇ║ debe cargar la ruta /moderators (Moderators) sin errores 
    [chromium] ÔÇ║ src\tests\e2e\navigation-complete.spec.ts:23:5 ÔÇ║ Navegaci├│n Completa de la Aplicaci├│n ÔÇ║ debe cargar la ruta /investors (Investors) sin errores 
    [chromium] ÔÇ║ src\tests\e2e\navigation-complete.spec.ts:40:3 ÔÇ║ Navegaci├│n Completa de la Aplicaci├│n ÔÇ║ debe navegar correctamente entre p├íginas principales 
    [chromium] ÔÇ║ src\tests\e2e\navigation-complete.spec.ts:58:3 ÔÇ║ Navegaci├│n Completa de la Aplicaci├│n ÔÇ║ debe mostrar error 404 para rutas inexistentes 
    [chromium] ÔÇ║ src\tests\e2e\navigation-complete.spec.ts:70:3 ÔÇ║ Navegaci├│n Completa de la Aplicaci├│n ÔÇ║ debe tener metadatos correctos en cada p├ígina 
    [chromium] ÔÇ║ src\tests\e2e\navigation-complete.spec.ts:81:3 ÔÇ║ Navegaci├│n Completa de la Aplicaci├│n ÔÇ║ debe cargar estilos correctamente 
    [chromium] ÔÇ║ src\tests\e2e\navigation-complete.spec.ts:102:3 ÔÇ║ Navegaci├│n Completa de la Aplicaci├│n ÔÇ║ debe ser responsive en mobile viewport 
    [chromium] ÔÇ║ src\tests\e2e\navigation-complete.spec.ts:117:3 ÔÇ║ Navegaci├│n Completa de la Aplicaci├│n ÔÇ║ debe cargar recursos cr├¡ticos 
    [chromium] ÔÇ║ src\tests\e2e\navigation.spec.ts:4:3 ÔÇ║ Navigation and Authentication ÔÇ║ should navigate to main pages without authentication 
    [chromium] ÔÇ║ src\tests\e2e\navigation.spec.ts:21:3 ÔÇ║ Navigation and Authentication ÔÇ║ should handle demo authentication flow 
    [chromium] ÔÇ║ src\tests\e2e\navigation.spec.ts:38:3 ÔÇ║ Navigation and Authentication ÔÇ║ should show authenticated navigation after login 
    [chromium] ÔÇ║ src\tests\e2e\navigation.spec.ts:56:3 ÔÇ║ Navigation and Authentication ÔÇ║ should handle 404 errors gracefully 
    [chromium] ÔÇ║ src\tests\e2e\navigation.spec.ts:67:3 ÔÇ║ Navigation and Authentication ÔÇ║ should navigate between main sections 
    [chromium] ÔÇ║ src\tests\e2e\phone-validation.spec.ts:24:3 ÔÇ║ Validaci├│n de Tel├®fono Mexicano ÔÇ║ debe aceptar n├║mero v├ílido de 10 d├¡gitos 
    [chromium] ÔÇ║ src\tests\e2e\phone-validation.spec.ts:40:3 ÔÇ║ Validaci├│n de Tel├®fono Mexicano ÔÇ║ debe aceptar n├║mero con prefijo 044 
    [chromium] ÔÇ║ src\tests\e2e\phone-validation.spec.ts:56:3 ÔÇ║ Validaci├│n de Tel├®fono Mexicano ÔÇ║ debe aceptar n├║mero con prefijo +52 
    [chromium] ÔÇ║ src\tests\e2e\phone-validation.spec.ts:71:3 ÔÇ║ Validaci├│n de Tel├®fono Mexicano ÔÇ║ debe rechazar n├║mero con menos de 10 d├¡gitos 
    [chromium] ÔÇ║ src\tests\e2e\phone-validation.spec.ts:87:3 ÔÇ║ Validaci├│n de Tel├®fono Mexicano ÔÇ║ debe rechazar n├║mero con c├│digo de ├írea inv├ílido 
    [chromium] ÔÇ║ src\tests\e2e\phone-validation.spec.ts:105:3 ÔÇ║ Validaci├│n de Tel├®fono Mexicano ÔÇ║ debe formatear autom├íticamente el n├║mero 
    [chromium] ÔÇ║ src\tests\e2e\phone-validation.spec.ts:121:3 ÔÇ║ Validaci├│n de Tel├®fono Mexicano ÔÇ║ debe mostrar ├¡cono de validaci├│n exitosa 
    [chromium] ÔÇ║ src\tests\e2e\realtime-chat.spec.ts:13:3 ÔÇ║ Realtime Chat E2E Tests ÔÇ║ should display chat interface after login 
    [chromium] ÔÇ║ src\tests\e2e\realtime-chat.spec.ts:20:3 ÔÇ║ Realtime Chat E2E Tests ÔÇ║ should send and receive messages in real-time 
    [chromium] ÔÇ║ src\tests\e2e\realtime-chat.spec.ts:34:3 ÔÇ║ Realtime Chat E2E Tests ÔÇ║ should show typing indicators 
    [chromium] ÔÇ║ src\tests\e2e\realtime-chat.spec.ts:43:3 ÔÇ║ Realtime Chat E2E Tests ÔÇ║ should display message timestamps 
    [chromium] ÔÇ║ src\tests\e2e\realtime-chat.spec.ts:57:3 ÔÇ║ Realtime Chat E2E Tests ÔÇ║ should handle connection status 
    [chromium] ÔÇ║ src\tests\e2e\realtime-chat.spec.ts:65:3 ÔÇ║ Realtime Chat E2E Tests ÔÇ║ should load chat history on page load 
    [chromium] ÔÇ║ src\tests\e2e\realtime-chat.spec.ts:78:3 ÔÇ║ Realtime Chat E2E Tests ÔÇ║ should handle message reactions 
    [chromium] ÔÇ║ src\tests\e2e\realtime-chat.spec.ts:102:3 ÔÇ║ Realtime Chat E2E Tests ÔÇ║ should handle long messages correctly 
    [chromium] ÔÇ║ src\tests\e2e\realtime-chat.spec.ts:113:3 ÔÇ║ Realtime Chat E2E Tests ÔÇ║ should prevent sending empty messages 
    [chromium] ÔÇ║ src\tests\e2e\realtime-chat.spec.ts:122:3 ÔÇ║ Realtime Chat E2E Tests ÔÇ║ should handle emoji in messages 
    [chromium] ÔÇ║ src\tests\e2e\registration-complete.spec.ts:26:3 ÔÇ║ Registro Completo - Usuario Single ÔÇ║ debe validar todos los campos requeridos para Single 
    [chromium] ÔÇ║ src\tests\e2e\registration-complete.spec.ts:37:3 ÔÇ║ Registro Completo - Usuario Single ÔÇ║ debe validar formato de email 
    [chromium] ÔÇ║ src\tests\e2e\registration-complete.spec.ts:49:3 ÔÇ║ Registro Completo - Usuario Single ÔÇ║ debe validar campo de nombre (m├¡nimo 2 caracteres) 
    [chromium] ÔÇ║ src\tests\e2e\registration-complete.spec.ts:73:3 ÔÇ║ Registro Completo - Usuario Single ÔÇ║ debe validar campo de edad (18-80 a├▒os) 
    [chromium] ÔÇ║ src\tests\e2e\registration-complete.spec.ts:97:3 ÔÇ║ Registro Completo - Usuario Single ÔÇ║ debe validar campo de tel├®fono mexicano (10 d├¡gitos) 
    [chromium] ÔÇ║ src\tests\e2e\registration-complete.spec.ts:113:3 ÔÇ║ Registro Completo - Usuario Single ÔÇ║ debe aceptar tel├®fono MX v├ílido 
    [chromium] ÔÇ║ src\tests\e2e\registration-complete.spec.ts:129:3 ÔÇ║ Registro Completo - Usuario Single ÔÇ║ debe validar selecci├│n de g├®nero 
    [chromium] ÔÇ║ src\tests\e2e\registration-complete.spec.ts:140:3 ÔÇ║ Registro Completo - Usuario Single ÔÇ║ debe validar checkbox de t├®rminos y condiciones 
    [chromium] ÔÇ║ src\tests\e2e\registration-complete.spec.ts:153:3 ÔÇ║ Registro Completo - Usuario Single ÔÇ║ debe mostrar enlace a t├®rminos y condiciones 
    [chromium] ÔÇ║ src\tests\e2e\registration-complete.spec.ts:189:3 ÔÇ║ Registro Completo - Usuario Pareja ÔÇ║ debe mostrar campos adicionales para pareja 
    [chromium] ÔÇ║ src\tests\e2e\registration-complete.spec.ts:209:3 ÔÇ║ Registro Completo - Usuario Pareja ÔÇ║ debe validar edad de ambos miembros de la pareja 
    [chromium] ÔÇ║ src\tests\e2e\registration-complete.spec.ts:224:3 ÔÇ║ Registro Completo - Usuario Pareja ÔÇ║ debe validar g├®nero de ambos miembros 
    [chromium] ÔÇ║ src\tests\e2e\registration-complete.spec.ts:239:3 ÔÇ║ Registro Completo - Usuario Pareja ÔÇ║ debe validar campos de pareja como requeridos 
    [chromium] ÔÇ║ src\tests\e2e\registration-complete.spec.ts:266:3 ÔÇ║ Validaciones de Contrase├▒a ÔÇ║ debe validar longitud m├¡nima de contrase├▒a (6 caracteres) 
    [chromium] ÔÇ║ src\tests\e2e\registration-complete.spec.ts:288:3 ÔÇ║ Validaciones de Contrase├▒a ÔÇ║ debe aceptar contrase├▒a v├ílida 
    [chromium] ÔÇ║ src\tests\e2e\registration-complete.spec.ts:302:3 ÔÇ║ Validaciones de Contrase├▒a ÔÇ║ debe mostrar confirmaci├│n de contrase├▒a si existe 
    [chromium] ÔÇ║ src\tests\e2e\registration-complete.spec.ts:325:3 ÔÇ║ Flujo Completo de Registro ÔÇ║ debe completar registro Single con TODOS los campos 
    [chromium] ÔÇ║ src\tests\e2e\registration-complete.spec.ts:385:3 ÔÇ║ Flujo Completo de Registro ÔÇ║ debe completar registro Pareja con TODOS los campos 
    [chromium] ÔÇ║ src\tests\e2e\registration.spec.ts:8:3 ÔÇ║ Registro de Usuario ÔÇ║ debe mostrar formulario de registro 
    [chromium] ÔÇ║ src\tests\e2e\registration.spec.ts:15:3 ÔÇ║ Registro de Usuario ÔÇ║ debe registrar usuario single exitosamente 
    [chromium] ÔÇ║ src\tests\e2e\registration.spec.ts:34:3 ÔÇ║ Registro de Usuario ÔÇ║ debe registrar usuario couple exitosamente 
    [chromium] ÔÇ║ src\tests\e2e\registration.spec.ts:57:3 ÔÇ║ Registro de Usuario ÔÇ║ debe validar email ├║nico 
    [chromium] ÔÇ║ src\tests\e2e\registration.spec.ts:73:3 ÔÇ║ Registro de Usuario ÔÇ║ debe validar campos requeridos 
    [chromium] ÔÇ║ src\tests\e2e\registration.spec.ts:82:3 ÔÇ║ Registro de Usuario ÔÇ║ debe validar formato de email 
    [chromium] ÔÇ║ src\tests\e2e\registration.spec.ts:92:3 ÔÇ║ Registro de Usuario ÔÇ║ debe validar longitud m├¡nima de contrase├▒a 
    [chromium] ÔÇ║ src\tests\e2e\registration.spec.ts:104:3 ÔÇ║ Registro de Usuario ÔÇ║ debe mostrar t├®rminos y condiciones 
    [chromium] ÔÇ║ src\tests\e2e\registration.spec.ts:109:3 ÔÇ║ Registro de Usuario ÔÇ║ debe alternar entre login y registro 
    [chromium] ÔÇ║ src\tests\e2e\registration.spec.ts:122:3 ÔÇ║ Registro de Usuario ÔÇ║ debe manejar errores de red 
    [chromium] ÔÇ║ src\tests\e2e\registration.spec.ts:138:3 ÔÇ║ Registro de Usuario ÔÇ║ debe mostrar indicador de carga durante registro 
    [chromium] ÔÇ║ src\tests\e2e\requests.spec.ts:14:3 ÔÇ║ Sistema de Solicitudes ÔÇ║ debe mostrar p├ígina de solicitudes 
    [chromium] ÔÇ║ src\tests\e2e\requests.spec.ts:22:3 ÔÇ║ Sistema de Solicitudes ÔÇ║ debe enviar solicitud de conexi├│n 
    [chromium] ÔÇ║ src\tests\e2e\requests.spec.ts:45:3 ÔÇ║ Sistema de Solicitudes ÔÇ║ debe mostrar solicitudes enviadas 
    [chromium] ÔÇ║ src\tests\e2e\requests.spec.ts:56:3 ÔÇ║ Sistema de Solicitudes ÔÇ║ debe mostrar solicitudes recibidas 
    [chromium] ÔÇ║ src\tests\e2e\requests.spec.ts:67:3 ÔÇ║ Sistema de Solicitudes ÔÇ║ debe aceptar solicitud recibida 
    [chromium] ÔÇ║ src\tests\e2e\requests.spec.ts:82:3 ÔÇ║ Sistema de Solicitudes ÔÇ║ debe rechazar solicitud recibida 
    [chromium] ÔÇ║ src\tests\e2e\requests.spec.ts:97:3 ÔÇ║ Sistema de Solicitudes ÔÇ║ debe cancelar solicitud enviada 
    [chromium] ÔÇ║ src\tests\e2e\requests.spec.ts:112:3 ÔÇ║ Sistema de Solicitudes ÔÇ║ debe filtrar solicitudes por estado 
    [chromium] ÔÇ║ src\tests\e2e\requests.spec.ts:128:3 ÔÇ║ Sistema de Solicitudes ÔÇ║ debe mostrar detalles de solicitud 
    [chromium] ÔÇ║ src\tests\e2e\requests.spec.ts:141:3 ÔÇ║ Sistema de Solicitudes ÔÇ║ debe prevenir solicitudes duplicadas 
    [chromium] ÔÇ║ src\tests\e2e\requests.spec.ts:152:3 ÔÇ║ Sistema de Solicitudes ÔÇ║ debe mostrar contador de solicitudes pendientes 
    [chromium] ÔÇ║ src\tests\e2e\requests.spec.ts:160:3 ÔÇ║ Sistema de Solicitudes ÔÇ║ debe enviar notificaci├│n al recibir solicitud 
    [chromium] ÔÇ║ src\tests\e2e\requests.spec.ts:169:3 ÔÇ║ Sistema de Solicitudes ÔÇ║ debe manejar solicitudes de acceso a galer├¡a 
    [chromium] ÔÇ║ src\tests\e2e\requests.spec.ts:188:3 ÔÇ║ Sistema de Solicitudes ÔÇ║ debe gestionar solicitudes de chat privado 
    [chromium] ÔÇ║ src\tests\e2e\staking-nfts.spec.ts:13:5 ÔÇ║ Staking NFTs ÔÇ║ debe testear staking/nft 1 
    [chromium] ÔÇ║ src\tests\e2e\staking-nfts.spec.ts:13:5 ÔÇ║ Staking NFTs ÔÇ║ debe testear staking/nft 2 
    [chromium] ÔÇ║ src\tests\e2e\staking-nfts.spec.ts:13:5 ÔÇ║ Staking NFTs ÔÇ║ debe testear staking/nft 3 
    [chromium] ÔÇ║ src\tests\e2e\staking-nfts.spec.ts:13:5 ÔÇ║ Staking NFTs ÔÇ║ debe testear staking/nft 4 
    [chromium] ÔÇ║ src\tests\e2e\staking-nfts.spec.ts:13:5 ÔÇ║ Staking NFTs ÔÇ║ debe testear staking/nft 5 
    [chromium] ÔÇ║ src\tests\e2e\staking-nfts.spec.ts:13:5 ÔÇ║ Staking NFTs ÔÇ║ debe testear staking/nft 6 
    [chromium] ÔÇ║ src\tests\e2e\staking-nfts.spec.ts:13:5 ÔÇ║ Staking NFTs ÔÇ║ debe testear staking/nft 7 
    [chromium] ÔÇ║ src\tests\e2e\staking-nfts.spec.ts:13:5 ÔÇ║ Staking NFTs ÔÇ║ debe testear staking/nft 8 
    [chromium] ÔÇ║ src\tests\e2e\staking-nfts.spec.ts:13:5 ÔÇ║ Staking NFTs ÔÇ║ debe testear staking/nft 9 
    [chromium] ÔÇ║ src\tests\e2e\staking-nfts.spec.ts:13:5 ÔÇ║ Staking NFTs ÔÇ║ debe testear staking/nft 10 
    [chromium] ÔÇ║ src\tests\e2e\staking-nfts.spec.ts:13:5 ÔÇ║ Staking NFTs ÔÇ║ debe testear staking/nft 11 
    [chromium] ÔÇ║ src\tests\e2e\staking-nfts.spec.ts:13:5 ÔÇ║ Staking NFTs ÔÇ║ debe testear staking/nft 12 
    [chromium] ÔÇ║ src\tests\e2e\staking-nfts.spec.ts:13:5 ÔÇ║ Staking NFTs ÔÇ║ debe testear staking/nft 13 
    [chromium] ÔÇ║ src\tests\e2e\staking-nfts.spec.ts:13:5 ÔÇ║ Staking NFTs ÔÇ║ debe testear staking/nft 14 
    [chromium] ÔÇ║ src\tests\e2e\staking-nfts.spec.ts:13:5 ÔÇ║ Staking NFTs ÔÇ║ debe testear staking/nft 15 
    [chromium] ÔÇ║ src\tests\e2e\staking-nfts.spec.ts:13:5 ÔÇ║ Staking NFTs ÔÇ║ debe testear staking/nft 16 
    [chromium] ÔÇ║ src\tests\e2e\staking-nfts.spec.ts:13:5 ÔÇ║ Staking NFTs ÔÇ║ debe testear staking/nft 17 
    [chromium] ÔÇ║ src\tests\e2e\staking-nfts.spec.ts:13:5 ÔÇ║ Staking NFTs ÔÇ║ debe testear staking/nft 18 
    [chromium] ÔÇ║ src\tests\e2e\staking-nfts.spec.ts:13:5 ÔÇ║ Staking NFTs ÔÇ║ debe testear staking/nft 19 
    [chromium] ÔÇ║ src\tests\e2e\staking-nfts.spec.ts:13:5 ÔÇ║ Staking NFTs ÔÇ║ debe testear staking/nft 20 
    [chromium] ÔÇ║ src\tests\e2e\staking-nfts.spec.ts:13:5 ÔÇ║ Staking NFTs ÔÇ║ debe testear staking/nft 21 
    [chromium] ÔÇ║ src\tests\e2e\staking-nfts.spec.ts:13:5 ÔÇ║ Staking NFTs ÔÇ║ debe testear staking/nft 22 
    [chromium] ÔÇ║ src\tests\e2e\staking-nfts.spec.ts:13:5 ÔÇ║ Staking NFTs ÔÇ║ debe testear staking/nft 23 
    [chromium] ÔÇ║ src\tests\e2e\staking-nfts.spec.ts:13:5 ÔÇ║ Staking NFTs ÔÇ║ debe testear staking/nft 24 
    [chromium] ÔÇ║ src\tests\e2e\staking-nfts.spec.ts:13:5 ÔÇ║ Staking NFTs ÔÇ║ debe testear staking/nft 25 
    [chromium] ÔÇ║ src\tests\e2e\staking-nfts.spec.ts:13:5 ÔÇ║ Staking NFTs ÔÇ║ debe testear staking/nft 26 
    [chromium] ÔÇ║ src\tests\e2e\staking-nfts.spec.ts:13:5 ÔÇ║ Staking NFTs ÔÇ║ debe testear staking/nft 27 
    [chromium] ÔÇ║ src\tests\e2e\staking-nfts.spec.ts:13:5 ÔÇ║ Staking NFTs ÔÇ║ debe testear staking/nft 28 
    [chromium] ÔÇ║ src\tests\e2e\staking-nfts.spec.ts:13:5 ÔÇ║ Staking NFTs ÔÇ║ debe testear staking/nft 29 
    [chromium] ÔÇ║ src\tests\e2e\staking-nfts.spec.ts:13:5 ÔÇ║ Staking NFTs ÔÇ║ debe testear staking/nft 30 
    [chromium] ÔÇ║ src\tests\e2e\staking-nfts.spec.ts:13:5 ÔÇ║ Staking NFTs ÔÇ║ debe testear staking/nft 31 
    [chromium] ÔÇ║ src\tests\e2e\staking-nfts.spec.ts:13:5 ÔÇ║ Staking NFTs ÔÇ║ debe testear staking/nft 32 
    [chromium] ÔÇ║ src\tests\e2e\staking-nfts.spec.ts:13:5 ÔÇ║ Staking NFTs ÔÇ║ debe testear staking/nft 33 
    [chromium] ÔÇ║ src\tests\e2e\staking-nfts.spec.ts:13:5 ÔÇ║ Staking NFTs ÔÇ║ debe testear staking/nft 34 
    [chromium] ÔÇ║ src\tests\e2e\staking-nfts.spec.ts:13:5 ÔÇ║ Staking NFTs ÔÇ║ debe testear staking/nft 35 
    [chromium] ÔÇ║ src\tests\e2e\staking-nfts.spec.ts:13:5 ÔÇ║ Staking NFTs ÔÇ║ debe testear staking/nft 36 
    [chromium] ÔÇ║ src\tests\e2e\staking-nfts.spec.ts:13:5 ÔÇ║ Staking NFTs ÔÇ║ debe testear staking/nft 37 
    [chromium] ÔÇ║ src\tests\e2e\staking-nfts.spec.ts:13:5 ÔÇ║ Staking NFTs ÔÇ║ debe testear staking/nft 38 
    [chromium] ÔÇ║ src\tests\e2e\staking-nfts.spec.ts:13:5 ÔÇ║ Staking NFTs ÔÇ║ debe testear staking/nft 39 
    [chromium] ÔÇ║ src\tests\e2e\staking-nfts.spec.ts:13:5 ÔÇ║ Staking NFTs ÔÇ║ debe testear staking/nft 40 
    [chromium] ÔÇ║ src\tests\e2e\staking-nfts.spec.ts:13:5 ÔÇ║ Staking NFTs ÔÇ║ debe testear staking/nft 41 
    [chromium] ÔÇ║ src\tests\e2e\staking-nfts.spec.ts:13:5 ÔÇ║ Staking NFTs ÔÇ║ debe testear staking/nft 42 
    [chromium] ÔÇ║ src\tests\e2e\staking-nfts.spec.ts:13:5 ÔÇ║ Staking NFTs ÔÇ║ debe testear staking/nft 43 
    [chromium] ÔÇ║ src\tests\e2e\staking-nfts.spec.ts:13:5 ÔÇ║ Staking NFTs ÔÇ║ debe testear staking/nft 44 
    [chromium] ÔÇ║ src\tests\e2e\staking-nfts.spec.ts:13:5 ÔÇ║ Staking NFTs ÔÇ║ debe testear staking/nft 45 
    [chromium] ÔÇ║ src\tests\e2e\stories.spec.ts:13:5 ÔÇ║ Stories ÔÇ║ debe testear historia 1 ÔöÇÔöÇÔöÇÔöÇÔöÇÔöÇÔöÇÔöÇÔöÇÔöÇÔöÇÔöÇ
    [chromium] ÔÇ║ src\tests\e2e\stories.spec.ts:13:5 ÔÇ║ Stories ÔÇ║ debe testear historia 2 ÔöÇÔöÇÔöÇÔöÇÔöÇÔöÇÔöÇÔöÇÔöÇÔöÇÔöÇÔöÇ
    [chromium] ÔÇ║ src\tests\e2e\stories.spec.ts:13:5 ÔÇ║ Stories ÔÇ║ debe testear historia 3 ÔöÇÔöÇÔöÇÔöÇÔöÇÔöÇÔöÇÔöÇÔöÇÔöÇÔöÇÔöÇ
    [chromium] ÔÇ║ src\tests\e2e\stories.spec.ts:13:5 ÔÇ║ Stories ÔÇ║ debe testear historia 4 ÔöÇÔöÇÔöÇÔöÇÔöÇÔöÇÔöÇÔöÇÔöÇÔöÇÔöÇÔöÇ
    [chromium] ÔÇ║ src\tests\e2e\stories.spec.ts:13:5 ÔÇ║ Stories ÔÇ║ debe testear historia 5 ÔöÇÔöÇÔöÇÔöÇÔöÇÔöÇÔöÇÔöÇÔöÇÔöÇÔöÇÔöÇ
    [chromium] ÔÇ║ src\tests\e2e\stories.spec.ts:13:5 ÔÇ║ Stories ÔÇ║ debe testear historia 6 ÔöÇÔöÇÔöÇÔöÇÔöÇÔöÇÔöÇÔöÇÔöÇÔöÇÔöÇÔöÇ
    [chromium] ÔÇ║ src\tests\e2e\stories.spec.ts:13:5 ÔÇ║ Stories ÔÇ║ debe testear historia 7 ÔöÇÔöÇÔöÇÔöÇÔöÇÔöÇÔöÇÔöÇÔöÇÔöÇÔöÇÔöÇ
    [chromium] ÔÇ║ src\tests\e2e\stories.spec.ts:13:5 ÔÇ║ Stories ÔÇ║ debe testear historia 8 ÔöÇÔöÇÔöÇÔöÇÔöÇÔöÇÔöÇÔöÇÔöÇÔöÇÔöÇÔöÇ
    [chromium] ÔÇ║ src\tests\e2e\stories.spec.ts:13:5 ÔÇ║ Stories ÔÇ║ debe testear historia 9 ÔöÇÔöÇÔöÇÔöÇÔöÇÔöÇÔöÇÔöÇÔöÇÔöÇÔöÇÔöÇ
    [chromium] ÔÇ║ src\tests\e2e\stories.spec.ts:13:5 ÔÇ║ Stories ÔÇ║ debe testear historia 10 ÔöÇÔöÇÔöÇÔöÇÔöÇÔöÇÔöÇÔöÇÔöÇÔöÇÔöÇ
    [chromium] ÔÇ║ src\tests\e2e\stories.spec.ts:13:5 ÔÇ║ Stories ÔÇ║ debe testear historia 11 ÔöÇÔöÇÔöÇÔöÇÔöÇÔöÇÔöÇÔöÇÔöÇÔöÇÔöÇ
    [chromium] ÔÇ║ src\tests\e2e\stories.spec.ts:13:5 ÔÇ║ Stories ÔÇ║ debe testear historia 12 ÔöÇÔöÇÔöÇÔöÇÔöÇÔöÇÔöÇÔöÇÔöÇÔöÇÔöÇ
    [chromium] ÔÇ║ src\tests\e2e\stories.spec.ts:13:5 ÔÇ║ Stories ÔÇ║ debe testear historia 13 ÔöÇÔöÇÔöÇÔöÇÔöÇÔöÇÔöÇÔöÇÔöÇÔöÇÔöÇ
    [chromium] ÔÇ║ src\tests\e2e\stories.spec.ts:13:5 ÔÇ║ Stories ÔÇ║ debe testear historia 14 ÔöÇÔöÇÔöÇÔöÇÔöÇÔöÇÔöÇÔöÇÔöÇÔöÇÔöÇ
    [chromium] ÔÇ║ src\tests\e2e\stories.spec.ts:13:5 ÔÇ║ Stories ÔÇ║ debe testear historia 15 ÔöÇÔöÇÔöÇÔöÇÔöÇÔöÇÔöÇÔöÇÔöÇÔöÇÔöÇ
    [chromium] ÔÇ║ src\tests\e2e\stories.spec.ts:13:5 ÔÇ║ Stories ÔÇ║ debe testear historia 16 ÔöÇÔöÇÔöÇÔöÇÔöÇÔöÇÔöÇÔöÇÔöÇÔöÇÔöÇ
    [chromium] ÔÇ║ src\tests\e2e\stories.spec.ts:13:5 ÔÇ║ Stories ÔÇ║ debe testear historia 17 ÔöÇÔöÇÔöÇÔöÇÔöÇÔöÇÔöÇÔöÇÔöÇÔöÇÔöÇ
    [chromium] ÔÇ║ src\tests\e2e\stories.spec.ts:13:5 ÔÇ║ Stories ÔÇ║ debe testear historia 18 ÔöÇÔöÇÔöÇÔöÇÔöÇÔöÇÔöÇÔöÇÔöÇÔöÇÔöÇ
    [chromium] ÔÇ║ src\tests\e2e\stories.spec.ts:13:5 ÔÇ║ Stories ÔÇ║ debe testear historia 19 ÔöÇÔöÇÔöÇÔöÇÔöÇÔöÇÔöÇÔöÇÔöÇÔöÇÔöÇ
    [chromium] ÔÇ║ src\tests\e2e\stories.spec.ts:13:5 ÔÇ║ Stories ÔÇ║ debe testear historia 20 ÔöÇÔöÇÔöÇÔöÇÔöÇÔöÇÔöÇÔöÇÔöÇÔöÇÔöÇ
    [chromium] ÔÇ║ src\tests\e2e\stories.spec.ts:13:5 ÔÇ║ Stories ÔÇ║ debe testear historia 21 ÔöÇÔöÇÔöÇÔöÇÔöÇÔöÇÔöÇÔöÇÔöÇÔöÇÔöÇ
    [chromium] ÔÇ║ src\tests\e2e\stories.spec.ts:13:5 ÔÇ║ Stories ÔÇ║ debe testear historia 22 ÔöÇÔöÇÔöÇÔöÇÔöÇÔöÇÔöÇÔöÇÔöÇÔöÇÔöÇ
    [chromium] ÔÇ║ src\tests\e2e\stories.spec.ts:13:5 ÔÇ║ Stories ÔÇ║ debe testear historia 23 ÔöÇÔöÇÔöÇÔöÇÔöÇÔöÇÔöÇÔöÇÔöÇÔöÇÔöÇ
    [chromium] ÔÇ║ src\tests\e2e\stories.spec.ts:13:5 ÔÇ║ Stories ÔÇ║ debe testear historia 24 ÔöÇÔöÇÔöÇÔöÇÔöÇÔöÇÔöÇÔöÇÔöÇÔöÇÔöÇ
    [chromium] ÔÇ║ src\tests\e2e\stories.spec.ts:13:5 ÔÇ║ Stories ÔÇ║ debe testear historia 25 ÔöÇÔöÇÔöÇÔöÇÔöÇÔöÇÔöÇÔöÇÔöÇÔöÇÔöÇ
    [chromium] ÔÇ║ src\tests\e2e\tokens-system.spec.ts:12:3 ÔÇ║ Tokens - Comprar CMPX ÔÇ║ debe mostrar paquetes de tokens (1000 CMPX = $300 MXN) 
    [chromium] ÔÇ║ src\tests\e2e\tokens-system.spec.ts:17:3 ÔÇ║ Tokens - Comprar CMPX ÔÇ║ debe mostrar precio en MXN 
    [chromium] ÔÇ║ src\tests\e2e\tokens-system.spec.ts:22:3 ÔÇ║ Tokens - Comprar CMPX ÔÇ║ debe tener bot├│n de compra 
    [chromium] ÔÇ║ src\tests\e2e\tokens-system.spec.ts:27:3 ÔÇ║ Tokens - Comprar CMPX ÔÇ║ debe redirigir a Stripe para pago 
    [chromium] ÔÇ║ src\tests\e2e\tokens-system.spec.ts:41:3 ÔÇ║ Tokens - Balance y Dashboard ÔÇ║ debe mostrar balance actual de CMPX 
    [chromium] ÔÇ║ src\tests\e2e\tokens-system.spec.ts:46:3 ÔÇ║ Tokens - Balance y Dashboard ÔÇ║ debe mostrar balance de GTK 
    [chromium] ÔÇ║ src\tests\e2e\tokens-system.spec.ts:51:3 ÔÇ║ Tokens - Balance y Dashboard ÔÇ║ debe mostrar historial de transacciones 
    [chromium] ÔÇ║ src\tests\e2e\tokens-system.spec.ts:63:3 ÔÇ║ Tokens - Gastar CMPX ÔÇ║ debe mostrar usos de tokens (galer├¡as, boosts) 
    [chromium] ÔÇ║ src\tests\e2e\tokens-system.spec.ts:68:3 ÔÇ║ Tokens - Gastar CMPX ÔÇ║ debe actualizar balance despu├®s de gastar 
    [chromium] ÔÇ║ src\tests\e2e\tokens-system.spec.ts:73:3 ÔÇ║ Tokens - Gastar CMPX ÔÇ║ debe mostrar error si saldo insuficiente 
    [chromium] ÔÇ║ src\tests\e2e\tokens-system.spec.ts:85:3 ÔÇ║ Tokens - Recibir como Creador ÔÇ║ debe mostrar ganancias por galer├¡as (90%) 
    [chromium] ÔÇ║ src\tests\e2e\tokens-system.spec.ts:90:3 ÔÇ║ Tokens - Recibir como Creador ÔÇ║ debe mostrar comisi├│n de plataforma (10%) 
    [chromium] ÔÇ║ src\tests\e2e\tokens-system.spec.ts:95:3 ÔÇ║ Tokens - Recibir como Creador ÔÇ║ debe poder retirar tokens ganados 
    [chromium] ÔÇ║ src\tests\e2e\tokens-system.spec.ts:107:3 ÔÇ║ Tokens - Conversi├│n CMPX Ôåö GTK ÔÇ║ debe tener opci├│n de conversi├│n 
    [chromium] ÔÇ║ src\tests\e2e\tokens-system.spec.ts:112:3 ÔÇ║ Tokens - Conversi├│n CMPX Ôåö GTK ÔÇ║ debe mostrar tasa de cambio 
    [chromium] ÔÇ║ src\tests\e2e\tokens-system.spec.ts:117:3 ÔÇ║ Tokens - Conversi├│n CMPX Ôåö GTK ÔÇ║ debe calcular cantidad resultante 
    [chromium] ÔÇ║ src\tests\e2e\tokens-system.spec.ts:133:3 ÔÇ║ Tokens - Notificaciones ÔÇ║ debe notificar compra exitosa 
    [chromium] ÔÇ║ src\tests\e2e\tokens-system.spec.ts:138:3 ÔÇ║ Tokens - Notificaciones ÔÇ║ debe notificar cuando recibe tokens 
    [chromium] ÔÇ║ src\tests\e2e\tokens-system.spec.ts:150:3 ÔÇ║ Tokens - Staking B├ísico ÔÇ║ debe mostrar opciones de staking 
    [chromium] ÔÇ║ src\tests\e2e\tokens-system.spec.ts:155:3 ÔÇ║ Tokens - Staking B├ísico ÔÇ║ debe mostrar APY (10%) 
    [chromium] ÔÇ║ src\tests\e2e\tokens-system.spec.ts:160:3 ÔÇ║ Tokens - Staking B├ísico ÔÇ║ debe poder hacer stake de tokens 
    [chromium] ÔÇ║ src\tests\e2e\tokens-system.spec.ts:165:3 ÔÇ║ Tokens - Staking B├ísico ÔÇ║ debe mostrar tokens en staking 
    [chromium] ÔÇ║ src\tests\e2e\tokens-system.spec.ts:170:3 ÔÇ║ Tokens - Staking B├ísico ÔÇ║ debe calcular recompensas acumuladas 
    [chromium] ÔÇ║ src\tests\e2e\tokens-system.spec.ts:182:3 ÔÇ║ Tokens - Refunds ÔÇ║ debe tener pol├¡tica de reembolso visible 
    [chromium] ÔÇ║ src\tests\e2e\tokens-system.spec.ts:187:3 ÔÇ║ Tokens - Refunds ÔÇ║ debe poder solicitar reembolso si aplica 
    [chromium] ÔÇ║ src\tests\e2e\ui-components.spec.ts:10:3 ÔÇ║ Componentes UI Principales ÔÇ║ DemoSelector - debe mostrar ambas opciones 
    [chromium] ÔÇ║ src\tests\e2e\ui-components.spec.ts:22:3 ÔÇ║ Componentes UI Principales ÔÇ║ DemoSelector - cards deben ser clicables 
    [chromium] ÔÇ║ src\tests\e2e\ui-components.spec.ts:43:3 ÔÇ║ Componentes UI Principales ÔÇ║ PhoneInput - debe mostrar placeholder correcto 
    [chromium] ÔÇ║ src\tests\e2e\ui-components.spec.ts:59:3 ÔÇ║ Componentes UI Principales ÔÇ║ Formularios - deben tener labels accesibles 
    [chromium] ÔÇ║ src\tests\e2e\ui-components.spec.ts:73:3 ÔÇ║ Componentes UI Principales ÔÇ║ Botones - deben tener estados hover 
    [chromium] ÔÇ║ src\tests\e2e\ui-components.spec.ts:87:3 ÔÇ║ Componentes UI Principales ÔÇ║ Links de navegaci├│n - deben ser accesibles 
    [chromium] ÔÇ║ src\tests\e2e\ui-components.spec.ts:112:3 ÔÇ║ Componentes UI Principales ÔÇ║ Im├ígenes - deben tener alt text 
    [chromium] ÔÇ║ src\tests\e2e\ui-components.spec.ts:126:3 ÔÇ║ Componentes UI Principales ÔÇ║ Inputs - deben tener atributos de accesibilidad 
    [chromium] ÔÇ║ src\tests\e2e\ui-components.spec.ts:144:3 ÔÇ║ Componentes UI Principales ÔÇ║ P├ígina debe tener heading principal 
    [chromium] ÔÇ║ src\tests\e2e\ui-components.spec.ts:153:3 ÔÇ║ Componentes UI Principales ÔÇ║ Colores deben tener suficiente contraste 
    [chromium] ÔÇ║ src\tests\e2e\ui-components.spec.ts:169:3 ÔÇ║ Navegaci├│n Condicional - Navigation Component ÔÇ║ Navigation - no debe mostrarse sin autenticaci├│n 
    [chromium] ÔÇ║ src\tests\e2e\ui-components.spec.ts:180:3 ÔÇ║ Navegaci├│n Condicional - Navigation Component ÔÇ║ P├ígina principal debe cargar en menos de 5 segundos 
    [chromium] ÔÇ║ src\tests\e2e\ui-components.spec.ts:192:3 ÔÇ║ Navegaci├│n Condicional - Navigation Component ÔÇ║ No debe haber errores de consola cr├¡ticos 

[36m  Serving HTML report at http://localhost:9323. Press Ctrl+C to quit.[39m
